00:00 +0: loading /Users/pranay/Projects/LLM/image/waste_seg/waste_segregation_app/test/integration/full_workflow_integration_test.dart
00:00 +0 -1: loading /Users/pranay/Projects/LLM/image/waste_seg/waste_segregation_app/test/integration/full_workflow_integration_test.dart [E]
  Failed to load "/Users/pranay/Projects/LLM/image/waste_seg/waste_segregation_app/test/integration/full_workflow_integration_test.dart":
  Compilation failed for testPath=/Users/pranay/Projects/LLM/image/waste_seg/waste_segregation_app/test/integration/full_workflow_integration_test.dart: test/integration/full_workflow_integration_test.dart:20:48: Error: Type 'CacheService' not found.
  class MockCacheService extends Mock implements CacheService {}
                                                 ^^^^^^^^^^^^
  test/integration/full_workflow_integration_test.dart:679:12: Error: Type 'CacheService' not found.
    required CacheService cacheService,
             ^^^^^^^^^^^^
  test/integration/full_workflow_integration_test.dart:408:20: Error: Undefined name 'Colors'.
              color: Colors.gold,
                     ^^^^^^
  test/integration/full_workflow_integration_test.dart:79:31: Error: The method 'getCachedClassification' isn't defined for the class 'MockCacheService'.
   - 'MockCacheService' is from 'test/integration/full_workflow_integration_test.dart'.
  Try correcting the name to the name of an existing method, or defining a method named 'getCachedClassification'.
          when(mockCacheService.getCachedClassification(any))
                                ^^^^^^^^^^^^^^^^^^^^^^^
  test/integration/full_workflow_integration_test.dart:86:38: Error: A value of type 'Map<String, Object>' can't be returned from an async function with return type 'Future<List<Challenge>>'.
   - 'Map' is from 'dart:core'.
   - 'Object' is from 'dart:core'.
   - 'Future' is from 'dart:async'.
   - 'List' is from 'dart:core'.
   - 'Challenge' is from 'package:waste_segregation_app/models/gamification.dart' ('lib/models/gamification.dart').
              .thenAnswer((_) async => gamificationResult);
                                       ^
  test/integration/full_workflow_integration_test.dart:91:35: Error: The method 'trackClassificationActivity' isn't defined for the class 'MockCommunityService'.
   - 'MockCommunityService' is from 'test/integration/full_workflow_integration_test.dart'.
  Try correcting the name to the name of an existing method, or defining a method named 'trackClassificationActivity'.
          when(mockCommunityService.trackClassificationActivity(expectedClassification, user))
                                    ^^^^^^^^^^^^^^^^^^^^^^^^^^^
  test/integration/full_workflow_integration_test.dart:94:45: Error: Too many positional arguments: 0 allowed, but 1 found.
  Try removing the extra positional arguments.
          when(mockAnalyticsService.trackEvent(any))
                                              ^
  test/integration/full_workflow_integration_test.dart:97:31: Error: The method 'cacheClassification' isn't defined for the class 'MockCacheService'.
   - 'MockCacheService' is from 'test/integration/full_workflow_integration_test.dart'.
  Try correcting the name to the name of an existing method, or defining a method named 'cacheClassification'.
          when(mockCacheService.cacheClassification(any, expectedClassification))
                                ^^^^^^^^^^^^^^^^^^^
  test/integration/full_workflow_integration_test.dart:122:28: Error: The method 'getCachedClassification' isn't defined for the class 'MockCacheService'.
   - 'MockCacheService' is from 'test/integration/full_workflow_integration_test.dart'.
  Try correcting the name to the name of an existing method, or defining a method named 'getCachedClassification'.
            mockCacheService.getCachedClassification(any),
                             ^^^^^^^^^^^^^^^^^^^^^^^
  test/integration/full_workflow_integration_test.dart:126:32: Error: The method 'trackClassificationActivity' isn't defined for the class 'MockCommunityService'.
   - 'MockCommunityService' is from 'test/integration/full_workflow_integration_test.dart'.
  Try correcting the name to the name of an existing method, or defining a method named 'trackClassificationActivity'.
            mockCommunityService.trackClassificationActivity(expectedClassification, user),
                                 ^^^^^^^^^^^^^^^^^^^^^^^^^^^
  test/integration/full_workflow_integration_test.dart:127:42: Error: Too many positional arguments: 0 allowed, but 1 found.
  Try removing the extra positional arguments.
            mockAnalyticsService.trackEvent(any),
                                           ^
  test/integration/full_workflow_integration_test.dart:128:28: Error: The method 'cacheClassification' isn't defined for the class 'MockCacheService'.
   - 'MockCacheService' is from 'test/integration/full_workflow_integration_test.dart'.
  Try correcting the name to the name of an existing method, or defining a method named 'cacheClassification'.
            mockCacheService.cacheClassification(any, expectedClassification),
                             ^^^^^^^^^^^^^^^^^^^
  test/integration/full_workflow_integration_test.dart:145:31: Error: The method 'getCachedClassification' isn't defined for the class 'MockCacheService'.
   - 'MockCacheService' is from 'test/integration/full_workflow_integration_test.dart'.
  Try correcting the name to the name of an existing method, or defining a method named 'getCachedClassification'.
          when(mockCacheService.getCachedClassification(any))
                                ^^^^^^^^^^^^^^^^^^^^^^^
  test/integration/full_workflow_integration_test.dart:151:60: Error: The argument type 'Null' can't be assigned to the parameter type 'WasteClassification' because 'WasteClassification' is not nullable.
   - 'WasteClassification' is from 'package:waste_segregation_app/models/waste_classification.dart' ('lib/models/waste_classification.dart').
          when(mockGamificationService.processClassification(any))
                                                             ^
  test/integration/full_workflow_integration_test.dart:152:38: Error: Both Iterable and Map spread elements encountered in ambiguous literal.
              .thenAnswer((_) async => {'points_earned': 0});
                                       ^
  test/integration/full_workflow_integration_test.dart:154:52: Error: The argument type 'Null' can't be assigned to the parameter type 'WasteClassification' because 'WasteClassification' is not nullable.
   - 'WasteClassification' is from 'package:waste_segregation_app/models/waste_classification.dart' ('lib/models/waste_classification.dart').
          when(mockStorageService.saveClassification(any))
                                                     ^
  test/integration/full_workflow_integration_test.dart:157:45: Error: Too many positional arguments: 0 allowed, but 1 found.
  Try removing the extra positional arguments.
          when(mockAnalyticsService.trackEvent(any))
                                              ^
  test/integration/full_workflow_integration_test.dart:180:47: Error: Too many positional arguments: 0 allowed, but 1 found.
  Try removing the extra positional arguments.
          verify(mockAnalyticsService.trackEvent(any)).called(greaterThan(0));
                                                ^
  test/integration/full_workflow_integration_test.dart:212:31: Error: The method 'getCachedClassification' isn't defined for the class 'MockCacheService'.
   - 'MockCacheService' is from 'test/integration/full_workflow_integration_test.dart'.
  Try correcting the name to the name of an existing method, or defining a method named 'getCachedClassification'.
          when(mockCacheService.getCachedClassification(any))
                                ^^^^^^^^^^^^^^^^^^^^^^^
  test/integration/full_workflow_integration_test.dart:216:38: Error: Both Iterable and Map spread elements encountered in ambiguous literal.
              .thenAnswer((_) async => {'points_earned': 5}); // Reduced points for cached
                                       ^
  test/integration/full_workflow_integration_test.dart:240:51: Error: The argument type 'Null' can't be assigned to the parameter type 'Uint8List' because 'Uint8List' is not nullable.
   - 'Uint8List' is from 'dart:typed_data'.
          verifyNever(mockAiService.analyzeWebImage(any, any));
                                                    ^
  test/integration/full_workflow_integration_test.dart:240:56: Error: The argument type 'Null' can't be assigned to the parameter type 'String' because 'String' is not nullable.
          verifyNever(mockAiService.analyzeWebImage(any, any));
                                                         ^
  test/integration/full_workflow_integration_test.dart:243:33: Error: The method 'getCachedClassification' isn't defined for the class 'MockCacheService'.
   - 'MockCacheService' is from 'test/integration/full_workflow_integration_test.dart'.
  Try correcting the name to the name of an existing method, or defining a method named 'getCachedClassification'.
          verify(mockCacheService.getCachedClassification(any)).called(1);
                                  ^^^^^^^^^^^^^^^^^^^^^^^
  test/integration/full_workflow_integration_test.dart:258:31: Error: The method 'getCachedClassification' isn't defined for the class 'MockCacheService'.
   - 'MockCacheService' is from 'test/integration/full_workflow_integration_test.dart'.
  Try correcting the name to the name of an existing method, or defining a method named 'getCachedClassification'.
          when(mockCacheService.getCachedClassification(any))
                                ^^^^^^^^^^^^^^^^^^^^^^^
  test/integration/full_workflow_integration_test.dart:261:44: Error: The argument type 'Null' can't be assigned to the parameter type 'Uint8List' because 'Uint8List' is not nullable.
   - 'Uint8List' is from 'dart:typed_data'.
          when(mockAiService.analyzeWebImage(any, any))
                                             ^
  test/integration/full_workflow_integration_test.dart:261:49: Error: The argument type 'Null' can't be assigned to the parameter type 'String' because 'String' is not nullable.
          when(mockAiService.analyzeWebImage(any, any))
                                                  ^
  test/integration/full_workflow_integration_test.dart:264:60: Error: The argument type 'Null' can't be assigned to the parameter type 'WasteClassification' because 'WasteClassification' is not nullable.
   - 'WasteClassification' is from 'package:waste_segregation_app/models/waste_classification.dart' ('lib/models/waste_classification.dart').
          when(mockGamificationService.processClassification(any))
                                                             ^
  test/integration/full_workflow_integration_test.dart:265:38: Error: Both Iterable and Map spread elements encountered in ambiguous literal.
              .thenAnswer((_) async => {'points_earned': 10});
                                       ^
  test/integration/full_workflow_integration_test.dart:267:52: Error: The argument type 'Null' can't be assigned to the parameter type 'WasteClassification' because 'WasteClassification' is not nullable.
   - 'WasteClassification' is from 'package:waste_segregation_app/models/waste_classification.dart' ('lib/models/waste_classification.dart').
          when(mockStorageService.saveClassification(any))
                                                     ^
  test/integration/full_workflow_integration_test.dart:270:35: Error: The method 'trackClassificationActivity' isn't defined for the class 'MockCommunityService'.
   - 'MockCommunityService' is from 'test/integration/full_workflow_integration_test.dart'.
  Try correcting the name to the name of an existing method, or defining a method named 'trackClassificationActivity'.
          when(mockCommunityService.trackClassificationActivity(any, user))
                                    ^^^^^^^^^^^^^^^^^^^^^^^^^^^
  test/integration/full_workflow_integration_test.dart:273:45: Error: Too many positional arguments: 0 allowed, but 1 found.
  Try removing the extra positional arguments.
          when(mockAnalyticsService.trackEvent(any))
                                              ^
  test/integration/full_workflow_integration_test.dart:321:46: Error: The argument type 'Null' can't be assigned to the parameter type 'Uint8List' because 'Uint8List' is not nullable.
   - 'Uint8List' is from 'dart:typed_data'.
          verify(mockAiService.analyzeWebImage(any, any)).called(3);
                                               ^
  test/integration/full_workflow_integration_test.dart:321:51: Error: The argument type 'Null' can't be assigned to the parameter type 'String' because 'String' is not nullable.
          verify(mockAiService.analyzeWebImage(any, any)).called(3);
                                                    ^
  test/integration/full_workflow_integration_test.dart:322:54: Error: The argument type 'Null' can't be assigned to the parameter type 'WasteClassification' because 'WasteClassification' is not nullable.
   - 'WasteClassification' is from 'package:waste_segregation_app/models/waste_classification.dart' ('lib/models/waste_classification.dart').
          verify(mockStorageService.saveClassification(any)).called(3);
                                                       ^
  test/integration/full_workflow_integration_test.dart:323:62: Error: The argument type 'Null' can't be assigned to the parameter type 'WasteClassification' because 'WasteClassification' is not nullable.
   - 'WasteClassification' is from 'package:waste_segregation_app/models/waste_classification.dart' ('lib/models/waste_classification.dart').
          verify(mockGamificationService.processClassification(any)).called(3);
                                                               ^
  test/integration/full_workflow_integration_test.dart:339:38: Error: The method 'getUserProfile' isn't defined for the class 'MockGamificationService'.
   - 'MockGamificationService' is from 'test/integration/full_workflow_integration_test.dart'.
  Try correcting the name to the name of an existing method, or defining a method named 'getUserProfile'.
          when(mockGamificationService.getUserProfile())
                                       ^^^^^^^^^^^^^^
  test/integration/full_workflow_integration_test.dart:342:38: Error: The method 'createUserProfile' isn't defined for the class 'MockGamificationService'.
   - 'MockGamificationService' is from 'test/integration/full_workflow_integration_test.dart'.
  Try correcting the name to the name of an existing method, or defining a method named 'createUserProfile'.
          when(mockGamificationService.createUserProfile(newUser.id))
                                       ^^^^^^^^^^^^^^^^^
  test/integration/full_workflow_integration_test.dart:351:38: Error: Both Iterable and Map spread elements encountered in ambiguous literal.
              .thenAnswer((_) async => {
                                       ^
  test/integration/full_workflow_integration_test.dart:361:45: Error: Too many positional arguments: 0 allowed, but 1 found.
  Try removing the extra positional arguments.
          when(mockAnalyticsService.trackEvent(any))
                                              ^
  test/integration/full_workflow_integration_test.dart:381:35: Error: The method 'getUserProfile' isn't defined for the class 'MockGamificationService'.
   - 'MockGamificationService' is from 'test/integration/full_workflow_integration_test.dart'.
  Try correcting the name to the name of an existing method, or defining a method named 'getUserProfile'.
            mockGamificationService.getUserProfile(),
                                    ^^^^^^^^^^^^^^
  test/integration/full_workflow_integration_test.dart:382:35: Error: The method 'createUserProfile' isn't defined for the class 'MockGamificationService'.
   - 'MockGamificationService' is from 'test/integration/full_workflow_integration_test.dart'.
  Try correcting the name to the name of an existing method, or defining a method named 'createUserProfile'.
            mockGamificationService.createUserProfile(newUser.id),
                                    ^^^^^^^^^^^^^^^^^
  test/integration/full_workflow_integration_test.dart:385:42: Error: Too many positional arguments: 0 allowed, but 1 found.
  Try removing the extra positional arguments.
            mockAnalyticsService.trackEvent(any),
                                           ^
  test/integration/full_workflow_integration_test.dart:418:38: Error: The method 'getUserProfile' isn't defined for the class 'MockGamificationService'.
   - 'MockGamificationService' is from 'test/integration/full_workflow_integration_test.dart'.
  Try correcting the name to the name of an existing method, or defining a method named 'getUserProfile'.
          when(mockGamificationService.getUserProfile())
                                       ^^^^^^^^^^^^^^
  test/integration/full_workflow_integration_test.dart:421:33: Error: The method 'getClassificationHistory' isn't defined for the class 'MockStorageService'.
   - 'MockStorageService' is from 'test/integration/full_workflow_integration_test.dart'.
  Try correcting the name to the name of an existing method, or defining a method named 'getClassificationHistory'.
          when(mockStorageService.getClassificationHistory(userId: powerUser.id))
                                  ^^^^^^^^^^^^^^^^^^^^^^^^
  test/integration/full_workflow_integration_test.dart:426:60: Error: The argument type 'Null' can't be assigned to the parameter type 'WasteClassification' because 'WasteClassification' is not nullable.
   - 'WasteClassification' is from 'package:waste_segregation_app/models/waste_classification.dart' ('lib/models/waste_classification.dart').
          when(mockGamificationService.processClassification(any))
                                                             ^
  test/integration/full_workflow_integration_test.dart:427:38: Error: Both Iterable and Map spread elements encountered in ambiguous literal.
              .thenAnswer((_) async => {
                                       ^
  test/integration/full_workflow_integration_test.dart:451:40: Error: The method 'getUserProfile' isn't defined for the class 'MockGamificationService'.
   - 'MockGamificationService' is from 'test/integration/full_workflow_integration_test.dart'.
  Try correcting the name to the name of an existing method, or defining a method named 'getUserProfile'.
          verify(mockGamificationService.getUserProfile()).called(1);
                                         ^^^^^^^^^^^^^^
  test/integration/full_workflow_integration_test.dart:452:35: Error: The method 'getClassificationHistory' isn't defined for the class 'MockStorageService'.
   - 'MockStorageService' is from 'test/integration/full_workflow_integration_test.dart'.
  Try correcting the name to the name of an existing method, or defining a method named 'getClassificationHistory'.
          verify(mockStorageService.getClassificationHistory(userId: powerUser.id)).called(1);
                                    ^^^^^^^^^^^^^^^^^^^^^^^^
  test/integration/full_workflow_integration_test.dart:453:62: Error: The argument type 'Null' can't be assigned to the parameter type 'WasteClassification' because 'WasteClassification' is not nullable.
   - 'WasteClassification' is from 'package:waste_segregation_app/models/waste_classification.dart' ('lib/models/waste_classification.dart').
          verify(mockGamificationService.processClassification(any)).called(5);
                                                               ^
  test/integration/full_workflow_integration_test.dart:472:38: Error: Both Iterable and Map spread elements encountered in ambiguous literal.
              .thenAnswer((_) async => {
                                       ^
  test/integration/full_workflow_integration_test.dart:477:35: Error: The method 'trackClassificationActivity' isn't defined for the class 'MockCommunityService'.
   - 'MockCommunityService' is from 'test/integration/full_workflow_integration_test.dart'.
  Try correcting the name to the name of an existing method, or defining a method named 'trackClassificationActivity'.
          when(mockCommunityService.trackClassificationActivity(classification, user))
                                    ^^^^^^^^^^^^^^^^^^^^^^^^^^^
  test/integration/full_workflow_integration_test.dart:480:45: Error: Too many positional arguments: 0 allowed, but 1 found.
  Try removing the extra positional arguments.
          when(mockAnalyticsService.trackEvent(any))
                                              ^
  test/integration/full_workflow_integration_test.dart:494:74: Error: The argument type 'Null' can't be assigned to the parameter type 'WasteClassification' because 'WasteClassification' is not nullable.
   - 'WasteClassification' is from 'package:waste_segregation_app/models/waste_classification.dart' ('lib/models/waste_classification.dart').
          final storageCall = verify(mockStorageService.saveClassification(captureAny)).captured.first;
                                                                           ^
  test/integration/full_workflow_integration_test.dart:495:87: Error: The argument type 'Null' can't be assigned to the parameter type 'WasteClassification' because 'WasteClassification' is not nullable.
   - 'WasteClassification' is from 'package:waste_segregation_app/models/waste_classification.dart' ('lib/models/waste_classification.dart').
          final gamificationCall = verify(mockGamificationService.processClassification(captureAny)).captured.first;
                                                                                        ^
  test/integration/full_workflow_integration_test.dart:496:59: Error: The method 'trackClassificationActivity' isn't defined for the class 'MockCommunityService'.
   - 'MockCommunityService' is from 'test/integration/full_workflow_integration_test.dart'.
  Try correcting the name to the name of an existing method, or defining a method named 'trackClassificationActivity'.
          final communityCall = verify(mockCommunityService.trackClassificationActivity(captureAny, user)).captured.first;
                                                            ^^^^^^^^^^^^^^^^^^^^^^^^^^^
  test/integration/full_workflow_integration_test.dart:522:35: Error: The method 'trackClassificationActivity' isn't defined for the class 'MockCommunityService'.
   - 'MockCommunityService' is from 'test/integration/full_workflow_integration_test.dart'.
  Try correcting the name to the name of an existing method, or defining a method named 'trackClassificationActivity'.
          when(mockCommunityService.trackClassificationActivity(classification, user))
                                    ^^^^^^^^^^^^^^^^^^^^^^^^^^^
  test/integration/full_workflow_integration_test.dart:525:45: Error: Too many positional arguments: 0 allowed, but 1 found.
  Try removing the extra positional arguments.
          when(mockAnalyticsService.trackEvent(any))
                                              ^
  test/integration/full_workflow_integration_test.dart:540:37: Error: The method 'trackClassificationActivity' isn't defined for the class 'MockCommunityService'.
   - 'MockCommunityService' is from 'test/integration/full_workflow_integration_test.dart'.
  Try correcting the name to the name of an existing method, or defining a method named 'trackClassificationActivity'.
          verify(mockCommunityService.trackClassificationActivity(classification, user)).called(1);
                                      ^^^^^^^^^^^^^^^^^^^^^^^^^^^
  test/integration/full_workflow_integration_test.dart:541:47: Error: Too many positional arguments: 0 allowed, but 1 found.
  Try removing the extra positional arguments.
          verify(mockAnalyticsService.trackEvent(any)).called(greaterThan(0));
                                                ^
  test/integration/full_workflow_integration_test.dart:558:57: Error: The argument type 'Null' can't be assigned to the parameter type 'List<WasteClassification>' because 'List<WasteClassification>' is not nullable.
   - 'List' is from 'dart:core'.
   - 'WasteClassification' is from 'package:waste_segregation_app/models/waste_classification.dart' ('lib/models/waste_classification.dart').
          when(mockStorageService.saveClassificationBatch(any))
                                                          ^
  test/integration/full_workflow_integration_test.dart:561:66: Error: The argument type 'Null' can't be assigned to the parameter type 'List<WasteClassification>' because 'List<WasteClassification>' is not nullable.
   - 'List' is from 'dart:core'.
   - 'WasteClassification' is from 'package:waste_segregation_app/models/waste_classification.dart' ('lib/models/waste_classification.dart').
          when(mockGamificationService.processBatchClassifications(any))
                                                                   ^
  test/integration/full_workflow_integration_test.dart:567:56: Error: The argument type 'Null' can't be assigned to the parameter type 'List<WasteClassification>' because 'List<WasteClassification>' is not nullable.
   - 'List' is from 'dart:core'.
   - 'WasteClassification' is from 'package:waste_segregation_app/models/waste_classification.dart' ('lib/models/waste_classification.dart').
          when(mockCommunityService.batchTrackActivities(any, user))
                                                         ^
  test/integration/full_workflow_integration_test.dart:585:59: Error: The argument type 'Null' can't be assigned to the parameter type 'List<WasteClassification>' because 'List<WasteClassification>' is not nullable.
   - 'List' is from 'dart:core'.
   - 'WasteClassification' is from 'package:waste_segregation_app/models/waste_classification.dart' ('lib/models/waste_classification.dart').
          verify(mockStorageService.saveClassificationBatch(any)).called(1);
                                                            ^
  test/integration/full_workflow_integration_test.dart:586:68: Error: The argument type 'Null' can't be assigned to the parameter type 'List<WasteClassification>' because 'List<WasteClassification>' is not nullable.
   - 'List' is from 'dart:core'.
   - 'WasteClassification' is from 'package:waste_segregation_app/models/waste_classification.dart' ('lib/models/waste_classification.dart').
          verify(mockGamificationService.processBatchClassifications(any)).called(1);
                                                                     ^
  test/integration/full_workflow_integration_test.dart:587:58: Error: The argument type 'Null' can't be assigned to the parameter type 'List<WasteClassification>' because 'List<WasteClassification>' is not nullable.
   - 'List' is from 'dart:core'.
   - 'WasteClassification' is from 'package:waste_segregation_app/models/waste_classification.dart' ('lib/models/waste_classification.dart').
          verify(mockCommunityService.batchTrackActivities(any, user)).called(1);
                                                           ^
  test/integration/full_workflow_integration_test.dart:679:12: Error: 'CacheService' isn't a type.
    required CacheService cacheService,
             ^^^^^^^^^^^^
  test/integration/full_workflow_integration_test.dart:692:29: Error: The argument type 'List<Challenge>' can't be assigned to the parameter type 'Map<String, dynamic>'.
   - 'List' is from 'dart:core'.
   - 'Challenge' is from 'package:waste_segregation_app/models/gamification.dart' ('lib/models/gamification.dart').
   - 'Map' is from 'dart:core'.
          gamificationResult: gamificationResult,
                              ^
  test/integration/full_workflow_integration_test.dart:707:28: Error: The method 'trackClassificationActivity' isn't defined for the class 'CommunityService'.
   - 'CommunityService' is from 'package:waste_segregation_app/services/community_service.dart' ('lib/services/community_service.dart').
  Try correcting the name to the name of an existing method, or defining a method named 'trackClassificationActivity'.
      await communityService.trackClassificationActivity(classification, user);
                             ^^^^^^^^^^^^^^^^^^^^^^^^^^^
  test/integration/full_workflow_integration_test.dart:710:38: Error: Too many positional arguments: 0 allowed, but 1 found.
  Try removing the extra positional arguments.
      await analyticsService.trackEvent({
                                       ^
  test/integration/full_workflow_integration_test.dart:722:27: Error: The argument type 'List<Challenge>' can't be assigned to the parameter type 'Map<String, dynamic>'.
   - 'List' is from 'dart:core'.
   - 'Challenge' is from 'package:waste_segregation_app/models/gamification.dart' ('lib/models/gamification.dart').
   - 'Map' is from 'dart:core'.
        gamificationResult: gamificationResult,
                            ^
  test/integration/full_workflow_integration_test.dart:744:53: Error: The method 'getUserProfile' isn't defined for the class 'GamificationService'.
   - 'GamificationService' is from 'package:waste_segregation_app/services/gamification_service.dart' ('lib/services/gamification_service.dart').
  Try correcting the name to the name of an existing method, or defining a method named 'getUserProfile'.
    final existingProfile = await gamificationService.getUserProfile();
                                                      ^^^^^^^^^^^^^^
  test/integration/full_workflow_integration_test.dart:748:31: Error: The method 'createUserProfile' isn't defined for the class 'GamificationService'.
   - 'GamificationService' is from 'package:waste_segregation_app/services/gamification_service.dart' ('lib/services/gamification_service.dart').
  Try correcting the name to the name of an existing method, or defining a method named 'createUserProfile'.
      await gamificationService.createUserProfile(user.id);
                                ^^^^^^^^^^^^^^^^^
  test/integration/full_workflow_integration_test.dart:759:36: Error: Too many positional arguments: 0 allowed, but 1 found.
  Try removing the extra positional arguments.
    await analyticsService.trackEvent({
                                     ^
  test/integration/full_workflow_integration_test.dart:768:64: Error: A value of type 'String' can't be assigned to a variable of type 'int'.
      achievementsUnlocked: List<String>.from(gamificationResult['achievements_unlocked'] ?? []),
                                                                 ^
  test/integration/full_workflow_integration_test.dart:768:89: Error: The argument type 'Object' can't be assigned to the parameter type 'Iterable<dynamic>'.
   - 'Object' is from 'dart:core'.
   - 'Iterable' is from 'dart:core'.
      achievementsUnlocked: List<String>.from(gamificationResult['achievements_unlocked'] ?? []),
                                                                                          ^
  test/integration/full_workflow_integration_test.dart:769:38: Error: A value of type 'String' can't be assigned to a variable of type 'int'.
      pointsEarned: gamificationResult['points_earned'] ?? 0,
                                       ^
  test/integration/full_workflow_integration_test.dart:769:55: Error: The argument type 'Object' can't be assigned to the parameter type 'int'.
   - 'Object' is from 'dart:core'.
      pointsEarned: gamificationResult['points_earned'] ?? 0,
                                                        ^
  test/integration/full_workflow_integration_test.dart:781:49: Error: The method 'getUserProfile' isn't defined for the class 'GamificationService'.
   - 'GamificationService' is from 'package:waste_segregation_app/services/gamification_service.dart' ('lib/services/gamification_service.dart').
  Try correcting the name to the name of an existing method, or defining a method named 'getUserProfile'.
    final userProfile = await gamificationService.getUserProfile();
                                                  ^^^^^^^^^^^^^^
  test/integration/full_workflow_integration_test.dart:784:40: Error: The method 'getClassificationHistory' isn't defined for the class 'StorageService'.
   - 'StorageService' is from 'package:waste_segregation_app/services/storage_service.dart' ('lib/services/storage_service.dart').
  Try correcting the name to the name of an existing method, or defining a method named 'getClassificationHistory'.
    final history = await storageService.getClassificationHistory(userId: user.id);
                                         ^^^^^^^^^^^^^^^^^^^^^^^^
  test/integration/full_workflow_integration_test.dart:790:32: Error: A value of type 'String' can't be assigned to a variable of type 'int'.
      totalBonusPoints += result['points_earned'] ?? 0;
                                 ^
  test/integration/full_workflow_integration_test.dart:790:49: Error: A value of type 'Object' can't be assigned to a variable of type 'num'.
   - 'Object' is from 'dart:core'.
      totalBonusPoints += result['points_earned'] ?? 0;
                                                  ^
  test/integration/full_workflow_integration_test.dart:790:22: Error: A value of type 'num' can't be assigned to a variable of type 'int'.
      totalBonusPoints += result['points_earned'] ?? 0;
                       ^
  test/integration/full_workflow_integration_test.dart:816:32: Error: The method 'trackClassificationActivity' isn't defined for the class 'CommunityService'.
   - 'CommunityService' is from 'package:waste_segregation_app/services/community_service.dart' ('lib/services/community_service.dart').
  Try correcting the name to the name of an existing method, or defining a method named 'trackClassificationActivity'.
    futures.add(communityService.trackClassificationActivity(classification, user));
                                 ^^^^^^^^^^^^^^^^^^^^^^^^^^^
  test/integration/full_workflow_integration_test.dart:817:42: Error: Too many positional arguments: 0 allowed, but 1 found.
  Try removing the extra positional arguments.
    futures.add(analyticsService.trackEvent({
                                           ^
  .
  Error: the Dart compiler exited unexpectedly.
  package:flutter_tools/src/base/common.dart 34:3  throwToolExit
  package:flutter_tools/src/compile.dart 895:11    DefaultResidentCompiler._compile.<fn>
  dart:async/zone.dart 1538:47                     _rootRunUnary
  dart:async/zone.dart 1429:19                     _CustomZone.runUnary
  dart:async/future_impl.dart 932:45               Future._propagateToListeners.handleValueCallback
  dart:async/future_impl.dart 961:13               Future._propagateToListeners
  dart:async/future_impl.dart 846:9                Future._propagateToListeners
  dart:async/future_impl.dart 712:5                Future._completeWithValue
  dart:async/future_impl.dart 792:7                Future._asyncCompleteWithValue.<fn>
  dart:async/zone.dart 1525:13                     _rootRun
  dart:async/zone.dart 1422:19                     _CustomZone.run
  dart:async/zone.dart 1321:7                      _CustomZone.runGuarded
  dart:async/zone.dart 1362:23                     _CustomZone.bindCallbackGuarded.<fn>
  dart:async/schedule_microtask.dart 40:21         _microtaskLoop
  dart:async/schedule_microtask.dart 49:5          _startMicrotaskLoop
  dart:isolate-patch/isolate_patch.dart 128:13     _runPendingImmediateCallback
  dart:isolate-patch/isolate_patch.dart 195:5      _RawReceivePort._handleMessage
  
00:00 +0 -1: /Users/pranay/Projects/LLM/image/waste_seg/waste_segregation_app/test/history_duplication_fix_test.dart: History Duplication Fix Tests WasteClassification model should have correct properties
00:00 +1 -1: /Users/pranay/Projects/LLM/image/waste_seg/waste_segregation_app/test/history_duplication_fix_test.dart: History Duplication Fix Tests WasteClassification copyWith should preserve original values
00:00 +2 -1: /Users/pranay/Projects/LLM/image/waste_seg/waste_segregation_app/test/history_duplication_fix_test.dart: History Duplication Fix Tests DisposalInstructions should be created correctly
00:00 +3 -1: /Users/pranay/Projects/LLM/image/waste_seg/waste_segregation_app/test/achievement_unlock_logic_test.dart: Achievement Unlock Logic Tests (setUpAll)
00:00 +3 -1: /Users/pranay/Projects/LLM/image/waste_seg/waste_segregation_app/test/achievement_unlock_logic_test.dart: Achievement Unlock Logic Tests Should unlock "First Classification" achievement on first scan
00:00 +3 -2: /Users/pranay/Projects/LLM/image/waste_seg/waste_segregation_app/test/golden/active_challenge_preview_golden_test.dart: Active Challenge Preview Golden Tests ActiveChallengeCard basic layout golden test
00:00 +3 -2: /Users/pranay/Projects/LLM/image/waste_seg/waste_segregation_app/test/achievement_unlock_logic_test.dart: Achievement Unlock Logic Tests Should unlock "First Classification" achievement on first scan [E]
  type 'MockCloudStorageService' is not a subtype of type 'CloudStorageService'
  test/achievement_unlock_logic_test.dart 24:85  main.<fn>.<fn>
  
00:00 +3 -3: /Users/pranay/Projects/LLM/image/waste_seg/waste_segregation_app/test/golden/active_challenge_preview_golden_test.dart: Active Challenge Preview Golden Tests ActiveChallengeCard basic layout golden test
00:00 +3 -3: /Users/pranay/Projects/LLM/image/waste_seg/waste_segregation_app/test/achievement_unlock_logic_test.dart: Achievement Unlock Logic Tests Should unlock "Recycling Expert" achievement after 50 recyclable items [E]
  type 'MockCloudStorageService' is not a subtype of type 'CloudStorageService'
  test/achievement_unlock_logic_test.dart 24:85  main.<fn>.<fn>
  
00:00 +3 -4: /Users/pranay/Projects/LLM/image/waste_seg/waste_segregation_app/test/golden/active_challenge_preview_golden_test.dart: Active Challenge Preview Golden Tests ActiveChallengeCard basic layout golden test
00:00 +3 -4: /Users/pranay/Projects/LLM/image/waste_seg/waste_segregation_app/test/achievement_unlock_logic_test.dart: Achievement Unlock Logic Tests Should award different points based on classification type [E]
  type 'MockCloudStorageService' is not a subtype of type 'CloudStorageService'
  test/achievement_unlock_logic_test.dart 24:85  main.<fn>.<fn>
  
00:00 +3 -5: /Users/pranay/Projects/LLM/image/waste_seg/waste_segregation_app/test/golden/active_challenge_preview_golden_test.dart: Active Challenge Preview Golden Tests ActiveChallengeCard basic layout golden test
00:00 +3 -5: /Users/pranay/Projects/LLM/image/waste_seg/waste_segregation_app/test/achievement_unlock_logic_test.dart: Achievement Unlock Logic Tests Should maintain streak with consecutive daily classifications [E]
  type 'MockCloudStorageService' is not a subtype of type 'CloudStorageService'
  test/achievement_unlock_logic_test.dart 24:85  main.<fn>.<fn>
  
00:00 +3 -5: /Users/pranay/Projects/LLM/image/waste_seg/waste_segregation_app/test/golden/active_challenge_preview_golden_test.dart: Active Challenge Preview Golden Tests ActiveChallengeCard basic layout golden test
00:00 +3 -5: /Users/pranay/Projects/LLM/image/waste_seg/waste_segregation_app/test/utils/developer_config_test.dart: DeveloperConfig Security Tests should validate security on initialization
🔒 Developer Config Security Check Passed
📊 Developer Mode Enabled: true
🏗️ Build Mode: DEBUG
00:00 +4 -5: /Users/pranay/Projects/LLM/image/waste_seg/waste_segregation_app/test/golden/active_challenge_preview_golden_test.dart: Active Challenge Preview Golden Tests ActiveChallengeCard basic layout golden test
00:00 +5 -5: /Users/pranay/Projects/LLM/image/waste_seg/waste_segregation_app/test/golden/active_challenge_preview_golden_test.dart: Active Challenge Preview Golden Tests ActiveChallengeCard basic layout golden test
00:00 +6 -5: /Users/pranay/Projects/LLM/image/waste_seg/waste_segregation_app/test/golden/active_challenge_preview_golden_test.dart: Active Challenge Preview Golden Tests ActiveChallengeCard basic layout golden test
00:00 +7 -5: /Users/pranay/Projects/LLM/image/waste_seg/waste_segregation_app/test/golden/active_challenge_preview_golden_test.dart: Active Challenge Preview Golden Tests ActiveChallengeCard basic layout golden test
00:00 +7 -5: /Users/pranay/Projects/LLM/image/waste_seg/waste_segregation_app/test/utils/developer_config_test.dart: DeveloperConfig Security Tests should handle multiple calls to validateSecurity
🔒 Developer Config Security Check Passed
📊 Developer Mode Enabled: true
🏗️ Build Mode: DEBUG
🔒 Developer Config Security Check Passed
📊 Developer Mode Enabled: true
🏗️ Build Mode: DEBUG
🔒 Developer Config Security Check Passed
📊 Developer Mode Enabled: true
🏗️ Build Mode: DEBUG
00:00 +8 -5: /Users/pranay/Projects/LLM/image/waste_seg/waste_segregation_app/test/golden/active_challenge_preview_golden_test.dart: Active Challenge Preview Golden Tests ActiveChallengeCard basic layout golden test
00:00 +9 -5: /Users/pranay/Projects/LLM/image/waste_seg/waste_segregation_app/test/golden/active_challenge_preview_golden_test.dart: Active Challenge Preview Golden Tests ActiveChallengeCard basic layout golden test
00:00 +10 -5: /Users/pranay/Projects/LLM/image/waste_seg/waste_segregation_app/test/golden/active_challenge_preview_golden_test.dart: Active Challenge Preview Golden Tests ActiveChallengeCard basic layout golden test
00:00 +10 -5: /Users/pranay/Projects/LLM/image/waste_seg/waste_segregation_app/test/utils/developer_config_test.dart: DeveloperConfig Security Tests Security Validation Edge Cases should handle rapid successive calls
🔒 Developer Config Security Check Passed
📊 Developer Mode Enabled: true
🏗️ Build Mode: DEBUG
🔒 Developer Config Security Check Passed
📊 Developer Mode Enabled: true
🏗️ Build Mode: DEBUG
🔒 Developer Config Security Check Passed
📊 Developer Mode Enabled: true
🏗️ Build Mode: DEBUG
🔒 Developer Config Security Check Passed
📊 Developer Mode Enabled: true
🏗️ Build Mode: DEBUG
🔒 Developer Config Security Check Passed
📊 Developer Mode Enabled: true
🏗️ Build Mode: DEBUG
🔒 Developer Config Security Check Passed
📊 Developer Mode Enabled: true
🏗️ Build Mode: DEBUG
🔒 Developer Config Security Check Passed
📊 Developer Mode Enabled: true
🏗️ Build Mode: DEBUG
🔒 Developer Config Security Check Passed
📊 Developer Mode Enabled: true
🏗️ Build Mode: DEBUG
🔒 Developer Config Security Check Passed
📊 Developer Mode Enabled: true
🏗️ Build Mode: DEBUG
🔒 Developer Config Security Check Passed
📊 Developer Mode Enabled: true
🏗️ Build Mode: DEBUG
🔒 Developer Config Security Check Passed
📊 Developer Mode Enabled: true
🏗️ Build Mode: DEBUG
🔒 Developer Config Security Check Passed
📊 Developer Mode Enabled: true
🏗️ Build Mode: DEBUG
🔒 Developer Config Security Check Passed
📊 Developer Mode Enabled: true
🏗️ Build Mode: DEBUG
🔒 Developer Config Security Check Passed
📊 Developer Mode Enabled: true
🏗️ Build Mode: DEBUG
🔒 Developer Config Security Check Passed
📊 Developer Mode Enabled: true
🏗️ Build Mode: DEBUG
🔒 Developer Config Security Check Passed
📊 Developer Mode Enabled: true
🏗️ Build Mode: DEBUG
🔒 Developer Config Security Check Passed
📊 Developer Mode Enabled: true
🏗️ Build Mode: DEBUG
🔒 Developer Config Security Check Passed
📊 Developer Mode Enabled: true
🏗️ Build Mode: DEBUG
🔒 Developer Config Security Check Passed
📊 Developer Mode Enabled: true
🏗️ Build Mode: DEBUG
🔒 Developer Config Security Check Passed
📊 Developer Mode Enabled: true
🏗️ Build Mode: DEBUG
🔒 Developer Config Security Check Passed
📊 Developer Mode Enabled: true
🏗️ Build Mode: DEBUG
🔒 Developer Config Security Check Passed
📊 Developer Mode Enabled: true
🏗️ Build Mode: DEBUG
🔒 Developer Config Security Check Passed
📊 Developer Mode Enabled: true
🏗️ Build Mode: DEBUG
🔒 Developer Config Security Check Passed
📊 Developer Mode Enabled: true
🏗️ Build Mode: DEBUG
🔒 Developer Config Security Check Passed
📊 Developer Mode Enabled: true
🏗️ Build Mode: DEBUG
🔒 Developer Config Security Check Passed
📊 Developer Mode Enabled: true
🏗️ Build Mode: DEBUG
🔒 Developer Config Security Check Passed
📊 Developer Mode Enabled: true
🏗️ Build Mode: DEBUG
🔒 Developer Config Security Check Passed
📊 Developer Mode Enabled: true
🏗️ Build Mode: DEBUG
🔒 Developer Config Security Check Passed
📊 Developer Mode Enabled: true
🏗️ Build Mode: DEBUG
🔒 Developer Config Security Check Passed
📊 Developer Mode Enabled: true
🏗️ Build Mode: DEBUG
🔒 Developer Config Security Check Passed
📊 Developer Mode Enabled: true
🏗️ Build Mode: DEBUG
🔒 Developer Config Security Check Passed
📊 Developer Mode Enabled: true
🏗️ Build Mode: DEBUG
🔒 Developer Config Security Check Passed
📊 Developer Mode Enabled: true
🏗️ Build Mode: DEBUG
🔒 Developer Config Security Check Passed
📊 Developer Mode Enabled: true
🏗️ Build Mode: DEBUG
🔒 Developer Config Security Check Passed
📊 Developer Mode Enabled: true
🏗️ Build Mode: DEBUG
🔒 Developer Config Security Check Passed
📊 Developer Mode Enabled: true
🏗️ Build Mode: DEBUG
🔒 Developer Config Security Check Passed
📊 Developer Mode Enabled: true
🏗️ Build Mode: DEBUG
🔒 Developer Config Security Check Passed
📊 Developer Mode Enabled: true
🏗️ Build Mode: DEBUG
🔒 Developer Config Security Check Passed
📊 Developer Mode Enabled: true
🏗️ Build Mode: DEBUG
🔒 Developer Config Security Check Passed
📊 Developer Mode Enabled: true
🏗️ Build Mode: DEBUG
🔒 Developer Config Security Check Passed
📊 Developer Mode Enabled: true
🏗️ Build Mode: DEBUG
🔒 Developer Config Security Check Passed
📊 Developer Mode Enabled: true
🏗️ Build Mode: DEBUG
🔒 Developer Config Security Check Passed
📊 Developer Mode Enabled: true
🏗️ Build Mode: DEBUG
🔒 Developer Config Security Check Passed
📊 Developer Mode Enabled: true
🏗️ Build Mode: DEBUG
🔒 Developer Config Security Check Passed
📊 Developer Mode Enabled: true
🏗️ Build Mode: DEBUG
🔒 Developer Config Security Check Passed
📊 Developer Mode Enabled: true
🏗️ Build Mode: DEBUG
🔒 Developer Config Security Check Passed
📊 Developer Mode Enabled: true
🏗️ Build Mode: DEBUG
🔒 Developer Config Security Check Passed
📊 Developer Mode Enabled: true
🏗️ Build Mode: DEBUG
🔒 Developer Config Security Check Passed
📊 Developer Mode Enabled: true
🏗️ Build Mode: DEBUG
🔒 Developer Config Security Check Passed
📊 Developer Mode Enabled: true
🏗️ Build Mode: DEBUG
🔒 Developer Config Security Check Passed
📊 Developer Mode Enabled: true
🏗️ Build Mode: DEBUG
🔒 Developer Config Security Check Passed
📊 Developer Mode Enabled: true
🏗️ Build Mode: DEBUG
🔒 Developer Config Security Check Passed
📊 Developer Mode Enabled: true
🏗️ Build Mode: DEBUG
🔒 Developer Config Security Check Passed
📊 Developer Mode Enabled: true
🏗️ Build Mode: DEBUG
🔒 Developer Config Security Check Passed
📊 Developer Mode Enabled: true
🏗️ Build Mode: DEBUG
🔒 Developer Config Security Check Passed
📊 Developer Mode Enabled: true
🏗️ Build Mode: DEBUG
🔒 Developer Config Security Check Passed
📊 Developer Mode Enabled: true
🏗️ Build Mode: DEBUG
🔒 Developer Config Security Check Passed
📊 Developer Mode Enabled: true
🏗️ Build Mode: DEBUG
🔒 Developer Config Security Check Passed
📊 Developer Mode Enabled: true
🏗️ Build Mode: DEBUG
🔒 Developer Config Security Check Passed
📊 Developer Mode Enabled: true
🏗️ Build Mode: DEBUG
🔒 Developer Config Security Check Passed
📊 Developer Mode Enabled: true
🏗️ Build Mode: DEBUG
🔒 Developer Config Security Check Passed
📊 Developer Mode Enabled: true
🏗️ Build Mode: DEBUG
🔒 Developer Config Security Check Passed
📊 Developer Mode Enabled: true
🏗️ Build Mode: DEBUG
🔒 Developer Config Security Check Passed
📊 Developer Mode Enabled: true
🏗️ Build Mode: DEBUG
🔒 Developer Config Security Check Passed
📊 Developer Mode Enabled: true
🏗️ Build Mode: DEBUG
🔒 Developer Config Security Check Passed
📊 Developer Mode Enabled: true
🏗️ Build Mode: DEBUG
🔒 Developer Config Security Check Passed
📊 Developer Mode Enabled: true
🏗️ Build Mode: DEBUG
🔒 Developer Config Security Check Passed
📊 Developer Mode Enabled: true
🏗️ Build Mode: DEBUG
🔒 Developer Config Security Check Passed
📊 Developer Mode Enabled: true
🏗️ Build Mode: DEBUG
🔒 Developer Config Security Check Passed
📊 Developer Mode Enabled: true
🏗️ Build Mode: DEBUG
🔒 Developer Config Security Check Passed
📊 Developer Mode Enabled: true
🏗️ Build Mode: DEBUG
🔒 Developer Config Security Check Passed
📊 Developer Mode Enabled: true
🏗️ Build Mode: DEBUG
🔒 Developer Config Security Check Passed
📊 Developer Mode Enabled: true
🏗️ Build Mode: DEBUG
🔒 Developer Config Security Check Passed
📊 Developer Mode Enabled: true
🏗️ Build Mode: DEBUG
🔒 Developer Config Security Check Passed
📊 Developer Mode Enabled: true
🏗️ Build Mode: DEBUG
🔒 Developer Config Security Check Passed
📊 Developer Mode Enabled: true
🏗️ Build Mode: DEBUG
🔒 Developer Config Security Check Passed
📊 Developer Mode Enabled: true
🏗️ Build Mode: DEBUG
🔒 Developer Config Security Check Passed
📊 Developer Mode Enabled: true
🏗️ Build Mode: DEBUG
🔒 Developer Config Security Check Passed
📊 Developer Mode Enabled: true
🏗️ Build Mode: DEBUG
🔒 Developer Config Security Check Passed
📊 Developer Mode Enabled: true
🏗️ Build Mode: DEBUG
🔒 Developer Config Security Check Passed
📊 Developer Mode Enabled: true
🏗️ Build Mode: DEBUG
🔒 Developer Config Security Check Passed
📊 Developer Mode Enabled: true
🏗️ Build Mode: DEBUG
🔒 Developer Config Security Check Passed
📊 Developer Mode Enabled: true
🏗️ Build Mode: DEBUG
🔒 Developer Config Security Check Passed
📊 Developer Mode Enabled: true
🏗️ Build Mode: DEBUG
🔒 Developer Config Security Check Passed
📊 Developer Mode Enabled: true
🏗️ Build Mode: DEBUG
🔒 Developer Config Security Check Passed
📊 Developer Mode Enabled: true
🏗️ Build Mode: DEBUG
🔒 Developer Config Security Check Passed
📊 Developer Mode Enabled: true
🏗️ Build Mode: DEBUG
🔒 Developer Config Security Check Passed
📊 Developer Mode Enabled: true
🏗️ Build Mode: DEBUG
🔒 Developer Config Security Check Passed
📊 Developer Mode Enabled: true
🏗️ Build Mode: DEBUG
🔒 Developer Config Security Check Passed
📊 Developer Mode Enabled: true
🏗️ Build Mode: DEBUG
🔒 Developer Config Security Check Passed
📊 Developer Mode Enabled: true
🏗️ Build Mode: DEBUG
🔒 Developer Config Security Check Passed
📊 Developer Mode Enabled: true
🏗️ Build Mode: DEBUG
🔒 Developer Config Security Check Passed
📊 Developer Mode Enabled: true
🏗️ Build Mode: DEBUG
🔒 Developer Config Security Check Passed
📊 Developer Mode Enabled: true
🏗️ Build Mode: DEBUG
🔒 Developer Config Security Check Passed
📊 Developer Mode Enabled: true
🏗️ Build Mode: DEBUG
🔒 Developer Config Security Check Passed
📊 Developer Mode Enabled: true
🏗️ Build Mode: DEBUG
🔒 Developer Config Security Check Passed
📊 Developer Mode Enabled: true
🏗️ Build Mode: DEBUG
🔒 Developer Config Security Check Passed
📊 Developer Mode Enabled: true
🏗️ Build Mode: DEBUG
🔒 Developer Config Security Check Passed
📊 Developer Mode Enabled: true
🏗️ Build Mode: DEBUG
🔒 Developer Config Security Check Passed
📊 Developer Mode Enabled: true
🏗️ Build Mode: DEBUG
00:01 +11 -5: /Users/pranay/Projects/LLM/image/waste_seg/waste_segregation_app/test/golden/active_challenge_preview_golden_test.dart: Active Challenge Preview Golden Tests ActiveChallengeCard basic layout golden test
00:01 +12 -5: /Users/pranay/Projects/LLM/image/waste_seg/waste_segregation_app/test/golden/active_challenge_preview_golden_test.dart: Active Challenge Preview Golden Tests ActiveChallengeCard basic layout golden test
00:01 +13 -5: /Users/pranay/Projects/LLM/image/waste_seg/waste_segregation_app/test/golden/active_challenge_preview_golden_test.dart: Active Challenge Preview Golden Tests ActiveChallengeCard basic layout golden test
00:01 +13 -5: /Users/pranay/Projects/LLM/image/waste_seg/waste_segregation_app/test/utils/developer_config_test.dart: DeveloperConfig Security Tests Production Safety Tests should validate security without throwing in any build mode
🔒 Developer Config Security Check Passed
📊 Developer Mode Enabled: true
🏗️ Build Mode: DEBUG
00:01 +14 -5: /Users/pranay/Projects/LLM/image/waste_seg/waste_segregation_app/test/golden/active_challenge_preview_golden_test.dart: Active Challenge Preview Golden Tests ActiveChallengeCard basic layout golden test
══╡ EXCEPTION CAUGHT BY FLUTTER TEST FRAMEWORK ╞════════════════════════════════════════════════════
The following assertion was thrown while running async test code:
Golden "active_challenge_preview_basic.png": Pixel test failed, 0.09%, 430px diff detected.
Failure feedback can be found at
/Users/pranay/Projects/LLM/image/waste_seg/waste_segregation_app/test/golden/failures

When the exception was thrown, this was the stack:
#0      LocalFileComparator.compare (package:flutter_test/src/_goldens_io.dart:108:5)
<asynchronous suspension>
#1      MatchesGoldenFile.matchAsync.<anonymous closure> (package:flutter_test/src/_matchers_io.dart:124:32)
<asynchronous suspension>
<asynchronous suspension>
#3      _expect.<anonymous closure> (package:matcher/src/expect/expect.dart:123:26)
<asynchronous suspension>
<asynchronous suspension>
#5      expectLater.<anonymous closure> (package:flutter_test/src/widget_tester.dart:509:19)
<asynchronous suspension>
#6      main.<anonymous closure>.<anonymous closure> (file:///Users/pranay/Projects/LLM/image/waste_seg/waste_segregation_app/test/golden/active_challenge_preview_golden_test.dart:44:7)
<asynchronous suspension>
#7      testWidgets.<anonymous closure>.<anonymous closure> (package:flutter_test/src/widget_tester.dart:193:15)
<asynchronous suspension>
#8      TestWidgetsFlutterBinding._runTestBody (package:flutter_test/src/binding.dart:1064:5)
<asynchronous suspension>
<asynchronous suspension>
(elided 3 frames from dart:async and package:stack_trace)

The exception was caught asynchronously.
════════════════════════════════════════════════════════════════════════════════════════════════════
00:01 +14 -6: /Users/pranay/Projects/LLM/image/waste_seg/waste_segregation_app/test/golden/stats_card_golden_test.dart: Horizontal Stat Cards Golden Tests StatsCard golden test - zero values
00:01 +14 -6: /Users/pranay/Projects/LLM/image/waste_seg/waste_segregation_app/test/golden/active_challenge_preview_golden_test.dart: Active Challenge Preview Golden Tests ActiveChallengeCard basic layout golden test [E]
  Test failed. See exception logs above.
  The test description was: ActiveChallengeCard basic layout golden test
  
00:01 +14 -6: /Users/pranay/Projects/LLM/image/waste_seg/waste_segregation_app/test/models/educational_content_test.dart: EducationalContent Model Tests (setUpAll)
✅ Test Hive initialized in memory
00:01 +14 -6: /Users/pranay/Projects/LLM/image/waste_seg/waste_segregation_app/test/golden/stats_card_golden_test.dart: Horizontal Stat Cards Golden Tests StatsCard golden test - zero values
══╡ EXCEPTION CAUGHT BY FLUTTER TEST FRAMEWORK ╞════════════════════════════════════════════════════
The following assertion was thrown while running async test code:
Golden "golden/stats_cards_zero_values.png": Pixel test failed, 0.16%, 750px diff detected.
Failure feedback can be found at
/Users/pranay/Projects/LLM/image/waste_seg/waste_segregation_app/test/golden/failures

When the exception was thrown, this was the stack:
#0      LocalFileComparator.compare (package:flutter_test/src/_goldens_io.dart:108:5)
<asynchronous suspension>
#1      MatchesGoldenFile.matchAsync.<anonymous closure> (package:flutter_test/src/_matchers_io.dart:124:32)
<asynchronous suspension>
<asynchronous suspension>
#3      _expect.<anonymous closure> (package:matcher/src/expect/expect.dart:123:26)
<asynchronous suspension>
<asynchronous suspension>
#5      expectLater.<anonymous closure> (package:flutter_test/src/widget_tester.dart:509:19)
<asynchronous suspension>
#6      main.<anonymous closure>.<anonymous closure> (file:///Users/pranay/Projects/LLM/image/waste_seg/waste_segregation_app/test/golden/stats_card_golden_test.dart:50:7)
<asynchronous suspension>
#7      testWidgets.<anonymous closure>.<anonymous closure> (package:flutter_test/src/widget_tester.dart:193:15)
<asynchronous suspension>
#8      TestWidgetsFlutterBinding._runTestBody (package:flutter_test/src/binding.dart:1064:5)
<asynchronous suspension>
<asynchronous suspension>
(elided 3 frames from dart:async and package:stack_trace)

The exception was caught asynchronously.
════════════════════════════════════════════════════════════════════════════════════════════════════
00:01 +14 -7: /Users/pranay/Projects/LLM/image/waste_seg/waste_segregation_app/test/golden/quick_action_cards_golden_test.dart: Quick-action Cards Golden Tests FeatureCard basic layout golden test
00:01 +14 -7: /Users/pranay/Projects/LLM/image/waste_seg/waste_segregation_app/test/golden/stats_card_golden_test.dart: Horizontal Stat Cards Golden Tests StatsCard golden test - zero values [E]
  Test failed. See exception logs above.
  The test description was: StatsCard golden test - zero values
  
00:01 +15 -7: /Users/pranay/Projects/LLM/image/waste_seg/waste_segregation_app/test/golden/quick_action_cards_golden_test.dart: Quick-action Cards Golden Tests FeatureCard basic layout golden test
00:01 +16 -7: /Users/pranay/Projects/LLM/image/waste_seg/waste_segregation_app/test/golden/quick_action_cards_golden_test.dart: Quick-action Cards Golden Tests FeatureCard basic layout golden test
00:01 +17 -7: /Users/pranay/Projects/LLM/image/waste_seg/waste_segregation_app/test/golden/quick_action_cards_golden_test.dart: Quick-action Cards Golden Tests FeatureCard basic layout golden test
00:01 +18 -7: /Users/pranay/Projects/LLM/image/waste_seg/waste_segregation_app/test/golden/quick_action_cards_golden_test.dart: Quick-action Cards Golden Tests FeatureCard basic layout golden test
00:01 +19 -7: /Users/pranay/Projects/LLM/image/waste_seg/waste_segregation_app/test/golden/quick_action_cards_golden_test.dart: Quick-action Cards Golden Tests FeatureCard basic layout golden test
00:01 +20 -7: /Users/pranay/Projects/LLM/image/waste_seg/waste_segregation_app/test/golden/quick_action_cards_golden_test.dart: Quick-action Cards Golden Tests FeatureCard basic layout golden test
00:01 +21 -7: /Users/pranay/Projects/LLM/image/waste_seg/waste_segregation_app/test/golden/quick_action_cards_golden_test.dart: Quick-action Cards Golden Tests FeatureCard basic layout golden test
00:01 +22 -7: /Users/pranay/Projects/LLM/image/waste_seg/waste_segregation_app/test/golden/quick_action_cards_golden_test.dart: Quick-action Cards Golden Tests FeatureCard basic layout golden test
00:01 +23 -7: /Users/pranay/Projects/LLM/image/waste_seg/waste_segregation_app/test/golden/quick_action_cards_golden_test.dart: Quick-action Cards Golden Tests FeatureCard basic layout golden test
00:01 +24 -7: /Users/pranay/Projects/LLM/image/waste_seg/waste_segregation_app/test/golden/quick_action_cards_golden_test.dart: Quick-action Cards Golden Tests FeatureCard basic layout golden test
00:01 +25 -7: /Users/pranay/Projects/LLM/image/waste_seg/waste_segregation_app/test/golden/quick_action_cards_golden_test.dart: Quick-action Cards Golden Tests FeatureCard basic layout golden test
00:01 +26 -7: /Users/pranay/Projects/LLM/image/waste_seg/waste_segregation_app/test/golden/quick_action_cards_golden_test.dart: Quick-action Cards Golden Tests FeatureCard basic layout golden test
00:01 +27 -7: /Users/pranay/Projects/LLM/image/waste_seg/waste_segregation_app/test/golden/quick_action_cards_golden_test.dart: Quick-action Cards Golden Tests FeatureCard basic layout golden test
00:01 +28 -7: /Users/pranay/Projects/LLM/image/waste_seg/waste_segregation_app/test/golden/quick_action_cards_golden_test.dart: Quick-action Cards Golden Tests FeatureCard basic layout golden test
00:01 +29 -7: /Users/pranay/Projects/LLM/image/waste_seg/waste_segregation_app/test/golden/quick_action_cards_golden_test.dart: Quick-action Cards Golden Tests FeatureCard basic layout golden test
══╡ EXCEPTION CAUGHT BY FLUTTER TEST FRAMEWORK ╞════════════════════════════════════════════════════
The following assertion was thrown while running async test code:
Golden "quick_action_cards_basic.png": Pixel test failed, 3.18%, 15276px diff detected.
Failure feedback can be found at
/Users/pranay/Projects/LLM/image/waste_seg/waste_segregation_app/test/golden/failures

When the exception was thrown, this was the stack:
#0      LocalFileComparator.compare (package:flutter_test/src/_goldens_io.dart:108:5)
<asynchronous suspension>
#1      MatchesGoldenFile.matchAsync.<anonymous closure> (package:flutter_test/src/_matchers_io.dart:124:32)
<asynchronous suspension>
<asynchronous suspension>
#3      _expect.<anonymous closure> (package:matcher/src/expect/expect.dart:123:26)
<asynchronous suspension>
<asynchronous suspension>
#5      expectLater.<anonymous closure> (package:flutter_test/src/widget_tester.dart:509:19)
<asynchronous suspension>
#6      main.<anonymous closure>.<anonymous closure> (file:///Users/pranay/Projects/LLM/image/waste_seg/waste_segregation_app/test/golden/quick_action_cards_golden_test.dart:38:7)
<asynchronous suspension>
#7      testWidgets.<anonymous closure>.<anonymous closure> (package:flutter_test/src/widget_tester.dart:193:15)
<asynchronous suspension>
#8      TestWidgetsFlutterBinding._runTestBody (package:flutter_test/src/binding.dart:1064:5)
<asynchronous suspension>
<asynchronous suspension>
(elided 3 frames from dart:async and package:stack_trace)

The exception was caught asynchronously.
════════════════════════════════════════════════════════════════════════════════════════════════════
00:01 +29 -8: /Users/pranay/Projects/LLM/image/waste_seg/waste_segregation_app/test/golden/recent_classification_list_golden_test.dart: Recent Classification List Golden Tests RecentClassificationCard basic layout golden test
00:01 +30 -8: /Users/pranay/Projects/LLM/image/waste_seg/waste_segregation_app/test/golden/recent_classification_list_golden_test.dart: Recent Classification List Golden Tests RecentClassificationCard basic layout golden test
00:01 +30 -8: /Users/pranay/Projects/LLM/image/waste_seg/waste_segregation_app/test/golden/quick_action_cards_golden_test.dart: Quick-action Cards Golden Tests FeatureCard basic layout golden test [E]
  Test failed. See exception logs above.
  The test description was: FeatureCard basic layout golden test
  
00:01 +31 -8: /Users/pranay/Projects/LLM/image/waste_seg/waste_segregation_app/test/golden/recent_classification_list_golden_test.dart: Recent Classification List Golden Tests RecentClassificationCard basic layout golden test
00:01 +31 -8: /Users/pranay/Projects/LLM/image/waste_seg/waste_segregation_app/test/golden/active_challenge_preview_golden_test.dart: Active Challenge Preview Golden Tests ActiveChallengeCard overflow handling golden test
══╡ EXCEPTION CAUGHT BY FLUTTER TEST FRAMEWORK ╞════════════════════════════════════════════════════
The following assertion was thrown while running async test code:
Golden "active_challenge_preview_overflow.png": Pixel test failed, 0.08%, 378px diff detected.
Failure feedback can be found at
/Users/pranay/Projects/LLM/image/waste_seg/waste_segregation_app/test/golden/failures

When the exception was thrown, this was the stack:
#0      LocalFileComparator.compare (package:flutter_test/src/_goldens_io.dart:108:5)
<asynchronous suspension>
#1      MatchesGoldenFile.matchAsync.<anonymous closure> (package:flutter_test/src/_matchers_io.dart:124:32)
<asynchronous suspension>
<asynchronous suspension>
#3      _expect.<anonymous closure> (package:matcher/src/expect/expect.dart:123:26)
<asynchronous suspension>
<asynchronous suspension>
#5      expectLater.<anonymous closure> (package:flutter_test/src/widget_tester.dart:509:19)
<asynchronous suspension>
#6      main.<anonymous closure>.<anonymous closure> (file:///Users/pranay/Projects/LLM/image/waste_seg/waste_segregation_app/test/golden/active_challenge_preview_golden_test.dart:92:7)
<asynchronous suspension>
#7      testWidgets.<anonymous closure>.<anonymous closure> (package:flutter_test/src/widget_tester.dart:193:15)
<asynchronous suspension>
#8      TestWidgetsFlutterBinding._runTestBody (package:flutter_test/src/binding.dart:1064:5)
<asynchronous suspension>
<asynchronous suspension>
(elided 3 frames from dart:async and package:stack_trace)

The exception was caught asynchronously.
════════════════════════════════════════════════════════════════════════════════════════════════════
00:01 +31 -9: /Users/pranay/Projects/LLM/image/waste_seg/waste_segregation_app/test/golden/recent_classification_list_golden_test.dart: Recent Classification List Golden Tests RecentClassificationCard basic layout golden test
00:01 +31 -9: /Users/pranay/Projects/LLM/image/waste_seg/waste_segregation_app/test/golden/active_challenge_preview_golden_test.dart: Active Challenge Preview Golden Tests ActiveChallengeCard overflow handling golden test [E]
  Test failed. See exception logs above.
  The test description was: ActiveChallengeCard overflow handling golden test
  
00:01 +32 -9: /Users/pranay/Projects/LLM/image/waste_seg/waste_segregation_app/test/golden/recent_classification_list_golden_test.dart: Recent Classification List Golden Tests RecentClassificationCard basic layout golden test
00:01 +33 -9: /Users/pranay/Projects/LLM/image/waste_seg/waste_segregation_app/test/golden/recent_classification_list_golden_test.dart: Recent Classification List Golden Tests RecentClassificationCard basic layout golden test
00:01 +34 -9: /Users/pranay/Projects/LLM/image/waste_seg/waste_segregation_app/test/golden/recent_classification_list_golden_test.dart: Recent Classification List Golden Tests RecentClassificationCard basic layout golden test
00:01 +35 -9: /Users/pranay/Projects/LLM/image/waste_seg/waste_segregation_app/test/golden/recent_classification_list_golden_test.dart: Recent Classification List Golden Tests RecentClassificationCard basic layout golden test
00:01 +36 -9: /Users/pranay/Projects/LLM/image/waste_seg/waste_segregation_app/test/golden/recent_classification_list_golden_test.dart: Recent Classification List Golden Tests RecentClassificationCard basic layout golden test
00:01 +37 -9: /Users/pranay/Projects/LLM/image/waste_seg/waste_segregation_app/test/golden/recent_classification_list_golden_test.dart: Recent Classification List Golden Tests RecentClassificationCard basic layout golden test
00:01 +38 -9: /Users/pranay/Projects/LLM/image/waste_seg/waste_segregation_app/test/golden/recent_classification_list_golden_test.dart: Recent Classification List Golden Tests RecentClassificationCard basic layout golden test
00:01 +39 -9: /Users/pranay/Projects/LLM/image/waste_seg/waste_segregation_app/test/golden/recent_classification_list_golden_test.dart: Recent Classification List Golden Tests RecentClassificationCard basic layout golden test
00:01 +40 -9: /Users/pranay/Projects/LLM/image/waste_seg/waste_segregation_app/test/golden/recent_classification_list_golden_test.dart: Recent Classification List Golden Tests RecentClassificationCard basic layout golden test
00:01 +41 -9: /Users/pranay/Projects/LLM/image/waste_seg/waste_segregation_app/test/golden/recent_classification_list_golden_test.dart: Recent Classification List Golden Tests RecentClassificationCard basic layout golden test
00:01 +41 -9: /Users/pranay/Projects/LLM/image/waste_seg/waste_segregation_app/test/models/educational_content_test.dart: EducationalContent Model Tests (tearDownAll)
✅ Test Hive torn down
00:01 +41 -9: /Users/pranay/Projects/LLM/image/waste_seg/waste_segregation_app/test/golden/recent_classification_list_golden_test.dart: Recent Classification List Golden Tests RecentClassificationCard basic layout golden test
00:01 +41 -9: /Users/pranay/Projects/LLM/image/waste_seg/waste_segregation_app/test/golden/stats_card_golden_test.dart: Horizontal Stat Cards Golden Tests StatsCard golden test - small values
══╡ EXCEPTION CAUGHT BY FLUTTER TEST FRAMEWORK ╞════════════════════════════════════════════════════
The following assertion was thrown while running async test code:
Golden "golden/stats_cards_small_values.png": Pixel test failed, 0.68%, 3273px diff detected.
Failure feedback can be found at
/Users/pranay/Projects/LLM/image/waste_seg/waste_segregation_app/test/golden/failures

When the exception was thrown, this was the stack:
#0      LocalFileComparator.compare (package:flutter_test/src/_goldens_io.dart:108:5)
<asynchronous suspension>
#1      MatchesGoldenFile.matchAsync.<anonymous closure> (package:flutter_test/src/_matchers_io.dart:124:32)
<asynchronous suspension>
<asynchronous suspension>
#3      _expect.<anonymous closure> (package:matcher/src/expect/expect.dart:123:26)
<asynchronous suspension>
<asynchronous suspension>
#5      expectLater.<anonymous closure> (package:flutter_test/src/widget_tester.dart:509:19)
<asynchronous suspension>
#6      main.<anonymous closure>.<anonymous closure> (file:///Users/pranay/Projects/LLM/image/waste_seg/waste_segregation_app/test/golden/stats_card_golden_test.dart:100:7)
<asynchronous suspension>
#7      testWidgets.<anonymous closure>.<anonymous closure> (package:flutter_test/src/widget_tester.dart:193:15)
<asynchronous suspension>
#8      TestWidgetsFlutterBinding._runTestBody (package:flutter_test/src/binding.dart:1064:5)
<asynchronous suspension>
<asynchronous suspension>
(elided 3 frames from dart:async and package:stack_trace)

The exception was caught asynchronously.
════════════════════════════════════════════════════════════════════════════════════════════════════
00:01 +41 -10: /Users/pranay/Projects/LLM/image/waste_seg/waste_segregation_app/test/golden/recent_classification_list_golden_test.dart: Recent Classification List Golden Tests RecentClassificationCard basic layout golden test
00:01 +41 -10: /Users/pranay/Projects/LLM/image/waste_seg/waste_segregation_app/test/golden/stats_card_golden_test.dart: Horizontal Stat Cards Golden Tests StatsCard golden test - small values [E]
  Test failed. See exception logs above.
  The test description was: StatsCard golden test - small values
  
00:01 +41 -10: /Users/pranay/Projects/LLM/image/waste_seg/waste_segregation_app/test/golden/recent_classification_list_golden_test.dart: Recent Classification List Golden Tests RecentClassificationCard basic layout golden test
══╡ EXCEPTION CAUGHT BY FLUTTER TEST FRAMEWORK ╞════════════════════════════════════════════════════
The following assertion was thrown while running async test code:
Golden "recent_classification_list_basic.png": Pixel test failed, 2.87%, 13784px diff detected.
Failure feedback can be found at
/Users/pranay/Projects/LLM/image/waste_seg/waste_segregation_app/test/golden/failures

When the exception was thrown, this was the stack:
#0      LocalFileComparator.compare (package:flutter_test/src/_goldens_io.dart:108:5)
<asynchronous suspension>
#1      MatchesGoldenFile.matchAsync.<anonymous closure> (package:flutter_test/src/_matchers_io.dart:124:32)
<asynchronous suspension>
<asynchronous suspension>
#3      _expect.<anonymous closure> (package:matcher/src/expect/expect.dart:123:26)
<asynchronous suspension>
<asynchronous suspension>
#5      expectLater.<anonymous closure> (package:flutter_test/src/widget_tester.dart:509:19)
<asynchronous suspension>
#6      main.<anonymous closure>.<anonymous closure> (file:///Users/pranay/Projects/LLM/image/waste_seg/waste_segregation_app/test/golden/recent_classification_list_golden_test.dart:57:7)
<asynchronous suspension>
#7      testWidgets.<anonymous closure>.<anonymous closure> (package:flutter_test/src/widget_tester.dart:193:15)
<asynchronous suspension>
#8      TestWidgetsFlutterBinding._runTestBody (package:flutter_test/src/binding.dart:1064:5)
<asynchronous suspension>
<asynchronous suspension>
(elided 3 frames from dart:async and package:stack_trace)

The exception was caught asynchronously.
════════════════════════════════════════════════════════════════════════════════════════════════════
00:01 +41 -11: /Users/pranay/Projects/LLM/image/waste_seg/waste_segregation_app/test/golden/responsive_text_golden_test.dart: ResponsiveText Golden Tests AppBar title golden test - normal width
00:01 +41 -11: /Users/pranay/Projects/LLM/image/waste_seg/waste_segregation_app/test/golden/recent_classification_list_golden_test.dart: Recent Classification List Golden Tests RecentClassificationCard basic layout golden test [E]
  Test failed. See exception logs above.
  The test description was: RecentClassificationCard basic layout golden test
  
00:01 +41 -11: /Users/pranay/Projects/LLM/image/waste_seg/waste_segregation_app/test/golden/quick_action_cards_golden_test.dart: Quick-action Cards Golden Tests FeatureCard overflow handling golden test
══╡ EXCEPTION CAUGHT BY FLUTTER TEST FRAMEWORK ╞════════════════════════════════════════════════════
The following assertion was thrown while running async test code:
Golden "quick_action_cards_overflow.png": Pixel test failed, 4.53%, 21751px diff detected.
Failure feedback can be found at
/Users/pranay/Projects/LLM/image/waste_seg/waste_segregation_app/test/golden/failures

When the exception was thrown, this was the stack:
#0      LocalFileComparator.compare (package:flutter_test/src/_goldens_io.dart:108:5)
<asynchronous suspension>
#1      MatchesGoldenFile.matchAsync.<anonymous closure> (package:flutter_test/src/_matchers_io.dart:124:32)
<asynchronous suspension>
<asynchronous suspension>
#3      _expect.<anonymous closure> (package:matcher/src/expect/expect.dart:123:26)
<asynchronous suspension>
<asynchronous suspension>
#5      expectLater.<anonymous closure> (package:flutter_test/src/widget_tester.dart:509:19)
<asynchronous suspension>
#6      main.<anonymous closure>.<anonymous closure> (file:///Users/pranay/Projects/LLM/image/waste_seg/waste_segregation_app/test/golden/quick_action_cards_golden_test.dart:80:7)
<asynchronous suspension>
#7      testWidgets.<anonymous closure>.<anonymous closure> (package:flutter_test/src/widget_tester.dart:193:15)
<asynchronous suspension>
#8      TestWidgetsFlutterBinding._runTestBody (package:flutter_test/src/binding.dart:1064:5)
<asynchronous suspension>
<asynchronous suspension>
(elided 3 frames from dart:async and package:stack_trace)

The exception was caught asynchronously.
════════════════════════════════════════════════════════════════════════════════════════════════════
00:01 +41 -12: /Users/pranay/Projects/LLM/image/waste_seg/waste_segregation_app/test/golden/responsive_text_golden_test.dart: ResponsiveText Golden Tests AppBar title golden test - normal width
00:01 +41 -12: /Users/pranay/Projects/LLM/image/waste_seg/waste_segregation_app/test/golden/quick_action_cards_golden_test.dart: Quick-action Cards Golden Tests FeatureCard overflow handling golden test [E]
  Test failed. See exception logs above.
  The test description was: FeatureCard overflow handling golden test
  
00:02 +41 -12: /Users/pranay/Projects/LLM/image/waste_seg/waste_segregation_app/test/golden/active_challenge_preview_golden_test.dart: Active Challenge Preview Golden Tests ActiveChallengeCard progress variations golden test
══╡ EXCEPTION CAUGHT BY FLUTTER TEST FRAMEWORK ╞════════════════════════════════════════════════════
The following assertion was thrown while running async test code:
Golden "active_challenge_preview_progress_variations.png": Pixel test failed, 0.19%, 893px diff
detected.
Failure feedback can be found at
/Users/pranay/Projects/LLM/image/waste_seg/waste_segregation_app/test/golden/failures

When the exception was thrown, this was the stack:
#0      LocalFileComparator.compare (package:flutter_test/src/_goldens_io.dart:108:5)
<asynchronous suspension>
#1      MatchesGoldenFile.matchAsync.<anonymous closure> (package:flutter_test/src/_matchers_io.dart:124:32)
<asynchronous suspension>
<asynchronous suspension>
#3      _expect.<anonymous closure> (package:matcher/src/expect/expect.dart:123:26)
<asynchronous suspension>
<asynchronous suspension>
#5      expectLater.<anonymous closure> (package:flutter_test/src/widget_tester.dart:509:19)
<asynchronous suspension>
#6      main.<anonymous closure>.<anonymous closure> (file:///Users/pranay/Projects/LLM/image/waste_seg/waste_segregation_app/test/golden/active_challenge_preview_golden_test.dart:145:7)
<asynchronous suspension>
#7      testWidgets.<anonymous closure>.<anonymous closure> (package:flutter_test/src/widget_tester.dart:193:15)
<asynchronous suspension>
#8      TestWidgetsFlutterBinding._runTestBody (package:flutter_test/src/binding.dart:1064:5)
<asynchronous suspension>
<asynchronous suspension>
(elided 3 frames from dart:async and package:stack_trace)

The exception was caught asynchronously.
════════════════════════════════════════════════════════════════════════════════════════════════════
00:02 +41 -13: /Users/pranay/Projects/LLM/image/waste_seg/waste_segregation_app/test/golden/responsive_text_golden_test.dart: ResponsiveText Golden Tests AppBar title golden test - normal width
00:02 +41 -13: /Users/pranay/Projects/LLM/image/waste_seg/waste_segregation_app/test/golden/active_challenge_preview_golden_test.dart: Active Challenge Preview Golden Tests ActiveChallengeCard progress variations golden test [E]
  Test failed. See exception logs above.
  The test description was: ActiveChallengeCard progress variations golden test
  
00:02 +42 -13: /Users/pranay/Projects/LLM/image/waste_seg/waste_segregation_app/test/golden/stats_card_golden_test.dart: Horizontal Stat Cards Golden Tests StatsCard golden test - large values
══╡ EXCEPTION CAUGHT BY FLUTTER TEST FRAMEWORK ╞════════════════════════════════════════════════════
The following assertion was thrown while running async test code:
Golden "golden/stats_cards_large_values.png": Pixel test failed, 2.03%, 9743px diff detected.
Failure feedback can be found at
/Users/pranay/Projects/LLM/image/waste_seg/waste_segregation_app/test/golden/failures

When the exception was thrown, this was the stack:
#0      LocalFileComparator.compare (package:flutter_test/src/_goldens_io.dart:108:5)
<asynchronous suspension>
#1      MatchesGoldenFile.matchAsync.<anonymous closure> (package:flutter_test/src/_matchers_io.dart:124:32)
<asynchronous suspension>
<asynchronous suspension>
#3      _expect.<anonymous closure> (package:matcher/src/expect/expect.dart:123:26)
<asynchronous suspension>
<asynchronous suspension>
#5      expectLater.<anonymous closure> (package:flutter_test/src/widget_tester.dart:509:19)
<asynchronous suspension>
#6      main.<anonymous closure>.<anonymous closure> (file:///Users/pranay/Projects/LLM/image/waste_seg/waste_segregation_app/test/golden/stats_card_golden_test.dart:150:7)
<asynchronous suspension>
#7      testWidgets.<anonymous closure>.<anonymous closure> (package:flutter_test/src/widget_tester.dart:193:15)
<asynchronous suspension>
#8      TestWidgetsFlutterBinding._runTestBody (package:flutter_test/src/binding.dart:1064:5)
<asynchronous suspension>
<asynchronous suspension>
(elided 3 frames from dart:async and package:stack_trace)

The exception was caught asynchronously.
════════════════════════════════════════════════════════════════════════════════════════════════════
00:02 +42 -14: /Users/pranay/Projects/LLM/image/waste_seg/waste_segregation_app/test/golden/recent_classification_list_golden_test.dart: Recent Classification List Golden Tests RecentClassificationCard overflow handling golden test
00:02 +42 -14: /Users/pranay/Projects/LLM/image/waste_seg/waste_segregation_app/test/golden/stats_card_golden_test.dart: Horizontal Stat Cards Golden Tests StatsCard golden test - large values [E]
  Test failed. See exception logs above.
  The test description was: StatsCard golden test - large values
  
00:02 +42 -14: /Users/pranay/Projects/LLM/image/waste_seg/waste_segregation_app/test/golden/active_challenge_preview_golden_test.dart: Active Challenge Preview Golden Tests ProgressBadge variations golden test
══╡ EXCEPTION CAUGHT BY FLUTTER TEST FRAMEWORK ╞════════════════════════════════════════════════════
The following assertion was thrown while running async test code:
Golden "progress_badge_variations.png": Pixel test failed, 0.47%, 2244px diff detected.
Failure feedback can be found at
/Users/pranay/Projects/LLM/image/waste_seg/waste_segregation_app/test/golden/failures

When the exception was thrown, this was the stack:
#0      LocalFileComparator.compare (package:flutter_test/src/_goldens_io.dart:108:5)
<asynchronous suspension>
#1      MatchesGoldenFile.matchAsync.<anonymous closure> (package:flutter_test/src/_matchers_io.dart:124:32)
<asynchronous suspension>
<asynchronous suspension>
#3      _expect.<anonymous closure> (package:matcher/src/expect/expect.dart:123:26)
<asynchronous suspension>
<asynchronous suspension>
#5      expectLater.<anonymous closure> (package:flutter_test/src/widget_tester.dart:509:19)
<asynchronous suspension>
#6      main.<anonymous closure>.<anonymous closure> (file:///Users/pranay/Projects/LLM/image/waste_seg/waste_segregation_app/test/golden/active_challenge_preview_golden_test.dart:234:7)
<asynchronous suspension>
#7      testWidgets.<anonymous closure>.<anonymous closure> (package:flutter_test/src/widget_tester.dart:193:15)
<asynchronous suspension>
#8      TestWidgetsFlutterBinding._runTestBody (package:flutter_test/src/binding.dart:1064:5)
<asynchronous suspension>
<asynchronous suspension>
(elided 3 frames from dart:async and package:stack_trace)

The exception was caught asynchronously.
════════════════════════════════════════════════════════════════════════════════════════════════════
00:02 +42 -15: /Users/pranay/Projects/LLM/image/waste_seg/waste_segregation_app/test/golden/recent_classification_list_golden_test.dart: Recent Classification List Golden Tests RecentClassificationCard overflow handling golden test
00:02 +42 -15: /Users/pranay/Projects/LLM/image/waste_seg/waste_segregation_app/test/golden/active_challenge_preview_golden_test.dart: Active Challenge Preview Golden Tests ProgressBadge variations golden test [E]
  Test failed. See exception logs above.
  The test description was: ProgressBadge variations golden test
  
00:02 +43 -15: /Users/pranay/Projects/LLM/image/waste_seg/waste_segregation_app/test/golden/recent_classification_list_golden_test.dart: Recent Classification List Golden Tests RecentClassificationCard overflow handling golden test
══╡ EXCEPTION CAUGHT BY FLUTTER TEST FRAMEWORK ╞════════════════════════════════════════════════════
The following assertion was thrown while running async test code:
Golden "recent_classification_list_overflow.png": Pixel test failed, 1.13%, 5424px diff detected.
Failure feedback can be found at
/Users/pranay/Projects/LLM/image/waste_seg/waste_segregation_app/test/golden/failures

When the exception was thrown, this was the stack:
#0      LocalFileComparator.compare (package:flutter_test/src/_goldens_io.dart:108:5)
<asynchronous suspension>
#1      MatchesGoldenFile.matchAsync.<anonymous closure> (package:flutter_test/src/_matchers_io.dart:124:32)
<asynchronous suspension>
<asynchronous suspension>
#3      _expect.<anonymous closure> (package:matcher/src/expect/expect.dart:123:26)
<asynchronous suspension>
<asynchronous suspension>
#5      expectLater.<anonymous closure> (package:flutter_test/src/widget_tester.dart:509:19)
<asynchronous suspension>
#6      main.<anonymous closure>.<anonymous closure> (file:///Users/pranay/Projects/LLM/image/waste_seg/waste_segregation_app/test/golden/recent_classification_list_golden_test.dart:122:7)
<asynchronous suspension>
#7      testWidgets.<anonymous closure>.<anonymous closure> (package:flutter_test/src/widget_tester.dart:193:15)
<asynchronous suspension>
#8      TestWidgetsFlutterBinding._runTestBody (package:flutter_test/src/binding.dart:1064:5)
<asynchronous suspension>
<asynchronous suspension>
(elided 3 frames from dart:async and package:stack_trace)

The exception was caught asynchronously.
════════════════════════════════════════════════════════════════════════════════════════════════════
00:02 +43 -16: /Users/pranay/Projects/LLM/image/waste_seg/waste_segregation_app/test/golden/quick_action_cards_golden_test.dart: Quick-action Cards Golden Tests FeatureCard theme variations golden test
00:02 +43 -16: /Users/pranay/Projects/LLM/image/waste_seg/waste_segregation_app/test/golden/recent_classification_list_golden_test.dart: Recent Classification List Golden Tests RecentClassificationCard overflow handling golden test [E]
  Test failed. See exception logs above.
  The test description was: RecentClassificationCard overflow handling golden test
  
00:02 +43 -16: /Users/pranay/Projects/LLM/image/waste_seg/waste_segregation_app/test/golden/quick_action_cards_golden_test.dart: Quick-action Cards Golden Tests FeatureCard theme variations golden test
══╡ EXCEPTION CAUGHT BY FLUTTER TEST FRAMEWORK ╞════════════════════════════════════════════════════
The following assertion was thrown while running async test code:
Golden "quick_action_cards_light_theme.png": Pixel test failed, 1.29%, 6195px diff detected.
Failure feedback can be found at
/Users/pranay/Projects/LLM/image/waste_seg/waste_segregation_app/test/golden/failures

When the exception was thrown, this was the stack:
#0      LocalFileComparator.compare (package:flutter_test/src/_goldens_io.dart:108:5)
<asynchronous suspension>
#1      MatchesGoldenFile.matchAsync.<anonymous closure> (package:flutter_test/src/_matchers_io.dart:124:32)
<asynchronous suspension>
<asynchronous suspension>
#3      _expect.<anonymous closure> (package:matcher/src/expect/expect.dart:123:26)
<asynchronous suspension>
<asynchronous suspension>
#5      expectLater.<anonymous closure> (package:flutter_test/src/widget_tester.dart:509:19)
<asynchronous suspension>
#6      main.<anonymous closure>.<anonymous closure> (file:///Users/pranay/Projects/LLM/image/waste_seg/waste_segregation_app/test/golden/quick_action_cards_golden_test.dart:106:7)
<asynchronous suspension>
#7      testWidgets.<anonymous closure>.<anonymous closure> (package:flutter_test/src/widget_tester.dart:193:15)
<asynchronous suspension>
#8      TestWidgetsFlutterBinding._runTestBody (package:flutter_test/src/binding.dart:1064:5)
<asynchronous suspension>
<asynchronous suspension>
(elided 3 frames from dart:async and package:stack_trace)

The exception was caught asynchronously.
════════════════════════════════════════════════════════════════════════════════════════════════════
══╡ EXCEPTION CAUGHT BY FLUTTER TEST FRAMEWORK ╞════════════════════════════════════════════════════
The following assertion was thrown while running async test code:
Golden "quick_action_cards_dark_theme.png": Pixel test failed, 1.29%, 6195px diff detected.
Failure feedback can be found at
/Users/pranay/Projects/LLM/image/waste_seg/waste_segregation_app/test/golden/failures

When the exception was thrown, this was the stack:
#0      LocalFileComparator.compare (package:flutter_test/src/_goldens_io.dart:108:5)
<asynchronous suspension>
#1      MatchesGoldenFile.matchAsync.<anonymous closure> (package:flutter_test/src/_matchers_io.dart:124:32)
<asynchronous suspension>
<asynchronous suspension>
#3      _expect.<anonymous closure> (package:matcher/src/expect/expect.dart:123:26)
<asynchronous suspension>
<asynchronous suspension>
#5      expectLater.<anonymous closure> (package:flutter_test/src/widget_tester.dart:509:19)
<asynchronous suspension>
#6      main.<anonymous closure>.<anonymous closure> (file:///Users/pranay/Projects/LLM/image/waste_seg/waste_segregation_app/test/golden/quick_action_cards_golden_test.dart:130:7)
<asynchronous suspension>
#7      testWidgets.<anonymous closure>.<anonymous closure> (package:flutter_test/src/widget_tester.dart:193:15)
<asynchronous suspension>
#8      TestWidgetsFlutterBinding._runTestBody (package:flutter_test/src/binding.dart:1064:5)
<asynchronous suspension>
<asynchronous suspension>
(elided 3 frames from dart:async and package:stack_trace)

The exception was caught asynchronously.
════════════════════════════════════════════════════════════════════════════════════════════════════
══╡ EXCEPTION CAUGHT BY FLUTTER TEST FRAMEWORK ╞════════════════════════════════════════════════════
The following message was thrown:
Multiple exceptions (2) were detected during the running of the current test, and at least one was
unexpected.
════════════════════════════════════════════════════════════════════════════════════════════════════
00:02 +43 -17: /Users/pranay/Projects/LLM/image/waste_seg/waste_segregation_app/test/golden/stats_card_golden_test.dart: Horizontal Stat Cards Golden Tests StatsCard golden test - negative trends
00:02 +43 -17: /Users/pranay/Projects/LLM/image/waste_seg/waste_segregation_app/test/golden/quick_action_cards_golden_test.dart: Quick-action Cards Golden Tests FeatureCard theme variations golden test [E]
  Test failed. See exception logs above.
  The test description was: FeatureCard theme variations golden test
  
00:02 +43 -17: /Users/pranay/Projects/LLM/image/waste_seg/waste_segregation_app/test/golden/stats_card_golden_test.dart: Horizontal Stat Cards Golden Tests StatsCard golden test - negative trends
══╡ EXCEPTION CAUGHT BY FLUTTER TEST FRAMEWORK ╞════════════════════════════════════════════════════
The following assertion was thrown while running async test code:
Golden "golden/stats_cards_negative_trends.png": Pixel test failed, 0.74%, 3547px diff detected.
Failure feedback can be found at
/Users/pranay/Projects/LLM/image/waste_seg/waste_segregation_app/test/golden/failures

When the exception was thrown, this was the stack:
#0      LocalFileComparator.compare (package:flutter_test/src/_goldens_io.dart:108:5)
<asynchronous suspension>
#1      MatchesGoldenFile.matchAsync.<anonymous closure> (package:flutter_test/src/_matchers_io.dart:124:32)
<asynchronous suspension>
<asynchronous suspension>
#3      _expect.<anonymous closure> (package:matcher/src/expect/expect.dart:123:26)
<asynchronous suspension>
<asynchronous suspension>
#5      expectLater.<anonymous closure> (package:flutter_test/src/widget_tester.dart:509:19)
<asynchronous suspension>
#6      main.<anonymous closure>.<anonymous closure> (file:///Users/pranay/Projects/LLM/image/waste_seg/waste_segregation_app/test/golden/stats_card_golden_test.dart:202:7)
<asynchronous suspension>
#7      testWidgets.<anonymous closure>.<anonymous closure> (package:flutter_test/src/widget_tester.dart:193:15)
<asynchronous suspension>
#8      TestWidgetsFlutterBinding._runTestBody (package:flutter_test/src/binding.dart:1064:5)
<asynchronous suspension>
<asynchronous suspension>
(elided 3 frames from dart:async and package:stack_trace)

The exception was caught asynchronously.
════════════════════════════════════════════════════════════════════════════════════════════════════
00:02 +43 -18: /Users/pranay/Projects/LLM/image/waste_seg/waste_segregation_app/test/golden/active_challenge_preview_golden_test.dart: Active Challenge Preview Golden Tests ActiveChallengeCard minimal layout golden test
00:02 +43 -18: /Users/pranay/Projects/LLM/image/waste_seg/waste_segregation_app/test/golden/stats_card_golden_test.dart: Horizontal Stat Cards Golden Tests StatsCard golden test - negative trends [E]
  Test failed. See exception logs above.
  The test description was: StatsCard golden test - negative trends
  
00:02 +44 -18: /Users/pranay/Projects/LLM/image/waste_seg/waste_segregation_app/test/golden/active_challenge_preview_golden_test.dart: Active Challenge Preview Golden Tests ActiveChallengeCard minimal layout golden test
══╡ EXCEPTION CAUGHT BY FLUTTER TEST FRAMEWORK ╞════════════════════════════════════════════════════
The following assertion was thrown while running async test code:
Golden "active_challenge_preview_minimal.png": Pixel test failed, 0.20%, 941px diff detected.
Failure feedback can be found at
/Users/pranay/Projects/LLM/image/waste_seg/waste_segregation_app/test/golden/failures

When the exception was thrown, this was the stack:
#0      LocalFileComparator.compare (package:flutter_test/src/_goldens_io.dart:108:5)
<asynchronous suspension>
#1      MatchesGoldenFile.matchAsync.<anonymous closure> (package:flutter_test/src/_matchers_io.dart:124:32)
<asynchronous suspension>
<asynchronous suspension>
#3      _expect.<anonymous closure> (package:matcher/src/expect/expect.dart:123:26)
<asynchronous suspension>
<asynchronous suspension>
#5      expectLater.<anonymous closure> (package:flutter_test/src/widget_tester.dart:509:19)
<asynchronous suspension>
#6      main.<anonymous closure>.<anonymous closure> (file:///Users/pranay/Projects/LLM/image/waste_seg/waste_segregation_app/test/golden/active_challenge_preview_golden_test.dart:277:7)
<asynchronous suspension>
#7      testWidgets.<anonymous closure>.<anonymous closure> (package:flutter_test/src/widget_tester.dart:193:15)
<asynchronous suspension>
#8      TestWidgetsFlutterBinding._runTestBody (package:flutter_test/src/binding.dart:1064:5)
<asynchronous suspension>
<asynchronous suspension>
(elided 3 frames from dart:async and package:stack_trace)

The exception was caught asynchronously.
════════════════════════════════════════════════════════════════════════════════════════════════════
00:02 +44 -19: /Users/pranay/Projects/LLM/image/waste_seg/waste_segregation_app/test/golden/recent_classification_list_golden_test.dart: Recent Classification List Golden Tests RecentClassificationCard property indicators golden test
00:02 +44 -19: /Users/pranay/Projects/LLM/image/waste_seg/waste_segregation_app/test/golden/active_challenge_preview_golden_test.dart: Active Challenge Preview Golden Tests ActiveChallengeCard minimal layout golden test [E]
  Test failed. See exception logs above.
  The test description was: ActiveChallengeCard minimal layout golden test
  
00:02 +45 -19: /Users/pranay/Projects/LLM/image/waste_seg/waste_segregation_app/test/golden/recent_classification_list_golden_test.dart: Recent Classification List Golden Tests RecentClassificationCard property indicators golden test
00:02 +46 -19: /Users/pranay/Projects/LLM/image/waste_seg/waste_segregation_app/test/golden/recent_classification_list_golden_test.dart: Recent Classification List Golden Tests RecentClassificationCard property indicators golden test
00:02 +46 -19: /Users/pranay/Projects/LLM/image/waste_seg/waste_segregation_app/test/golden/stats_card_golden_test.dart: Horizontal Stat Cards Golden Tests StatsCard golden test - narrow screen
══╡ EXCEPTION CAUGHT BY FLUTTER TEST FRAMEWORK ╞════════════════════════════════════════════════════
The following assertion was thrown while running async test code:
Golden "golden/stats_cards_narrow_screen.png": Pixel test failed, 2.42%, 4393px diff detected.
Failure feedback can be found at
/Users/pranay/Projects/LLM/image/waste_seg/waste_segregation_app/test/golden/failures

When the exception was thrown, this was the stack:
#0      LocalFileComparator.compare (package:flutter_test/src/_goldens_io.dart:108:5)
<asynchronous suspension>
#1      MatchesGoldenFile.matchAsync.<anonymous closure> (package:flutter_test/src/_matchers_io.dart:124:32)
<asynchronous suspension>
<asynchronous suspension>
#3      _expect.<anonymous closure> (package:matcher/src/expect/expect.dart:123:26)
<asynchronous suspension>
<asynchronous suspension>
#5      expectLater.<anonymous closure> (package:flutter_test/src/widget_tester.dart:509:19)
<asynchronous suspension>
#6      main.<anonymous closure>.<anonymous closure> (file:///Users/pranay/Projects/LLM/image/waste_seg/waste_segregation_app/test/golden/stats_card_golden_test.dart:255:7)
<asynchronous suspension>
#7      testWidgets.<anonymous closure>.<anonymous closure> (package:flutter_test/src/widget_tester.dart:193:15)
<asynchronous suspension>
#8      TestWidgetsFlutterBinding._runTestBody (package:flutter_test/src/binding.dart:1064:5)
<asynchronous suspension>
<asynchronous suspension>
(elided 3 frames from dart:async and package:stack_trace)

The exception was caught asynchronously.
════════════════════════════════════════════════════════════════════════════════════════════════════
00:02 +46 -20: /Users/pranay/Projects/LLM/image/waste_seg/waste_segregation_app/test/golden/recent_classification_list_golden_test.dart: Recent Classification List Golden Tests RecentClassificationCard property indicators golden test
00:02 +46 -20: /Users/pranay/Projects/LLM/image/waste_seg/waste_segregation_app/test/golden/stats_card_golden_test.dart: Horizontal Stat Cards Golden Tests StatsCard golden test - narrow screen [E]
  Test failed. See exception logs above.
  The test description was: StatsCard golden test - narrow screen
  
00:02 +47 -20: /Users/pranay/Projects/LLM/image/waste_seg/waste_segregation_app/test/golden/recent_classification_list_golden_test.dart: Recent Classification List Golden Tests RecentClassificationCard property indicators golden test
00:02 +48 -20: /Users/pranay/Projects/LLM/image/waste_seg/waste_segregation_app/test/golden/recent_classification_list_golden_test.dart: Recent Classification List Golden Tests RecentClassificationCard property indicators golden test
00:02 +49 -20: /Users/pranay/Projects/LLM/image/waste_seg/waste_segregation_app/test/golden/recent_classification_list_golden_test.dart: Recent Classification List Golden Tests RecentClassificationCard property indicators golden test
00:02 +50 -20: /Users/pranay/Projects/LLM/image/waste_seg/waste_segregation_app/test/golden/recent_classification_list_golden_test.dart: Recent Classification List Golden Tests RecentClassificationCard property indicators golden test
══╡ EXCEPTION CAUGHT BY FLUTTER TEST FRAMEWORK ╞════════════════════════════════════════════════════
The following assertion was thrown while running async test code:
Golden "recent_classification_list_indicators.png": Pixel test failed, 3.65%, 17498px diff detected.
Failure feedback can be found at
/Users/pranay/Projects/LLM/image/waste_seg/waste_segregation_app/test/golden/failures

When the exception was thrown, this was the stack:
#0      LocalFileComparator.compare (package:flutter_test/src/_goldens_io.dart:108:5)
<asynchronous suspension>
#1      MatchesGoldenFile.matchAsync.<anonymous closure> (package:flutter_test/src/_matchers_io.dart:124:32)
<asynchronous suspension>
<asynchronous suspension>
#3      _expect.<anonymous closure> (package:matcher/src/expect/expect.dart:123:26)
<asynchronous suspension>
<asynchronous suspension>
#5      expectLater.<anonymous closure> (package:flutter_test/src/widget_tester.dart:509:19)
<asynchronous suspension>
#6      main.<anonymous closure>.<anonymous closure> (file:///Users/pranay/Projects/LLM/image/waste_seg/waste_segregation_app/test/golden/recent_classification_list_golden_test.dart:192:7)
<asynchronous suspension>
#7      testWidgets.<anonymous closure>.<anonymous closure> (package:flutter_test/src/widget_tester.dart:193:15)
<asynchronous suspension>
#8      TestWidgetsFlutterBinding._runTestBody (package:flutter_test/src/binding.dart:1064:5)
<asynchronous suspension>
<asynchronous suspension>
(elided 3 frames from dart:async and package:stack_trace)

The exception was caught asynchronously.
════════════════════════════════════════════════════════════════════════════════════════════════════
00:02 +50 -21: /Users/pranay/Projects/LLM/image/waste_seg/waste_segregation_app/test/golden/stats_card_golden_test.dart: Horizontal Stat Cards Golden Tests StatsCard golden test - dark theme
00:02 +50 -21: /Users/pranay/Projects/LLM/image/waste_seg/waste_segregation_app/test/golden/recent_classification_list_golden_test.dart: Recent Classification List Golden Tests RecentClassificationCard property indicators golden test [E]
  Test failed. See exception logs above.
  The test description was: RecentClassificationCard property indicators golden test
  
00:02 +51 -21: /Users/pranay/Projects/LLM/image/waste_seg/waste_segregation_app/test/golden/stats_card_golden_test.dart: Horizontal Stat Cards Golden Tests StatsCard golden test - dark theme
00:02 +52 -21: /Users/pranay/Projects/LLM/image/waste_seg/waste_segregation_app/test/golden/stats_card_golden_test.dart: Horizontal Stat Cards Golden Tests StatsCard golden test - dark theme
══╡ EXCEPTION CAUGHT BY FLUTTER TEST FRAMEWORK ╞════════════════════════════════════════════════════
The following assertion was thrown while running async test code:
Golden "golden/stats_cards_dark_theme.png": Pixel test failed, 1.27%, 6083px diff detected.
Failure feedback can be found at
/Users/pranay/Projects/LLM/image/waste_seg/waste_segregation_app/test/golden/failures

When the exception was thrown, this was the stack:
#0      LocalFileComparator.compare (package:flutter_test/src/_goldens_io.dart:108:5)
<asynchronous suspension>
#1      MatchesGoldenFile.matchAsync.<anonymous closure> (package:flutter_test/src/_matchers_io.dart:124:32)
<asynchronous suspension>
<asynchronous suspension>
#3      _expect.<anonymous closure> (package:matcher/src/expect/expect.dart:123:26)
<asynchronous suspension>
<asynchronous suspension>
#5      expectLater.<anonymous closure> (package:flutter_test/src/widget_tester.dart:509:19)
<asynchronous suspension>
#6      main.<anonymous closure>.<anonymous closure> (file:///Users/pranay/Projects/LLM/image/waste_seg/waste_segregation_app/test/golden/stats_card_golden_test.dart:309:7)
<asynchronous suspension>
#7      testWidgets.<anonymous closure>.<anonymous closure> (package:flutter_test/src/widget_tester.dart:193:15)
<asynchronous suspension>
#8      TestWidgetsFlutterBinding._runTestBody (package:flutter_test/src/binding.dart:1064:5)
<asynchronous suspension>
<asynchronous suspension>
(elided 3 frames from dart:async and package:stack_trace)

The exception was caught asynchronously.
════════════════════════════════════════════════════════════════════════════════════════════════════
00:02 +52 -22: /Users/pranay/Projects/LLM/image/waste_seg/waste_segregation_app/test/golden/recent_classification_list_golden_test.dart: Recent Classification List Golden Tests RecentClassificationCard responsive layout golden test
00:02 +52 -22: /Users/pranay/Projects/LLM/image/waste_seg/waste_segregation_app/test/golden/stats_card_golden_test.dart: Horizontal Stat Cards Golden Tests StatsCard golden test - dark theme [E]
  Test failed. See exception logs above.
  The test description was: StatsCard golden test - dark theme
  
00:03 +52 -22: /Users/pranay/Projects/LLM/image/waste_seg/waste_segregation_app/test/golden/recent_classification_list_golden_test.dart: Recent Classification List Golden Tests RecentClassificationCard responsive layout golden test
══╡ EXCEPTION CAUGHT BY FLUTTER TEST FRAMEWORK ╞════════════════════════════════════════════════════
The following assertion was thrown while running async test code:
Golden "recent_classification_list_responsive.png": Pixel test failed, 1.72%, 8245px diff detected.
Failure feedback can be found at
/Users/pranay/Projects/LLM/image/waste_seg/waste_segregation_app/test/golden/failures

When the exception was thrown, this was the stack:
#0      LocalFileComparator.compare (package:flutter_test/src/_goldens_io.dart:108:5)
<asynchronous suspension>
#1      MatchesGoldenFile.matchAsync.<anonymous closure> (package:flutter_test/src/_matchers_io.dart:124:32)
<asynchronous suspension>
<asynchronous suspension>
#3      _expect.<anonymous closure> (package:matcher/src/expect/expect.dart:123:26)
<asynchronous suspension>
<asynchronous suspension>
#5      expectLater.<anonymous closure> (package:flutter_test/src/widget_tester.dart:509:19)
<asynchronous suspension>
#6      main.<anonymous closure>.<anonymous closure> (file:///Users/pranay/Projects/LLM/image/waste_seg/waste_segregation_app/test/golden/recent_classification_list_golden_test.dart:276:7)
<asynchronous suspension>
#7      testWidgets.<anonymous closure>.<anonymous closure> (package:flutter_test/src/widget_tester.dart:193:15)
<asynchronous suspension>
#8      TestWidgetsFlutterBinding._runTestBody (package:flutter_test/src/binding.dart:1064:5)
<asynchronous suspension>
<asynchronous suspension>
(elided 3 frames from dart:async and package:stack_trace)

The exception was caught asynchronously.
════════════════════════════════════════════════════════════════════════════════════════════════════
00:03 +52 -23: /Users/pranay/Projects/LLM/image/waste_seg/waste_segregation_app/test/golden/responsive_text_golden_test.dart: ResponsiveText Golden Tests Multiple screen sizes comparison
00:03 +52 -23: /Users/pranay/Projects/LLM/image/waste_seg/waste_segregation_app/test/golden/recent_classification_list_golden_test.dart: Recent Classification List Golden Tests RecentClassificationCard responsive layout golden test [E]
  Test failed. See exception logs above.
  The test description was: RecentClassificationCard responsive layout golden test
  
00:03 +52 -23: /Users/pranay/Projects/LLM/image/waste_seg/waste_segregation_app/test/golden/stats_card_golden_test.dart: Horizontal Stat Cards Golden Tests StatsCard golden test - color standardization
══╡ EXCEPTION CAUGHT BY FLUTTER TEST FRAMEWORK ╞════════════════════════════════════════════════════
The following assertion was thrown while running async test code:
Golden "golden/stats_cards_color_standardization.png": Pixel test failed, 7.05%, 33844px diff
detected.
Failure feedback can be found at
/Users/pranay/Projects/LLM/image/waste_seg/waste_segregation_app/test/golden/failures

When the exception was thrown, this was the stack:
#0      LocalFileComparator.compare (package:flutter_test/src/_goldens_io.dart:108:5)
<asynchronous suspension>
#1      MatchesGoldenFile.matchAsync.<anonymous closure> (package:flutter_test/src/_matchers_io.dart:124:32)
<asynchronous suspension>
<asynchronous suspension>
#3      _expect.<anonymous closure> (package:matcher/src/expect/expect.dart:123:26)
<asynchronous suspension>
<asynchronous suspension>
#5      expectLater.<anonymous closure> (package:flutter_test/src/widget_tester.dart:509:19)
<asynchronous suspension>
#6      main.<anonymous closure>.<anonymous closure> (file:///Users/pranay/Projects/LLM/image/waste_seg/waste_segregation_app/test/golden/stats_card_golden_test.dart:379:7)
<asynchronous suspension>
#7      testWidgets.<anonymous closure>.<anonymous closure> (package:flutter_test/src/widget_tester.dart:193:15)
<asynchronous suspension>
#8      TestWidgetsFlutterBinding._runTestBody (package:flutter_test/src/binding.dart:1064:5)
<asynchronous suspension>
<asynchronous suspension>
(elided 3 frames from dart:async and package:stack_trace)

The exception was caught asynchronously.
════════════════════════════════════════════════════════════════════════════════════════════════════
00:03 +52 -24: /Users/pranay/Projects/LLM/image/waste_seg/waste_segregation_app/test/golden/responsive_text_golden_test.dart: ResponsiveText Golden Tests Multiple screen sizes comparison
00:03 +52 -24: /Users/pranay/Projects/LLM/image/waste_seg/waste_segregation_app/test/golden/stats_card_golden_test.dart: Horizontal Stat Cards Golden Tests StatsCard golden test - color standardization [E]
  Test failed. See exception logs above.
  The test description was: StatsCard golden test - color standardization
  
00:03 +52 -24: /Users/pranay/Projects/LLM/image/waste_seg/waste_segregation_app/test/golden/recent_classification_list_golden_test.dart: Recent Classification List Golden Tests RecentClassificationCard minimal layout golden test
══╡ EXCEPTION CAUGHT BY FLUTTER TEST FRAMEWORK ╞════════════════════════════════════════════════════
The following assertion was thrown while running async test code:
Golden "recent_classification_list_minimal.png": Pixel test failed, 2.38%, 11437px diff detected.
Failure feedback can be found at
/Users/pranay/Projects/LLM/image/waste_seg/waste_segregation_app/test/golden/failures

When the exception was thrown, this was the stack:
#0      LocalFileComparator.compare (package:flutter_test/src/_goldens_io.dart:108:5)
<asynchronous suspension>
#1      MatchesGoldenFile.matchAsync.<anonymous closure> (package:flutter_test/src/_matchers_io.dart:124:32)
<asynchronous suspension>
<asynchronous suspension>
#3      _expect.<anonymous closure> (package:matcher/src/expect/expect.dart:123:26)
<asynchronous suspension>
<asynchronous suspension>
#5      expectLater.<anonymous closure> (package:flutter_test/src/widget_tester.dart:509:19)
<asynchronous suspension>
#6      main.<anonymous closure>.<anonymous closure> (file:///Users/pranay/Projects/LLM/image/waste_seg/waste_segregation_app/test/golden/recent_classification_list_golden_test.dart:320:7)
<asynchronous suspension>
#7      testWidgets.<anonymous closure>.<anonymous closure> (package:flutter_test/src/widget_tester.dart:193:15)
<asynchronous suspension>
#8      TestWidgetsFlutterBinding._runTestBody (package:flutter_test/src/binding.dart:1064:5)
<asynchronous suspension>
<asynchronous suspension>
(elided 3 frames from dart:async and package:stack_trace)

The exception was caught asynchronously.
════════════════════════════════════════════════════════════════════════════════════════════════════
00:03 +52 -25: /Users/pranay/Projects/LLM/image/waste_seg/waste_segregation_app/test/golden/responsive_text_golden_test.dart: ResponsiveText Golden Tests Multiple screen sizes comparison
00:03 +52 -25: /Users/pranay/Projects/LLM/image/waste_seg/waste_segregation_app/test/golden/recent_classification_list_golden_test.dart: Recent Classification List Golden Tests RecentClassificationCard minimal layout golden test [E]
  Test failed. See exception logs above.
  The test description was: RecentClassificationCard minimal layout golden test
  
00:03 +52 -25: /Users/pranay/Projects/LLM/image/waste_seg/waste_segregation_app/test/models/community_feed_test.dart: CommunityFeed Model Tests (setUpAll)
✅ Test Hive initialized in memory
00:03 +52 -25: /Users/pranay/Projects/LLM/image/waste_seg/waste_segregation_app/test/golden/responsive_text_golden_test.dart: ResponsiveText Golden Tests Multiple screen sizes comparison
00:03 +53 -25: /Users/pranay/Projects/LLM/image/waste_seg/waste_segregation_app/test/golden/responsive_text_golden_test.dart: ResponsiveText Golden Tests Multiple screen sizes comparison
00:03 +54 -25: /Users/pranay/Projects/LLM/image/waste_seg/waste_segregation_app/test/golden/responsive_text_golden_test.dart: ResponsiveText Golden Tests Multiple screen sizes comparison
00:03 +54 -26: loading /Users/pranay/Projects/LLM/image/waste_seg/waste_segregation_app/test/models/disposal_location_test.dart [E]
  Failed to load "/Users/pranay/Projects/LLM/image/waste_seg/waste_segregation_app/test/models/disposal_location_test.dart":
  Compilation failed for testPath=/Users/pranay/Projects/LLM/image/waste_seg/waste_segregation_app/test/models/disposal_location_test.dart: test/models/disposal_location_test.dart:590:19: Error: Undefined name 'day'.
              'tües$day': '9ám-5pm ⏰',
                    ^^^
  .
00:03 +55 -26: /Users/pranay/Projects/LLM/image/waste_seg/waste_segregation_app/test/golden/responsive_text_golden_test.dart: ResponsiveText Golden Tests Multiple screen sizes comparison
00:03 +56 -26: /Users/pranay/Projects/LLM/image/waste_seg/waste_segregation_app/test/golden/responsive_text_golden_test.dart: ResponsiveText Golden Tests Multiple screen sizes comparison
00:03 +56 -26: loading /Users/pranay/Projects/LLM/image/waste_seg/waste_segregation_app/test/integration/full_workflow_integration_test.dart [E]
  Error: the Dart compiler exited unexpectedly.
  package:flutter_tools/src/base/common.dart 34:3  throwToolExit
  package:flutter_tools/src/compile.dart 895:11    DefaultResidentCompiler._compile.<fn>
  dart:async/zone.dart 1538:47                     _rootRunUnary
  dart:async/future_impl.dart 932:45               Future._propagateToListeners.handleValueCallback
  dart:async/future_impl.dart 961:13               Future._propagateToListeners
  dart:async/future_impl.dart 846:9                Future._propagateToListeners
  dart:async/future_impl.dart 712:5                Future._completeWithValue
  dart:async/future_impl.dart 792:7                Future._asyncCompleteWithValue.<fn>
  dart:async/zone.dart 1525:13                     _rootRun
  dart:async/zone.dart 1422:19                     _CustomZone.run
  dart:async/zone.dart 1321:7                      _CustomZone.runGuarded
  dart:async/zone.dart 1362:23                     _CustomZone.bindCallbackGuarded.<fn>
  dart:async/schedule_microtask.dart 40:21         _microtaskLoop
  dart:async/schedule_microtask.dart 49:5          _startMicrotaskLoop
  dart:isolate-patch/isolate_patch.dart 128:13     _runPendingImmediateCallback
  dart:isolate-patch/isolate_patch.dart 195:5      _RawReceivePort._handleMessage
  
00:03 +57 -26: /Users/pranay/Projects/LLM/image/waste_seg/waste_segregation_app/test/golden/responsive_text_golden_test.dart: ResponsiveText Golden Tests Multiple screen sizes comparison
00:03 +58 -26: /Users/pranay/Projects/LLM/image/waste_seg/waste_segregation_app/test/golden/responsive_text_golden_test.dart: ResponsiveText Golden Tests Multiple screen sizes comparison
00:03 +59 -26: /Users/pranay/Projects/LLM/image/waste_seg/waste_segregation_app/test/golden/responsive_text_golden_test.dart: ResponsiveText Golden Tests Multiple screen sizes comparison
00:03 +60 -26: /Users/pranay/Projects/LLM/image/waste_seg/waste_segregation_app/test/golden/responsive_text_golden_test.dart: ResponsiveText Golden Tests Multiple screen sizes comparison
00:03 +61 -26: /Users/pranay/Projects/LLM/image/waste_seg/waste_segregation_app/test/golden/responsive_text_golden_test.dart: ResponsiveText Golden Tests Multiple screen sizes comparison
00:03 +62 -26: /Users/pranay/Projects/LLM/image/waste_seg/waste_segregation_app/test/golden/responsive_text_golden_test.dart: ResponsiveText Golden Tests Multiple screen sizes comparison
00:03 +63 -26: /Users/pranay/Projects/LLM/image/waste_seg/waste_segregation_app/test/golden/responsive_text_golden_test.dart: ResponsiveText Golden Tests Multiple screen sizes comparison
00:03 +64 -26: /Users/pranay/Projects/LLM/image/waste_seg/waste_segregation_app/test/golden/responsive_text_golden_test.dart: ResponsiveText Golden Tests Multiple screen sizes comparison
00:03 +65 -26: /Users/pranay/Projects/LLM/image/waste_seg/waste_segregation_app/test/golden/responsive_text_golden_test.dart: ResponsiveText Golden Tests Multiple screen sizes comparison
00:03 +66 -26: /Users/pranay/Projects/LLM/image/waste_seg/waste_segregation_app/test/golden/responsive_text_golden_test.dart: ResponsiveText Golden Tests Multiple screen sizes comparison
00:03 +67 -26: /Users/pranay/Projects/LLM/image/waste_seg/waste_segregation_app/test/golden/responsive_text_golden_test.dart: ResponsiveText Golden Tests Multiple screen sizes comparison
00:03 +68 -26: /Users/pranay/Projects/LLM/image/waste_seg/waste_segregation_app/test/golden/responsive_text_golden_test.dart: ResponsiveText Golden Tests Multiple screen sizes comparison
00:03 +69 -26: /Users/pranay/Projects/LLM/image/waste_seg/waste_segregation_app/test/golden/responsive_text_golden_test.dart: ResponsiveText Golden Tests Multiple screen sizes comparison
00:03 +70 -26: /Users/pranay/Projects/LLM/image/waste_seg/waste_segregation_app/test/golden/responsive_text_golden_test.dart: ResponsiveText Golden Tests Multiple screen sizes comparison
00:03 +71 -26: /Users/pranay/Projects/LLM/image/waste_seg/waste_segregation_app/test/golden/responsive_text_golden_test.dart: ResponsiveText Golden Tests Multiple screen sizes comparison
00:03 +72 -26: /Users/pranay/Projects/LLM/image/waste_seg/waste_segregation_app/test/golden/responsive_text_golden_test.dart: ResponsiveText Golden Tests Multiple screen sizes comparison
00:03 +73 -26: /Users/pranay/Projects/LLM/image/waste_seg/waste_segregation_app/test/golden/responsive_text_golden_test.dart: ResponsiveText Golden Tests Multiple screen sizes comparison
00:03 +74 -26: /Users/pranay/Projects/LLM/image/waste_seg/waste_segregation_app/test/golden/responsive_text_golden_test.dart: ResponsiveText Golden Tests Multiple screen sizes comparison
00:03 +75 -26: /Users/pranay/Projects/LLM/image/waste_seg/waste_segregation_app/test/golden/responsive_text_golden_test.dart: ResponsiveText Golden Tests Multiple screen sizes comparison
00:03 +76 -26: /Users/pranay/Projects/LLM/image/waste_seg/waste_segregation_app/test/golden/responsive_text_golden_test.dart: ResponsiveText Golden Tests Multiple screen sizes comparison
00:03 +76 -26: /Users/pranay/Projects/LLM/image/waste_seg/waste_segregation_app/test/models/community_feed_test.dart: CommunityFeed Model Tests (tearDownAll)
✅ Test Hive torn down
00:03 +76 -26: /Users/pranay/Projects/LLM/image/waste_seg/waste_segregation_app/test/golden/responsive_text_golden_test.dart: ResponsiveText Golden Tests Multiple screen sizes comparison
00:04 +77 -26: /Users/pranay/Projects/LLM/image/waste_seg/waste_segregation_app/test/golden/responsive_text_golden_test.dart: ResponsiveText Golden Tests Multiple screen sizes comparison
00:04 +78 -26: /Users/pranay/Projects/LLM/image/waste_seg/waste_segregation_app/test/golden/responsive_text_golden_test.dart: ResponsiveText Golden Tests Multiple screen sizes comparison
00:04 +78 -27: /Users/pranay/Projects/LLM/image/waste_seg/waste_segregation_app/test/golden/responsive_text_golden_test.dart: ResponsiveText Golden Tests Multiple screen sizes comparison
00:04 +78 -27: /Users/pranay/Projects/LLM/image/waste_seg/waste_segregation_app/test/models/models_test.dart: WasteClassification Model Tests should create fallback classification correctly [E]
  Expected: contains 'Unknown'
    Actual: 'Unidentified Item'
     Which: does not contain 'Unknown'
  
  package:matcher                                     expect
  package:flutter_test/src/widget_tester.dart 474:18  expect
  test/models/models_test.dart 101:7                  main.<fn>.<fn>
  
00:04 +79 -27: /Users/pranay/Projects/LLM/image/waste_seg/waste_segregation_app/test/golden/responsive_text_golden_test.dart: ResponsiveText Golden Tests Multiple screen sizes comparison
00:04 +80 -27: /Users/pranay/Projects/LLM/image/waste_seg/waste_segregation_app/test/golden/responsive_text_golden_test.dart: ResponsiveText Golden Tests Multiple screen sizes comparison
00:04 +81 -27: /Users/pranay/Projects/LLM/image/waste_seg/waste_segregation_app/test/models/models_test.dart: Gamification Model Tests should calculate level correctly from points
00:04 +82 -27: /Users/pranay/Projects/LLM/image/waste_seg/waste_segregation_app/test/golden/responsive_text_golden_test.dart: ResponsiveText Golden Tests Dark theme golden test
00:04 +83 -27: /Users/pranay/Projects/LLM/image/waste_seg/waste_segregation_app/test/golden/responsive_text_golden_test.dart: ResponsiveText Golden Tests Dark theme golden test
00:04 +84 -27: /Users/pranay/Projects/LLM/image/waste_seg/waste_segregation_app/test/golden/responsive_text_golden_test.dart: ResponsiveText Golden Tests Dark theme golden test
00:04 +85 -27: /Users/pranay/Projects/LLM/image/waste_seg/waste_segregation_app/test/golden/responsive_text_golden_test.dart: ResponsiveText Golden Tests Dark theme golden test
00:04 +86 -27: /Users/pranay/Projects/LLM/image/waste_seg/waste_segregation_app/test/golden/responsive_text_golden_test.dart: ResponsiveText Golden Tests Dark theme golden test
00:04 +87 -27: /Users/pranay/Projects/LLM/image/waste_seg/waste_segregation_app/test/golden/responsive_text_golden_test.dart: ResponsiveText Golden Tests Dark theme golden test
00:04 +88 -27: /Users/pranay/Projects/LLM/image/waste_seg/waste_segregation_app/test/golden/responsive_text_golden_test.dart: ResponsiveText Golden Tests Dark theme golden test
00:04 +89 -27: /Users/pranay/Projects/LLM/image/waste_seg/waste_segregation_app/test/golden/responsive_text_golden_test.dart: ResponsiveText Golden Tests Dark theme golden test
00:04 +90 -27: /Users/pranay/Projects/LLM/image/waste_seg/waste_segregation_app/test/golden/responsive_text_golden_test.dart: ResponsiveText Golden Tests Dark theme golden test
00:04 +91 -27: /Users/pranay/Projects/LLM/image/waste_seg/waste_segregation_app/test/golden/responsive_text_golden_test.dart: ResponsiveText Golden Tests Dark theme golden test
00:04 +92 -27: /Users/pranay/Projects/LLM/image/waste_seg/waste_segregation_app/test/golden/responsive_text_golden_test.dart: ResponsiveText Golden Tests Dark theme golden test
00:04 +93 -27: /Users/pranay/Projects/LLM/image/waste_seg/waste_segregation_app/test/golden/responsive_text_golden_test.dart: ResponsiveText Golden Tests Dark theme golden test
00:04 +94 -27: /Users/pranay/Projects/LLM/image/waste_seg/waste_segregation_app/test/golden/responsive_text_golden_test.dart: Horizontal Stat Cards Golden Tests StatsCard golden test - zero values
══╡ EXCEPTION CAUGHT BY FLUTTER TEST FRAMEWORK ╞════════════════════════════════════════════════════
The following assertion was thrown while running async test code:
Golden "golden/stats_cards_zero_values.png": Pixel test failed, 0.16%, 750px diff detected.
Failure feedback can be found at
/Users/pranay/Projects/LLM/image/waste_seg/waste_segregation_app/test/golden/failures

When the exception was thrown, this was the stack:
#0      LocalFileComparator.compare (package:flutter_test/src/_goldens_io.dart:108:5)
<asynchronous suspension>
#1      MatchesGoldenFile.matchAsync.<anonymous closure> (package:flutter_test/src/_matchers_io.dart:124:32)
<asynchronous suspension>
<asynchronous suspension>
#3      _expect.<anonymous closure> (package:matcher/src/expect/expect.dart:123:26)
<asynchronous suspension>
<asynchronous suspension>
#5      expectLater.<anonymous closure> (package:flutter_test/src/widget_tester.dart:509:19)
<asynchronous suspension>
#6      main.<anonymous closure>.<anonymous closure> (file:///Users/pranay/Projects/LLM/image/waste_seg/waste_segregation_app/test/golden/responsive_text_golden_test.dart:425:7)
<asynchronous suspension>
#7      testWidgets.<anonymous closure>.<anonymous closure> (package:flutter_test/src/widget_tester.dart:193:15)
<asynchronous suspension>
#8      TestWidgetsFlutterBinding._runTestBody (package:flutter_test/src/binding.dart:1064:5)
<asynchronous suspension>
<asynchronous suspension>
(elided 3 frames from dart:async and package:stack_trace)

The exception was caught asynchronously.
════════════════════════════════════════════════════════════════════════════════════════════════════
00:05 +94 -28: /Users/pranay/Projects/LLM/image/waste_seg/waste_segregation_app/test/golden/responsive_text_golden_test.dart: Horizontal Stat Cards Golden Tests StatsCard golden test - zero values [E]
  Test failed. See exception logs above.
  The test description was: StatsCard golden test - zero values
  
00:05 +94 -28: /Users/pranay/Projects/LLM/image/waste_seg/waste_segregation_app/test/golden/responsive_text_golden_test.dart: Horizontal Stat Cards Golden Tests StatsCard golden test - small values
══╡ EXCEPTION CAUGHT BY FLUTTER TEST FRAMEWORK ╞════════════════════════════════════════════════════
The following assertion was thrown while running async test code:
Golden "golden/stats_cards_small_values.png": Pixel test failed, 0.68%, 3273px diff detected.
Failure feedback can be found at
/Users/pranay/Projects/LLM/image/waste_seg/waste_segregation_app/test/golden/failures

When the exception was thrown, this was the stack:
#0      LocalFileComparator.compare (package:flutter_test/src/_goldens_io.dart:108:5)
<asynchronous suspension>
#1      MatchesGoldenFile.matchAsync.<anonymous closure> (package:flutter_test/src/_matchers_io.dart:124:32)
<asynchronous suspension>
<asynchronous suspension>
#3      _expect.<anonymous closure> (package:matcher/src/expect/expect.dart:123:26)
<asynchronous suspension>
<asynchronous suspension>
#5      expectLater.<anonymous closure> (package:flutter_test/src/widget_tester.dart:509:19)
<asynchronous suspension>
#6      main.<anonymous closure>.<anonymous closure> (file:///Users/pranay/Projects/LLM/image/waste_seg/waste_segregation_app/test/golden/responsive_text_golden_test.dart:475:7)
<asynchronous suspension>
#7      testWidgets.<anonymous closure>.<anonymous closure> (package:flutter_test/src/widget_tester.dart:193:15)
<asynchronous suspension>
#8      TestWidgetsFlutterBinding._runTestBody (package:flutter_test/src/binding.dart:1064:5)
<asynchronous suspension>
<asynchronous suspension>
(elided 3 frames from dart:async and package:stack_trace)

The exception was caught asynchronously.
════════════════════════════════════════════════════════════════════════════════════════════════════
00:05 +94 -29: /Users/pranay/Projects/LLM/image/waste_seg/waste_segregation_app/test/golden/responsive_text_golden_test.dart: Horizontal Stat Cards Golden Tests StatsCard golden test - small values [E]
  Test failed. See exception logs above.
  The test description was: StatsCard golden test - small values
  
00:05 +94 -29: /Users/pranay/Projects/LLM/image/waste_seg/waste_segregation_app/test/golden/responsive_text_golden_test.dart: Horizontal Stat Cards Golden Tests StatsCard golden test - large values
══╡ EXCEPTION CAUGHT BY FLUTTER TEST FRAMEWORK ╞════════════════════════════════════════════════════
The following assertion was thrown while running async test code:
Golden "golden/stats_cards_large_values.png": Pixel test failed, 2.03%, 9743px diff detected.
Failure feedback can be found at
/Users/pranay/Projects/LLM/image/waste_seg/waste_segregation_app/test/golden/failures

When the exception was thrown, this was the stack:
#0      LocalFileComparator.compare (package:flutter_test/src/_goldens_io.dart:108:5)
<asynchronous suspension>
#1      MatchesGoldenFile.matchAsync.<anonymous closure> (package:flutter_test/src/_matchers_io.dart:124:32)
<asynchronous suspension>
<asynchronous suspension>
#3      _expect.<anonymous closure> (package:matcher/src/expect/expect.dart:123:26)
<asynchronous suspension>
<asynchronous suspension>
#5      expectLater.<anonymous closure> (package:flutter_test/src/widget_tester.dart:509:19)
<asynchronous suspension>
#6      main.<anonymous closure>.<anonymous closure> (file:///Users/pranay/Projects/LLM/image/waste_seg/waste_segregation_app/test/golden/responsive_text_golden_test.dart:525:7)
<asynchronous suspension>
#7      testWidgets.<anonymous closure>.<anonymous closure> (package:flutter_test/src/widget_tester.dart:193:15)
<asynchronous suspension>
#8      TestWidgetsFlutterBinding._runTestBody (package:flutter_test/src/binding.dart:1064:5)
<asynchronous suspension>
<asynchronous suspension>
(elided 3 frames from dart:async and package:stack_trace)

The exception was caught asynchronously.
════════════════════════════════════════════════════════════════════════════════════════════════════
00:05 +94 -30: /Users/pranay/Projects/LLM/image/waste_seg/waste_segregation_app/test/golden/responsive_text_golden_test.dart: Horizontal Stat Cards Golden Tests StatsCard golden test - large values [E]
  Test failed. See exception logs above.
  The test description was: StatsCard golden test - large values
  
00:05 +94 -30: /Users/pranay/Projects/LLM/image/waste_seg/waste_segregation_app/test/golden/responsive_text_golden_test.dart: Horizontal Stat Cards Golden Tests StatsCard golden test - negative trends
══╡ EXCEPTION CAUGHT BY FLUTTER TEST FRAMEWORK ╞════════════════════════════════════════════════════
The following assertion was thrown while running async test code:
Golden "golden/stats_cards_negative_trends.png": Pixel test failed, 0.74%, 3547px diff detected.
Failure feedback can be found at
/Users/pranay/Projects/LLM/image/waste_seg/waste_segregation_app/test/golden/failures

When the exception was thrown, this was the stack:
#0      LocalFileComparator.compare (package:flutter_test/src/_goldens_io.dart:108:5)
<asynchronous suspension>
#1      MatchesGoldenFile.matchAsync.<anonymous closure> (package:flutter_test/src/_matchers_io.dart:124:32)
<asynchronous suspension>
<asynchronous suspension>
#3      _expect.<anonymous closure> (package:matcher/src/expect/expect.dart:123:26)
<asynchronous suspension>
<asynchronous suspension>
#5      expectLater.<anonymous closure> (package:flutter_test/src/widget_tester.dart:509:19)
<asynchronous suspension>
#6      main.<anonymous closure>.<anonymous closure> (file:///Users/pranay/Projects/LLM/image/waste_seg/waste_segregation_app/test/golden/responsive_text_golden_test.dart:577:7)
<asynchronous suspension>
#7      testWidgets.<anonymous closure>.<anonymous closure> (package:flutter_test/src/widget_tester.dart:193:15)
<asynchronous suspension>
#8      TestWidgetsFlutterBinding._runTestBody (package:flutter_test/src/binding.dart:1064:5)
<asynchronous suspension>
<asynchronous suspension>
(elided 3 frames from dart:async and package:stack_trace)

The exception was caught asynchronously.
════════════════════════════════════════════════════════════════════════════════════════════════════
00:05 +94 -31: /Users/pranay/Projects/LLM/image/waste_seg/waste_segregation_app/test/golden/responsive_text_golden_test.dart: Horizontal Stat Cards Golden Tests StatsCard golden test - negative trends [E]
  Test failed. See exception logs above.
  The test description was: StatsCard golden test - negative trends
  
00:05 +94 -31: /Users/pranay/Projects/LLM/image/waste_seg/waste_segregation_app/test/golden/responsive_text_golden_test.dart: Horizontal Stat Cards Golden Tests StatsCard golden test - narrow screen
══╡ EXCEPTION CAUGHT BY FLUTTER TEST FRAMEWORK ╞════════════════════════════════════════════════════
The following assertion was thrown while running async test code:
Golden "golden/stats_cards_narrow_screen.png": Pixel test failed, 2.42%, 4393px diff detected.
Failure feedback can be found at
/Users/pranay/Projects/LLM/image/waste_seg/waste_segregation_app/test/golden/failures

When the exception was thrown, this was the stack:
#0      LocalFileComparator.compare (package:flutter_test/src/_goldens_io.dart:108:5)
<asynchronous suspension>
#1      MatchesGoldenFile.matchAsync.<anonymous closure> (package:flutter_test/src/_matchers_io.dart:124:32)
<asynchronous suspension>
<asynchronous suspension>
#3      _expect.<anonymous closure> (package:matcher/src/expect/expect.dart:123:26)
<asynchronous suspension>
<asynchronous suspension>
#5      expectLater.<anonymous closure> (package:flutter_test/src/widget_tester.dart:509:19)
<asynchronous suspension>
#6      main.<anonymous closure>.<anonymous closure> (file:///Users/pranay/Projects/LLM/image/waste_seg/waste_segregation_app/test/golden/responsive_text_golden_test.dart:630:7)
<asynchronous suspension>
#7      testWidgets.<anonymous closure>.<anonymous closure> (package:flutter_test/src/widget_tester.dart:193:15)
<asynchronous suspension>
#8      TestWidgetsFlutterBinding._runTestBody (package:flutter_test/src/binding.dart:1064:5)
<asynchronous suspension>
<asynchronous suspension>
(elided 3 frames from dart:async and package:stack_trace)

The exception was caught asynchronously.
════════════════════════════════════════════════════════════════════════════════════════════════════
00:05 +94 -32: /Users/pranay/Projects/LLM/image/waste_seg/waste_segregation_app/test/golden/responsive_text_golden_test.dart: Horizontal Stat Cards Golden Tests StatsCard golden test - narrow screen [E]
  Test failed. See exception logs above.
  The test description was: StatsCard golden test - narrow screen
  
00:05 +94 -32: /Users/pranay/Projects/LLM/image/waste_seg/waste_segregation_app/test/golden/responsive_text_golden_test.dart: Horizontal Stat Cards Golden Tests StatsCard golden test - dark theme
00:05 +94 -32: /Users/pranay/Projects/LLM/image/waste_seg/waste_segregation_app/test/models/cached_classification_test.dart: CachedClassification Model Tests (setUpAll)
✅ Test Hive initialized in memory
00:05 +94 -32: /Users/pranay/Projects/LLM/image/waste_seg/waste_segregation_app/test/golden/responsive_text_golden_test.dart: Horizontal Stat Cards Golden Tests StatsCard golden test - dark theme
00:05 +95 -32: /Users/pranay/Projects/LLM/image/waste_seg/waste_segregation_app/test/golden/responsive_text_golden_test.dart: Horizontal Stat Cards Golden Tests StatsCard golden test - dark theme
00:05 +96 -32: /Users/pranay/Projects/LLM/image/waste_seg/waste_segregation_app/test/golden/responsive_text_golden_test.dart: Horizontal Stat Cards Golden Tests StatsCard golden test - dark theme
00:05 +97 -32: /Users/pranay/Projects/LLM/image/waste_seg/waste_segregation_app/test/golden/responsive_text_golden_test.dart: Horizontal Stat Cards Golden Tests StatsCard golden test - dark theme
00:05 +98 -32: /Users/pranay/Projects/LLM/image/waste_seg/waste_segregation_app/test/golden/responsive_text_golden_test.dart: Horizontal Stat Cards Golden Tests StatsCard golden test - dark theme
00:05 +99 -32: /Users/pranay/Projects/LLM/image/waste_seg/waste_segregation_app/test/golden/responsive_text_golden_test.dart: Horizontal Stat Cards Golden Tests StatsCard golden test - dark theme
00:05 +100 -32: /Users/pranay/Projects/LLM/image/waste_seg/waste_segregation_app/test/golden/responsive_text_golden_test.dart: Horizontal Stat Cards Golden Tests StatsCard golden test - dark theme
00:05 +101 -32: /Users/pranay/Projects/LLM/image/waste_seg/waste_segregation_app/test/golden/responsive_text_golden_test.dart: Horizontal Stat Cards Golden Tests StatsCard golden test - dark theme
00:05 +102 -32: /Users/pranay/Projects/LLM/image/waste_seg/waste_segregation_app/test/golden/responsive_text_golden_test.dart: Horizontal Stat Cards Golden Tests StatsCard golden test - dark theme
══╡ EXCEPTION CAUGHT BY FLUTTER TEST FRAMEWORK ╞════════════════════════════════════════════════════
The following assertion was thrown while running async test code:
Golden "golden/stats_cards_dark_theme.png": Pixel test failed, 1.27%, 6083px diff detected.
Failure feedback can be found at
/Users/pranay/Projects/LLM/image/waste_seg/waste_segregation_app/test/golden/failures

When the exception was thrown, this was the stack:
#0      LocalFileComparator.compare (package:flutter_test/src/_goldens_io.dart:108:5)
<asynchronous suspension>
#1      MatchesGoldenFile.matchAsync.<anonymous closure> (package:flutter_test/src/_matchers_io.dart:124:32)
<asynchronous suspension>
<asynchronous suspension>
#3      _expect.<anonymous closure> (package:matcher/src/expect/expect.dart:123:26)
<asynchronous suspension>
<asynchronous suspension>
#5      expectLater.<anonymous closure> (package:flutter_test/src/widget_tester.dart:509:19)
<asynchronous suspension>
#6      main.<anonymous closure>.<anonymous closure> (file:///Users/pranay/Projects/LLM/image/waste_seg/waste_segregation_app/test/golden/responsive_text_golden_test.dart:684:7)
<asynchronous suspension>
#7      testWidgets.<anonymous closure>.<anonymous closure> (package:flutter_test/src/widget_tester.dart:193:15)
<asynchronous suspension>
#8      TestWidgetsFlutterBinding._runTestBody (package:flutter_test/src/binding.dart:1064:5)
<asynchronous suspension>
<asynchronous suspension>
(elided 3 frames from dart:async and package:stack_trace)

The exception was caught asynchronously.
════════════════════════════════════════════════════════════════════════════════════════════════════
00:05 +102 -33: /Users/pranay/Projects/LLM/image/waste_seg/waste_segregation_app/test/models/cached_classification_test.dart: CachedClassification Model Tests Cache Expiration and Management Tests should track age of cache entry correctly
00:05 +102 -33: /Users/pranay/Projects/LLM/image/waste_seg/waste_segregation_app/test/golden/responsive_text_golden_test.dart: Horizontal Stat Cards Golden Tests StatsCard golden test - dark theme [E]
  Test failed. See exception logs above.
  The test description was: StatsCard golden test - dark theme
  
00:05 +103 -33: /Users/pranay/Projects/LLM/image/waste_seg/waste_segregation_app/test/golden/responsive_text_golden_test.dart: Horizontal Stat Cards Golden Tests StatsCard golden test - color standardization
00:05 +104 -33: /Users/pranay/Projects/LLM/image/waste_seg/waste_segregation_app/test/golden/responsive_text_golden_test.dart: Horizontal Stat Cards Golden Tests StatsCard golden test - color standardization
00:05 +105 -33: /Users/pranay/Projects/LLM/image/waste_seg/waste_segregation_app/test/golden/responsive_text_golden_test.dart: Horizontal Stat Cards Golden Tests StatsCard golden test - color standardization
00:05 +106 -33: /Users/pranay/Projects/LLM/image/waste_seg/waste_segregation_app/test/golden/responsive_text_golden_test.dart: Horizontal Stat Cards Golden Tests StatsCard golden test - color standardization
00:05 +107 -33: /Users/pranay/Projects/LLM/image/waste_seg/waste_segregation_app/test/golden/responsive_text_golden_test.dart: Horizontal Stat Cards Golden Tests StatsCard golden test - color standardization
00:05 +108 -33: /Users/pranay/Projects/LLM/image/waste_seg/waste_segregation_app/test/golden/responsive_text_golden_test.dart: Horizontal Stat Cards Golden Tests StatsCard golden test - color standardization
00:05 +109 -33: /Users/pranay/Projects/LLM/image/waste_seg/waste_segregation_app/test/golden/responsive_text_golden_test.dart: Horizontal Stat Cards Golden Tests StatsCard golden test - color standardization
00:05 +110 -33: /Users/pranay/Projects/LLM/image/waste_seg/waste_segregation_app/test/golden/responsive_text_golden_test.dart: Horizontal Stat Cards Golden Tests StatsCard golden test - color standardization
00:05 +111 -33: /Users/pranay/Projects/LLM/image/waste_seg/waste_segregation_app/test/golden/responsive_text_golden_test.dart: Horizontal Stat Cards Golden Tests StatsCard golden test - color standardization
00:05 +112 -33: /Users/pranay/Projects/LLM/image/waste_seg/waste_segregation_app/test/golden/responsive_text_golden_test.dart: Horizontal Stat Cards Golden Tests StatsCard golden test - color standardization
00:05 +112 -33: /Users/pranay/Projects/LLM/image/waste_seg/waste_segregation_app/test/models/cached_classification_test.dart: CachedClassification Model Tests (tearDownAll)
✅ Test Hive torn down
00:05 +112 -33: /Users/pranay/Projects/LLM/image/waste_seg/waste_segregation_app/test/golden/responsive_text_golden_test.dart: Horizontal Stat Cards Golden Tests StatsCard golden test - color standardization
00:05 +112 -33: /Users/pranay/Projects/LLM/image/waste_seg/waste_segregation_app/test/models/enhanced_family_test.dart: Enhanced Family Model Tests (setUpAll)
✅ Test Hive initialized in memory
00:05 +112 -33: /Users/pranay/Projects/LLM/image/waste_seg/waste_segregation_app/test/golden/responsive_text_golden_test.dart: Horizontal Stat Cards Golden Tests StatsCard golden test - color standardization
00:05 +113 -33: /Users/pranay/Projects/LLM/image/waste_seg/waste_segregation_app/test/golden/responsive_text_golden_test.dart: Horizontal Stat Cards Golden Tests StatsCard golden test - color standardization
00:05 +114 -33: /Users/pranay/Projects/LLM/image/waste_seg/waste_segregation_app/test/golden/responsive_text_golden_test.dart: Horizontal Stat Cards Golden Tests StatsCard golden test - color standardization
00:05 +115 -33: /Users/pranay/Projects/LLM/image/waste_seg/waste_segregation_app/test/golden/responsive_text_golden_test.dart: Horizontal Stat Cards Golden Tests StatsCard golden test - color standardization
00:05 +116 -33: /Users/pranay/Projects/LLM/image/waste_seg/waste_segregation_app/test/golden/responsive_text_golden_test.dart: Horizontal Stat Cards Golden Tests StatsCard golden test - color standardization
00:05 +117 -33: /Users/pranay/Projects/LLM/image/waste_seg/waste_segregation_app/test/golden/responsive_text_golden_test.dart: Horizontal Stat Cards Golden Tests StatsCard golden test - color standardization
00:05 +118 -33: /Users/pranay/Projects/LLM/image/waste_seg/waste_segregation_app/test/golden/responsive_text_golden_test.dart: Horizontal Stat Cards Golden Tests StatsCard golden test - color standardization
00:05 +119 -33: /Users/pranay/Projects/LLM/image/waste_seg/waste_segregation_app/test/golden/responsive_text_golden_test.dart: Horizontal Stat Cards Golden Tests StatsCard golden test - color standardization
00:05 +120 -33: /Users/pranay/Projects/LLM/image/waste_seg/waste_segregation_app/test/golden/responsive_text_golden_test.dart: Horizontal Stat Cards Golden Tests StatsCard golden test - color standardization
00:05 +121 -33: /Users/pranay/Projects/LLM/image/waste_seg/waste_segregation_app/test/golden/responsive_text_golden_test.dart: Horizontal Stat Cards Golden Tests StatsCard golden test - color standardization
00:05 +122 -33: /Users/pranay/Projects/LLM/image/waste_seg/waste_segregation_app/test/golden/responsive_text_golden_test.dart: Horizontal Stat Cards Golden Tests StatsCard golden test - color standardization
00:05 +123 -33: /Users/pranay/Projects/LLM/image/waste_seg/waste_segregation_app/test/golden/responsive_text_golden_test.dart: Horizontal Stat Cards Golden Tests StatsCard golden test - color standardization
00:05 +124 -33: /Users/pranay/Projects/LLM/image/waste_seg/waste_segregation_app/test/golden/responsive_text_golden_test.dart: Horizontal Stat Cards Golden Tests StatsCard golden test - color standardization
00:05 +125 -33: /Users/pranay/Projects/LLM/image/waste_seg/waste_segregation_app/test/golden/responsive_text_golden_test.dart: Horizontal Stat Cards Golden Tests StatsCard golden test - color standardization
00:05 +126 -33: /Users/pranay/Projects/LLM/image/waste_seg/waste_segregation_app/test/golden/responsive_text_golden_test.dart: Horizontal Stat Cards Golden Tests StatsCard golden test - color standardization
00:05 +127 -33: /Users/pranay/Projects/LLM/image/waste_seg/waste_segregation_app/test/golden/responsive_text_golden_test.dart: Horizontal Stat Cards Golden Tests StatsCard golden test - color standardization
00:05 +128 -33: /Users/pranay/Projects/LLM/image/waste_seg/waste_segregation_app/test/golden/responsive_text_golden_test.dart: Horizontal Stat Cards Golden Tests StatsCard golden test - color standardization
00:05 +129 -33: /Users/pranay/Projects/LLM/image/waste_seg/waste_segregation_app/test/golden/responsive_text_golden_test.dart: Horizontal Stat Cards Golden Tests StatsCard golden test - color standardization
00:05 +130 -33: /Users/pranay/Projects/LLM/image/waste_seg/waste_segregation_app/test/golden/responsive_text_golden_test.dart: Horizontal Stat Cards Golden Tests StatsCard golden test - color standardization
00:05 +131 -33: /Users/pranay/Projects/LLM/image/waste_seg/waste_segregation_app/test/golden/responsive_text_golden_test.dart: Horizontal Stat Cards Golden Tests StatsCard golden test - color standardization
00:05 +132 -33: /Users/pranay/Projects/LLM/image/waste_seg/waste_segregation_app/test/golden/responsive_text_golden_test.dart: Horizontal Stat Cards Golden Tests StatsCard golden test - color standardization
00:05 +133 -33: /Users/pranay/Projects/LLM/image/waste_seg/waste_segregation_app/test/golden/responsive_text_golden_test.dart: Horizontal Stat Cards Golden Tests StatsCard golden test - color standardization
00:05 +134 -33: /Users/pranay/Projects/LLM/image/waste_seg/waste_segregation_app/test/golden/responsive_text_golden_test.dart: Horizontal Stat Cards Golden Tests StatsCard golden test - color standardization
00:05 +135 -33: /Users/pranay/Projects/LLM/image/waste_seg/waste_segregation_app/test/golden/responsive_text_golden_test.dart: Horizontal Stat Cards Golden Tests StatsCard golden test - color standardization
00:05 +136 -33: /Users/pranay/Projects/LLM/image/waste_seg/waste_segregation_app/test/golden/responsive_text_golden_test.dart: Horizontal Stat Cards Golden Tests StatsCard golden test - color standardization
00:05 +137 -33: /Users/pranay/Projects/LLM/image/waste_seg/waste_segregation_app/test/golden/responsive_text_golden_test.dart: Horizontal Stat Cards Golden Tests StatsCard golden test - color standardization
00:05 +138 -33: /Users/pranay/Projects/LLM/image/waste_seg/waste_segregation_app/test/golden/responsive_text_golden_test.dart: Horizontal Stat Cards Golden Tests StatsCard golden test - color standardization
00:05 +139 -33: /Users/pranay/Projects/LLM/image/waste_seg/waste_segregation_app/test/golden/responsive_text_golden_test.dart: Horizontal Stat Cards Golden Tests StatsCard golden test - color standardization
══╡ EXCEPTION CAUGHT BY FLUTTER TEST FRAMEWORK ╞════════════════════════════════════════════════════
The following assertion was thrown while running async test code:
Golden "golden/stats_cards_color_standardization.png": Pixel test failed, 7.05%, 33844px diff
detected.
Failure feedback can be found at
/Users/pranay/Projects/LLM/image/waste_seg/waste_segregation_app/test/golden/failures

When the exception was thrown, this was the stack:
#0      LocalFileComparator.compare (package:flutter_test/src/_goldens_io.dart:108:5)
<asynchronous suspension>
#1      MatchesGoldenFile.matchAsync.<anonymous closure> (package:flutter_test/src/_matchers_io.dart:124:32)
<asynchronous suspension>
<asynchronous suspension>
#3      _expect.<anonymous closure> (package:matcher/src/expect/expect.dart:123:26)
<asynchronous suspension>
<asynchronous suspension>
#5      expectLater.<anonymous closure> (package:flutter_test/src/widget_tester.dart:509:19)
<asynchronous suspension>
#6      main.<anonymous closure>.<anonymous closure> (file:///Users/pranay/Projects/LLM/image/waste_seg/waste_segregation_app/test/golden/responsive_text_golden_test.dart:754:7)
<asynchronous suspension>
#7      testWidgets.<anonymous closure>.<anonymous closure> (package:flutter_test/src/widget_tester.dart:193:15)
<asynchronous suspension>
#8      TestWidgetsFlutterBinding._runTestBody (package:flutter_test/src/binding.dart:1064:5)
<asynchronous suspension>
<asynchronous suspension>
(elided 3 frames from dart:async and package:stack_trace)

The exception was caught asynchronously.
════════════════════════════════════════════════════════════════════════════════════════════════════
00:05 +139 -34: /Users/pranay/Projects/LLM/image/waste_seg/waste_segregation_app/test/models/enhanced_family_test.dart: Enhanced Family Model Tests UserStats Class Tests should copyWith correctly
00:05 +139 -34: /Users/pranay/Projects/LLM/image/waste_seg/waste_segregation_app/test/golden/responsive_text_golden_test.dart: Horizontal Stat Cards Golden Tests StatsCard golden test - color standardization [E]
  Test failed. See exception logs above.
  The test description was: StatsCard golden test - color standardization
  
00:05 +140 -34: /Users/pranay/Projects/LLM/image/waste_seg/waste_segregation_app/test/models/enhanced_family_test.dart: Enhanced Family Model Tests EnvironmentalImpact Class Tests should create EnvironmentalImpact with all fields
00:05 +141 -34: /Users/pranay/Projects/LLM/image/waste_seg/waste_segregation_app/test/models/enhanced_family_test.dart: Enhanced Family Model Tests EnvironmentalImpact Class Tests should create empty environmental impact
00:06 +142 -34: /Users/pranay/Projects/LLM/image/waste_seg/waste_segregation_app/test/models/enhanced_family_test.dart: Enhanced Family Model Tests EnvironmentalImpact Class Tests should serialize and deserialize EnvironmentalImpact correctly
00:06 +143 -34: /Users/pranay/Projects/LLM/image/waste_seg/waste_segregation_app/test/models/enhanced_family_test.dart: Enhanced Family Model Tests WeeklyProgress Class Tests should create WeeklyProgress with all fields
00:06 +144 -34: /Users/pranay/Projects/LLM/image/waste_seg/waste_segregation_app/test/models/enhanced_family_test.dart: Enhanced Family Model Tests WeeklyProgress Class Tests should serialize and deserialize WeeklyProgress correctly
00:06 +145 -34: /Users/pranay/Projects/LLM/image/waste_seg/waste_segregation_app/test/models/enhanced_family_test.dart: Enhanced Family Model Tests Enum Tests should handle UserRole enum correctly
00:06 +146 -34: /Users/pranay/Projects/LLM/image/waste_seg/waste_segregation_app/test/models/enhanced_family_test.dart: Enhanced Family Model Tests Enum Tests should handle InvitationStatus enum correctly
00:06 +147 -34: /Users/pranay/Projects/LLM/image/waste_seg/waste_segregation_app/test/models/enhanced_family_test.dart: Enhanced Family Model Tests Enum Tests should handle FamilyLeaderboardVisibility enum correctly
00:06 +148 -34: /Users/pranay/Projects/LLM/image/waste_seg/waste_segregation_app/test/models/enhanced_family_test.dart: Enhanced Family Model Tests Edge Cases and Integration Tests should handle complex family with all features
00:06 +149 -34: /Users/pranay/Projects/LLM/image/waste_seg/waste_segregation_app/test/models/enhanced_family_test.dart: Enhanced Family Model Tests Edge Cases and Integration Tests should handle empty and null values gracefully
00:06 +150 -34: /Users/pranay/Projects/LLM/image/waste_seg/waste_segregation_app/test/models/enhanced_family_test.dart: Enhanced Family Model Tests Edge Cases and Integration Tests should handle large numbers and data sets
00:06 +151 -34: /Users/pranay/Projects/LLM/image/waste_seg/waste_segregation_app/test/models/enhanced_family_test.dart: Enhanced Family Model Tests Edge Cases and Integration Tests should handle special characters and unicode
00:06 +152 -34: /Users/pranay/Projects/LLM/image/waste_seg/waste_segregation_app/test/models/enhanced_family_test.dart: Enhanced Family Model Tests Edge Cases and Integration Tests should handle date edge cases
00:06 +153 -34: /Users/pranay/Projects/LLM/image/waste_seg/waste_segregation_app/test/models/enhanced_family_test.dart: Enhanced Family Model Tests (tearDownAll)
✅ Test Hive torn down
00:10 +153 -35: loading /Users/pranay/Projects/LLM/image/waste_seg/waste_segregation_app/test/screens/home_screen_test.dart [E]
  Failed to load "/Users/pranay/Projects/LLM/image/waste_seg/waste_segregation_app/test/screens/home_screen_test.dart":
  Compilation failed for testPath=/Users/pranay/Projects/LLM/image/waste_seg/waste_segregation_app/test/screens/home_screen_test.dart: test/screens/home_screen_test.dart:476:35: Error: Undefined name 'LogicalKeyboardKey'.
          await tester.sendKeyEvent(LogicalKeyboardKey.tab);
                                    ^^^^^^^^^^^^^^^^^^
  test/screens/home_screen_test.dart:51:33: Error: The method 'getRecentClassifications' isn't defined for the class 'MockStorageService'.
   - 'MockStorageService' is from 'test/screens/home_screen_test.dart'.
  Try correcting the name to the name of an existing method, or defining a method named 'getRecentClassifications'.
          when(mockStorageService.getRecentClassifications(limit: any))
                                  ^^^^^^^^^^^^^^^^^^^^^^^^
  test/screens/home_screen_test.dart:53:38: Error: The method 'getUserProfile' isn't defined for the class 'MockGamificationService'.
   - 'MockGamificationService' is from 'test/screens/home_screen_test.dart'.
  Try correcting the name to the name of an existing method, or defining a method named 'getUserProfile'.
          when(mockGamificationService.getUserProfile())
                                       ^^^^^^^^^^^^^^
  test/screens/home_screen_test.dart:65:20: Error: The getter 'backgroundColor' isn't defined for the class 'Widget'.
   - 'Widget' is from 'package:flutter/src/widgets/framework.dart' ('../../../../adhoc_resources/flutter/packages/flutter/lib/src/widgets/framework.dart').
  Try correcting the name to the name of an existing getter, or defining a getter or field named 'backgroundColor'.
          expect(fab.backgroundColor, isNotNull);
                     ^^^^^^^^^^^^^^^
  test/screens/home_screen_test.dart:66:20: Error: The getter 'child' isn't defined for the class 'Widget'.
   - 'Widget' is from 'package:flutter/src/widgets/framework.dart' ('../../../../adhoc_resources/flutter/packages/flutter/lib/src/widgets/framework.dart').
  Try correcting the name to the name of an existing getter, or defining a getter or field named 'child'.
          expect(fab.child, isA<Icon>());
                     ^^^^^
  test/screens/home_screen_test.dart:70:33: Error: The method 'getRecentClassifications' isn't defined for the class 'MockStorageService'.
   - 'MockStorageService' is from 'test/screens/home_screen_test.dart'.
  Try correcting the name to the name of an existing method, or defining a method named 'getRecentClassifications'.
          when(mockStorageService.getRecentClassifications(limit: any))
                                  ^^^^^^^^^^^^^^^^^^^^^^^^
  test/screens/home_screen_test.dart:72:38: Error: The method 'getUserProfile' isn't defined for the class 'MockGamificationService'.
   - 'MockGamificationService' is from 'test/screens/home_screen_test.dart'.
  Try correcting the name to the name of an existing method, or defining a method named 'getUserProfile'.
          when(mockGamificationService.getUserProfile())
                                       ^^^^^^^^^^^^^^
  test/screens/home_screen_test.dart:83:33: Error: The method 'getRecentClassifications' isn't defined for the class 'MockStorageService'.
   - 'MockStorageService' is from 'test/screens/home_screen_test.dart'.
  Try correcting the name to the name of an existing method, or defining a method named 'getRecentClassifications'.
          when(mockStorageService.getRecentClassifications(limit: any))
                                  ^^^^^^^^^^^^^^^^^^^^^^^^
  test/screens/home_screen_test.dart:85:38: Error: The method 'getUserProfile' isn't defined for the class 'MockGamificationService'.
   - 'MockGamificationService' is from 'test/screens/home_screen_test.dart'.
  Try correcting the name to the name of an existing method, or defining a method named 'getUserProfile'.
          when(mockGamificationService.getUserProfile())
                                       ^^^^^^^^^^^^^^
  test/screens/home_screen_test.dart:134:33: Error: The method 'getRecentClassifications' isn't defined for the class 'MockStorageService'.
   - 'MockStorageService' is from 'test/screens/home_screen_test.dart'.
  Try correcting the name to the name of an existing method, or defining a method named 'getRecentClassifications'.
          when(mockStorageService.getRecentClassifications(limit: any))
                                  ^^^^^^^^^^^^^^^^^^^^^^^^
  test/screens/home_screen_test.dart:136:38: Error: The method 'getUserProfile' isn't defined for the class 'MockGamificationService'.
   - 'MockGamificationService' is from 'test/screens/home_screen_test.dart'.
  Try correcting the name to the name of an existing method, or defining a method named 'getUserProfile'.
          when(mockGamificationService.getUserProfile())
                                       ^^^^^^^^^^^^^^
  test/screens/home_screen_test.dart:150:33: Error: The method 'getRecentClassifications' isn't defined for the class 'MockStorageService'.
   - 'MockStorageService' is from 'test/screens/home_screen_test.dart'.
  Try correcting the name to the name of an existing method, or defining a method named 'getRecentClassifications'.
          when(mockStorageService.getRecentClassifications(limit: any))
                                  ^^^^^^^^^^^^^^^^^^^^^^^^
  test/screens/home_screen_test.dart:152:38: Error: The method 'getUserProfile' isn't defined for the class 'MockGamificationService'.
   - 'MockGamificationService' is from 'test/screens/home_screen_test.dart'.
  Try correcting the name to the name of an existing method, or defining a method named 'getUserProfile'.
          when(mockGamificationService.getUserProfile())
                                       ^^^^^^^^^^^^^^
  test/screens/home_screen_test.dart:167:33: Error: The method 'getRecentClassifications' isn't defined for the class 'MockStorageService'.
   - 'MockStorageService' is from 'test/screens/home_screen_test.dart'.
  Try correcting the name to the name of an existing method, or defining a method named 'getRecentClassifications'.
          when(mockStorageService.getRecentClassifications(limit: any))
                                  ^^^^^^^^^^^^^^^^^^^^^^^^
  test/screens/home_screen_test.dart:169:38: Error: The method 'getUserProfile' isn't defined for the class 'MockGamificationService'.
   - 'MockGamificationService' is from 'test/screens/home_screen_test.dart'.
  Try correcting the name to the name of an existing method, or defining a method named 'getUserProfile'.
          when(mockGamificationService.getUserProfile())
                                       ^^^^^^^^^^^^^^
  test/screens/home_screen_test.dart:194:33: Error: The method 'getRecentClassifications' isn't defined for the class 'MockStorageService'.
   - 'MockStorageService' is from 'test/screens/home_screen_test.dart'.
  Try correcting the name to the name of an existing method, or defining a method named 'getRecentClassifications'.
          when(mockStorageService.getRecentClassifications(limit: any))
                                  ^^^^^^^^^^^^^^^^^^^^^^^^
  test/screens/home_screen_test.dart:196:38: Error: The method 'getUserProfile' isn't defined for the class 'MockGamificationService'.
   - 'MockGamificationService' is from 'test/screens/home_screen_test.dart'.
  Try correcting the name to the name of an existing method, or defining a method named 'getUserProfile'.
          when(mockGamificationService.getUserProfile())
                                       ^^^^^^^^^^^^^^
  test/screens/home_screen_test.dart:227:33: Error: The method 'getRecentClassifications' isn't defined for the class 'MockStorageService'.
   - 'MockStorageService' is from 'test/screens/home_screen_test.dart'.
  Try correcting the name to the name of an existing method, or defining a method named 'getRecentClassifications'.
          when(mockStorageService.getRecentClassifications(limit: any))
                                  ^^^^^^^^^^^^^^^^^^^^^^^^
  test/screens/home_screen_test.dart:229:38: Error: The method 'getUserProfile' isn't defined for the class 'MockGamificationService'.
   - 'MockGamificationService' is from 'test/screens/home_screen_test.dart'.
  Try correcting the name to the name of an existing method, or defining a method named 'getUserProfile'.
          when(mockGamificationService.getUserProfile())
                                       ^^^^^^^^^^^^^^
  test/screens/home_screen_test.dart:251:33: Error: The method 'getRecentClassifications' isn't defined for the class 'MockStorageService'.
   - 'MockStorageService' is from 'test/screens/home_screen_test.dart'.
  Try correcting the name to the name of an existing method, or defining a method named 'getRecentClassifications'.
          when(mockStorageService.getRecentClassifications(limit: any))
                                  ^^^^^^^^^^^^^^^^^^^^^^^^
  test/screens/home_screen_test.dart:253:38: Error: The method 'getUserProfile' isn't defined for the class 'MockGamificationService'.
   - 'MockGamificationService' is from 'test/screens/home_screen_test.dart'.
  Try correcting the name to the name of an existing method, or defining a method named 'getUserProfile'.
          when(mockGamificationService.getUserProfile())
                                       ^^^^^^^^^^^^^^
  test/screens/home_screen_test.dart:266:33: Error: The method 'getRecentClassifications' isn't defined for the class 'MockStorageService'.
   - 'MockStorageService' is from 'test/screens/home_screen_test.dart'.
  Try correcting the name to the name of an existing method, or defining a method named 'getRecentClassifications'.
          when(mockStorageService.getRecentClassifications(limit: any))
                                  ^^^^^^^^^^^^^^^^^^^^^^^^
  test/screens/home_screen_test.dart:268:38: Error: The method 'getUserProfile' isn't defined for the class 'MockGamificationService'.
   - 'MockGamificationService' is from 'test/screens/home_screen_test.dart'.
  Try correcting the name to the name of an existing method, or defining a method named 'getUserProfile'.
          when(mockGamificationService.getUserProfile())
                                       ^^^^^^^^^^^^^^
  test/screens/home_screen_test.dart:281:33: Error: The method 'getRecentClassifications' isn't defined for the class 'MockStorageService'.
   - 'MockStorageService' is from 'test/screens/home_screen_test.dart'.
  Try correcting the name to the name of an existing method, or defining a method named 'getRecentClassifications'.
          when(mockStorageService.getRecentClassifications(limit: any))
                                  ^^^^^^^^^^^^^^^^^^^^^^^^
  test/screens/home_screen_test.dart:283:38: Error: The method 'getUserProfile' isn't defined for the class 'MockGamificationService'.
   - 'MockGamificationService' is from 'test/screens/home_screen_test.dart'.
  Try correcting the name to the name of an existing method, or defining a method named 'getUserProfile'.
          when(mockGamificationService.getUserProfile())
                                       ^^^^^^^^^^^^^^
  test/screens/home_screen_test.dart:296:47: Error: Too many positional arguments: 0 allowed, but 1 found.
  Try removing the extra positional arguments.
          verify(mockAnalyticsService.trackEvent(any)).called(1);
                                                ^
  test/screens/home_screen_test.dart:300:33: Error: The method 'getRecentClassifications' isn't defined for the class 'MockStorageService'.
   - 'MockStorageService' is from 'test/screens/home_screen_test.dart'.
  Try correcting the name to the name of an existing method, or defining a method named 'getRecentClassifications'.
          when(mockStorageService.getRecentClassifications(limit: any))
                                  ^^^^^^^^^^^^^^^^^^^^^^^^
  test/screens/home_screen_test.dart:302:38: Error: The method 'getUserProfile' isn't defined for the class 'MockGamificationService'.
   - 'MockGamificationService' is from 'test/screens/home_screen_test.dart'.
  Try correcting the name to the name of an existing method, or defining a method named 'getUserProfile'.
          when(mockGamificationService.getUserProfile())
                                       ^^^^^^^^^^^^^^
  test/screens/home_screen_test.dart:316:33: Error: The method 'getRecentClassifications' isn't defined for the class 'MockStorageService'.
   - 'MockStorageService' is from 'test/screens/home_screen_test.dart'.
  Try correcting the name to the name of an existing method, or defining a method named 'getRecentClassifications'.
          when(mockStorageService.getRecentClassifications(limit: any))
                                  ^^^^^^^^^^^^^^^^^^^^^^^^
  test/screens/home_screen_test.dart:318:38: Error: The method 'getUserProfile' isn't defined for the class 'MockGamificationService'.
   - 'MockGamificationService' is from 'test/screens/home_screen_test.dart'.
  Try correcting the name to the name of an existing method, or defining a method named 'getUserProfile'.
          when(mockGamificationService.getUserProfile())
                                       ^^^^^^^^^^^^^^
  test/screens/home_screen_test.dart:330:33: Error: The method 'getRecentClassifications' isn't defined for the class 'MockStorageService'.
   - 'MockStorageService' is from 'test/screens/home_screen_test.dart'.
  Try correcting the name to the name of an existing method, or defining a method named 'getRecentClassifications'.
          when(mockStorageService.getRecentClassifications(limit: any))
                                  ^^^^^^^^^^^^^^^^^^^^^^^^
  test/screens/home_screen_test.dart:332:38: Error: The method 'getUserProfile' isn't defined for the class 'MockGamificationService'.
   - 'MockGamificationService' is from 'test/screens/home_screen_test.dart'.
  Try correcting the name to the name of an existing method, or defining a method named 'getUserProfile'.
          when(mockGamificationService.getUserProfile())
                                       ^^^^^^^^^^^^^^
  test/screens/home_screen_test.dart:343:33: Error: The method 'getRecentClassifications' isn't defined for the class 'MockStorageService'.
   - 'MockStorageService' is from 'test/screens/home_screen_test.dart'.
  Try correcting the name to the name of an existing method, or defining a method named 'getRecentClassifications'.
          when(mockStorageService.getRecentClassifications(limit: any))
                                  ^^^^^^^^^^^^^^^^^^^^^^^^
  test/screens/home_screen_test.dart:345:38: Error: The method 'getUserProfile' isn't defined for the class 'MockGamificationService'.
   - 'MockGamificationService' is from 'test/screens/home_screen_test.dart'.
  Try correcting the name to the name of an existing method, or defining a method named 'getUserProfile'.
          when(mockGamificationService.getUserProfile())
                                       ^^^^^^^^^^^^^^
  test/screens/home_screen_test.dart:355:33: Error: The method 'getRecentClassifications' isn't defined for the class 'MockStorageService'.
   - 'MockStorageService' is from 'test/screens/home_screen_test.dart'.
  Try correcting the name to the name of an existing method, or defining a method named 'getRecentClassifications'.
          when(mockStorageService.getRecentClassifications(limit: any))
                                  ^^^^^^^^^^^^^^^^^^^^^^^^
  test/screens/home_screen_test.dart:368:33: Error: The method 'getRecentClassifications' isn't defined for the class 'MockStorageService'.
   - 'MockStorageService' is from 'test/screens/home_screen_test.dart'.
  Try correcting the name to the name of an existing method, or defining a method named 'getRecentClassifications'.
          when(mockStorageService.getRecentClassifications(limit: any))
                                  ^^^^^^^^^^^^^^^^^^^^^^^^
  test/screens/home_screen_test.dart:370:38: Error: The method 'getUserProfile' isn't defined for the class 'MockGamificationService'.
   - 'MockGamificationService' is from 'test/screens/home_screen_test.dart'.
  Try correcting the name to the name of an existing method, or defining a method named 'getUserProfile'.
          when(mockGamificationService.getUserProfile())
                                       ^^^^^^^^^^^^^^
  test/screens/home_screen_test.dart:396:33: Error: The method 'getRecentClassifications' isn't defined for the class 'MockStorageService'.
   - 'MockStorageService' is from 'test/screens/home_screen_test.dart'.
  Try correcting the name to the name of an existing method, or defining a method named 'getRecentClassifications'.
          when(mockStorageService.getRecentClassifications(limit: any))
                                  ^^^^^^^^^^^^^^^^^^^^^^^^
  test/screens/home_screen_test.dart:398:38: Error: The method 'getUserProfile' isn't defined for the class 'MockGamificationService'.
   - 'MockGamificationService' is from 'test/screens/home_screen_test.dart'.
  Try correcting the name to the name of an existing method, or defining a method named 'getUserProfile'.
          when(mockGamificationService.getUserProfile())
                                       ^^^^^^^^^^^^^^
  test/screens/home_screen_test.dart:421:33: Error: The method 'getRecentClassifications' isn't defined for the class 'MockStorageService'.
   - 'MockStorageService' is from 'test/screens/home_screen_test.dart'.
  Try correcting the name to the name of an existing method, or defining a method named 'getRecentClassifications'.
          when(mockStorageService.getRecentClassifications(limit: any))
                                  ^^^^^^^^^^^^^^^^^^^^^^^^
  test/screens/home_screen_test.dart:423:38: Error: The method 'getUserProfile' isn't defined for the class 'MockGamificationService'.
   - 'MockGamificationService' is from 'test/screens/home_screen_test.dart'.
  Try correcting the name to the name of an existing method, or defining a method named 'getUserProfile'.
          when(mockGamificationService.getUserProfile())
                                       ^^^^^^^^^^^^^^
  test/screens/home_screen_test.dart:430:47: Error: Too many positional arguments: 0 allowed, but 1 found.
  Try removing the extra positional arguments.
          verify(mockAnalyticsService.trackEvent(any)).called(greaterThanOrEqualTo(1));
                                                ^
  test/screens/home_screen_test.dart:434:33: Error: The method 'getRecentClassifications' isn't defined for the class 'MockStorageService'.
   - 'MockStorageService' is from 'test/screens/home_screen_test.dart'.
  Try correcting the name to the name of an existing method, or defining a method named 'getRecentClassifications'.
          when(mockStorageService.getRecentClassifications(limit: any))
                                  ^^^^^^^^^^^^^^^^^^^^^^^^
  test/screens/home_screen_test.dart:436:38: Error: The method 'getUserProfile' isn't defined for the class 'MockGamificationService'.
   - 'MockGamificationService' is from 'test/screens/home_screen_test.dart'.
  Try correcting the name to the name of an existing method, or defining a method named 'getUserProfile'.
          when(mockGamificationService.getUserProfile())
                                       ^^^^^^^^^^^^^^
  test/screens/home_screen_test.dart:447:47: Error: Too many positional arguments: 0 allowed, but 1 found.
  Try removing the extra positional arguments.
          verify(mockAnalyticsService.trackEvent(any)).called(greaterThan(1));
                                                ^
  test/screens/home_screen_test.dart:453:33: Error: The method 'getRecentClassifications' isn't defined for the class 'MockStorageService'.
   - 'MockStorageService' is from 'test/screens/home_screen_test.dart'.
  Try correcting the name to the name of an existing method, or defining a method named 'getRecentClassifications'.
          when(mockStorageService.getRecentClassifications(limit: any))
                                  ^^^^^^^^^^^^^^^^^^^^^^^^
  test/screens/home_screen_test.dart:455:38: Error: The method 'getUserProfile' isn't defined for the class 'MockGamificationService'.
   - 'MockGamificationService' is from 'test/screens/home_screen_test.dart'.
  Try correcting the name to the name of an existing method, or defining a method named 'getUserProfile'.
          when(mockGamificationService.getUserProfile())
                                       ^^^^^^^^^^^^^^
  test/screens/home_screen_test.dart:467:33: Error: The method 'getRecentClassifications' isn't defined for the class 'MockStorageService'.
   - 'MockStorageService' is from 'test/screens/home_screen_test.dart'.
  Try correcting the name to the name of an existing method, or defining a method named 'getRecentClassifications'.
          when(mockStorageService.getRecentClassifications(limit: any))
                                  ^^^^^^^^^^^^^^^^^^^^^^^^
  test/screens/home_screen_test.dart:469:38: Error: The method 'getUserProfile' isn't defined for the class 'MockGamificationService'.
   - 'MockGamificationService' is from 'test/screens/home_screen_test.dart'.
  Try correcting the name to the name of an existing method, or defining a method named 'getUserProfile'.
          when(mockGamificationService.getUserProfile())
                                       ^^^^^^^^^^^^^^
  test/screens/home_screen_test.dart:484:33: Error: The method 'getRecentClassifications' isn't defined for the class 'MockStorageService'.
   - 'MockStorageService' is from 'test/screens/home_screen_test.dart'.
  Try correcting the name to the name of an existing method, or defining a method named 'getRecentClassifications'.
          when(mockStorageService.getRecentClassifications(limit: any))
                                  ^^^^^^^^^^^^^^^^^^^^^^^^
  test/screens/home_screen_test.dart:486:38: Error: The method 'getUserProfile' isn't defined for the class 'MockGamificationService'.
   - 'MockGamificationService' is from 'test/screens/home_screen_test.dart'.
  Try correcting the name to the name of an existing method, or defining a method named 'getUserProfile'.
          when(mockGamificationService.getUserProfile())
                                       ^^^^^^^^^^^^^^
  .
00:10 +153 -35: loading /Users/pranay/Projects/LLM/image/waste_seg/waste_segregation_app/test/integration/full_workflow_integration_test.dart [E]
  Error: the Dart compiler exited unexpectedly.
  package:flutter_tools/src/base/common.dart 34:3  throwToolExit
  package:flutter_tools/src/compile.dart 895:11    DefaultResidentCompiler._compile.<fn>
  dart:async/zone.dart 1538:47                     _rootRunUnary
  dart:async/future_impl.dart 932:45               Future._propagateToListeners.handleValueCallback
  dart:async/future_impl.dart 961:13               Future._propagateToListeners
  dart:async/future_impl.dart 846:9                Future._propagateToListeners
  dart:async/future_impl.dart 712:5                Future._completeWithValue
  dart:async/future_impl.dart 792:7                Future._asyncCompleteWithValue.<fn>
  dart:async/zone.dart 1525:13                     _rootRun
  dart:async/zone.dart 1422:19                     _CustomZone.run
  dart:async/zone.dart 1321:7                      _CustomZone.runGuarded
  dart:async/zone.dart 1362:23                     _CustomZone.bindCallbackGuarded.<fn>
  dart:async/schedule_microtask.dart 40:21         _microtaskLoop
  dart:async/schedule_microtask.dart 49:5          _startMicrotaskLoop
  dart:isolate-patch/isolate_patch.dart 128:13     _runPendingImmediateCallback
  dart:isolate-patch/isolate_patch.dart 195:5      _RawReceivePort._handleMessage
  
00:10 +153 -36: loading /Users/pranay/Projects/LLM/image/waste_seg/waste_segregation_app/test/screens/family_management_screen_test.dart [E]
  Failed to load "/Users/pranay/Projects/LLM/image/waste_seg/waste_segregation_app/test/screens/family_management_screen_test.dart":
  Compilation failed for testPath=/Users/pranay/Projects/LLM/image/waste_seg/waste_segregation_app/test/screens/family_management_screen_test.dart: test/screens/family_management_screen_test.mocks.dart:596:20: Error: The method 'MockStorageService.saveSettings' has fewer named arguments than those of overridden method 'StorageService.saveSettings'.
    _i5.Future<void> saveSettings({
                     ^
  lib/services/storage_service.dart:558:16: Context: This is the overridden method ('saveSettings').
    Future<void> saveSettings({
                 ^
  test/screens/family_management_screen_test.mocks.dart:596:20: Error: The method 'MockStorageService.saveSettings' doesn't have the named parameter 'allowHistoryFeedback' of overridden method 'StorageService.saveSettings'.
    _i5.Future<void> saveSettings({
                     ^
  lib/services/storage_service.dart:558:16: Context: This is the overridden method ('saveSettings').
    Future<void> saveSettings({
                 ^
  .
00:10 +153 -36: loading /Users/pranay/Projects/LLM/image/waste_seg/waste_segregation_app/test/integration/full_workflow_integration_test.dart [E]
  Error: the Dart compiler exited unexpectedly.
  package:flutter_tools/src/base/common.dart 34:3  throwToolExit
  package:flutter_tools/src/compile.dart 895:11    DefaultResidentCompiler._compile.<fn>
  dart:async/zone.dart 1538:47                     _rootRunUnary
  dart:async/future_impl.dart 932:45               Future._propagateToListeners.handleValueCallback
  dart:async/future_impl.dart 961:13               Future._propagateToListeners
  dart:async/future_impl.dart 846:9                Future._propagateToListeners
  dart:async/future_impl.dart 712:5                Future._completeWithValue
  dart:async/future_impl.dart 792:7                Future._asyncCompleteWithValue.<fn>
  dart:async/zone.dart 1525:13                     _rootRun
  dart:async/zone.dart 1422:19                     _CustomZone.run
  dart:async/zone.dart 1321:7                      _CustomZone.runGuarded
  dart:async/zone.dart 1362:23                     _CustomZone.bindCallbackGuarded.<fn>
  dart:async/schedule_microtask.dart 40:21         _microtaskLoop
  dart:async/schedule_microtask.dart 49:5          _startMicrotaskLoop
  dart:isolate-patch/isolate_patch.dart 128:13     _runPendingImmediateCallback
  dart:isolate-patch/isolate_patch.dart 195:5      _RawReceivePort._handleMessage
  
00:11 +153 -37: loading /Users/pranay/Projects/LLM/image/waste_seg/waste_segregation_app/test/screens/classification_details_screen_test.dart [E]
  Failed to load "/Users/pranay/Projects/LLM/image/waste_seg/waste_segregation_app/test/screens/classification_details_screen_test.dart":
  Compilation failed for testPath=/Users/pranay/Projects/LLM/image/waste_seg/waste_segregation_app/test/screens/classification_details_screen_test.dart: test/screens/classification_details_screen_test.dart:29:58: Error: Required named parameter 'hasUrgentTimeframe' must be provided.
        disposalInstructions: wc_model.DisposalInstructions(
                                                           ^
  lib/models/waste_classification.dart:481:3: Context: Found this candidate, but the arguments don't match.
    DisposalInstructions({
    ^^^^^^^^^^^^^^^^^^^^
  test/screens/classification_details_screen_test.dart:23:49: Error: Required named parameter 'region' must be provided.
      classification: wc_model.WasteClassification(
                                                  ^
  lib/models/waste_classification.dart:6:3: Context: Found this candidate, but the arguments don't match.
    WasteClassification({
    ^^^^^^^^^^^^^^^^^^^
  test/screens/classification_details_screen_test.dart:87:29: Error: Member not found: 'textTheme'.
          textTheme: AppTheme.textTheme,
                              ^^^^^^^^^
  test/screens/classification_details_screen_test.dart:88:29: Error: Member not found: 'cardTheme'.
          cardTheme: AppTheme.cardTheme,
                              ^^^^^^^^^
  .
00:11 +153 -37: loading /Users/pranay/Projects/LLM/image/waste_seg/waste_segregation_app/test/integration/full_workflow_integration_test.dart [E]
  Error: the Dart compiler exited unexpectedly.
  package:flutter_tools/src/base/common.dart 34:3  throwToolExit
  package:flutter_tools/src/compile.dart 895:11    DefaultResidentCompiler._compile.<fn>
  dart:async/zone.dart 1538:47                     _rootRunUnary
  dart:async/future_impl.dart 932:45               Future._propagateToListeners.handleValueCallback
  dart:async/future_impl.dart 961:13               Future._propagateToListeners
  dart:async/future_impl.dart 846:9                Future._propagateToListeners
  dart:async/future_impl.dart 712:5                Future._completeWithValue
  dart:async/future_impl.dart 792:7                Future._asyncCompleteWithValue.<fn>
  dart:async/zone.dart 1525:13                     _rootRun
  dart:async/zone.dart 1422:19                     _CustomZone.run
  dart:async/zone.dart 1321:7                      _CustomZone.runGuarded
  dart:async/zone.dart 1362:23                     _CustomZone.bindCallbackGuarded.<fn>
  dart:async/schedule_microtask.dart 40:21         _microtaskLoop
  dart:async/schedule_microtask.dart 49:5          _startMicrotaskLoop
  dart:isolate-patch/isolate_patch.dart 128:13     _runPendingImmediateCallback
  dart:isolate-patch/isolate_patch.dart 195:5      _RawReceivePort._handleMessage
  
00:16 +153 -38: loading /Users/pranay/Projects/LLM/image/waste_seg/waste_segregation_app/test/screens/result_screen_test.dart [E]
  Failed to load "/Users/pranay/Projects/LLM/image/waste_seg/waste_segregation_app/test/screens/result_screen_test.dart":
  Compilation failed for testPath=/Users/pranay/Projects/LLM/image/waste_seg/waste_segregation_app/test/screens/result_screen_test.dart: test/screens/result_screen_test.dart:371:13: Error: No named parameter with the name 'localInfo'.
              localInfo: {
              ^^^^^^^^^
  lib/models/waste_classification.dart:481:3: Context: Found this candidate, but the arguments don't match.
    DisposalInstructions({
    ^^^^^^^^^^^^^^^^^^^^
  test/screens/result_screen_test.dart:412:11: Error: No named parameter with the name 'environmentalImpact'.
            environmentalImpact: {
            ^^^^^^^^^^^^^^^^^^^
  lib/models/waste_classification.dart:6:3: Context: Found this candidate, but the arguments don't match.
    WasteClassification({
    ^^^^^^^^^^^^^^^^^^^
  test/screens/result_screen_test.dart:527:35: Error: Undefined name 'LogicalKeyboardKey'.
          await tester.sendKeyEvent(LogicalKeyboardKey.tab);
                                    ^^^^^^^^^^^^^^^^^^
  test/screens/result_screen_test.dart:533:35: Error: Undefined name 'LogicalKeyboardKey'.
          await tester.sendKeyEvent(LogicalKeyboardKey.enter);
                                    ^^^^^^^^^^^^^^^^^^
  test/screens/result_screen_test.dart:545:11: Error: Undefined name 'SystemChannels'.
            SystemChannels.accessibility,
            ^^^^^^^^^^^^^^
  test/screens/result_screen_test.dart:219:52: Error: The argument type 'Null' can't be assigned to the parameter type 'WasteClassification' because 'WasteClassification' is not nullable.
   - 'WasteClassification' is from 'package:waste_segregation_app/models/waste_classification.dart' ('lib/models/waste_classification.dart').
          when(mockStorageService.saveClassification(any))
                                                     ^
  test/screens/result_screen_test.dart:221:60: Error: The argument type 'Null' can't be assigned to the parameter type 'WasteClassification' because 'WasteClassification' is not nullable.
   - 'WasteClassification' is from 'package:waste_segregation_app/models/waste_classification.dart' ('lib/models/waste_classification.dart').
          when(mockGamificationService.processClassification(any))
                                                             ^
  test/screens/result_screen_test.dart:222:38: Error: A value of type 'Set<dynamic>' can't be returned from an async function with return type 'Future<List<Challenge>>'.
   - 'Set' is from 'dart:core'.
   - 'Future' is from 'dart:async'.
   - 'List' is from 'dart:core'.
   - 'Challenge' is from 'package:waste_segregation_app/models/gamification.dart' ('lib/models/gamification.dart').
              .thenAnswer((_) async => {});
                                       ^
  test/screens/result_screen_test.dart:233:54: Error: The argument type 'Null' can't be assigned to the parameter type 'WasteClassification' because 'WasteClassification' is not nullable.
   - 'WasteClassification' is from 'package:waste_segregation_app/models/waste_classification.dart' ('lib/models/waste_classification.dart').
          verify(mockStorageService.saveClassification(any)).called(1);
                                                       ^
  test/screens/result_screen_test.dart:234:62: Error: The argument type 'Null' can't be assigned to the parameter type 'WasteClassification' because 'WasteClassification' is not nullable.
   - 'WasteClassification' is from 'package:waste_segregation_app/models/waste_classification.dart' ('lib/models/waste_classification.dart').
          verify(mockGamificationService.processClassification(any)).called(1);
                                                               ^
  test/screens/result_screen_test.dart:251:47: Error: Too many positional arguments: 0 allowed, but 1 found.
  Try removing the extra positional arguments.
          verify(mockAnalyticsService.trackEvent(any)).called(greaterThan(0));
                                                ^
  test/screens/result_screen_test.dart:257:44: Error: The argument type 'Null' can't be assigned to the parameter type 'Uint8List' because 'Uint8List' is not nullable.
   - 'Uint8List' is from 'dart:typed_data'.
          when(mockAiService.analyzeWebImage(any, any))
                                             ^
  test/screens/result_screen_test.dart:257:49: Error: The argument type 'Null' can't be assigned to the parameter type 'String' because 'String' is not nullable.
          when(mockAiService.analyzeWebImage(any, any))
                                                  ^
  test/screens/result_screen_test.dart:280:46: Error: The argument type 'Null' can't be assigned to the parameter type 'Uint8List' because 'Uint8List' is not nullable.
   - 'Uint8List' is from 'dart:typed_data'.
          verify(mockAiService.analyzeWebImage(any, any)).called(1);
                                               ^
  test/screens/result_screen_test.dart:280:51: Error: The argument type 'Null' can't be assigned to the parameter type 'String' because 'String' is not nullable.
          verify(mockAiService.analyzeWebImage(any, any)).called(1);
                                                    ^
  test/screens/result_screen_test.dart:433:60: Error: The argument type 'Null' can't be assigned to the parameter type 'WasteClassification' because 'WasteClassification' is not nullable.
   - 'WasteClassification' is from 'package:waste_segregation_app/models/waste_classification.dart' ('lib/models/waste_classification.dart').
          when(mockGamificationService.processClassification(any))
                                                             ^
  test/screens/result_screen_test.dart:434:38: Error: Both Iterable and Map spread elements encountered in ambiguous literal.
              .thenAnswer((_) async => {
                                       ^
  test/screens/result_screen_test.dart:457:52: Error: The argument type 'Null' can't be assigned to the parameter type 'WasteClassification' because 'WasteClassification' is not nullable.
   - 'WasteClassification' is from 'package:waste_segregation_app/models/waste_classification.dart' ('lib/models/waste_classification.dart').
          when(mockStorageService.saveClassification(any))
                                                     ^
  test/screens/result_screen_test.dart:477:44: Error: The argument type 'Null' can't be assigned to the parameter type 'Uint8List' because 'Uint8List' is not nullable.
   - 'Uint8List' is from 'dart:typed_data'.
          when(mockAiService.analyzeWebImage(any, any))
                                             ^
  test/screens/result_screen_test.dart:477:49: Error: The argument type 'Null' can't be assigned to the parameter type 'String' because 'String' is not nullable.
          when(mockAiService.analyzeWebImage(any, any))
                                                  ^
  test/screens/result_screen_test.dart:495:45: Error: Too many positional arguments: 0 allowed, but 1 found.
  Try removing the extra positional arguments.
          when(mockAnalyticsService.trackEvent(any))
                                              ^
  test/screens/result_screen_test.dart:603:11: Error: No named parameter with the name 'imagePath'.
            imagePath: 'test_image.jpg',
            ^^^^^^^^^
  .
00:16 +153 -38: loading /Users/pranay/Projects/LLM/image/waste_seg/waste_segregation_app/test/integration/full_workflow_integration_test.dart [E]
  Error: the Dart compiler exited unexpectedly.
  package:flutter_tools/src/base/common.dart 34:3  throwToolExit
  package:flutter_tools/src/compile.dart 895:11    DefaultResidentCompiler._compile.<fn>
  dart:async/zone.dart 1538:47                     _rootRunUnary
  dart:async/future_impl.dart 932:45               Future._propagateToListeners.handleValueCallback
  dart:async/future_impl.dart 961:13               Future._propagateToListeners
  dart:async/future_impl.dart 846:9                Future._propagateToListeners
  dart:async/future_impl.dart 712:5                Future._completeWithValue
  dart:async/future_impl.dart 792:7                Future._asyncCompleteWithValue.<fn>
  dart:async/zone.dart 1525:13                     _rootRun
  dart:async/zone.dart 1422:19                     _CustomZone.run
  dart:async/zone.dart 1321:7                      _CustomZone.runGuarded
  dart:async/zone.dart 1362:23                     _CustomZone.bindCallbackGuarded.<fn>
  dart:async/schedule_microtask.dart 40:21         _microtaskLoop
  dart:async/schedule_microtask.dart 49:5          _startMicrotaskLoop
  dart:isolate-patch/isolate_patch.dart 128:13     _runPendingImmediateCallback
  dart:isolate-patch/isolate_patch.dart 195:5      _RawReceivePort._handleMessage
  
00:21 +153 -39: loading /Users/pranay/Projects/LLM/image/waste_seg/waste_segregation_app/test/screens/auth_screen_test.dart [E]
  Failed to load "/Users/pranay/Projects/LLM/image/waste_seg/waste_segregation_app/test/screens/auth_screen_test.dart":
  Compilation failed for testPath=/Users/pranay/Projects/LLM/image/waste_seg/waste_segregation_app/test/screens/auth_screen_test.dart: test/screens/auth_screen_test.dart:34:11: Error: Type argument 'GoogleDriveService' doesn't conform to the bound 'ChangeNotifier?' of the type variable 'T' on 'ChangeNotifierProvider'.
   - 'GoogleDriveService' is from 'package:waste_segregation_app/services/google_drive_service.dart' ('lib/services/google_drive_service.dart').
   - 'ChangeNotifier' is from 'package:flutter/src/foundation/change_notifier.dart' ('../../../../adhoc_resources/flutter/packages/flutter/lib/src/foundation/change_notifier.dart').
  Try changing type arguments so that they conform to the bounds.
            ChangeNotifierProvider<GoogleDriveService>.value(
            ^
  ../../../../../.pub-cache/hosted/pub.dev/provider-6.1.5/lib/src/change_notifier_provider.dart:98:30: Context: This is the type variable whose bound isn't conformed to.
  class ChangeNotifierProvider<T extends ChangeNotifier?>
                               ^
  test/screens/auth_screen_test.dart:471:15: Error: Type argument 'GoogleDriveService' doesn't conform to the bound 'ChangeNotifier?' of the type variable 'T' on 'ChangeNotifierProvider'.
   - 'GoogleDriveService' is from 'package:waste_segregation_app/services/google_drive_service.dart' ('lib/services/google_drive_service.dart').
   - 'ChangeNotifier' is from 'package:flutter/src/foundation/change_notifier.dart' ('../../../../adhoc_resources/flutter/packages/flutter/lib/src/foundation/change_notifier.dart').
  Try changing type arguments so that they conform to the bounds.
                ChangeNotifierProvider<GoogleDriveService>.value(
                ^
  ../../../../../.pub-cache/hosted/pub.dev/provider-6.1.5/lib/src/change_notifier_provider.dart:98:30: Context: This is the type variable whose bound isn't conformed to.
  class ChangeNotifierProvider<T extends ChangeNotifier?>
                               ^
  test/screens/auth_screen_test.dart:495:15: Error: Type argument 'GoogleDriveService' doesn't conform to the bound 'ChangeNotifier?' of the type variable 'T' on 'ChangeNotifierProvider'.
   - 'GoogleDriveService' is from 'package:waste_segregation_app/services/google_drive_service.dart' ('lib/services/google_drive_service.dart').
   - 'ChangeNotifier' is from 'package:flutter/src/foundation/change_notifier.dart' ('../../../../adhoc_resources/flutter/packages/flutter/lib/src/foundation/change_notifier.dart').
  Try changing type arguments so that they conform to the bounds.
                ChangeNotifierProvider<GoogleDriveService>.value(
                ^
  ../../../../../.pub-cache/hosted/pub.dev/provider-6.1.5/lib/src/change_notifier_provider.dart:98:30: Context: This is the type variable whose bound isn't conformed to.
  class ChangeNotifierProvider<T extends ChangeNotifier?>
                               ^
  test/screens/auth_screen_test.dart:126:71: Error: A value of type 'String' can't be returned from an async function with return type 'Future<GoogleSignInAccount?>'.
   - 'Future' is from 'dart:async'.
   - 'GoogleSignInAccount' is from 'package:google_sign_in/google_sign_in.dart' ('../../../../../.pub-cache/hosted/pub.dev/google_sign_in-6.3.0/lib/google_sign_in.dart').
          when(mockGoogleDriveService.signIn()).thenAnswer((_) async => 'mock_user');
                                                                        ^
  test/screens/auth_screen_test.dart:173:18: Error: A value of type 'String' can't be returned from an async function with return type 'Future<GoogleSignInAccount?>'.
   - 'Future' is from 'dart:async'.
   - 'GoogleSignInAccount' is from 'package:google_sign_in/google_sign_in.dart' ('../../../../../.pub-cache/hosted/pub.dev/google_sign_in-6.3.0/lib/google_sign_in.dart').
            return 'mock_user';
                   ^
  test/screens/auth_screen_test.dart:218:18: Error: A value of type 'String' can't be returned from an async function with return type 'Future<GoogleSignInAccount?>'.
   - 'Future' is from 'dart:async'.
   - 'GoogleSignInAccount' is from 'package:google_sign_in/google_sign_in.dart' ('../../../../../.pub-cache/hosted/pub.dev/google_sign_in-6.3.0/lib/google_sign_in.dart').
            return 'mock_user';
                   ^
  test/screens/auth_screen_test.dart:258:18: Error: A value of type 'String' can't be returned from an async function with return type 'Future<GoogleSignInAccount?>'.
   - 'Future' is from 'dart:async'.
   - 'GoogleSignInAccount' is from 'package:google_sign_in/google_sign_in.dart' ('../../../../../.pub-cache/hosted/pub.dev/google_sign_in-6.3.0/lib/google_sign_in.dart').
            return 'mock_user';
                   ^
  test/screens/auth_screen_test.dart:313:18: Error: A value of type 'String' can't be returned from an async function with return type 'Future<GoogleSignInAccount?>'.
   - 'Future' is from 'dart:async'.
   - 'GoogleSignInAccount' is from 'package:google_sign_in/google_sign_in.dart' ('../../../../../.pub-cache/hosted/pub.dev/google_sign_in-6.3.0/lib/google_sign_in.dart').
            return 'mock_user';
                   ^
  test/screens/auth_screen_test.dart:337:18: Error: A value of type 'String' can't be returned from an async function with return type 'Future<GoogleSignInAccount?>'.
   - 'Future' is from 'dart:async'.
   - 'GoogleSignInAccount' is from 'package:google_sign_in/google_sign_in.dart' ('../../../../../.pub-cache/hosted/pub.dev/google_sign_in-6.3.0/lib/google_sign_in.dart').
            return 'mock_user';
                   ^
  test/screens/auth_screen_test.dart:443:18: Error: A value of type 'String' can't be returned from an async function with return type 'Future<GoogleSignInAccount?>'.
   - 'Future' is from 'dart:async'.
   - 'GoogleSignInAccount' is from 'package:google_sign_in/google_sign_in.dart' ('../../../../../.pub-cache/hosted/pub.dev/google_sign_in-6.3.0/lib/google_sign_in.dart').
            return 'mock_user';
                   ^
  test/screens/auth_screen_test.dart:465:71: Error: A value of type 'String' can't be returned from an async function with return type 'Future<GoogleSignInAccount?>'.
   - 'Future' is from 'dart:async'.
   - 'GoogleSignInAccount' is from 'package:google_sign_in/google_sign_in.dart' ('../../../../../.pub-cache/hosted/pub.dev/google_sign_in-6.3.0/lib/google_sign_in.dart').
          when(mockGoogleDriveService.signIn()).thenAnswer((_) async => 'test_user');
                                                                        ^
  .
00:21 +153 -39: loading /Users/pranay/Projects/LLM/image/waste_seg/waste_segregation_app/test/integration/full_workflow_integration_test.dart [E]
  Error: the Dart compiler exited unexpectedly.
  package:flutter_tools/src/base/common.dart 34:3  throwToolExit
  package:flutter_tools/src/compile.dart 895:11    DefaultResidentCompiler._compile.<fn>
  dart:async/zone.dart 1538:47                     _rootRunUnary
  dart:async/future_impl.dart 932:45               Future._propagateToListeners.handleValueCallback
  dart:async/future_impl.dart 961:13               Future._propagateToListeners
  dart:async/future_impl.dart 846:9                Future._propagateToListeners
  dart:async/future_impl.dart 712:5                Future._completeWithValue
  dart:async/future_impl.dart 792:7                Future._asyncCompleteWithValue.<fn>
  dart:async/zone.dart 1525:13                     _rootRun
  dart:async/zone.dart 1422:19                     _CustomZone.run
  dart:async/zone.dart 1321:7                      _CustomZone.runGuarded
  dart:async/zone.dart 1362:23                     _CustomZone.bindCallbackGuarded.<fn>
  dart:async/schedule_microtask.dart 40:21         _microtaskLoop
  dart:async/schedule_microtask.dart 49:5          _startMicrotaskLoop
  dart:isolate-patch/isolate_patch.dart 128:13     _runPendingImmediateCallback
  dart:isolate-patch/isolate_patch.dart 195:5      _RawReceivePort._handleMessage
  
00:22 +153 -40: loading /Users/pranay/Projects/LLM/image/waste_seg/waste_segregation_app/test/screens/family_dashboard_screen_test.dart [E]
  Failed to load "/Users/pranay/Projects/LLM/image/waste_seg/waste_segregation_app/test/screens/family_dashboard_screen_test.dart":
  Compilation failed for testPath=/Users/pranay/Projects/LLM/image/waste_seg/waste_segregation_app/test/screens/family_dashboard_screen_test.dart: test/screens/family_dashboard_screen_test.mocks.dart:596:20: Error: The method 'MockStorageService.saveSettings' has fewer named arguments than those of overridden method 'StorageService.saveSettings'.
    _i5.Future<void> saveSettings({
                     ^
  lib/services/storage_service.dart:558:16: Context: This is the overridden method ('saveSettings').
    Future<void> saveSettings({
                 ^
  test/screens/family_dashboard_screen_test.mocks.dart:596:20: Error: The method 'MockStorageService.saveSettings' doesn't have the named parameter 'allowHistoryFeedback' of overridden method 'StorageService.saveSettings'.
    _i5.Future<void> saveSettings({
                     ^
  lib/services/storage_service.dart:558:16: Context: This is the overridden method ('saveSettings').
    Future<void> saveSettings({
                 ^
  test/screens/family_dashboard_screen_test.dart:48:62: Error: 'UserRole' is imported from both 'package:waste_segregation_app/models/enhanced_family.dart' and 'package:waste_segregation_app/models/user_profile.dart'.
      members: members ?? [FamilyMember(userId: 'user1', role: UserRole.admin, joinedAt: DateTime.now(), individualStats: UserStats.empty(), displayName: 'Test User')],
                                                               ^^^^^^^^
  test/screens/family_dashboard_screen_test.dart:47:5: Error: No named parameter with the name 'lastUpdated'.
      lastUpdated: DateTime.now(),
      ^^^^^^^^^^^
  lib/models/enhanced_family.dart:6:9: Context: Found this candidate, but the arguments don't match.
    const Family({
          ^^^^^^
  test/screens/family_dashboard_screen_test.dart:80:58: Error: Required named parameter 'hasUrgentTimeframe' must be provided.
        disposalInstructions: wc_model.DisposalInstructions(primaryMethod: 'Recycle bin', steps: ['Empty', 'Rinse']),
                                                           ^
  lib/models/waste_classification.dart:481:3: Context: Found this candidate, but the arguments don't match.
    DisposalInstructions({
    ^^^^^^^^^^^^^^^^^^^^
  test/screens/family_dashboard_screen_test.dart:75:49: Error: Required named parameter 'region' must be provided.
      classification: wc_model.WasteClassification(
                                                  ^
  lib/models/waste_classification.dart:6:3: Context: Found this candidate, but the arguments don't match.
    WasteClassification({
    ^^^^^^^^^^^^^^^^^^^
  test/screens/family_dashboard_screen_test.dart:139:31: Error: Member not found: 'textTheme'.
            textTheme: AppTheme.textTheme,
                                ^^^^^^^^^
  test/screens/family_dashboard_screen_test.dart:140:31: Error: Member not found: 'cardTheme'.
            cardTheme: AppTheme.cardTheme,
                                ^^^^^^^^^
  test/screens/family_dashboard_screen_test.dart:141:41: Error: Member not found: 'elevatedButtonTheme'.
            elevatedButtonTheme: AppTheme.elevatedButtonTheme,
                                          ^^^^^^^^^^^^^^^^^^^
  test/screens/family_dashboard_screen_test.dart:205:64: Error: No named parameter with the name 'totalClassifications'.
        final family = createMockFamily(name: 'Streamed Family', totalClassifications: 25, totalPoints: 250);
                                                                 ^^^^^^^^^^^^^^^^^^^^
  test/screens/family_dashboard_screen_test.dart:36:8: Context: Found this candidate, but the arguments don't match.
  Family createMockFamily({
         ^^^^^^^^^^^^^^^^
  test/screens/family_dashboard_screen_test.dart:259:44: Error: The argument type 'Null' can't be assigned to the parameter type 'Route<dynamic>' because 'Route<dynamic>' is not nullable.
   - 'Route' is from 'package:flutter/src/widgets/navigator.dart' ('../../../../adhoc_resources/flutter/packages/flutter/lib/src/widgets/navigator.dart').
        verify(mockNavigatorObserver.didPush(any, any));
                                             ^
  .
00:22 +153 -40: loading /Users/pranay/Projects/LLM/image/waste_seg/waste_segregation_app/test/integration/full_workflow_integration_test.dart [E]
  Error: the Dart compiler exited unexpectedly.
  package:flutter_tools/src/base/common.dart 34:3  throwToolExit
  package:flutter_tools/src/compile.dart 895:11    DefaultResidentCompiler._compile.<fn>
  dart:async/zone.dart 1538:47                     _rootRunUnary
  dart:async/future_impl.dart 932:45               Future._propagateToListeners.handleValueCallback
  dart:async/future_impl.dart 961:13               Future._propagateToListeners
  dart:async/future_impl.dart 846:9                Future._propagateToListeners
  dart:async/future_impl.dart 712:5                Future._completeWithValue
  dart:async/future_impl.dart 792:7                Future._asyncCompleteWithValue.<fn>
  dart:async/zone.dart 1525:13                     _rootRun
  dart:async/zone.dart 1422:19                     _CustomZone.run
  dart:async/zone.dart 1321:7                      _CustomZone.runGuarded
  dart:async/zone.dart 1362:23                     _CustomZone.bindCallbackGuarded.<fn>
  dart:async/schedule_microtask.dart 40:21         _microtaskLoop
  dart:async/schedule_microtask.dart 49:5          _startMicrotaskLoop
  dart:isolate-patch/isolate_patch.dart 128:13     _runPendingImmediateCallback
  dart:isolate-patch/isolate_patch.dart 195:5      _RawReceivePort._handleMessage
  
00:28 +153 -40: /Users/pranay/Projects/LLM/image/waste_seg/waste_segregation_app/test/performance/comprehensive_performance_test.dart: Comprehensive Performance Tests (setUpAll)
00:28 +153 -40: /Users/pranay/Projects/LLM/image/waste_seg/waste_segregation_app/test/performance/comprehensive_performance_test.dart: Comprehensive Performance Tests Screen Loading Performance Home screen loads within 1 second
Error loading gamification data: Error: Could not find the correct Provider<GamificationService> above this HomeScreen Widget

This happens because you used a `BuildContext` that does not include the provider
of your choice. There are a few common scenarios:

- You added a new provider in your `main.dart` and performed a hot-reload.
  To fix, perform a hot-restart.

- The provider you are trying to read is in a different route.

  Providers are "scoped". So if you insert of provider inside a route, then
  other routes will not be able to access that provider.

- You used a `BuildContext` that is an ancestor of the provider you are trying to read.

  Make sure that HomeScreen is under your MultiProvider/Provider<GamificationService>.
  This usually happens when you are creating a provider and trying to read it immediately.

  For example, instead of:

  ```
  Widget build(BuildContext context) {
    return Provider<Example>(
      create: (_) => Example(),
      // Will throw a ProviderNotFoundError, because `context` is associated
      // to the widget that is the parent of `Provider<Example>`
      child: Text(context.watch<Example>().toString()),
    );
  }
  ```

  consider using `builder` like so:

  ```
  Widget build(BuildContext context) {
    return Provider<Example>(
      create: (_) => Example(),
      // we use `builder` to obtain a new `BuildContext` that has access to the provider
      builder: (context, child) {
        // No longer throws
        return Text(context.watch<Example>().toString());
      }
    );
  }
  ```

If none of these solutions work, consider asking for help on StackOverflow:
https://stackoverflow.com/questions/tagged/flutter

00:29 +153 -41: /Users/pranay/Projects/LLM/image/waste_seg/waste_segregation_app/test/performance/comprehensive_performance_test.dart: Comprehensive Performance Tests Screen Loading Performance Home screen loads within 1 second
00:29 +153 -41: /Users/pranay/Projects/LLM/image/waste_seg/waste_segregation_app/test/flows/classification_flow_test.dart: Waste Classification Flow Integration Tests Full Classification Flow should successfully process complete classification workflow [E]
  type 'Null' is not a subtype of type 'Future<GamificationProfile>'
  test/flows/classification_flow_test.dart 14:7   MockGamificationService.getProfile
  test/flows/classification_flow_test.dart 70:38  main.<fn>.<fn>.<fn>
  
00:29 +154 -41: /Users/pranay/Projects/LLM/image/waste_seg/waste_segregation_app/test/performance/comprehensive_performance_test.dart: Comprehensive Performance Tests Screen Loading Performance Home screen loads within 1 second
00:29 +155 -41: /Users/pranay/Projects/LLM/image/waste_seg/waste_segregation_app/test/performance/comprehensive_performance_test.dart: Comprehensive Performance Tests Screen Loading Performance Home screen loads within 1 second
00:29 +155 -42: /Users/pranay/Projects/LLM/image/waste_seg/waste_segregation_app/test/performance/comprehensive_performance_test.dart: Comprehensive Performance Tests Screen Loading Performance Home screen loads within 1 second
00:29 +155 -42: /Users/pranay/Projects/LLM/image/waste_seg/waste_segregation_app/test/flows/classification_flow_test.dart: Waste Classification Flow Integration Tests Gamification Integration should award points for successful classification [E]
  Bad state: Cannot call `when` within a stub response
  package:mockito/src/mock.dart 1207:5            when
  test/flows/classification_flow_test.dart 160:9  main.<fn>.<fn>.<fn>
  
00:29 +156 -42: /Users/pranay/Projects/LLM/image/waste_seg/waste_segregation_app/test/performance/comprehensive_performance_test.dart: Comprehensive Performance Tests Screen Loading Performance Home screen loads within 1 second
00:29 +157 -42: /Users/pranay/Projects/LLM/image/waste_seg/waste_segregation_app/test/performance/comprehensive_performance_test.dart: Comprehensive Performance Tests Screen Loading Performance Home screen loads within 1 second
00:29 +158 -42: /Users/pranay/Projects/LLM/image/waste_seg/waste_segregation_app/test/performance/comprehensive_performance_test.dart: Comprehensive Performance Tests Screen Loading Performance Home screen loads within 1 second
00:29 +159 -42: /Users/pranay/Projects/LLM/image/waste_seg/waste_segregation_app/test/performance/comprehensive_performance_test.dart: Comprehensive Performance Tests Screen Loading Performance Home screen loads within 1 second
00:29 +160 -42: /Users/pranay/Projects/LLM/image/waste_seg/waste_segregation_app/test/performance/comprehensive_performance_test.dart: Comprehensive Performance Tests Screen Loading Performance Home screen loads within 1 second
00:29 +161 -42: /Users/pranay/Projects/LLM/image/waste_seg/waste_segregation_app/test/performance/comprehensive_performance_test.dart: Comprehensive Performance Tests Screen Loading Performance Home screen loads within 1 second
00:29 +162 -42: /Users/pranay/Projects/LLM/image/waste_seg/waste_segregation_app/test/performance/comprehensive_performance_test.dart: Comprehensive Performance Tests Screen Loading Performance Home screen loads within 1 second
00:29 +163 -42: /Users/pranay/Projects/LLM/image/waste_seg/waste_segregation_app/test/performance/comprehensive_performance_test.dart: Comprehensive Performance Tests Screen Loading Performance Home screen loads within 1 second
══╡ EXCEPTION CAUGHT BY WIDGETS LIBRARY ╞═══════════════════════════════════════════════════════════
The following ProviderNotFoundException was thrown building HomeScreen(dirty, state:
_HomeScreenState#bd5d6):
Error: Could not find the correct Provider<AdService> above this HomeScreen Widget

This happens because you used a `BuildContext` that does not include the provider
of your choice. There are a few common scenarios:

- You added a new provider in your `main.dart` and performed a hot-reload.
  To fix, perform a hot-restart.

- The provider you are trying to read is in a different route.

  Providers are "scoped". So if you insert of provider inside a route, then
  other routes will not be able to access that provider.

- You used a `BuildContext` that is an ancestor of the provider you are trying to read.

  Make sure that HomeScreen is under your MultiProvider/Provider<AdService>.
  This usually happens when you are creating a provider and trying to read it immediately.

  For example, instead of:

  ```
  Widget build(BuildContext context) {
    return Provider<Example>(
      create: (_) => Example(),
      // Will throw a ProviderNotFoundError, because `context` is associated
      // to the widget that is the parent of `Provider<Example>`
      child: Text(context.watch<Example>().toString()),
    );
  }
  ```

  consider using `builder` like so:

  ```
  Widget build(BuildContext context) {
    return Provider<Example>(
      create: (_) => Example(),
      // we use `builder` to obtain a new `BuildContext` that has access to the provider
      builder: (context, child) {
        // No longer throws
        return Text(context.watch<Example>().toString());
      }
    );
  }
  ```

If none of these solutions work, consider asking for help on StackOverflow:
https://stackoverflow.com/questions/tagged/flutter

The relevant error-causing widget was:
  HomeScreen
  HomeScreen:file:///Users/pranay/Projects/LLM/image/waste_seg/waste_segregation_app/test/performance/comprehensive_performance_test.dart:25:19

When the exception was thrown, this was the stack:
#0      Provider._inheritedElementOf (package:provider/src/provider.dart:377:7)
#1      Provider.of (package:provider/src/provider.dart:327:30)
#2      _HomeScreenState.build (package:waste_segregation_app/screens/home_screen.dart:1111:32)
#3      StatefulElement.build (package:flutter/src/widgets/framework.dart:5841:27)
#4      ComponentElement.performRebuild (package:flutter/src/widgets/framework.dart:5733:15)
#5      StatefulElement.performRebuild (package:flutter/src/widgets/framework.dart:5892:11)
#6      Element.rebuild (package:flutter/src/widgets/framework.dart:5445:7)
#7      ComponentElement._firstBuild (package:flutter/src/widgets/framework.dart:5715:5)
#8      StatefulElement._firstBuild (package:flutter/src/widgets/framework.dart:5883:11)
#9      ComponentElement.mount (package:flutter/src/widgets/framework.dart:5709:5)
...     Normal element mounting (228 frames)
#237    Element.inflateWidget (package:flutter/src/widgets/framework.dart:4555:16)
#238    MultiChildRenderObjectElement.inflateWidget (package:flutter/src/widgets/framework.dart:7178:36)
#239    MultiChildRenderObjectElement.mount (package:flutter/src/widgets/framework.dart:7194:32)
...     Normal element mounting (457 frames)
#696    Element.inflateWidget (package:flutter/src/widgets/framework.dart:4555:16)
#697    Element.updateChild (package:flutter/src/widgets/framework.dart:4014:20)
#698    ComponentElement.performRebuild (package:flutter/src/widgets/framework.dart:5756:16)
#699    Element.rebuild (package:flutter/src/widgets/framework.dart:5445:7)
#700    ProxyElement.update (package:flutter/src/widgets/framework.dart:6059:5)
#701    _InheritedNotifierElement.update (package:flutter/src/widgets/inherited_notifier.dart:108:11)
#702    Element.updateChild (package:flutter/src/widgets/framework.dart:3998:15)
#703    ComponentElement.performRebuild (package:flutter/src/widgets/framework.dart:5756:16)
#704    StatefulElement.performRebuild (package:flutter/src/widgets/framework.dart:5892:11)
#705    Element.rebuild (package:flutter/src/widgets/framework.dart:5445:7)
#706    StatefulElement.update (package:flutter/src/widgets/framework.dart:5917:5)
#707    Element.updateChild (package:flutter/src/widgets/framework.dart:3998:15)
#708    ComponentElement.performRebuild (package:flutter/src/widgets/framework.dart:5756:16)
#709    Element.rebuild (package:flutter/src/widgets/framework.dart:5445:7)
#710    ProxyElement.update (package:flutter/src/widgets/framework.dart:6059:5)
#711    _InheritedNotifierElement.update (package:flutter/src/widgets/inherited_notifier.dart:108:11)
#712    Element.updateChild (package:flutter/src/widgets/framework.dart:3998:15)
#713    ComponentElement.performRebuild (package:flutter/src/widgets/framework.dart:5756:16)
#714    StatefulElement.performRebuild (package:flutter/src/widgets/framework.dart:5892:11)
#715    Element.rebuild (package:flutter/src/widgets/framework.dart:5445:7)
#716    StatefulElement.update (package:flutter/src/widgets/framework.dart:5917:5)
#717    Element.updateChild (package:flutter/src/widgets/framework.dart:3998:15)
#718    ComponentElement.performRebuild (package:flutter/src/widgets/framework.dart:5756:16)
#719    StatefulElement.performRebuild (package:flutter/src/widgets/framework.dart:5892:11)
#720    Element.rebuild (package:flutter/src/widgets/framework.dart:5445:7)
#721    StatefulElement.update (package:flutter/src/widgets/framework.dart:5917:5)
#722    Element.updateChild (package:flutter/src/widgets/framework.dart:3998:15)
#723    ComponentElement.performRebuild (package:flutter/src/widgets/framework.dart:5756:16)
#724    Element.rebuild (package:flutter/src/widgets/framework.dart:5445:7)
#725    ProxyElement.update (package:flutter/src/widgets/framework.dart:6059:5)
#726    Element.updateChild (package:flutter/src/widgets/framework.dart:3998:15)
#727    ComponentElement.performRebuild (package:flutter/src/widgets/framework.dart:5756:16)
#728    StatefulElement.performRebuild (package:flutter/src/widgets/framework.dart:5892:11)
#729    Element.rebuild (package:flutter/src/widgets/framework.dart:5445:7)
#730    StatefulElement.update (package:flutter/src/widgets/framework.dart:5917:5)
#731    Element.updateChild (package:flutter/src/widgets/framework.dart:3998:15)
#732    ComponentElement.performRebuild (package:flutter/src/widgets/framework.dart:5756:16)
#733    Element.rebuild (package:flutter/src/widgets/framework.dart:5445:7)
#734    ProxyElement.update (package:flutter/src/widgets/framework.dart:6059:5)
#735    Element.updateChild (package:flutter/src/widgets/framework.dart:3998:15)
#736    ComponentElement.performRebuild (package:flutter/src/widgets/framework.dart:5756:16)
#737    Element.rebuild (package:flutter/src/widgets/framework.dart:5445:7)
#738    ProxyElement.update (package:flutter/src/widgets/framework.dart:6059:5)
#739    Element.updateChild (package:flutter/src/widgets/framework.dart:3998:15)
#740    _RawViewElement._updateChild (package:flutter/src/widgets/view.dart:481:16)
#741    _RawViewElement.update (package:flutter/src/widgets/view.dart:569:5)
#742    Element.updateChild (package:flutter/src/widgets/framework.dart:3998:15)
#743    ComponentElement.performRebuild (package:flutter/src/widgets/framework.dart:5756:16)
#744    Element.rebuild (package:flutter/src/widgets/framework.dart:5445:7)
#745    StatelessElement.update (package:flutter/src/widgets/framework.dart:5805:5)
#746    Element.updateChild (package:flutter/src/widgets/framework.dart:3998:15)
#747    ComponentElement.performRebuild (package:flutter/src/widgets/framework.dart:5756:16)
#748    StatefulElement.performRebuild (package:flutter/src/widgets/framework.dart:5892:11)
#749    Element.rebuild (package:flutter/src/widgets/framework.dart:5445:7)
#750    StatefulElement.update (package:flutter/src/widgets/framework.dart:5917:5)
#751    Element.updateChild (package:flutter/src/widgets/framework.dart:3998:15)
#752    RootElement._rebuild (package:flutter/src/widgets/binding.dart:1687:16)
#753    RootElement.update (package:flutter/src/widgets/binding.dart:1665:5)
#754    RootElement.performRebuild (package:flutter/src/widgets/binding.dart:1679:7)
#755    Element.rebuild (package:flutter/src/widgets/framework.dart:5445:7)
#756    BuildScope._tryRebuild (package:flutter/src/widgets/framework.dart:2704:15)
#757    BuildScope._flushDirtyElements (package:flutter/src/widgets/framework.dart:2762:11)
#758    BuildOwner.buildScope (package:flutter/src/widgets/framework.dart:3066:18)
#759    AutomatedTestWidgetsFlutterBinding.drawFrame (package:flutter_test/src/binding.dart:1495:19)
#760    RendererBinding._handlePersistentFrameCallback (package:flutter/src/rendering/binding.dart:482:5)
#761    SchedulerBinding._invokeFrameCallback (package:flutter/src/scheduler/binding.dart:1442:15)
#762    SchedulerBinding.handleDrawFrame (package:flutter/src/scheduler/binding.dart:1355:9)
#763    AutomatedTestWidgetsFlutterBinding.pump.<anonymous closure> (package:flutter_test/src/binding.dart:1340:9)
#766    TestAsyncUtils.guard (package:flutter_test/src/test_async_utils.dart:74:41)
#767    AutomatedTestWidgetsFlutterBinding.pump (package:flutter_test/src/binding.dart:1329:27)
#768    WidgetTester.pumpWidget.<anonymous closure> (package:flutter_test/src/widget_tester.dart:599:22)
#771    TestAsyncUtils.guard (package:flutter_test/src/test_async_utils.dart:74:41)
#772    WidgetTester.pumpWidget (package:flutter_test/src/widget_tester.dart:596:27)
#773    main.<anonymous closure>.<anonymous closure>.<anonymous closure> (file:///Users/pranay/Projects/LLM/image/waste_seg/waste_segregation_app/test/performance/comprehensive_performance_test.dart:23:22)
#774    testWidgets.<anonymous closure>.<anonymous closure> (package:flutter_test/src/widget_tester.dart:193:29)
<asynchronous suspension>
#775    TestWidgetsFlutterBinding._runTestBody (package:flutter_test/src/binding.dart:1064:5)
<asynchronous suspension>
<asynchronous suspension>
(elided 5 frames from dart:async and package:stack_trace)

════════════════════════════════════════════════════════════════════════════════════════════════════
══╡ EXCEPTION CAUGHT BY FLUTTER TEST FRAMEWORK ╞════════════════════════════════════════════════════
The following ProviderNotFoundException was thrown running a test:
Error: Could not find the correct Provider<StorageService> above this HomeScreen Widget

This happens because you used a `BuildContext` that does not include the provider
of your choice. There are a few common scenarios:

- You added a new provider in your `main.dart` and performed a hot-reload.
  To fix, perform a hot-restart.

- The provider you are trying to read is in a different route.

  Providers are "scoped". So if you insert of provider inside a route, then
  other routes will not be able to access that provider.

- You used a `BuildContext` that is an ancestor of the provider you are trying to read.

  Make sure that HomeScreen is under your MultiProvider/Provider<StorageService>.
  This usually happens when you are creating a provider and trying to read it immediately.

  For example, instead of:

  ```
  Widget build(BuildContext context) {
    return Provider<Example>(
      create: (_) => Example(),
      // Will throw a ProviderNotFoundError, because `context` is associated
      // to the widget that is the parent of `Provider<Example>`
      child: Text(context.watch<Example>().toString()),
    );
  }
  ```

  consider using `builder` like so:

  ```
  Widget build(BuildContext context) {
    return Provider<Example>(
      create: (_) => Example(),
      // we use `builder` to obtain a new `BuildContext` that has access to the provider
      builder: (context, child) {
        // No longer throws
        return Text(context.watch<Example>().toString());
      }
    );
  }
  ```

If none of these solutions work, consider asking for help on StackOverflow:
https://stackoverflow.com/questions/tagged/flutter

When the exception was thrown, this was the stack:
#0      Provider._inheritedElementOf (package:provider/src/provider.dart:377:7)
#1      Provider.of (package:provider/src/provider.dart:327:30)
#2      _HomeScreenState._loadUserData (package:waste_segregation_app/screens/home_screen.dart:120:37)
#3      _HomeScreenState.initState (package:waste_segregation_app/screens/home_screen.dart:63:5)
#4      StatefulElement._firstBuild (package:flutter/src/widgets/framework.dart:5860:55)
#5      ComponentElement.mount (package:flutter/src/widgets/framework.dart:5709:5)
...     Normal element mounting (228 frames)
#233    Element.inflateWidget (package:flutter/src/widgets/framework.dart:4555:16)
#234    MultiChildRenderObjectElement.inflateWidget (package:flutter/src/widgets/framework.dart:7178:36)
#235    MultiChildRenderObjectElement.mount (package:flutter/src/widgets/framework.dart:7194:32)
...     Normal element mounting (457 frames)
#692    Element.inflateWidget (package:flutter/src/widgets/framework.dart:4555:16)
#693    Element.updateChild (package:flutter/src/widgets/framework.dart:4014:20)
#694    ComponentElement.performRebuild (package:flutter/src/widgets/framework.dart:5756:16)
#695    Element.rebuild (package:flutter/src/widgets/framework.dart:5445:7)
#696    ProxyElement.update (package:flutter/src/widgets/framework.dart:6059:5)
#697    _InheritedNotifierElement.update (package:flutter/src/widgets/inherited_notifier.dart:108:11)
#698    Element.updateChild (package:flutter/src/widgets/framework.dart:3998:15)
#699    ComponentElement.performRebuild (package:flutter/src/widgets/framework.dart:5756:16)
#700    StatefulElement.performRebuild (package:flutter/src/widgets/framework.dart:5892:11)
#701    Element.rebuild (package:flutter/src/widgets/framework.dart:5445:7)
#702    StatefulElement.update (package:flutter/src/widgets/framework.dart:5917:5)
#703    Element.updateChild (package:flutter/src/widgets/framework.dart:3998:15)
#704    ComponentElement.performRebuild (package:flutter/src/widgets/framework.dart:5756:16)
#705    Element.rebuild (package:flutter/src/widgets/framework.dart:5445:7)
#706    ProxyElement.update (package:flutter/src/widgets/framework.dart:6059:5)
#707    _InheritedNotifierElement.update (package:flutter/src/widgets/inherited_notifier.dart:108:11)
#708    Element.updateChild (package:flutter/src/widgets/framework.dart:3998:15)
#709    ComponentElement.performRebuild (package:flutter/src/widgets/framework.dart:5756:16)
#710    StatefulElement.performRebuild (package:flutter/src/widgets/framework.dart:5892:11)
#711    Element.rebuild (package:flutter/src/widgets/framework.dart:5445:7)
#712    StatefulElement.update (package:flutter/src/widgets/framework.dart:5917:5)
#713    Element.updateChild (package:flutter/src/widgets/framework.dart:3998:15)
#714    ComponentElement.performRebuild (package:flutter/src/widgets/framework.dart:5756:16)
#715    StatefulElement.performRebuild (package:flutter/src/widgets/framework.dart:5892:11)
#716    Element.rebuild (package:flutter/src/widgets/framework.dart:5445:7)
#717    StatefulElement.update (package:flutter/src/widgets/framework.dart:5917:5)
#718    Element.updateChild (package:flutter/src/widgets/framework.dart:3998:15)
#719    ComponentElement.performRebuild (package:flutter/src/widgets/framework.dart:5756:16)
#720    Element.rebuild (package:flutter/src/widgets/framework.dart:5445:7)
#721    ProxyElement.update (package:flutter/src/widgets/framework.dart:6059:5)
#722    Element.updateChild (package:flutter/src/widgets/framework.dart:3998:15)
#723    ComponentElement.performRebuild (package:flutter/src/widgets/framework.dart:5756:16)
#724    StatefulElement.performRebuild (package:flutter/src/widgets/framework.dart:5892:11)
#725    Element.rebuild (package:flutter/src/widgets/framework.dart:5445:7)
#726    StatefulElement.update (package:flutter/src/widgets/framework.dart:5917:5)
#727    Element.updateChild (package:flutter/src/widgets/framework.dart:3998:15)
#728    ComponentElement.performRebuild (package:flutter/src/widgets/framework.dart:5756:16)
#729    Element.rebuild (package:flutter/src/widgets/framework.dart:5445:7)
#730    ProxyElement.update (package:flutter/src/widgets/framework.dart:6059:5)
#731    Element.updateChild (package:flutter/src/widgets/framework.dart:3998:15)
#732    ComponentElement.performRebuild (package:flutter/src/widgets/framework.dart:5756:16)
#733    Element.rebuild (package:flutter/src/widgets/framework.dart:5445:7)
#734    ProxyElement.update (package:flutter/src/widgets/framework.dart:6059:5)
#735    Element.updateChild (package:flutter/src/widgets/framework.dart:3998:15)
#736    _RawViewElement._updateChild (package:flutter/src/widgets/view.dart:481:16)
#737    _RawViewElement.update (package:flutter/src/widgets/view.dart:569:5)
#738    Element.updateChild (package:flutter/src/widgets/framework.dart:3998:15)
#739    ComponentElement.performRebuild (package:flutter/src/widgets/framework.dart:5756:16)
#740    Element.rebuild (package:flutter/src/widgets/framework.dart:5445:7)
#741    StatelessElement.update (package:flutter/src/widgets/framework.dart:5805:5)
#742    Element.updateChild (package:flutter/src/widgets/framework.dart:3998:15)
#743    ComponentElement.performRebuild (package:flutter/src/widgets/framework.dart:5756:16)
#744    StatefulElement.performRebuild (package:flutter/src/widgets/framework.dart:5892:11)
#745    Element.rebuild (package:flutter/src/widgets/framework.dart:5445:7)
#746    StatefulElement.update (package:flutter/src/widgets/framework.dart:5917:5)
#747    Element.updateChild (package:flutter/src/widgets/framework.dart:3998:15)
#748    RootElement._rebuild (package:flutter/src/widgets/binding.dart:1687:16)
#749    RootElement.update (package:flutter/src/widgets/binding.dart:1665:5)
#750    RootElement.performRebuild (package:flutter/src/widgets/binding.dart:1679:7)
#751    Element.rebuild (package:flutter/src/widgets/framework.dart:5445:7)
#752    BuildScope._tryRebuild (package:flutter/src/widgets/framework.dart:2704:15)
#753    BuildScope._flushDirtyElements (package:flutter/src/widgets/framework.dart:2762:11)
#754    BuildOwner.buildScope (package:flutter/src/widgets/framework.dart:3066:18)
#755    AutomatedTestWidgetsFlutterBinding.drawFrame (package:flutter_test/src/binding.dart:1495:19)
#756    RendererBinding._handlePersistentFrameCallback (package:flutter/src/rendering/binding.dart:482:5)
#757    SchedulerBinding._invokeFrameCallback (package:flutter/src/scheduler/binding.dart:1442:15)
#758    SchedulerBinding.handleDrawFrame (package:flutter/src/scheduler/binding.dart:1355:9)
#759    AutomatedTestWidgetsFlutterBinding.pump.<anonymous closure> (package:flutter_test/src/binding.dart:1340:9)
#762    TestAsyncUtils.guard (package:flutter_test/src/test_async_utils.dart:74:41)
#763    AutomatedTestWidgetsFlutterBinding.pump (package:flutter_test/src/binding.dart:1329:27)
#764    WidgetTester.pumpWidget.<anonymous closure> (package:flutter_test/src/widget_tester.dart:599:22)
#767    TestAsyncUtils.guard (package:flutter_test/src/test_async_utils.dart:74:41)
#768    WidgetTester.pumpWidget (package:flutter_test/src/widget_tester.dart:596:27)
#769    main.<anonymous closure>.<anonymous closure>.<anonymous closure> (file:///Users/pranay/Projects/LLM/image/waste_seg/waste_segregation_app/test/performance/comprehensive_performance_test.dart:23:22)
#770    testWidgets.<anonymous closure>.<anonymous closure> (package:flutter_test/src/widget_tester.dart:193:29)
<asynchronous suspension>
#771    TestWidgetsFlutterBinding._runTestBody (package:flutter_test/src/binding.dart:1064:5)
<asynchronous suspension>
<asynchronous suspension>
(elided 5 frames from dart:async and package:stack_trace)

The test description was:
  Home screen loads within 1 second
════════════════════════════════════════════════════════════════════════════════════════════════════
══╡ EXCEPTION CAUGHT BY FLUTTER TEST FRAMEWORK ╞════════════════════════════════════════════════════
The following message was thrown:
Multiple exceptions (2) were detected during the running of the current test, and at least one was
unexpected.
════════════════════════════════════════════════════════════════════════════════════════════════════
00:29 +163 -43: /Users/pranay/Projects/LLM/image/waste_seg/waste_segregation_app/test/ui_overflow_fixes_test.dart: UI Overflow Fixes Tests Classification feedback chips handle overflow correctly
00:29 +163 -43: /Users/pranay/Projects/LLM/image/waste_seg/waste_segregation_app/test/performance/comprehensive_performance_test.dart: Comprehensive Performance Tests Screen Loading Performance Home screen loads within 1 second [E]
  Test failed. See exception logs above.
  The test description was: Home screen loads within 1 second
  
══╡ EXCEPTION CAUGHT BY FLUTTER TEST FRAMEWORK ╞════════════════════════════════════════════════════
The following assertion was thrown running a test (but after the test had completed):
dependOnInheritedWidgetOfExactType<_ScaffoldMessengerScope>() or dependOnInheritedElement() was
called before _HomeScreenState.initState() completed.
When an inherited widget changes, for example if the value of Theme.of() changes, its dependent
widgets are rebuilt. If the dependent widget's reference to the inherited widget is in a constructor
or an initState() method, then the rebuilt dependent widget will not reflect the changes in the
inherited widget.
Typically references to inherited widgets should occur in widget build() methods. Alternatively,
initialization based on inherited widgets can be placed in the didChangeDependencies method, which
is called after initState and whenever the dependencies change thereafter.

When the exception was thrown, this was the stack:
#0      StatefulElement.dependOnInheritedElement.<anonymous closure> (package:flutter/src/widgets/framework.dart:5964:9)
#1      StatefulElement.dependOnInheritedElement (package:flutter/src/widgets/framework.dart:6011:6)
#2      Element.dependOnInheritedWidgetOfExactType (package:flutter/src/widgets/framework.dart:5000:14)
#3      ScaffoldMessenger.of (package:flutter/src/material/scaffold.dart:159:17)
#4      _HomeScreenState._loadRecentClassifications (package:waste_segregation_app/screens/home_screen.dart:155:27)
#5      _HomeScreenState.initState (package:waste_segregation_app/screens/home_screen.dart:64:5)
#6      StatefulElement._firstBuild (package:flutter/src/widgets/framework.dart:5860:55)
#7      ComponentElement.mount (package:flutter/src/widgets/framework.dart:5709:5)
...     Normal element mounting (228 frames)
#235    Element.inflateWidget (package:flutter/src/widgets/framework.dart:4555:16)
#236    MultiChildRenderObjectElement.inflateWidget (package:flutter/src/widgets/framework.dart:7178:36)
#237    MultiChildRenderObjectElement.mount (package:flutter/src/widgets/framework.dart:7194:32)
...     Normal element mounting (457 frames)
#694    Element.inflateWidget (package:flutter/src/widgets/framework.dart:4555:16)
#695    Element.updateChild (package:flutter/src/widgets/framework.dart:4014:20)
#696    ComponentElement.performRebuild (package:flutter/src/widgets/framework.dart:5756:16)
#697    Element.rebuild (package:flutter/src/widgets/framework.dart:5445:7)
#698    ProxyElement.update (package:flutter/src/widgets/framework.dart:6059:5)
#699    _InheritedNotifierElement.update (package:flutter/src/widgets/inherited_notifier.dart:108:11)
#700    Element.updateChild (package:flutter/src/widgets/framework.dart:3998:15)
#701    ComponentElement.performRebuild (package:flutter/src/widgets/framework.dart:5756:16)
#702    StatefulElement.performRebuild (package:flutter/src/widgets/framework.dart:5892:11)
#703    Element.rebuild (package:flutter/src/widgets/framework.dart:5445:7)
#704    StatefulElement.update (package:flutter/src/widgets/framework.dart:5917:5)
#705    Element.updateChild (package:flutter/src/widgets/framework.dart:3998:15)
#706    ComponentElement.performRebuild (package:flutter/src/widgets/framework.dart:5756:16)
#707    Element.rebuild (package:flutter/src/widgets/framework.dart:5445:7)
#708    ProxyElement.update (package:flutter/src/widgets/framework.dart:6059:5)
#709    _InheritedNotifierElement.update (package:flutter/src/widgets/inherited_notifier.dart:108:11)
#710    Element.updateChild (package:flutter/src/widgets/framework.dart:3998:15)
#711    ComponentElement.performRebuild (package:flutter/src/widgets/framework.dart:5756:16)
#712    StatefulElement.performRebuild (package:flutter/src/widgets/framework.dart:5892:11)
#713    Element.rebuild (package:flutter/src/widgets/framework.dart:5445:7)
#714    StatefulElement.update (package:flutter/src/widgets/framework.dart:5917:5)
#715    Element.updateChild (package:flutter/src/widgets/framework.dart:3998:15)
#716    ComponentElement.performRebuild (package:flutter/src/widgets/framework.dart:5756:16)
#717    StatefulElement.performRebuild (package:flutter/src/widgets/framework.dart:5892:11)
#718    Element.rebuild (package:flutter/src/widgets/framework.dart:5445:7)
#719    StatefulElement.update (package:flutter/src/widgets/framework.dart:5917:5)
#720    Element.updateChild (package:flutter/src/widgets/framework.dart:3998:15)
#721    ComponentElement.performRebuild (package:flutter/src/widgets/framework.dart:5756:16)
#722    Element.rebuild (package:flutter/src/widgets/framework.dart:5445:7)
#723    ProxyElement.update (package:flutter/src/widgets/framework.dart:6059:5)
#724    Element.updateChild (package:flutter/src/widgets/framework.dart:3998:15)
#725    ComponentElement.performRebuild (package:flutter/src/widgets/framework.dart:5756:16)
#726    StatefulElement.performRebuild (package:flutter/src/widgets/framework.dart:5892:11)
#727    Element.rebuild (package:flutter/src/widgets/framework.dart:5445:7)
#728    StatefulElement.update (package:flutter/src/widgets/framework.dart:5917:5)
#729    Element.updateChild (package:flutter/src/widgets/framework.dart:3998:15)
#730    ComponentElement.performRebuild (package:flutter/src/widgets/framework.dart:5756:16)
#731    Element.rebuild (package:flutter/src/widgets/framework.dart:5445:7)
#732    ProxyElement.update (package:flutter/src/widgets/framework.dart:6059:5)
#733    Element.updateChild (package:flutter/src/widgets/framework.dart:3998:15)
#734    ComponentElement.performRebuild (package:flutter/src/widgets/framework.dart:5756:16)
#735    Element.rebuild (package:flutter/src/widgets/framework.dart:5445:7)
#736    ProxyElement.update (package:flutter/src/widgets/framework.dart:6059:5)
#737    Element.updateChild (package:flutter/src/widgets/framework.dart:3998:15)
#738    _RawViewElement._updateChild (package:flutter/src/widgets/view.dart:481:16)
#739    _RawViewElement.update (package:flutter/src/widgets/view.dart:569:5)
#740    Element.updateChild (package:flutter/src/widgets/framework.dart:3998:15)
#741    ComponentElement.performRebuild (package:flutter/src/widgets/framework.dart:5756:16)
#742    Element.rebuild (package:flutter/src/widgets/framework.dart:5445:7)
#743    StatelessElement.update (package:flutter/src/widgets/framework.dart:5805:5)
#744    Element.updateChild (package:flutter/src/widgets/framework.dart:3998:15)
#745    ComponentElement.performRebuild (package:flutter/src/widgets/framework.dart:5756:16)
#746    StatefulElement.performRebuild (package:flutter/src/widgets/framework.dart:5892:11)
#747    Element.rebuild (package:flutter/src/widgets/framework.dart:5445:7)
#748    StatefulElement.update (package:flutter/src/widgets/framework.dart:5917:5)
#749    Element.updateChild (package:flutter/src/widgets/framework.dart:3998:15)
#750    RootElement._rebuild (package:flutter/src/widgets/binding.dart:1687:16)
#751    RootElement.update (package:flutter/src/widgets/binding.dart:1665:5)
#752    RootElement.performRebuild (package:flutter/src/widgets/binding.dart:1679:7)
#753    Element.rebuild (package:flutter/src/widgets/framework.dart:5445:7)
#754    BuildScope._tryRebuild (package:flutter/src/widgets/framework.dart:2704:15)
#755    BuildScope._flushDirtyElements (package:flutter/src/widgets/framework.dart:2762:11)
#756    BuildOwner.buildScope (package:flutter/src/widgets/framework.dart:3066:18)
#757    AutomatedTestWidgetsFlutterBinding.drawFrame (package:flutter_test/src/binding.dart:1495:19)
#758    RendererBinding._handlePersistentFrameCallback (package:flutter/src/rendering/binding.dart:482:5)
#759    SchedulerBinding._invokeFrameCallback (package:flutter/src/scheduler/binding.dart:1442:15)
#760    SchedulerBinding.handleDrawFrame (package:flutter/src/scheduler/binding.dart:1355:9)
#761    AutomatedTestWidgetsFlutterBinding.pump.<anonymous closure> (package:flutter_test/src/binding.dart:1340:9)
#764    TestAsyncUtils.guard (package:flutter_test/src/test_async_utils.dart:74:41)
#765    AutomatedTestWidgetsFlutterBinding.pump (package:flutter_test/src/binding.dart:1329:27)
#766    WidgetTester.pumpWidget.<anonymous closure> (package:flutter_test/src/widget_tester.dart:599:22)
#769    TestAsyncUtils.guard (package:flutter_test/src/test_async_utils.dart:74:41)
#770    WidgetTester.pumpWidget (package:flutter_test/src/widget_tester.dart:596:27)
#771    main.<anonymous closure>.<anonymous closure>.<anonymous closure> (file:///Users/pranay/Projects/LLM/image/waste_seg/waste_segregation_app/test/performance/comprehensive_performance_test.dart:23:22)
#772    testWidgets.<anonymous closure>.<anonymous closure> (package:flutter_test/src/widget_tester.dart:193:29)
<asynchronous suspension>
#773    TestWidgetsFlutterBinding._runTestBody (package:flutter_test/src/binding.dart:1064:5)
<asynchronous suspension>
<asynchronous suspension>
(elided 5 frames from dart:async and package:stack_trace)
════════════════════════════════════════════════════════════════════════════════════════════════════
  Test failed. See exception logs above.
  The test description was: Home screen loads within 1 second
  
══╡ EXCEPTION CAUGHT BY FLUTTER TEST FRAMEWORK ╞════════════════════════════════════════════════════
The following assertion was thrown running a test (but after the test had completed):
dependOnInheritedWidgetOfExactType<_ScaffoldMessengerScope>() or dependOnInheritedElement() was
called before _HomeScreenState.initState() completed.
When an inherited widget changes, for example if the value of Theme.of() changes, its dependent
widgets are rebuilt. If the dependent widget's reference to the inherited widget is in a constructor
or an initState() method, then the rebuilt dependent widget will not reflect the changes in the
inherited widget.
Typically references to inherited widgets should occur in widget build() methods. Alternatively,
initialization based on inherited widgets can be placed in the didChangeDependencies method, which
is called after initState and whenever the dependencies change thereafter.

When the exception was thrown, this was the stack:
#0      StatefulElement.dependOnInheritedElement.<anonymous closure> (package:flutter/src/widgets/framework.dart:5964:9)
#1      StatefulElement.dependOnInheritedElement (package:flutter/src/widgets/framework.dart:6011:6)
#2      Element.dependOnInheritedWidgetOfExactType (package:flutter/src/widgets/framework.dart:5000:14)
#3      ScaffoldMessenger.of (package:flutter/src/material/scaffold.dart:159:17)
#4      _HomeScreenState._loadGamificationData (package:waste_segregation_app/screens/home_screen.dart:99:27)
#5      _HomeScreenState.initState (package:waste_segregation_app/screens/home_screen.dart:65:5)
#6      StatefulElement._firstBuild (package:flutter/src/widgets/framework.dart:5860:55)
#7      ComponentElement.mount (package:flutter/src/widgets/framework.dart:5709:5)
...     Normal element mounting (228 frames)
#235    Element.inflateWidget (package:flutter/src/widgets/framework.dart:4555:16)
#236    MultiChildRenderObjectElement.inflateWidget (package:flutter/src/widgets/framework.dart:7178:36)
#237    MultiChildRenderObjectElement.mount (package:flutter/src/widgets/framework.dart:7194:32)
...     Normal element mounting (457 frames)
#694    Element.inflateWidget (package:flutter/src/widgets/framework.dart:4555:16)
#695    Element.updateChild (package:flutter/src/widgets/framework.dart:4014:20)
#696    ComponentElement.performRebuild (package:flutter/src/widgets/framework.dart:5756:16)
#697    Element.rebuild (package:flutter/src/widgets/framework.dart:5445:7)
#698    ProxyElement.update (package:flutter/src/widgets/framework.dart:6059:5)
#699    _InheritedNotifierElement.update (package:flutter/src/widgets/inherited_notifier.dart:108:11)
#700    Element.updateChild (package:flutter/src/widgets/framework.dart:3998:15)
#701    ComponentElement.performRebuild (package:flutter/src/widgets/framework.dart:5756:16)
#702    StatefulElement.performRebuild (package:flutter/src/widgets/framework.dart:5892:11)
#703    Element.rebuild (package:flutter/src/widgets/framework.dart:5445:7)
#704    StatefulElement.update (package:flutter/src/widgets/framework.dart:5917:5)
#705    Element.updateChild (package:flutter/src/widgets/framework.dart:3998:15)
#706    ComponentElement.performRebuild (package:flutter/src/widgets/framework.dart:5756:16)
#707    Element.rebuild (package:flutter/src/widgets/framework.dart:5445:7)
#708    ProxyElement.update (package:flutter/src/widgets/framework.dart:6059:5)
#709    _InheritedNotifierElement.update (package:flutter/src/widgets/inherited_notifier.dart:108:11)
#710    Element.updateChild (package:flutter/src/widgets/framework.dart:3998:15)
#711    ComponentElement.performRebuild (package:flutter/src/widgets/framework.dart:5756:16)
#712    StatefulElement.performRebuild (package:flutter/src/widgets/framework.dart:5892:11)
#713    Element.rebuild (package:flutter/src/widgets/framework.dart:5445:7)
#714    StatefulElement.update (package:flutter/src/widgets/framework.dart:5917:5)
#715    Element.updateChild (package:flutter/src/widgets/framework.dart:3998:15)
#716    ComponentElement.performRebuild (package:flutter/src/widgets/framework.dart:5756:16)
#717    StatefulElement.performRebuild (package:flutter/src/widgets/framework.dart:5892:11)
#718    Element.rebuild (package:flutter/src/widgets/framework.dart:5445:7)
#719    StatefulElement.update (package:flutter/src/widgets/framework.dart:5917:5)
#720    Element.updateChild (package:flutter/src/widgets/framework.dart:3998:15)
#721    ComponentElement.performRebuild (package:flutter/src/widgets/framework.dart:5756:16)
#722    Element.rebuild (package:flutter/src/widgets/framework.dart:5445:7)
#723    ProxyElement.update (package:flutter/src/widgets/framework.dart:6059:5)
#724    Element.updateChild (package:flutter/src/widgets/framework.dart:3998:15)
#725    ComponentElement.performRebuild (package:flutter/src/widgets/framework.dart:5756:16)
#726    StatefulElement.performRebuild (package:flutter/src/widgets/framework.dart:5892:11)
#727    Element.rebuild (package:flutter/src/widgets/framework.dart:5445:7)
#728    StatefulElement.update (package:flutter/src/widgets/framework.dart:5917:5)
#729    Element.updateChild (package:flutter/src/widgets/framework.dart:3998:15)
#730    ComponentElement.performRebuild (package:flutter/src/widgets/framework.dart:5756:16)
#731    Element.rebuild (package:flutter/src/widgets/framework.dart:5445:7)
#732    ProxyElement.update (package:flutter/src/widgets/framework.dart:6059:5)
#733    Element.updateChild (package:flutter/src/widgets/framework.dart:3998:15)
#734    ComponentElement.performRebuild (package:flutter/src/widgets/framework.dart:5756:16)
#735    Element.rebuild (package:flutter/src/widgets/framework.dart:5445:7)
#736    ProxyElement.update (package:flutter/src/widgets/framework.dart:6059:5)
#737    Element.updateChild (package:flutter/src/widgets/framework.dart:3998:15)
#738    _RawViewElement._updateChild (package:flutter/src/widgets/view.dart:481:16)
#739    _RawViewElement.update (package:flutter/src/widgets/view.dart:569:5)
#740    Element.updateChild (package:flutter/src/widgets/framework.dart:3998:15)
#741    ComponentElement.performRebuild (package:flutter/src/widgets/framework.dart:5756:16)
#742    Element.rebuild (package:flutter/src/widgets/framework.dart:5445:7)
#743    StatelessElement.update (package:flutter/src/widgets/framework.dart:5805:5)
#744    Element.updateChild (package:flutter/src/widgets/framework.dart:3998:15)
#745    ComponentElement.performRebuild (package:flutter/src/widgets/framework.dart:5756:16)
#746    StatefulElement.performRebuild (package:flutter/src/widgets/framework.dart:5892:11)
#747    Element.rebuild (package:flutter/src/widgets/framework.dart:5445:7)
#748    StatefulElement.update (package:flutter/src/widgets/framework.dart:5917:5)
#749    Element.updateChild (package:flutter/src/widgets/framework.dart:3998:15)
#750    RootElement._rebuild (package:flutter/src/widgets/binding.dart:1687:16)
#751    RootElement.update (package:flutter/src/widgets/binding.dart:1665:5)
#752    RootElement.performRebuild (package:flutter/src/widgets/binding.dart:1679:7)
#753    Element.rebuild (package:flutter/src/widgets/framework.dart:5445:7)
#754    BuildScope._tryRebuild (package:flutter/src/widgets/framework.dart:2704:15)
#755    BuildScope._flushDirtyElements (package:flutter/src/widgets/framework.dart:2762:11)
#756    BuildOwner.buildScope (package:flutter/src/widgets/framework.dart:3066:18)
#757    AutomatedTestWidgetsFlutterBinding.drawFrame (package:flutter_test/src/binding.dart:1495:19)
#758    RendererBinding._handlePersistentFrameCallback (package:flutter/src/rendering/binding.dart:482:5)
#759    SchedulerBinding._invokeFrameCallback (package:flutter/src/scheduler/binding.dart:1442:15)
#760    SchedulerBinding.handleDrawFrame (package:flutter/src/scheduler/binding.dart:1355:9)
#761    AutomatedTestWidgetsFlutterBinding.pump.<anonymous closure> (package:flutter_test/src/binding.dart:1340:9)
#764    TestAsyncUtils.guard (package:flutter_test/src/test_async_utils.dart:74:41)
#765    AutomatedTestWidgetsFlutterBinding.pump (package:flutter_test/src/binding.dart:1329:27)
#766    WidgetTester.pumpWidget.<anonymous closure> (package:flutter_test/src/widget_tester.dart:599:22)
#769    TestAsyncUtils.guard (package:flutter_test/src/test_async_utils.dart:74:41)
#770    WidgetTester.pumpWidget (package:flutter_test/src/widget_tester.dart:596:27)
#771    main.<anonymous closure>.<anonymous closure>.<anonymous closure> (file:///Users/pranay/Projects/LLM/image/waste_seg/waste_segregation_app/test/performance/comprehensive_performance_test.dart:23:22)
#772    testWidgets.<anonymous closure>.<anonymous closure> (package:flutter_test/src/widget_tester.dart:193:29)
<asynchronous suspension>
#773    TestWidgetsFlutterBinding._runTestBody (package:flutter_test/src/binding.dart:1064:5)
<asynchronous suspension>
<asynchronous suspension>
(elided 5 frames from dart:async and package:stack_trace)
════════════════════════════════════════════════════════════════════════════════════════════════════
  Test failed. See exception logs above.
  The test description was: Home screen loads within 1 second
  
Camera setup completed. Success: false
Error ensuring camera access: 'package:flutter/src/material/scaffold.dart': Failed assertion: line 328 pos 7: '_scaffolds.isNotEmpty': ScaffoldMessenger.showSnackBar was called, but there are currently no descendant Scaffolds to present to.
══╡ EXCEPTION CAUGHT BY FLUTTER TEST FRAMEWORK ╞════════════════════════════════════════════════════
The following assertion was thrown running a test (but after the test had completed):
ScaffoldMessenger.showSnackBar was called, but there are currently no descendant Scaffolds to
present to.
'package:flutter/src/material/scaffold.dart':
Failed assertion: line 328 pos 7: '_scaffolds.isNotEmpty'

When the exception was thrown, this was the stack:
#2      ScaffoldMessengerState.showSnackBar (package:flutter/src/material/scaffold.dart:328:7)
#3      _HomeScreenState._ensureCameraAccess (package:waste_segregation_app/screens/home_screen.dart:1605:39)
<asynchronous suspension>
(elided 2 frames from class _AssertionError)
════════════════════════════════════════════════════════════════════════════════════════════════════
  Test failed. See exception logs above.
  The test description was: Home screen loads within 1 second
  
00:29 +163 -43: /Users/pranay/Projects/LLM/image/waste_seg/waste_segregation_app/test/ui_consistency/comprehensive_overflow_test.dart: Comprehensive Overflow Tests (setUpAll)
✅ Test Hive initialized in memory
00:29 +163 -43: /Users/pranay/Projects/LLM/image/waste_seg/waste_segregation_app/test/ui_overflow_fixes_test.dart: UI Overflow Fixes Tests Classification feedback chips handle overflow correctly
00:29 +163 -43: /Users/pranay/Projects/LLM/image/waste_seg/waste_segregation_app/test/performance/comprehensive_performance_test.dart: Comprehensive Performance Tests Screen Loading Performance History screen loads within 1.5 seconds
══╡ EXCEPTION CAUGHT BY FLUTTER TEST FRAMEWORK ╞════════════════════════════════════════════════════
The following assertion was thrown running a test:
dependOnInheritedWidgetOfExactType<_ScaffoldMessengerScope>() or dependOnInheritedElement() was
called before _HistoryScreenState.initState() completed.
When an inherited widget changes, for example if the value of Theme.of() changes, its dependent
widgets are rebuilt. If the dependent widget's reference to the inherited widget is in a constructor
or an initState() method, then the rebuilt dependent widget will not reflect the changes in the
inherited widget.
Typically references to inherited widgets should occur in widget build() methods. Alternatively,
initialization based on inherited widgets can be placed in the didChangeDependencies method, which
is called after initState and whenever the dependencies change thereafter.

When the exception was thrown, this was the stack:
#0      StatefulElement.dependOnInheritedElement.<anonymous closure> (package:flutter/src/widgets/framework.dart:5964:9)
#1      StatefulElement.dependOnInheritedElement (package:flutter/src/widgets/framework.dart:6011:6)
#2      Element.dependOnInheritedWidgetOfExactType (package:flutter/src/widgets/framework.dart:5000:14)
#3      ScaffoldMessenger.of (package:flutter/src/material/scaffold.dart:159:17)
#4      _HistoryScreenState._showErrorSnackBar (package:waste_segregation_app/screens/history_screen.dart:505:25)
#5      _HistoryScreenState._loadClassifications (package:waste_segregation_app/screens/history_screen.dart:144:7)
#6      _HistoryScreenState.initState (package:waste_segregation_app/screens/history_screen.dart:77:5)
#7      StatefulElement._firstBuild (package:flutter/src/widgets/framework.dart:5860:55)
#8      ComponentElement.mount (package:flutter/src/widgets/framework.dart:5709:5)
...     Normal element mounting (228 frames)
#236    Element.inflateWidget (package:flutter/src/widgets/framework.dart:4555:16)
#237    MultiChildRenderObjectElement.inflateWidget (package:flutter/src/widgets/framework.dart:7178:36)
#238    MultiChildRenderObjectElement.mount (package:flutter/src/widgets/framework.dart:7194:32)
...     Normal element mounting (457 frames)
#695    Element.inflateWidget (package:flutter/src/widgets/framework.dart:4555:16)
#696    Element.updateChild (package:flutter/src/widgets/framework.dart:4014:20)
#697    ComponentElement.performRebuild (package:flutter/src/widgets/framework.dart:5756:16)
#698    Element.rebuild (package:flutter/src/widgets/framework.dart:5445:7)
#699    ProxyElement.update (package:flutter/src/widgets/framework.dart:6059:5)
#700    _InheritedNotifierElement.update (package:flutter/src/widgets/inherited_notifier.dart:108:11)
#701    Element.updateChild (package:flutter/src/widgets/framework.dart:3998:15)
#702    ComponentElement.performRebuild (package:flutter/src/widgets/framework.dart:5756:16)
#703    StatefulElement.performRebuild (package:flutter/src/widgets/framework.dart:5892:11)
#704    Element.rebuild (package:flutter/src/widgets/framework.dart:5445:7)
#705    StatefulElement.update (package:flutter/src/widgets/framework.dart:5917:5)
#706    Element.updateChild (package:flutter/src/widgets/framework.dart:3998:15)
#707    ComponentElement.performRebuild (package:flutter/src/widgets/framework.dart:5756:16)
#708    Element.rebuild (package:flutter/src/widgets/framework.dart:5445:7)
#709    ProxyElement.update (package:flutter/src/widgets/framework.dart:6059:5)
#710    _InheritedNotifierElement.update (package:flutter/src/widgets/inherited_notifier.dart:108:11)
#711    Element.updateChild (package:flutter/src/widgets/framework.dart:3998:15)
#712    ComponentElement.performRebuild (package:flutter/src/widgets/framework.dart:5756:16)
#713    StatefulElement.performRebuild (package:flutter/src/widgets/framework.dart:5892:11)
#714    Element.rebuild (package:flutter/src/widgets/framework.dart:5445:7)
#715    StatefulElement.update (package:flutter/src/widgets/framework.dart:5917:5)
#716    Element.updateChild (package:flutter/src/widgets/framework.dart:3998:15)
#717    ComponentElement.performRebuild (package:flutter/src/widgets/framework.dart:5756:16)
#718    StatefulElement.performRebuild (package:flutter/src/widgets/framework.dart:5892:11)
#719    Element.rebuild (package:flutter/src/widgets/framework.dart:5445:7)
#720    StatefulElement.update (package:flutter/src/widgets/framework.dart:5917:5)
#721    Element.updateChild (package:flutter/src/widgets/framework.dart:3998:15)
#722    ComponentElement.performRebuild (package:flutter/src/widgets/framework.dart:5756:16)
#723    Element.rebuild (package:flutter/src/widgets/framework.dart:5445:7)
#724    ProxyElement.update (package:flutter/src/widgets/framework.dart:6059:5)
#725    Element.updateChild (package:flutter/src/widgets/framework.dart:3998:15)
#726    ComponentElement.performRebuild (package:flutter/src/widgets/framework.dart:5756:16)
#727    StatefulElement.performRebuild (package:flutter/src/widgets/framework.dart:5892:11)
#728    Element.rebuild (package:flutter/src/widgets/framework.dart:5445:7)
#729    StatefulElement.update (package:flutter/src/widgets/framework.dart:5917:5)
#730    Element.updateChild (package:flutter/src/widgets/framework.dart:3998:15)
#731    ComponentElement.performRebuild (package:flutter/src/widgets/framework.dart:5756:16)
#732    Element.rebuild (package:flutter/src/widgets/framework.dart:5445:7)
#733    ProxyElement.update (package:flutter/src/widgets/framework.dart:6059:5)
#734    Element.updateChild (package:flutter/src/widgets/framework.dart:3998:15)
#735    ComponentElement.performRebuild (package:flutter/src/widgets/framework.dart:5756:16)
#736    Element.rebuild (package:flutter/src/widgets/framework.dart:5445:7)
#737    ProxyElement.update (package:flutter/src/widgets/framework.dart:6059:5)
#738    Element.updateChild (package:flutter/src/widgets/framework.dart:3998:15)
#739    _RawViewElement._updateChild (package:flutter/src/widgets/view.dart:481:16)
#740    _RawViewElement.update (package:flutter/src/widgets/view.dart:569:5)
#741    Element.updateChild (package:flutter/src/widgets/framework.dart:3998:15)
#742    ComponentElement.performRebuild (package:flutter/src/widgets/framework.dart:5756:16)
#743    Element.rebuild (package:flutter/src/widgets/framework.dart:5445:7)
#744    StatelessElement.update (package:flutter/src/widgets/framework.dart:5805:5)
#745    Element.updateChild (package:flutter/src/widgets/framework.dart:3998:15)
#746    ComponentElement.performRebuild (package:flutter/src/widgets/framework.dart:5756:16)
#747    StatefulElement.performRebuild (package:flutter/src/widgets/framework.dart:5892:11)
#748    Element.rebuild (package:flutter/src/widgets/framework.dart:5445:7)
#749    StatefulElement.update (package:flutter/src/widgets/framework.dart:5917:5)
#750    Element.updateChild (package:flutter/src/widgets/framework.dart:3998:15)
#751    RootElement._rebuild (package:flutter/src/widgets/binding.dart:1687:16)
#752    RootElement.update (package:flutter/src/widgets/binding.dart:1665:5)
#753    RootElement.performRebuild (package:flutter/src/widgets/binding.dart:1679:7)
#754    Element.rebuild (package:flutter/src/widgets/framework.dart:5445:7)
#755    BuildScope._tryRebuild (package:flutter/src/widgets/framework.dart:2704:15)
#756    BuildScope._flushDirtyElements (package:flutter/src/widgets/framework.dart:2762:11)
#757    BuildOwner.buildScope (package:flutter/src/widgets/framework.dart:3066:18)
#758    AutomatedTestWidgetsFlutterBinding.drawFrame (package:flutter_test/src/binding.dart:1495:19)
#759    RendererBinding._handlePersistentFrameCallback (package:flutter/src/rendering/binding.dart:482:5)
#760    SchedulerBinding._invokeFrameCallback (package:flutter/src/scheduler/binding.dart:1442:15)
#761    SchedulerBinding.handleDrawFrame (package:flutter/src/scheduler/binding.dart:1355:9)
#762    AutomatedTestWidgetsFlutterBinding.pump.<anonymous closure> (package:flutter_test/src/binding.dart:1340:9)
#765    TestAsyncUtils.guard (package:flutter_test/src/test_async_utils.dart:74:41)
#766    AutomatedTestWidgetsFlutterBinding.pump (package:flutter_test/src/binding.dart:1329:27)
#767    WidgetTester.pumpWidget.<anonymous closure> (package:flutter_test/src/widget_tester.dart:599:22)
#770    TestAsyncUtils.guard (package:flutter_test/src/test_async_utils.dart:74:41)
#771    WidgetTester.pumpWidget (package:flutter_test/src/widget_tester.dart:596:27)
#772    main.<anonymous closure>.<anonymous closure>.<anonymous closure> (file:///Users/pranay/Projects/LLM/image/waste_seg/waste_segregation_app/test/performance/comprehensive_performance_test.dart:39:22)
#773    testWidgets.<anonymous closure>.<anonymous closure> (package:flutter_test/src/widget_tester.dart:193:29)
<asynchronous suspension>
#774    TestWidgetsFlutterBinding._runTestBody (package:flutter_test/src/binding.dart:1064:5)
<asynchronous suspension>
<asynchronous suspension>
(elided 5 frames from dart:async and package:stack_trace)

The test description was:
  History screen loads within 1.5 seconds
════════════════════════════════════════════════════════════════════════════════════════════════════
00:29 +163 -44: /Users/pranay/Projects/LLM/image/waste_seg/waste_segregation_app/test/ui_overflow_fixes_test.dart: UI Overflow Fixes Tests Classification feedback chips handle overflow correctly
00:29 +163 -44: /Users/pranay/Projects/LLM/image/waste_seg/waste_segregation_app/test/performance/comprehensive_performance_test.dart: Comprehensive Performance Tests Screen Loading Performance History screen loads within 1.5 seconds [E]
  Test failed. See exception logs above.
  The test description was: History screen loads within 1.5 seconds
  
00:29 +164 -44: /Users/pranay/Projects/LLM/image/waste_seg/waste_segregation_app/test/ui_consistency/button_consistency_test.dart: Button Consistency Tests Button Style Consistency Primary buttons use consistent styling
00:29 +164 -44: /Users/pranay/Projects/LLM/image/waste_seg/waste_segregation_app/test/performance/comprehensive_performance_test.dart: Comprehensive Performance Tests Screen Loading Performance Educational content screen loads within 2 seconds
══╡ EXCEPTION CAUGHT BY WIDGETS LIBRARY ╞═══════════════════════════════════════════════════════════
The following ProviderNotFoundException was thrown building Builder:
Error: Could not find the correct Provider<EducationalContentService> above this
EducationalContentScreen Widget

This happens because you used a `BuildContext` that does not include the provider
of your choice. There are a few common scenarios:

- You added a new provider in your `main.dart` and performed a hot-reload.
  To fix, perform a hot-restart.

- The provider you are trying to read is in a different route.

  Providers are "scoped". So if you insert of provider inside a route, then
  other routes will not be able to access that provider.

- You used a `BuildContext` that is an ancestor of the provider you are trying to read.

  Make sure that EducationalContentScreen is under your
MultiProvider/Provider<EducationalContentService>.
  This usually happens when you are creating a provider and trying to read it immediately.

  For example, instead of:

  ```
  Widget build(BuildContext context) {
    return Provider<Example>(
      create: (_) => Example(),
      // Will throw a ProviderNotFoundError, because `context` is associated
      // to the widget that is the parent of `Provider<Example>`
      child: Text(context.watch<Example>().toString()),
    );
  }
  ```

  consider using `builder` like so:

  ```
  Widget build(BuildContext context) {
    return Provider<Example>(
      create: (_) => Example(),
      // we use `builder` to obtain a new `BuildContext` that has access to the provider
      builder: (context, child) {
        // No longer throws
        return Text(context.watch<Example>().toString());
      }
    );
  }
  ```

If none of these solutions work, consider asking for help on StackOverflow:
https://stackoverflow.com/questions/tagged/flutter

The relevant error-causing widget was:
  MaterialApp
  MaterialApp:file:///Users/pranay/Projects/LLM/image/waste_seg/waste_segregation_app/test/performance/comprehensive_performance_test.dart:56:17

When the exception was thrown, this was the stack:
#0      Provider._inheritedElementOf (package:provider/src/provider.dart:377:7)
#1      Provider.of (package:provider/src/provider.dart:327:30)
#2      _EducationalContentScreenState.initState (package:waste_segregation_app/screens/educational_content_screen.dart:40:18)
#3      StatefulElement._firstBuild (package:flutter/src/widgets/framework.dart:5860:55)
#4      ComponentElement.mount (package:flutter/src/widgets/framework.dart:5709:5)
...     Normal element mounting (228 frames)
#232    Element.inflateWidget (package:flutter/src/widgets/framework.dart:4555:16)
#233    MultiChildRenderObjectElement.inflateWidget (package:flutter/src/widgets/framework.dart:7178:36)
#234    MultiChildRenderObjectElement.mount (package:flutter/src/widgets/framework.dart:7194:32)
...     Normal element mounting (457 frames)
#691    Element.inflateWidget (package:flutter/src/widgets/framework.dart:4555:16)
#692    Element.updateChild (package:flutter/src/widgets/framework.dart:4014:20)
#693    ComponentElement.performRebuild (package:flutter/src/widgets/framework.dart:5756:16)
#694    Element.rebuild (package:flutter/src/widgets/framework.dart:5445:7)
#695    ProxyElement.update (package:flutter/src/widgets/framework.dart:6059:5)
#696    _InheritedNotifierElement.update (package:flutter/src/widgets/inherited_notifier.dart:108:11)
#697    Element.updateChild (package:flutter/src/widgets/framework.dart:3998:15)
#698    ComponentElement.performRebuild (package:flutter/src/widgets/framework.dart:5756:16)
#699    StatefulElement.performRebuild (package:flutter/src/widgets/framework.dart:5892:11)
#700    Element.rebuild (package:flutter/src/widgets/framework.dart:5445:7)
#701    StatefulElement.update (package:flutter/src/widgets/framework.dart:5917:5)
#702    Element.updateChild (package:flutter/src/widgets/framework.dart:3998:15)
#703    ComponentElement.performRebuild (package:flutter/src/widgets/framework.dart:5756:16)
#704    Element.rebuild (package:flutter/src/widgets/framework.dart:5445:7)
#705    ProxyElement.update (package:flutter/src/widgets/framework.dart:6059:5)
#706    _InheritedNotifierElement.update (package:flutter/src/widgets/inherited_notifier.dart:108:11)
#707    Element.updateChild (package:flutter/src/widgets/framework.dart:3998:15)
#708    ComponentElement.performRebuild (package:flutter/src/widgets/framework.dart:5756:16)
#709    StatefulElement.performRebuild (package:flutter/src/widgets/framework.dart:5892:11)
#710    Element.rebuild (package:flutter/src/widgets/framework.dart:5445:7)
#711    StatefulElement.update (package:flutter/src/widgets/framework.dart:5917:5)
#712    Element.updateChild (package:flutter/src/widgets/framework.dart:3998:15)
#713    ComponentElement.performRebuild (package:flutter/src/widgets/framework.dart:5756:16)
#714    StatefulElement.performRebuild (package:flutter/src/widgets/framework.dart:5892:11)
#715    Element.rebuild (package:flutter/src/widgets/framework.dart:5445:7)
#716    StatefulElement.update (package:flutter/src/widgets/framework.dart:5917:5)
#717    Element.updateChild (package:flutter/src/widgets/framework.dart:3998:15)
#718    ComponentElement.performRebuild (package:flutter/src/widgets/framework.dart:5756:16)
#719    Element.rebuild (package:flutter/src/widgets/framework.dart:5445:7)
#720    ProxyElement.update (package:flutter/src/widgets/framework.dart:6059:5)
#721    Element.updateChild (package:flutter/src/widgets/framework.dart:3998:15)
#722    ComponentElement.performRebuild (package:flutter/src/widgets/framework.dart:5756:16)
#723    StatefulElement.performRebuild (package:flutter/src/widgets/framework.dart:5892:11)
#724    Element.rebuild (package:flutter/src/widgets/framework.dart:5445:7)
#725    StatefulElement.update (package:flutter/src/widgets/framework.dart:5917:5)
#726    Element.updateChild (package:flutter/src/widgets/framework.dart:3998:15)
#727    ComponentElement.performRebuild (package:flutter/src/widgets/framework.dart:5756:16)
#728    Element.rebuild (package:flutter/src/widgets/framework.dart:5445:7)
#729    ProxyElement.update (package:flutter/src/widgets/framework.dart:6059:5)
#730    Element.updateChild (package:flutter/src/widgets/framework.dart:3998:15)
#731    ComponentElement.performRebuild (package:flutter/src/widgets/framework.dart:5756:16)
#732    Element.rebuild (package:flutter/src/widgets/framework.dart:5445:7)
#733    ProxyElement.update (package:flutter/src/widgets/framework.dart:6059:5)
#734    Element.updateChild (package:flutter/src/widgets/framework.dart:3998:15)
#735    _RawViewElement._updateChild (package:flutter/src/widgets/view.dart:481:16)
#736    _RawViewElement.update (package:flutter/src/widgets/view.dart:569:5)
#737    Element.updateChild (package:flutter/src/widgets/framework.dart:3998:15)
#738    ComponentElement.performRebuild (package:flutter/src/widgets/framework.dart:5756:16)
#739    Element.rebuild (package:flutter/src/widgets/framework.dart:5445:7)
#740    StatelessElement.update (package:flutter/src/widgets/framework.dart:5805:5)
#741    Element.updateChild (package:flutter/src/widgets/framework.dart:3998:15)
#742    ComponentElement.performRebuild (package:flutter/src/widgets/framework.dart:5756:16)
#743    StatefulElement.performRebuild (package:flutter/src/widgets/framework.dart:5892:11)
#744    Element.rebuild (package:flutter/src/widgets/framework.dart:5445:7)
#745    StatefulElement.update (package:flutter/src/widgets/framework.dart:5917:5)
#746    Element.updateChild (package:flutter/src/widgets/framework.dart:3998:15)
#747    RootElement._rebuild (package:flutter/src/widgets/binding.dart:1687:16)
#748    RootElement.update (package:flutter/src/widgets/binding.dart:1665:5)
#749    RootElement.performRebuild (package:flutter/src/widgets/binding.dart:1679:7)
#750    Element.rebuild (package:flutter/src/widgets/framework.dart:5445:7)
#751    BuildScope._tryRebuild (package:flutter/src/widgets/framework.dart:2704:15)
#752    BuildScope._flushDirtyElements (package:flutter/src/widgets/framework.dart:2762:11)
#753    BuildOwner.buildScope (package:flutter/src/widgets/framework.dart:3066:18)
#754    AutomatedTestWidgetsFlutterBinding.drawFrame (package:flutter_test/src/binding.dart:1495:19)
#755    RendererBinding._handlePersistentFrameCallback (package:flutter/src/rendering/binding.dart:482:5)
#756    SchedulerBinding._invokeFrameCallback (package:flutter/src/scheduler/binding.dart:1442:15)
#757    SchedulerBinding.handleDrawFrame (package:flutter/src/scheduler/binding.dart:1355:9)
#758    AutomatedTestWidgetsFlutterBinding.pump.<anonymous closure> (package:flutter_test/src/binding.dart:1340:9)
#761    TestAsyncUtils.guard (package:flutter_test/src/test_async_utils.dart:74:41)
#762    AutomatedTestWidgetsFlutterBinding.pump (package:flutter_test/src/binding.dart:1329:27)
#763    WidgetTester.pumpWidget.<anonymous closure> (package:flutter_test/src/widget_tester.dart:599:22)
#766    TestAsyncUtils.guard (package:flutter_test/src/test_async_utils.dart:74:41)
#767    WidgetTester.pumpWidget (package:flutter_test/src/widget_tester.dart:596:27)
#768    main.<anonymous closure>.<anonymous closure>.<anonymous closure> (file:///Users/pranay/Projects/LLM/image/waste_seg/waste_segregation_app/test/performance/comprehensive_performance_test.dart:55:22)
#769    testWidgets.<anonymous closure>.<anonymous closure> (package:flutter_test/src/widget_tester.dart:193:29)
<asynchronous suspension>
#770    TestWidgetsFlutterBinding._runTestBody (package:flutter_test/src/binding.dart:1064:5)
<asynchronous suspension>
<asynchronous suspension>
(elided 5 frames from dart:async and package:stack_trace)

════════════════════════════════════════════════════════════════════════════════════════════════════
00:29 +164 -45: /Users/pranay/Projects/LLM/image/waste_seg/waste_segregation_app/test/ui_consistency/button_consistency_test.dart: Button Consistency Tests Button Style Consistency Primary buttons use consistent styling
00:29 +164 -45: /Users/pranay/Projects/LLM/image/waste_seg/waste_segregation_app/test/performance/comprehensive_performance_test.dart: Comprehensive Performance Tests Screen Loading Performance Educational content screen loads within 2 seconds [E]
  Test failed. See exception logs above.
  The test description was: Educational content screen loads within 2 seconds
  
00:29 +165 -45: /Users/pranay/Projects/LLM/image/waste_seg/waste_segregation_app/test/ui_consistency/button_consistency_test.dart: Button Consistency Tests Button Style Consistency Primary buttons use consistent styling
00:30 +166 -45: /Users/pranay/Projects/LLM/image/waste_seg/waste_segregation_app/test/ui_consistency/button_consistency_test.dart: Button Consistency Tests Button Style Consistency Primary buttons use consistent styling
00:30 +167 -45: /Users/pranay/Projects/LLM/image/waste_seg/waste_segregation_app/test/ui_consistency/comprehensive_overflow_test.dart: Comprehensive Overflow Tests StatsCard Overflow Tests StatsCard handles very narrow screen without overflow
00:30 +168 -45: /Users/pranay/Projects/LLM/image/waste_seg/waste_segregation_app/test/ui_consistency/comprehensive_overflow_test.dart: Comprehensive Overflow Tests StatsCard Overflow Tests StatsCard handles very narrow screen without overflow
00:30 +169 -45: /Users/pranay/Projects/LLM/image/waste_seg/waste_segregation_app/test/ui_consistency/text_consistency_test.dart: Text Consistency Tests Typography Consistency All headings use consistent typography
00:30 +170 -45: /Users/pranay/Projects/LLM/image/waste_seg/waste_segregation_app/test/ui_consistency/text_consistency_test.dart: Text Consistency Tests Typography Consistency All headings use consistent typography
00:30 +171 -45: /Users/pranay/Projects/LLM/image/waste_seg/waste_segregation_app/test/ui_consistency/text_consistency_test.dart: Text Consistency Tests Typography Consistency All headings use consistent typography
00:30 +172 -45: /Users/pranay/Projects/LLM/image/waste_seg/waste_segregation_app/test/ui_consistency/text_consistency_test.dart: Text Consistency Tests Typography Consistency All headings use consistent typography
00:30 +173 -45: /Users/pranay/Projects/LLM/image/waste_seg/waste_segregation_app/test/ui_consistency/text_consistency_test.dart: Text Consistency Tests Typography Consistency All headings use consistent typography
00:30 +173 -45: /Users/pranay/Projects/LLM/image/waste_seg/waste_segregation_app/test/performance/comprehensive_performance_test.dart: Comprehensive Performance Tests Frame Rate Performance Maintains 60fps during scrolling
══╡ EXCEPTION CAUGHT BY FLUTTER TEST FRAMEWORK ╞════════════════════════════════════════════════════
The following TestFailure was thrown running a test:
Expected: false
  Actual: <true>
Should not have dropped frames during scrolling

When the exception was thrown, this was the stack:
#4      main.<anonymous closure>.<anonymous closure>.<anonymous closure> (file:///Users/pranay/Projects/LLM/image/waste_seg/waste_segregation_app/test/performance/comprehensive_performance_test.dart:94:9)
<asynchronous suspension>
#5      testWidgets.<anonymous closure>.<anonymous closure> (package:flutter_test/src/widget_tester.dart:193:15)
<asynchronous suspension>
#6      TestWidgetsFlutterBinding._runTestBody (package:flutter_test/src/binding.dart:1064:5)
<asynchronous suspension>
<asynchronous suspension>
(elided one frame from package:stack_trace)

This was caught by the test expectation on the following line:
  file:///Users/pranay/Projects/LLM/image/waste_seg/waste_segregation_app/test/performance/comprehensive_performance_test.dart line 94
The test description was:
  Maintains 60fps during scrolling
════════════════════════════════════════════════════════════════════════════════════════════════════
00:30 +173 -46: /Users/pranay/Projects/LLM/image/waste_seg/waste_segregation_app/test/ui_consistency/text_consistency_test.dart: Text Consistency Tests Typography Consistency All headings use consistent typography
00:30 +173 -46: /Users/pranay/Projects/LLM/image/waste_seg/waste_segregation_app/test/performance/comprehensive_performance_test.dart: Comprehensive Performance Tests Frame Rate Performance Maintains 60fps during scrolling [E]
  Test failed. See exception logs above.
  The test description was: Maintains 60fps during scrolling
  
00:30 +174 -46: /Users/pranay/Projects/LLM/image/waste_seg/waste_segregation_app/test/ui_consistency/text_consistency_test.dart: Text Consistency Tests Typography Consistency All headings use consistent typography
00:30 +175 -46: /Users/pranay/Projects/LLM/image/waste_seg/waste_segregation_app/test/ui_consistency/text_consistency_test.dart: Text Consistency Tests Typography Consistency All headings use consistent typography
00:30 +176 -46: /Users/pranay/Projects/LLM/image/waste_seg/waste_segregation_app/test/ui_consistency/layout_overflow_test.dart: Layout Overflow Detection Tests StatsCard RenderFlex Overflow Tests Single StatsCard should not overflow on narrow screen
00:30 +176 -46: /Users/pranay/Projects/LLM/image/waste_seg/waste_segregation_app/test/ui_consistency/comprehensive_overflow_test.dart: Comprehensive Overflow Tests Home Screen Layout Tests ModernHomeScreen handles small screens without overflow
Error loading recent classifications: Error: Could not find the correct Provider<CloudStorageService> above this ModernHomeScreen Widget

This happens because you used a `BuildContext` that does not include the provider
of your choice. There are a few common scenarios:

- You added a new provider in your `main.dart` and performed a hot-reload.
  To fix, perform a hot-restart.

- The provider you are trying to read is in a different route.

  Providers are "scoped". So if you insert of provider inside a route, then
  other routes will not be able to access that provider.

- You used a `BuildContext` that is an ancestor of the provider you are trying to read.

  Make sure that ModernHomeScreen is under your MultiProvider/Provider<CloudStorageService>.
  This usually happens when you are creating a provider and trying to read it immediately.

  For example, instead of:

  ```
  Widget build(BuildContext context) {
    return Provider<Example>(
      create: (_) => Example(),
      // Will throw a ProviderNotFoundError, because `context` is associated
      // to the widget that is the parent of `Provider<Example>`
      child: Text(context.watch<Example>().toString()),
    );
  }
  ```

  consider using `builder` like so:

  ```
  Widget build(BuildContext context) {
    return Provider<Example>(
      create: (_) => Example(),
      // we use `builder` to obtain a new `BuildContext` that has access to the provider
      builder: (context, child) {
        // No longer throws
        return Text(context.watch<Example>().toString());
      }
    );
  }
  ```

If none of these solutions work, consider asking for help on StackOverflow:
https://stackoverflow.com/questions/tagged/flutter

Error loading gamification data: type 'Null' is not a subtype of type 'Future<Streak>'
=== Today's Impact Debug ===
Current date: 2025-6-4
Total classifications: 0
Today's classifications: 0
========================
❌ Error getting community feed: HiveError: Box not found. Did you forget to call Hive.openBox()?
00:30 +177 -46: /Users/pranay/Projects/LLM/image/waste_seg/waste_segregation_app/test/ui_consistency/layout_overflow_test.dart: Layout Overflow Detection Tests StatsCard RenderFlex Overflow Tests Single StatsCard should not overflow on narrow screen
00:30 +178 -46: /Users/pranay/Projects/LLM/image/waste_seg/waste_segregation_app/test/ui_consistency/layout_overflow_test.dart: Layout Overflow Detection Tests StatsCard RenderFlex Overflow Tests Single StatsCard should not overflow on narrow screen
00:30 +179 -46: /Users/pranay/Projects/LLM/image/waste_seg/waste_segregation_app/test/ui_consistency/layout_overflow_test.dart: Layout Overflow Detection Tests StatsCard RenderFlex Overflow Tests Single StatsCard should not overflow on narrow screen
00:30 +180 -46: /Users/pranay/Projects/LLM/image/waste_seg/waste_segregation_app/test/ui_consistency/layout_overflow_test.dart: Layout Overflow Detection Tests StatsCard RenderFlex Overflow Tests Single StatsCard should not overflow on narrow screen
00:30 +181 -46: /Users/pranay/Projects/LLM/image/waste_seg/waste_segregation_app/test/ui_consistency/layout_overflow_test.dart: Layout Overflow Detection Tests StatsCard RenderFlex Overflow Tests Single StatsCard should not overflow on narrow screen
00:30 +182 -46: /Users/pranay/Projects/LLM/image/waste_seg/waste_segregation_app/test/ui_consistency/layout_overflow_test.dart: Layout Overflow Detection Tests StatsCard RenderFlex Overflow Tests Single StatsCard should not overflow on narrow screen
00:30 +182 -46: /Users/pranay/Projects/LLM/image/waste_seg/waste_segregation_app/test/performance/comprehensive_performance_test.dart: Comprehensive Performance Tests Memory Usage Tests Memory usage stays reasonable during intensive operations
══╡ EXCEPTION CAUGHT BY FLUTTER TEST FRAMEWORK ╞════════════════════════════════════════════════════
The following TestFailure was thrown running a test:
Expected: exactly 50 matching candidates
  Actual: _TypeWidgetFinder:<Found 9 widgets with type "Container": [
            Container(bg: MaterialColor(primary value: Color(alpha: 1.0000, red: 0.9569, green:
0.2627, blue: 0.2118, colorSpace: ColorSpace.sRGB))),
            Container(bg: MaterialColor(primary value: Color(alpha: 1.0000, red: 0.9137, green:
0.1176, blue: 0.3882, colorSpace: ColorSpace.sRGB))),
            Container(bg: MaterialColor(primary value: Color(alpha: 1.0000, red: 0.6118, green:
0.1529, blue: 0.6902, colorSpace: ColorSpace.sRGB))),
            Container(bg: MaterialColor(primary value: Color(alpha: 1.0000, red: 0.4039, green:
0.2275, blue: 0.7176, colorSpace: ColorSpace.sRGB))),
            Container(bg: MaterialColor(primary value: Color(alpha: 1.0000, red: 0.2471, green:
0.3176, blue: 0.7098, colorSpace: ColorSpace.sRGB))),
            Container(bg: MaterialColor(primary value: Color(alpha: 1.0000, red: 0.1294, green:
0.5882, blue: 0.9529, colorSpace: ColorSpace.sRGB))),
            Container(bg: MaterialColor(primary value: Color(alpha: 1.0000, red: 0.0118, green:
0.6627, blue: 0.9569, colorSpace: ColorSpace.sRGB))),
            Container(bg: MaterialColor(primary value: Color(alpha: 1.0000, red: 0.0000, green:
0.7373, blue: 0.8314, colorSpace: ColorSpace.sRGB))),
            Container(bg: MaterialColor(primary value: Color(alpha: 1.0000, red: 0.0000, green:
0.5882, blue: 0.5333, colorSpace: ColorSpace.sRGB))),
          ]>
   Which: is not enough

When the exception was thrown, this was the stack:
#4      main.<anonymous closure>.<anonymous closure>.<anonymous closure> (file:///Users/pranay/Projects/LLM/image/waste_seg/waste_segregation_app/test/performance/comprehensive_performance_test.dart:146:9)
<asynchronous suspension>
#5      testWidgets.<anonymous closure>.<anonymous closure> (package:flutter_test/src/widget_tester.dart:193:15)
<asynchronous suspension>
#6      TestWidgetsFlutterBinding._runTestBody (package:flutter_test/src/binding.dart:1064:5)
<asynchronous suspension>
<asynchronous suspension>
(elided one frame from package:stack_trace)

This was caught by the test expectation on the following line:
  file:///Users/pranay/Projects/LLM/image/waste_seg/waste_segregation_app/test/performance/comprehensive_performance_test.dart line 146
The test description was:
  Memory usage stays reasonable during intensive operations
════════════════════════════════════════════════════════════════════════════════════════════════════
00:30 +182 -47: /Users/pranay/Projects/LLM/image/waste_seg/waste_segregation_app/test/ui_consistency/layout_overflow_test.dart: Layout Overflow Detection Tests StatsCard RenderFlex Overflow Tests Single StatsCard should not overflow on narrow screen
00:30 +182 -47: /Users/pranay/Projects/LLM/image/waste_seg/waste_segregation_app/test/performance/comprehensive_performance_test.dart: Comprehensive Performance Tests Memory Usage Tests Memory usage stays reasonable during intensive operations [E]
  Test failed. See exception logs above.
  The test description was: Memory usage stays reasonable during intensive operations
  
00:30 +183 -47: /Users/pranay/Projects/LLM/image/waste_seg/waste_segregation_app/test/ui_consistency/layout_overflow_test.dart: Layout Overflow Detection Tests StatsCard RenderFlex Overflow Tests Single StatsCard should not overflow on narrow screen
00:30 +184 -47: /Users/pranay/Projects/LLM/image/waste_seg/waste_segregation_app/test/ui_consistency/layout_overflow_test.dart: Layout Overflow Detection Tests StatsCard RenderFlex Overflow Tests Single StatsCard should not overflow on narrow screen
00:30 +184 -48: loading /Users/pranay/Projects/LLM/image/waste_seg/waste_segregation_app/test/services/cache_service_test.dart [E]
  Failed to load "/Users/pranay/Projects/LLM/image/waste_seg/waste_segregation_app/test/services/cache_service_test.dart":
  Compilation failed for testPath=/Users/pranay/Projects/LLM/image/waste_seg/waste_segregation_app/test/services/cache_service_test.dart: test/services/cache_service_test.dart:10:48: Error: Type 'CacheService' not found.
  class MockCacheService extends Mock implements CacheService {}
                                                 ^^^^^^^^^^^^
  test/services/cache_service_test.dart:432:40: Error: Type 'CacheService' not found.
  extension CacheServiceTestExtension on CacheService {
                                         ^^^^^^^^^^^^
  test/services/cache_service_test.dart:14:10: Error: 'CacheService' isn't a type.
      late CacheService cacheService;
           ^^^^^^^^^^^^
  test/services/cache_service_test.dart:17:22: Error: Method not found: 'CacheService'.
        cacheService = CacheService();
                       ^^^^^^^^^^^^
  test/services/cache_service_test.dart:280:33: Error: Method not found: 'CacheService'.
          final newCacheService = CacheService();
                                  ^^^^^^^^^^^^
  test/services/cache_service_test.dart:372:27: Error: The argument type 'List<dynamic>' can't be assigned to the parameter type 'Iterable<Future<dynamic>>'.
   - 'List' is from 'dart:core'.
   - 'Iterable' is from 'dart:core'.
   - 'Future' is from 'dart:async'.
          await Future.wait([future1, future2]);
                            ^
  .
00:30 +185 -48: /Users/pranay/Projects/LLM/image/waste_seg/waste_segregation_app/test/ui_consistency/layout_overflow_test.dart: Layout Overflow Detection Tests StatsCard RenderFlex Overflow Tests Single StatsCard should not overflow on narrow screen
00:30 +186 -48: /Users/pranay/Projects/LLM/image/waste_seg/waste_segregation_app/test/ui_consistency/contrast_accessibility_test.dart: Contrast and Accessibility Tests Basic Color Contrast Primary colors meet WCAG AA standards
00:30 +186 -48: /Users/pranay/Projects/LLM/image/waste_seg/waste_segregation_app/test/performance/comprehensive_performance_test.dart: Comprehensive Performance Tests UI Responsiveness Tests Button tap responds within 16ms
══╡ EXCEPTION CAUGHT BY FLUTTER TEST FRAMEWORK ╞════════════════════════════════════════════════════
The following TestFailure was thrown running a test:
Expected: a value less than <16>
  Actual: <35>
   Which: is not a value less than <16>
Button should respond within 16ms for 60fps

When the exception was thrown, this was the stack:
#4      main.<anonymous closure>.<anonymous closure>.<anonymous closure> (file:///Users/pranay/Projects/LLM/image/waste_seg/waste_segregation_app/test/performance/comprehensive_performance_test.dart:176:9)
<asynchronous suspension>
#5      testWidgets.<anonymous closure>.<anonymous closure> (package:flutter_test/src/widget_tester.dart:193:15)
<asynchronous suspension>
#6      TestWidgetsFlutterBinding._runTestBody (package:flutter_test/src/binding.dart:1064:5)
<asynchronous suspension>
<asynchronous suspension>
(elided one frame from package:stack_trace)

This was caught by the test expectation on the following line:
  file:///Users/pranay/Projects/LLM/image/waste_seg/waste_segregation_app/test/performance/comprehensive_performance_test.dart line 176
The test description was:
  Button tap responds within 16ms
════════════════════════════════════════════════════════════════════════════════════════════════════
00:30 +186 -49: /Users/pranay/Projects/LLM/image/waste_seg/waste_segregation_app/test/ui_consistency/contrast_accessibility_test.dart: Contrast and Accessibility Tests Basic Color Contrast Primary colors meet WCAG AA standards
00:30 +186 -49: /Users/pranay/Projects/LLM/image/waste_seg/waste_segregation_app/test/performance/comprehensive_performance_test.dart: Comprehensive Performance Tests UI Responsiveness Tests Button tap responds within 16ms [E]
  Test failed. See exception logs above.
  The test description was: Button tap responds within 16ms
  
00:30 +186 -49: loading /Users/pranay/Projects/LLM/image/waste_seg/waste_segregation_app/test/integration/full_workflow_integration_test.dart [E]
  Error: the Dart compiler exited unexpectedly.
  package:flutter_tools/src/base/common.dart 34:3  throwToolExit
  package:flutter_tools/src/compile.dart 895:11    DefaultResidentCompiler._compile.<fn>
  dart:async/zone.dart 1538:47                     _rootRunUnary
  dart:async/future_impl.dart 932:45               Future._propagateToListeners.handleValueCallback
  dart:async/future_impl.dart 961:13               Future._propagateToListeners
  dart:async/future_impl.dart 846:9                Future._propagateToListeners
  dart:async/future_impl.dart 712:5                Future._completeWithValue
  dart:async/future_impl.dart 792:7                Future._asyncCompleteWithValue.<fn>
  dart:async/zone.dart 1525:13                     _rootRun
  dart:async/zone.dart 1422:19                     _CustomZone.run
  dart:async/zone.dart 1321:7                      _CustomZone.runGuarded
  dart:async/zone.dart 1362:23                     _CustomZone.bindCallbackGuarded.<fn>
  dart:async/schedule_microtask.dart 40:21         _microtaskLoop
  dart:async/schedule_microtask.dart 49:5          _startMicrotaskLoop
  dart:isolate-patch/isolate_patch.dart 128:13     _runPendingImmediateCallback
  dart:isolate-patch/isolate_patch.dart 195:5      _RawReceivePort._handleMessage
  
00:30 +187 -49: /Users/pranay/Projects/LLM/image/waste_seg/waste_segregation_app/test/ui_consistency/contrast_accessibility_test.dart: Contrast and Accessibility Tests Basic Color Contrast Primary colors meet WCAG AA standards
00:30 +188 -49: /Users/pranay/Projects/LLM/image/waste_seg/waste_segregation_app/test/ui_consistency/contrast_accessibility_test.dart: Contrast and Accessibility Tests Basic Color Contrast Primary colors meet WCAG AA standards
00:30 +189 -49: /Users/pranay/Projects/LLM/image/waste_seg/waste_segregation_app/test/ui_consistency/contrast_accessibility_test.dart: Contrast and Accessibility Tests Basic Color Contrast Primary colors meet WCAG AA standards
00:30 +190 -49: /Users/pranay/Projects/LLM/image/waste_seg/waste_segregation_app/test/ui_consistency/contrast_accessibility_test.dart: Contrast and Accessibility Tests Basic Color Contrast Primary colors meet WCAG AA standards
00:30 +191 -49: /Users/pranay/Projects/LLM/image/waste_seg/waste_segregation_app/test/ui_consistency/contrast_accessibility_test.dart: Contrast and Accessibility Tests Basic Color Contrast Primary colors meet WCAG AA standards
00:30 +192 -49: /Users/pranay/Projects/LLM/image/waste_seg/waste_segregation_app/test/ui_consistency/contrast_accessibility_test.dart: Contrast and Accessibility Tests Basic Color Contrast Primary colors meet WCAG AA standards
00:30 +192 -49: /Users/pranay/Projects/LLM/image/waste_seg/waste_segregation_app/test/ui_consistency/comprehensive_overflow_test.dart: Comprehensive Overflow Tests Home Screen Layout Tests ModernHomeScreen handles small screens without overflow
ModernHomeScreen: didChangeDependencies - refreshing data
Error loading recent classifications: Error: Could not find the correct Provider<CloudStorageService> above this ModernHomeScreen Widget

This happens because you used a `BuildContext` that does not include the provider
of your choice. There are a few common scenarios:

- You added a new provider in your `main.dart` and performed a hot-reload.
  To fix, perform a hot-restart.

- The provider you are trying to read is in a different route.

  Providers are "scoped". So if you insert of provider inside a route, then
  other routes will not be able to access that provider.

- You used a `BuildContext` that is an ancestor of the provider you are trying to read.

  Make sure that ModernHomeScreen is under your MultiProvider/Provider<CloudStorageService>.
  This usually happens when you are creating a provider and trying to read it immediately.

  For example, instead of:

  ```
  Widget build(BuildContext context) {
    return Provider<Example>(
      create: (_) => Example(),
      // Will throw a ProviderNotFoundError, because `context` is associated
      // to the widget that is the parent of `Provider<Example>`
      child: Text(context.watch<Example>().toString()),
    );
  }
  ```

  consider using `builder` like so:

  ```
  Widget build(BuildContext context) {
    return Provider<Example>(
      create: (_) => Example(),
      // we use `builder` to obtain a new `BuildContext` that has access to the provider
      builder: (context, child) {
        // No longer throws
        return Text(context.watch<Example>().toString());
      }
    );
  }
  ```

If none of these solutions work, consider asking for help on StackOverflow:
https://stackoverflow.com/questions/tagged/flutter

Camera setup completed. Success: false
Error loading gamification data: type 'Null' is not a subtype of type 'Future<Streak>'
00:30 +193 -49: /Users/pranay/Projects/LLM/image/waste_seg/waste_segregation_app/test/ui_consistency/contrast_accessibility_test.dart: Contrast and Accessibility Tests Basic Color Contrast Primary colors meet WCAG AA standards
00:30 +194 -49: /Users/pranay/Projects/LLM/image/waste_seg/waste_segregation_app/test/ui_consistency/contrast_accessibility_test.dart: Contrast and Accessibility Tests Basic Color Contrast Primary colors meet WCAG AA standards
00:30 +195 -49: /Users/pranay/Projects/LLM/image/waste_seg/waste_segregation_app/test/ui_consistency/contrast_accessibility_test.dart: Contrast and Accessibility Tests Basic Color Contrast Primary colors meet WCAG AA standards
00:30 +196 -49: /Users/pranay/Projects/LLM/image/waste_seg/waste_segregation_app/test/ui_consistency/contrast_accessibility_test.dart: Contrast and Accessibility Tests Basic Color Contrast Primary colors meet WCAG AA standards
00:30 +196 -49: /Users/pranay/Projects/LLM/image/waste_seg/waste_segregation_app/test/ui_consistency/comprehensive_overflow_test.dart: Comprehensive Overflow Tests Home Screen Layout Tests ModernHomeScreen handles small screens without overflow
=== Today's Impact Debug ===
Current date: 2025-6-4
Total classifications: 0
Today's classifications: 0
========================
❌ Error getting community feed: HiveError: Box not found. Did you forget to call Hive.openBox()?
00:31 +197 -49: /Users/pranay/Projects/LLM/image/waste_seg/waste_segregation_app/test/ui_consistency/contrast_accessibility_test.dart: Contrast and Accessibility Tests Basic Color Contrast Primary colors meet WCAG AA standards
00:31 +198 -49: /Users/pranay/Projects/LLM/image/waste_seg/waste_segregation_app/test/ui_consistency/contrast_accessibility_test.dart: Contrast and Accessibility Tests Basic Color Contrast Primary colors meet WCAG AA standards
00:31 +199 -49: /Users/pranay/Projects/LLM/image/waste_seg/waste_segregation_app/test/ui_consistency/contrast_accessibility_test.dart: Contrast and Accessibility Tests Basic Color Contrast Primary colors meet WCAG AA standards
00:31 +200 -49: /Users/pranay/Projects/LLM/image/waste_seg/waste_segregation_app/test/ui_consistency/comprehensive_overflow_test.dart: Comprehensive Overflow Tests Home Screen Layout Tests ModernHomeScreen handles small screens without overflow
00:31 +201 -49: /Users/pranay/Projects/LLM/image/waste_seg/waste_segregation_app/test/ui_consistency/comprehensive_overflow_test.dart: Comprehensive Overflow Tests Home Screen Layout Tests ModernHomeScreen handles small screens without overflow
00:31 +202 -49: /Users/pranay/Projects/LLM/image/waste_seg/waste_segregation_app/test/ui_consistency/comprehensive_overflow_test.dart: Comprehensive Overflow Tests Home Screen Layout Tests ModernHomeScreen handles small screens without overflow
00:31 +203 -49: /Users/pranay/Projects/LLM/image/waste_seg/waste_segregation_app/test/ui_consistency/comprehensive_overflow_test.dart: Comprehensive Overflow Tests Home Screen Layout Tests ModernHomeScreen handles small screens without overflow
00:31 +204 -49: /Users/pranay/Projects/LLM/image/waste_seg/waste_segregation_app/test/ui_consistency/comprehensive_overflow_test.dart: Comprehensive Overflow Tests Home Screen Layout Tests ModernHomeScreen handles small screens without overflow
00:31 +205 -49: /Users/pranay/Projects/LLM/image/waste_seg/waste_segregation_app/test/performance/comprehensive_performance_test.dart: Comprehensive Performance Tests UI Responsiveness Tests Text input responds immediately
00:31 +206 -49: /Users/pranay/Projects/LLM/image/waste_seg/waste_segregation_app/test/ui_consistency/layout_overflow_test.dart: Layout Overflow Detection Tests Edge Case Layout Tests Dynamic value changes do not cause overflow
00:31 +207 -49: /Users/pranay/Projects/LLM/image/waste_seg/waste_segregation_app/test/ui_consistency/layout_overflow_test.dart: Layout Overflow Detection Tests Edge Case Layout Tests Dynamic value changes do not cause overflow
00:31 +207 -49: /Users/pranay/Projects/LLM/image/waste_seg/waste_segregation_app/test/performance/comprehensive_performance_test.dart: Comprehensive Performance Tests Performance Regression Detection Performance baseline test
Error loading gamification data: Error: Could not find the correct Provider<GamificationService> above this HomeScreen Widget

This happens because you used a `BuildContext` that does not include the provider
of your choice. There are a few common scenarios:

- You added a new provider in your `main.dart` and performed a hot-reload.
  To fix, perform a hot-restart.

- The provider you are trying to read is in a different route.

  Providers are "scoped". So if you insert of provider inside a route, then
  other routes will not be able to access that provider.

- You used a `BuildContext` that is an ancestor of the provider you are trying to read.

  Make sure that HomeScreen is under your MultiProvider/Provider<GamificationService>.
  This usually happens when you are creating a provider and trying to read it immediately.

  For example, instead of:

  ```
  Widget build(BuildContext context) {
    return Provider<Example>(
      create: (_) => Example(),
      // Will throw a ProviderNotFoundError, because `context` is associated
      // to the widget that is the parent of `Provider<Example>`
      child: Text(context.watch<Example>().toString()),
    );
  }
  ```

  consider using `builder` like so:

  ```
  Widget build(BuildContext context) {
    return Provider<Example>(
      create: (_) => Example(),
      // we use `builder` to obtain a new `BuildContext` that has access to the provider
      builder: (context, child) {
        // No longer throws
        return Text(context.watch<Example>().toString());
      }
    );
  }
  ```

If none of these solutions work, consider asking for help on StackOverflow:
https://stackoverflow.com/questions/tagged/flutter

00:31 +208 -49: /Users/pranay/Projects/LLM/image/waste_seg/waste_segregation_app/test/ui_consistency/layout_overflow_test.dart: Layout Overflow Detection Tests Edge Case Layout Tests Dynamic value changes do not cause overflow
00:31 +209 -49: /Users/pranay/Projects/LLM/image/waste_seg/waste_segregation_app/test/ui_consistency/layout_overflow_test.dart: Layout Overflow Detection Tests Edge Case Layout Tests Dynamic value changes do not cause overflow
00:31 +210 -49: /Users/pranay/Projects/LLM/image/waste_seg/waste_segregation_app/test/ui_consistency/layout_overflow_test.dart: Layout Overflow Detection Tests Edge Case Layout Tests Dynamic value changes do not cause overflow
00:31 +210 -49: /Users/pranay/Projects/LLM/image/waste_seg/waste_segregation_app/test/performance/comprehensive_performance_test.dart: Comprehensive Performance Tests Performance Regression Detection Performance baseline test
══╡ EXCEPTION CAUGHT BY WIDGETS LIBRARY ╞═══════════════════════════════════════════════════════════
The following ProviderNotFoundException was thrown building HomeScreen(dirty, state:
_HomeScreenState#7b78e):
Error: Could not find the correct Provider<AdService> above this HomeScreen Widget

This happens because you used a `BuildContext` that does not include the provider
of your choice. There are a few common scenarios:

- You added a new provider in your `main.dart` and performed a hot-reload.
  To fix, perform a hot-restart.

- The provider you are trying to read is in a different route.

  Providers are "scoped". So if you insert of provider inside a route, then
  other routes will not be able to access that provider.

- You used a `BuildContext` that is an ancestor of the provider you are trying to read.

  Make sure that HomeScreen is under your MultiProvider/Provider<AdService>.
  This usually happens when you are creating a provider and trying to read it immediately.

  For example, instead of:

  ```
  Widget build(BuildContext context) {
    return Provider<Example>(
      create: (_) => Example(),
      // Will throw a ProviderNotFoundError, because `context` is associated
      // to the widget that is the parent of `Provider<Example>`
      child: Text(context.watch<Example>().toString()),
    );
  }
  ```

  consider using `builder` like so:

  ```
  Widget build(BuildContext context) {
    return Provider<Example>(
      create: (_) => Example(),
      // we use `builder` to obtain a new `BuildContext` that has access to the provider
      builder: (context, child) {
        // No longer throws
        return Text(context.watch<Example>().toString());
      }
    );
  }
  ```

If none of these solutions work, consider asking for help on StackOverflow:
https://stackoverflow.com/questions/tagged/flutter

The relevant error-causing widget was:
  HomeScreen
  HomeScreen:file:///Users/pranay/Projects/LLM/image/waste_seg/waste_segregation_app/test/performance/comprehensive_performance_test.dart:208:19

When the exception was thrown, this was the stack:
#0      Provider._inheritedElementOf (package:provider/src/provider.dart:377:7)
#1      Provider.of (package:provider/src/provider.dart:327:30)
#2      _HomeScreenState.build (package:waste_segregation_app/screens/home_screen.dart:1111:32)
#3      StatefulElement.build (package:flutter/src/widgets/framework.dart:5841:27)
#4      ComponentElement.performRebuild (package:flutter/src/widgets/framework.dart:5733:15)
#5      StatefulElement.performRebuild (package:flutter/src/widgets/framework.dart:5892:11)
#6      Element.rebuild (package:flutter/src/widgets/framework.dart:5445:7)
#7      ComponentElement._firstBuild (package:flutter/src/widgets/framework.dart:5715:5)
#8      StatefulElement._firstBuild (package:flutter/src/widgets/framework.dart:5883:11)
#9      ComponentElement.mount (package:flutter/src/widgets/framework.dart:5709:5)
...     Normal element mounting (228 frames)
#237    Element.inflateWidget (package:flutter/src/widgets/framework.dart:4555:16)
#238    MultiChildRenderObjectElement.inflateWidget (package:flutter/src/widgets/framework.dart:7178:36)
#239    MultiChildRenderObjectElement.mount (package:flutter/src/widgets/framework.dart:7194:32)
...     Normal element mounting (457 frames)
#696    Element.inflateWidget (package:flutter/src/widgets/framework.dart:4555:16)
#697    Element.updateChild (package:flutter/src/widgets/framework.dart:4014:20)
#698    ComponentElement.performRebuild (package:flutter/src/widgets/framework.dart:5756:16)
#699    Element.rebuild (package:flutter/src/widgets/framework.dart:5445:7)
#700    ProxyElement.update (package:flutter/src/widgets/framework.dart:6059:5)
#701    _InheritedNotifierElement.update (package:flutter/src/widgets/inherited_notifier.dart:108:11)
#702    Element.updateChild (package:flutter/src/widgets/framework.dart:3998:15)
#703    ComponentElement.performRebuild (package:flutter/src/widgets/framework.dart:5756:16)
#704    StatefulElement.performRebuild (package:flutter/src/widgets/framework.dart:5892:11)
#705    Element.rebuild (package:flutter/src/widgets/framework.dart:5445:7)
#706    StatefulElement.update (package:flutter/src/widgets/framework.dart:5917:5)
#707    Element.updateChild (package:flutter/src/widgets/framework.dart:3998:15)
#708    ComponentElement.performRebuild (package:flutter/src/widgets/framework.dart:5756:16)
#709    Element.rebuild (package:flutter/src/widgets/framework.dart:5445:7)
#710    ProxyElement.update (package:flutter/src/widgets/framework.dart:6059:5)
#711    _InheritedNotifierElement.update (package:flutter/src/widgets/inherited_notifier.dart:108:11)
#712    Element.updateChild (package:flutter/src/widgets/framework.dart:3998:15)
#713    ComponentElement.performRebuild (package:flutter/src/widgets/framework.dart:5756:16)
#714    StatefulElement.performRebuild (package:flutter/src/widgets/framework.dart:5892:11)
#715    Element.rebuild (package:flutter/src/widgets/framework.dart:5445:7)
#716    StatefulElement.update (package:flutter/src/widgets/framework.dart:5917:5)
#717    Element.updateChild (package:flutter/src/widgets/framework.dart:3998:15)
#718    ComponentElement.performRebuild (package:flutter/src/widgets/framework.dart:5756:16)
#719    StatefulElement.performRebuild (package:flutter/src/widgets/framework.dart:5892:11)
#720    Element.rebuild (package:flutter/src/widgets/framework.dart:5445:7)
#721    StatefulElement.update (package:flutter/src/widgets/framework.dart:5917:5)
#722    Element.updateChild (package:flutter/src/widgets/framework.dart:3998:15)
#723    ComponentElement.performRebuild (package:flutter/src/widgets/framework.dart:5756:16)
#724    Element.rebuild (package:flutter/src/widgets/framework.dart:5445:7)
#725    ProxyElement.update (package:flutter/src/widgets/framework.dart:6059:5)
#726    Element.updateChild (package:flutter/src/widgets/framework.dart:3998:15)
#727    ComponentElement.performRebuild (package:flutter/src/widgets/framework.dart:5756:16)
#728    StatefulElement.performRebuild (package:flutter/src/widgets/framework.dart:5892:11)
#729    Element.rebuild (package:flutter/src/widgets/framework.dart:5445:7)
#730    StatefulElement.update (package:flutter/src/widgets/framework.dart:5917:5)
#731    Element.updateChild (package:flutter/src/widgets/framework.dart:3998:15)
#732    ComponentElement.performRebuild (package:flutter/src/widgets/framework.dart:5756:16)
#733    Element.rebuild (package:flutter/src/widgets/framework.dart:5445:7)
#734    ProxyElement.update (package:flutter/src/widgets/framework.dart:6059:5)
#735    Element.updateChild (package:flutter/src/widgets/framework.dart:3998:15)
#736    ComponentElement.performRebuild (package:flutter/src/widgets/framework.dart:5756:16)
#737    Element.rebuild (package:flutter/src/widgets/framework.dart:5445:7)
#738    ProxyElement.update (package:flutter/src/widgets/framework.dart:6059:5)
#739    Element.updateChild (package:flutter/src/widgets/framework.dart:3998:15)
#740    _RawViewElement._updateChild (package:flutter/src/widgets/view.dart:481:16)
#741    _RawViewElement.update (package:flutter/src/widgets/view.dart:569:5)
#742    Element.updateChild (package:flutter/src/widgets/framework.dart:3998:15)
#743    ComponentElement.performRebuild (package:flutter/src/widgets/framework.dart:5756:16)
#744    Element.rebuild (package:flutter/src/widgets/framework.dart:5445:7)
#745    StatelessElement.update (package:flutter/src/widgets/framework.dart:5805:5)
#746    Element.updateChild (package:flutter/src/widgets/framework.dart:3998:15)
#747    ComponentElement.performRebuild (package:flutter/src/widgets/framework.dart:5756:16)
#748    StatefulElement.performRebuild (package:flutter/src/widgets/framework.dart:5892:11)
#749    Element.rebuild (package:flutter/src/widgets/framework.dart:5445:7)
#750    StatefulElement.update (package:flutter/src/widgets/framework.dart:5917:5)
#751    Element.updateChild (package:flutter/src/widgets/framework.dart:3998:15)
#752    RootElement._rebuild (package:flutter/src/widgets/binding.dart:1687:16)
#753    RootElement.update (package:flutter/src/widgets/binding.dart:1665:5)
#754    RootElement.performRebuild (package:flutter/src/widgets/binding.dart:1679:7)
#755    Element.rebuild (package:flutter/src/widgets/framework.dart:5445:7)
#756    BuildScope._tryRebuild (package:flutter/src/widgets/framework.dart:2704:15)
#757    BuildScope._flushDirtyElements (package:flutter/src/widgets/framework.dart:2762:11)
#758    BuildOwner.buildScope (package:flutter/src/widgets/framework.dart:3066:18)
#759    AutomatedTestWidgetsFlutterBinding.drawFrame (package:flutter_test/src/binding.dart:1495:19)
#760    RendererBinding._handlePersistentFrameCallback (package:flutter/src/rendering/binding.dart:482:5)
#761    SchedulerBinding._invokeFrameCallback (package:flutter/src/scheduler/binding.dart:1442:15)
#762    SchedulerBinding.handleDrawFrame (package:flutter/src/scheduler/binding.dart:1355:9)
#763    AutomatedTestWidgetsFlutterBinding.pump.<anonymous closure> (package:flutter_test/src/binding.dart:1340:9)
#766    TestAsyncUtils.guard (package:flutter_test/src/test_async_utils.dart:74:41)
#767    AutomatedTestWidgetsFlutterBinding.pump (package:flutter_test/src/binding.dart:1329:27)
#768    WidgetTester.pumpWidget.<anonymous closure> (package:flutter_test/src/widget_tester.dart:599:22)
#771    TestAsyncUtils.guard (package:flutter_test/src/test_async_utils.dart:74:41)
#772    WidgetTester.pumpWidget (package:flutter_test/src/widget_tester.dart:596:27)
#773    main.<anonymous closure>.<anonymous closure>.<anonymous closure> (file:///Users/pranay/Projects/LLM/image/waste_seg/waste_segregation_app/test/performance/comprehensive_performance_test.dart:206:22)
#774    testWidgets.<anonymous closure>.<anonymous closure> (package:flutter_test/src/widget_tester.dart:193:29)
<asynchronous suspension>
#775    TestWidgetsFlutterBinding._runTestBody (package:flutter_test/src/binding.dart:1064:5)
<asynchronous suspension>
<asynchronous suspension>
(elided 5 frames from dart:async and package:stack_trace)

════════════════════════════════════════════════════════════════════════════════════════════════════
══╡ EXCEPTION CAUGHT BY FLUTTER TEST FRAMEWORK ╞════════════════════════════════════════════════════
The following ProviderNotFoundException was thrown running a test:
Error: Could not find the correct Provider<StorageService> above this HomeScreen Widget

This happens because you used a `BuildContext` that does not include the provider
of your choice. There are a few common scenarios:

- You added a new provider in your `main.dart` and performed a hot-reload.
  To fix, perform a hot-restart.

- The provider you are trying to read is in a different route.

  Providers are "scoped". So if you insert of provider inside a route, then
  other routes will not be able to access that provider.

- You used a `BuildContext` that is an ancestor of the provider you are trying to read.

  Make sure that HomeScreen is under your MultiProvider/Provider<StorageService>.
  This usually happens when you are creating a provider and trying to read it immediately.

  For example, instead of:

  ```
  Widget build(BuildContext context) {
    return Provider<Example>(
      create: (_) => Example(),
      // Will throw a ProviderNotFoundError, because `context` is associated
      // to the widget that is the parent of `Provider<Example>`
      child: Text(context.watch<Example>().toString()),
    );
  }
  ```

  consider using `builder` like so:

  ```
  Widget build(BuildContext context) {
    return Provider<Example>(
      create: (_) => Example(),
      // we use `builder` to obtain a new `BuildContext` that has access to the provider
      builder: (context, child) {
        // No longer throws
        return Text(context.watch<Example>().toString());
      }
    );
  }
  ```

If none of these solutions work, consider asking for help on StackOverflow:
https://stackoverflow.com/questions/tagged/flutter

When the exception was thrown, this was the stack:
#0      Provider._inheritedElementOf (package:provider/src/provider.dart:377:7)
#1      Provider.of (package:provider/src/provider.dart:327:30)
#2      _HomeScreenState._loadUserData (package:waste_segregation_app/screens/home_screen.dart:120:37)
#3      _HomeScreenState.initState (package:waste_segregation_app/screens/home_screen.dart:63:5)
#4      StatefulElement._firstBuild (package:flutter/src/widgets/framework.dart:5860:55)
#5      ComponentElement.mount (package:flutter/src/widgets/framework.dart:5709:5)
...     Normal element mounting (228 frames)
#233    Element.inflateWidget (package:flutter/src/widgets/framework.dart:4555:16)
#234    MultiChildRenderObjectElement.inflateWidget (package:flutter/src/widgets/framework.dart:7178:36)
#235    MultiChildRenderObjectElement.mount (package:flutter/src/widgets/framework.dart:7194:32)
...     Normal element mounting (457 frames)
#692    Element.inflateWidget (package:flutter/src/widgets/framework.dart:4555:16)
#693    Element.updateChild (package:flutter/src/widgets/framework.dart:4014:20)
#694    ComponentElement.performRebuild (package:flutter/src/widgets/framework.dart:5756:16)
#695    Element.rebuild (package:flutter/src/widgets/framework.dart:5445:7)
#696    ProxyElement.update (package:flutter/src/widgets/framework.dart:6059:5)
#697    _InheritedNotifierElement.update (package:flutter/src/widgets/inherited_notifier.dart:108:11)
#698    Element.updateChild (package:flutter/src/widgets/framework.dart:3998:15)
#699    ComponentElement.performRebuild (package:flutter/src/widgets/framework.dart:5756:16)
#700    StatefulElement.performRebuild (package:flutter/src/widgets/framework.dart:5892:11)
#701    Element.rebuild (package:flutter/src/widgets/framework.dart:5445:7)
#702    StatefulElement.update (package:flutter/src/widgets/framework.dart:5917:5)
#703    Element.updateChild (package:flutter/src/widgets/framework.dart:3998:15)
#704    ComponentElement.performRebuild (package:flutter/src/widgets/framework.dart:5756:16)
#705    Element.rebuild (package:flutter/src/widgets/framework.dart:5445:7)
#706    ProxyElement.update (package:flutter/src/widgets/framework.dart:6059:5)
#707    _InheritedNotifierElement.update (package:flutter/src/widgets/inherited_notifier.dart:108:11)
#708    Element.updateChild (package:flutter/src/widgets/framework.dart:3998:15)
#709    ComponentElement.performRebuild (package:flutter/src/widgets/framework.dart:5756:16)
#710    StatefulElement.performRebuild (package:flutter/src/widgets/framework.dart:5892:11)
#711    Element.rebuild (package:flutter/src/widgets/framework.dart:5445:7)
#712    StatefulElement.update (package:flutter/src/widgets/framework.dart:5917:5)
#713    Element.updateChild (package:flutter/src/widgets/framework.dart:3998:15)
#714    ComponentElement.performRebuild (package:flutter/src/widgets/framework.dart:5756:16)
#715    StatefulElement.performRebuild (package:flutter/src/widgets/framework.dart:5892:11)
#716    Element.rebuild (package:flutter/src/widgets/framework.dart:5445:7)
#717    StatefulElement.update (package:flutter/src/widgets/framework.dart:5917:5)
#718    Element.updateChild (package:flutter/src/widgets/framework.dart:3998:15)
#719    ComponentElement.performRebuild (package:flutter/src/widgets/framework.dart:5756:16)
#720    Element.rebuild (package:flutter/src/widgets/framework.dart:5445:7)
#721    ProxyElement.update (package:flutter/src/widgets/framework.dart:6059:5)
#722    Element.updateChild (package:flutter/src/widgets/framework.dart:3998:15)
#723    ComponentElement.performRebuild (package:flutter/src/widgets/framework.dart:5756:16)
#724    StatefulElement.performRebuild (package:flutter/src/widgets/framework.dart:5892:11)
#725    Element.rebuild (package:flutter/src/widgets/framework.dart:5445:7)
#726    StatefulElement.update (package:flutter/src/widgets/framework.dart:5917:5)
#727    Element.updateChild (package:flutter/src/widgets/framework.dart:3998:15)
#728    ComponentElement.performRebuild (package:flutter/src/widgets/framework.dart:5756:16)
#729    Element.rebuild (package:flutter/src/widgets/framework.dart:5445:7)
#730    ProxyElement.update (package:flutter/src/widgets/framework.dart:6059:5)
#731    Element.updateChild (package:flutter/src/widgets/framework.dart:3998:15)
#732    ComponentElement.performRebuild (package:flutter/src/widgets/framework.dart:5756:16)
#733    Element.rebuild (package:flutter/src/widgets/framework.dart:5445:7)
#734    ProxyElement.update (package:flutter/src/widgets/framework.dart:6059:5)
#735    Element.updateChild (package:flutter/src/widgets/framework.dart:3998:15)
#736    _RawViewElement._updateChild (package:flutter/src/widgets/view.dart:481:16)
#737    _RawViewElement.update (package:flutter/src/widgets/view.dart:569:5)
#738    Element.updateChild (package:flutter/src/widgets/framework.dart:3998:15)
#739    ComponentElement.performRebuild (package:flutter/src/widgets/framework.dart:5756:16)
#740    Element.rebuild (package:flutter/src/widgets/framework.dart:5445:7)
#741    StatelessElement.update (package:flutter/src/widgets/framework.dart:5805:5)
#742    Element.updateChild (package:flutter/src/widgets/framework.dart:3998:15)
#743    ComponentElement.performRebuild (package:flutter/src/widgets/framework.dart:5756:16)
#744    StatefulElement.performRebuild (package:flutter/src/widgets/framework.dart:5892:11)
#745    Element.rebuild (package:flutter/src/widgets/framework.dart:5445:7)
#746    StatefulElement.update (package:flutter/src/widgets/framework.dart:5917:5)
#747    Element.updateChild (package:flutter/src/widgets/framework.dart:3998:15)
#748    RootElement._rebuild (package:flutter/src/widgets/binding.dart:1687:16)
#749    RootElement.update (package:flutter/src/widgets/binding.dart:1665:5)
#750    RootElement.performRebuild (package:flutter/src/widgets/binding.dart:1679:7)
#751    Element.rebuild (package:flutter/src/widgets/framework.dart:5445:7)
#752    BuildScope._tryRebuild (package:flutter/src/widgets/framework.dart:2704:15)
#753    BuildScope._flushDirtyElements (package:flutter/src/widgets/framework.dart:2762:11)
#754    BuildOwner.buildScope (package:flutter/src/widgets/framework.dart:3066:18)
#755    AutomatedTestWidgetsFlutterBinding.drawFrame (package:flutter_test/src/binding.dart:1495:19)
#756    RendererBinding._handlePersistentFrameCallback (package:flutter/src/rendering/binding.dart:482:5)
#757    SchedulerBinding._invokeFrameCallback (package:flutter/src/scheduler/binding.dart:1442:15)
#758    SchedulerBinding.handleDrawFrame (package:flutter/src/scheduler/binding.dart:1355:9)
#759    AutomatedTestWidgetsFlutterBinding.pump.<anonymous closure> (package:flutter_test/src/binding.dart:1340:9)
#762    TestAsyncUtils.guard (package:flutter_test/src/test_async_utils.dart:74:41)
#763    AutomatedTestWidgetsFlutterBinding.pump (package:flutter_test/src/binding.dart:1329:27)
#764    WidgetTester.pumpWidget.<anonymous closure> (package:flutter_test/src/widget_tester.dart:599:22)
#767    TestAsyncUtils.guard (package:flutter_test/src/test_async_utils.dart:74:41)
#768    WidgetTester.pumpWidget (package:flutter_test/src/widget_tester.dart:596:27)
#769    main.<anonymous closure>.<anonymous closure>.<anonymous closure> (file:///Users/pranay/Projects/LLM/image/waste_seg/waste_segregation_app/test/performance/comprehensive_performance_test.dart:206:22)
#770    testWidgets.<anonymous closure>.<anonymous closure> (package:flutter_test/src/widget_tester.dart:193:29)
<asynchronous suspension>
#771    TestWidgetsFlutterBinding._runTestBody (package:flutter_test/src/binding.dart:1064:5)
<asynchronous suspension>
<asynchronous suspension>
(elided 5 frames from dart:async and package:stack_trace)

The test description was:
  Performance baseline test
════════════════════════════════════════════════════════════════════════════════════════════════════
══╡ EXCEPTION CAUGHT BY FLUTTER TEST FRAMEWORK ╞════════════════════════════════════════════════════
The following message was thrown:
Multiple exceptions (2) were detected during the running of the current test, and at least one was
unexpected.
════════════════════════════════════════════════════════════════════════════════════════════════════
00:31 +210 -50: /Users/pranay/Projects/LLM/image/waste_seg/waste_segregation_app/test/ui_consistency/layout_overflow_test.dart: Layout Overflow Detection Tests Edge Case Layout Tests Dynamic value changes do not cause overflow
00:31 +210 -50: /Users/pranay/Projects/LLM/image/waste_seg/waste_segregation_app/test/performance/comprehensive_performance_test.dart: Comprehensive Performance Tests Performance Regression Detection Performance baseline test [E]
  Test failed. See exception logs above.
  The test description was: Performance baseline test
  
══╡ EXCEPTION CAUGHT BY FLUTTER TEST FRAMEWORK ╞════════════════════════════════════════════════════
The following assertion was thrown running a test (but after the test had completed):
dependOnInheritedWidgetOfExactType<_ScaffoldMessengerScope>() or dependOnInheritedElement() was
called before _HomeScreenState.initState() completed.
When an inherited widget changes, for example if the value of Theme.of() changes, its dependent
widgets are rebuilt. If the dependent widget's reference to the inherited widget is in a constructor
or an initState() method, then the rebuilt dependent widget will not reflect the changes in the
inherited widget.
Typically references to inherited widgets should occur in widget build() methods. Alternatively,
initialization based on inherited widgets can be placed in the didChangeDependencies method, which
is called after initState and whenever the dependencies change thereafter.

When the exception was thrown, this was the stack:
#0      StatefulElement.dependOnInheritedElement.<anonymous closure> (package:flutter/src/widgets/framework.dart:5964:9)
#1      StatefulElement.dependOnInheritedElement (package:flutter/src/widgets/framework.dart:6011:6)
#2      Element.dependOnInheritedWidgetOfExactType (package:flutter/src/widgets/framework.dart:5000:14)
#3      ScaffoldMessenger.of (package:flutter/src/material/scaffold.dart:159:17)
#4      _HomeScreenState._loadRecentClassifications (package:waste_segregation_app/screens/home_screen.dart:155:27)
#5      _HomeScreenState.initState (package:waste_segregation_app/screens/home_screen.dart:64:5)
#6      StatefulElement._firstBuild (package:flutter/src/widgets/framework.dart:5860:55)
#7      ComponentElement.mount (package:flutter/src/widgets/framework.dart:5709:5)
...     Normal element mounting (228 frames)
#235    Element.inflateWidget (package:flutter/src/widgets/framework.dart:4555:16)
#236    MultiChildRenderObjectElement.inflateWidget (package:flutter/src/widgets/framework.dart:7178:36)
#237    MultiChildRenderObjectElement.mount (package:flutter/src/widgets/framework.dart:7194:32)
...     Normal element mounting (457 frames)
#694    Element.inflateWidget (package:flutter/src/widgets/framework.dart:4555:16)
#695    Element.updateChild (package:flutter/src/widgets/framework.dart:4014:20)
#696    ComponentElement.performRebuild (package:flutter/src/widgets/framework.dart:5756:16)
#697    Element.rebuild (package:flutter/src/widgets/framework.dart:5445:7)
#698    ProxyElement.update (package:flutter/src/widgets/framework.dart:6059:5)
#699    _InheritedNotifierElement.update (package:flutter/src/widgets/inherited_notifier.dart:108:11)
#700    Element.updateChild (package:flutter/src/widgets/framework.dart:3998:15)
#701    ComponentElement.performRebuild (package:flutter/src/widgets/framework.dart:5756:16)
#702    StatefulElement.performRebuild (package:flutter/src/widgets/framework.dart:5892:11)
#703    Element.rebuild (package:flutter/src/widgets/framework.dart:5445:7)
#704    StatefulElement.update (package:flutter/src/widgets/framework.dart:5917:5)
#705    Element.updateChild (package:flutter/src/widgets/framework.dart:3998:15)
#706    ComponentElement.performRebuild (package:flutter/src/widgets/framework.dart:5756:16)
#707    Element.rebuild (package:flutter/src/widgets/framework.dart:5445:7)
#708    ProxyElement.update (package:flutter/src/widgets/framework.dart:6059:5)
#709    _InheritedNotifierElement.update (package:flutter/src/widgets/inherited_notifier.dart:108:11)
#710    Element.updateChild (package:flutter/src/widgets/framework.dart:3998:15)
#711    ComponentElement.performRebuild (package:flutter/src/widgets/framework.dart:5756:16)
#712    StatefulElement.performRebuild (package:flutter/src/widgets/framework.dart:5892:11)
#713    Element.rebuild (package:flutter/src/widgets/framework.dart:5445:7)
#714    StatefulElement.update (package:flutter/src/widgets/framework.dart:5917:5)
#715    Element.updateChild (package:flutter/src/widgets/framework.dart:3998:15)
#716    ComponentElement.performRebuild (package:flutter/src/widgets/framework.dart:5756:16)
#717    StatefulElement.performRebuild (package:flutter/src/widgets/framework.dart:5892:11)
#718    Element.rebuild (package:flutter/src/widgets/framework.dart:5445:7)
#719    StatefulElement.update (package:flutter/src/widgets/framework.dart:5917:5)
#720    Element.updateChild (package:flutter/src/widgets/framework.dart:3998:15)
#721    ComponentElement.performRebuild (package:flutter/src/widgets/framework.dart:5756:16)
#722    Element.rebuild (package:flutter/src/widgets/framework.dart:5445:7)
#723    ProxyElement.update (package:flutter/src/widgets/framework.dart:6059:5)
#724    Element.updateChild (package:flutter/src/widgets/framework.dart:3998:15)
#725    ComponentElement.performRebuild (package:flutter/src/widgets/framework.dart:5756:16)
#726    StatefulElement.performRebuild (package:flutter/src/widgets/framework.dart:5892:11)
#727    Element.rebuild (package:flutter/src/widgets/framework.dart:5445:7)
#728    StatefulElement.update (package:flutter/src/widgets/framework.dart:5917:5)
#729    Element.updateChild (package:flutter/src/widgets/framework.dart:3998:15)
#730    ComponentElement.performRebuild (package:flutter/src/widgets/framework.dart:5756:16)
#731    Element.rebuild (package:flutter/src/widgets/framework.dart:5445:7)
#732    ProxyElement.update (package:flutter/src/widgets/framework.dart:6059:5)
#733    Element.updateChild (package:flutter/src/widgets/framework.dart:3998:15)
#734    ComponentElement.performRebuild (package:flutter/src/widgets/framework.dart:5756:16)
#735    Element.rebuild (package:flutter/src/widgets/framework.dart:5445:7)
#736    ProxyElement.update (package:flutter/src/widgets/framework.dart:6059:5)
#737    Element.updateChild (package:flutter/src/widgets/framework.dart:3998:15)
#738    _RawViewElement._updateChild (package:flutter/src/widgets/view.dart:481:16)
#739    _RawViewElement.update (package:flutter/src/widgets/view.dart:569:5)
#740    Element.updateChild (package:flutter/src/widgets/framework.dart:3998:15)
#741    ComponentElement.performRebuild (package:flutter/src/widgets/framework.dart:5756:16)
#742    Element.rebuild (package:flutter/src/widgets/framework.dart:5445:7)
#743    StatelessElement.update (package:flutter/src/widgets/framework.dart:5805:5)
#744    Element.updateChild (package:flutter/src/widgets/framework.dart:3998:15)
#745    ComponentElement.performRebuild (package:flutter/src/widgets/framework.dart:5756:16)
#746    StatefulElement.performRebuild (package:flutter/src/widgets/framework.dart:5892:11)
#747    Element.rebuild (package:flutter/src/widgets/framework.dart:5445:7)
#748    StatefulElement.update (package:flutter/src/widgets/framework.dart:5917:5)
#749    Element.updateChild (package:flutter/src/widgets/framework.dart:3998:15)
#750    RootElement._rebuild (package:flutter/src/widgets/binding.dart:1687:16)
#751    RootElement.update (package:flutter/src/widgets/binding.dart:1665:5)
#752    RootElement.performRebuild (package:flutter/src/widgets/binding.dart:1679:7)
#753    Element.rebuild (package:flutter/src/widgets/framework.dart:5445:7)
#754    BuildScope._tryRebuild (package:flutter/src/widgets/framework.dart:2704:15)
#755    BuildScope._flushDirtyElements (package:flutter/src/widgets/framework.dart:2762:11)
#756    BuildOwner.buildScope (package:flutter/src/widgets/framework.dart:3066:18)
#757    AutomatedTestWidgetsFlutterBinding.drawFrame (package:flutter_test/src/binding.dart:1495:19)
#758    RendererBinding._handlePersistentFrameCallback (package:flutter/src/rendering/binding.dart:482:5)
#759    SchedulerBinding._invokeFrameCallback (package:flutter/src/scheduler/binding.dart:1442:15)
#760    SchedulerBinding.handleDrawFrame (package:flutter/src/scheduler/binding.dart:1355:9)
#761    AutomatedTestWidgetsFlutterBinding.pump.<anonymous closure> (package:flutter_test/src/binding.dart:1340:9)
#764    TestAsyncUtils.guard (package:flutter_test/src/test_async_utils.dart:74:41)
#765    AutomatedTestWidgetsFlutterBinding.pump (package:flutter_test/src/binding.dart:1329:27)
#766    WidgetTester.pumpWidget.<anonymous closure> (package:flutter_test/src/widget_tester.dart:599:22)
#769    TestAsyncUtils.guard (package:flutter_test/src/test_async_utils.dart:74:41)
#770    WidgetTester.pumpWidget (package:flutter_test/src/widget_tester.dart:596:27)
#771    main.<anonymous closure>.<anonymous closure>.<anonymous closure> (file:///Users/pranay/Projects/LLM/image/waste_seg/waste_segregation_app/test/performance/comprehensive_performance_test.dart:206:22)
#772    testWidgets.<anonymous closure>.<anonymous closure> (package:flutter_test/src/widget_tester.dart:193:29)
<asynchronous suspension>
#773    TestWidgetsFlutterBinding._runTestBody (package:flutter_test/src/binding.dart:1064:5)
<asynchronous suspension>
<asynchronous suspension>
(elided 5 frames from dart:async and package:stack_trace)
════════════════════════════════════════════════════════════════════════════════════════════════════
  Test failed. See exception logs above.
  The test description was: Performance baseline test
  
00:31 +211 -50: /Users/pranay/Projects/LLM/image/waste_seg/waste_segregation_app/test/ui_consistency/layout_overflow_test.dart: Layout Overflow Detection Tests Edge Case Layout Tests Dynamic value changes do not cause overflow
00:31 +211 -50: /Users/pranay/Projects/LLM/image/waste_seg/waste_segregation_app/test/performance/comprehensive_performance_test.dart: Comprehensive Performance Tests Performance Regression Detection Performance baseline test
══╡ EXCEPTION CAUGHT BY FLUTTER TEST FRAMEWORK ╞════════════════════════════════════════════════════
The following assertion was thrown running a test (but after the test had completed):
dependOnInheritedWidgetOfExactType<_ScaffoldMessengerScope>() or dependOnInheritedElement() was
called before _HomeScreenState.initState() completed.
When an inherited widget changes, for example if the value of Theme.of() changes, its dependent
widgets are rebuilt. If the dependent widget's reference to the inherited widget is in a constructor
or an initState() method, then the rebuilt dependent widget will not reflect the changes in the
inherited widget.
Typically references to inherited widgets should occur in widget build() methods. Alternatively,
initialization based on inherited widgets can be placed in the didChangeDependencies method, which
is called after initState and whenever the dependencies change thereafter.

When the exception was thrown, this was the stack:
#0      StatefulElement.dependOnInheritedElement.<anonymous closure> (package:flutter/src/widgets/framework.dart:5964:9)
#1      StatefulElement.dependOnInheritedElement (package:flutter/src/widgets/framework.dart:6011:6)
#2      Element.dependOnInheritedWidgetOfExactType (package:flutter/src/widgets/framework.dart:5000:14)
#3      ScaffoldMessenger.of (package:flutter/src/material/scaffold.dart:159:17)
#4      _HomeScreenState._loadGamificationData (package:waste_segregation_app/screens/home_screen.dart:99:27)
#5      _HomeScreenState.initState (package:waste_segregation_app/screens/home_screen.dart:65:5)
#6      StatefulElement._firstBuild (package:flutter/src/widgets/framework.dart:5860:55)
#7      ComponentElement.mount (package:flutter/src/widgets/framework.dart:5709:5)
...     Normal element mounting (228 frames)
#235    Element.inflateWidget (package:flutter/src/widgets/framework.dart:4555:16)
#236    MultiChildRenderObjectElement.inflateWidget (package:flutter/src/widgets/framework.dart:7178:36)
#237    MultiChildRenderObjectElement.mount (package:flutter/src/widgets/framework.dart:7194:32)
...     Normal element mounting (457 frames)
#694    Element.inflateWidget (package:flutter/src/widgets/framework.dart:4555:16)
#695    Element.updateChild (package:flutter/src/widgets/framework.dart:4014:20)
#696    ComponentElement.performRebuild (package:flutter/src/widgets/framework.dart:5756:16)
#697    Element.rebuild (package:flutter/src/widgets/framework.dart:5445:7)
#698    ProxyElement.update (package:flutter/src/widgets/framework.dart:6059:5)
#699    _InheritedNotifierElement.update (package:flutter/src/widgets/inherited_notifier.dart:108:11)
#700    Element.updateChild (package:flutter/src/widgets/framework.dart:3998:15)
#701    ComponentElement.performRebuild (package:flutter/src/widgets/framework.dart:5756:16)
#702    StatefulElement.performRebuild (package:flutter/src/widgets/framework.dart:5892:11)
#703    Element.rebuild (package:flutter/src/widgets/framework.dart:5445:7)
#704    StatefulElement.update (package:flutter/src/widgets/framework.dart:5917:5)
#705    Element.updateChild (package:flutter/src/widgets/framework.dart:3998:15)
#706    ComponentElement.performRebuild (package:flutter/src/widgets/framework.dart:5756:16)
#707    Element.rebuild (package:flutter/src/widgets/framework.dart:5445:7)
#708    ProxyElement.update (package:flutter/src/widgets/framework.dart:6059:5)
#709    _InheritedNotifierElement.update (package:flutter/src/widgets/inherited_notifier.dart:108:11)
#710    Element.updateChild (package:flutter/src/widgets/framework.dart:3998:15)
#711    ComponentElement.performRebuild (package:flutter/src/widgets/framework.dart:5756:16)
#712    StatefulElement.performRebuild (package:flutter/src/widgets/framework.dart:5892:11)
#713    Element.rebuild (package:flutter/src/widgets/framework.dart:5445:7)
#714    StatefulElement.update (package:flutter/src/widgets/framework.dart:5917:5)
#715    Element.updateChild (package:flutter/src/widgets/framework.dart:3998:15)
#716    ComponentElement.performRebuild (package:flutter/src/widgets/framework.dart:5756:16)
#717    StatefulElement.performRebuild (package:flutter/src/widgets/framework.dart:5892:11)
#718    Element.rebuild (package:flutter/src/widgets/framework.dart:5445:7)
#719    StatefulElement.update (package:flutter/src/widgets/framework.dart:5917:5)
#720    Element.updateChild (package:flutter/src/widgets/framework.dart:3998:15)
#721    ComponentElement.performRebuild (package:flutter/src/widgets/framework.dart:5756:16)
#722    Element.rebuild (package:flutter/src/widgets/framework.dart:5445:7)
#723    ProxyElement.update (package:flutter/src/widgets/framework.dart:6059:5)
#724    Element.updateChild (package:flutter/src/widgets/framework.dart:3998:15)
#725    ComponentElement.performRebuild (package:flutter/src/widgets/framework.dart:5756:16)
#726    StatefulElement.performRebuild (package:flutter/src/widgets/framework.dart:5892:11)
#727    Element.rebuild (package:flutter/src/widgets/framework.dart:5445:7)
#728    StatefulElement.update (package:flutter/src/widgets/framework.dart:5917:5)
#729    Element.updateChild (package:flutter/src/widgets/framework.dart:3998:15)
#730    ComponentElement.performRebuild (package:flutter/src/widgets/framework.dart:5756:16)
#731    Element.rebuild (package:flutter/src/widgets/framework.dart:5445:7)
#732    ProxyElement.update (package:flutter/src/widgets/framework.dart:6059:5)
#733    Element.updateChild (package:flutter/src/widgets/framework.dart:3998:15)
#734    ComponentElement.performRebuild (package:flutter/src/widgets/framework.dart:5756:16)
#735    Element.rebuild (package:flutter/src/widgets/framework.dart:5445:7)
#736    ProxyElement.update (package:flutter/src/widgets/framework.dart:6059:5)
#737    Element.updateChild (package:flutter/src/widgets/framework.dart:3998:15)
#738    _RawViewElement._updateChild (package:flutter/src/widgets/view.dart:481:16)
#739    _RawViewElement.update (package:flutter/src/widgets/view.dart:569:5)
#740    Element.updateChild (package:flutter/src/widgets/framework.dart:3998:15)
#741    ComponentElement.performRebuild (package:flutter/src/widgets/framework.dart:5756:16)
#742    Element.rebuild (package:flutter/src/widgets/framework.dart:5445:7)
#743    StatelessElement.update (package:flutter/src/widgets/framework.dart:5805:5)
#744    Element.updateChild (package:flutter/src/widgets/framework.dart:3998:15)
#745    ComponentElement.performRebuild (package:flutter/src/widgets/framework.dart:5756:16)
#746    StatefulElement.performRebuild (package:flutter/src/widgets/framework.dart:5892:11)
#747    Element.rebuild (package:flutter/src/widgets/framework.dart:5445:7)
#748    StatefulElement.update (package:flutter/src/widgets/framework.dart:5917:5)
#749    Element.updateChild (package:flutter/src/widgets/framework.dart:3998:15)
#750    RootElement._rebuild (package:flutter/src/widgets/binding.dart:1687:16)
#751    RootElement.update (package:flutter/src/widgets/binding.dart:1665:5)
#752    RootElement.performRebuild (package:flutter/src/widgets/binding.dart:1679:7)
#753    Element.rebuild (package:flutter/src/widgets/framework.dart:5445:7)
#754    BuildScope._tryRebuild (package:flutter/src/widgets/framework.dart:2704:15)
#755    BuildScope._flushDirtyElements (package:flutter/src/widgets/framework.dart:2762:11)
#756    BuildOwner.buildScope (package:flutter/src/widgets/framework.dart:3066:18)
#757    AutomatedTestWidgetsFlutterBinding.drawFrame (package:flutter_test/src/binding.dart:1495:19)
#758    RendererBinding._handlePersistentFrameCallback (package:flutter/src/rendering/binding.dart:482:5)
#759    SchedulerBinding._invokeFrameCallback (package:flutter/src/scheduler/binding.dart:1442:15)
#760    SchedulerBinding.handleDrawFrame (package:flutter/src/scheduler/binding.dart:1355:9)
#761    AutomatedTestWidgetsFlutterBinding.pump.<anonymous closure> (package:flutter_test/src/binding.dart:1340:9)
#764    TestAsyncUtils.guard (package:flutter_test/src/test_async_utils.dart:74:41)
#765    AutomatedTestWidgetsFlutterBinding.pump (package:flutter_test/src/binding.dart:1329:27)
#766    WidgetTester.pumpWidget.<anonymous closure> (package:flutter_test/src/widget_tester.dart:599:22)
#769    TestAsyncUtils.guard (package:flutter_test/src/test_async_utils.dart:74:41)
#770    WidgetTester.pumpWidget (package:flutter_test/src/widget_tester.dart:596:27)
#771    main.<anonymous closure>.<anonymous closure>.<anonymous closure> (file:///Users/pranay/Projects/LLM/image/waste_seg/waste_segregation_app/test/performance/comprehensive_performance_test.dart:206:22)
#772    testWidgets.<anonymous closure>.<anonymous closure> (package:flutter_test/src/widget_tester.dart:193:29)
<asynchronous suspension>
#773    TestWidgetsFlutterBinding._runTestBody (package:flutter_test/src/binding.dart:1064:5)
<asynchronous suspension>
<asynchronous suspension>
(elided 5 frames from dart:async and package:stack_trace)
════════════════════════════════════════════════════════════════════════════════════════════════════
00:31 +211 -50: /Users/pranay/Projects/LLM/image/waste_seg/waste_segregation_app/test/performance/comprehensive_performance_test.dart: Comprehensive Performance Tests Performance Regression Detection Performance baseline test [E]
  Test failed. See exception logs above.
  The test description was: Performance baseline test
  
Camera setup completed. Success: false
00:31 +212 -50: /Users/pranay/Projects/LLM/image/waste_seg/waste_segregation_app/test/ui_consistency/layout_overflow_test.dart: Layout Overflow Detection Tests Edge Case Layout Tests Dynamic value changes do not cause overflow
00:31 +212 -50: /Users/pranay/Projects/LLM/image/waste_seg/waste_segregation_app/test/performance/comprehensive_performance_test.dart: Comprehensive Performance Tests Performance Regression Detection Performance baseline test
Error ensuring camera access: 'package:flutter/src/material/scaffold.dart': Failed assertion: line 328 pos 7: '_scaffolds.isNotEmpty': ScaffoldMessenger.showSnackBar was called, but there are currently no descendant Scaffolds to present to.
══╡ EXCEPTION CAUGHT BY FLUTTER TEST FRAMEWORK ╞════════════════════════════════════════════════════
The following assertion was thrown running a test (but after the test had completed):
ScaffoldMessenger.showSnackBar was called, but there are currently no descendant Scaffolds to
present to.
'package:flutter/src/material/scaffold.dart':
Failed assertion: line 328 pos 7: '_scaffolds.isNotEmpty'

When the exception was thrown, this was the stack:
#2      ScaffoldMessengerState.showSnackBar (package:flutter/src/material/scaffold.dart:328:7)
#3      _HomeScreenState._ensureCameraAccess (package:waste_segregation_app/screens/home_screen.dart:1605:39)
<asynchronous suspension>
(elided 2 frames from class _AssertionError)
════════════════════════════════════════════════════════════════════════════════════════════════════
00:31 +212 -50: /Users/pranay/Projects/LLM/image/waste_seg/waste_segregation_app/test/performance/comprehensive_performance_test.dart: Comprehensive Performance Tests Performance Regression Detection Performance baseline test [E]
  Test failed. See exception logs above.
  The test description was: Performance baseline test
  
00:31 +213 -50: /Users/pranay/Projects/LLM/image/waste_seg/waste_segregation_app/test/ui_consistency/comprehensive_overflow_test.dart: Comprehensive Overflow Tests Responsive Layout Edge Cases Landscape orientation handles overflow properly
00:31 +214 -50: /Users/pranay/Projects/LLM/image/waste_seg/waste_segregation_app/test/ui_consistency/comprehensive_overflow_test.dart: Comprehensive Overflow Tests Responsive Layout Edge Cases Landscape orientation handles overflow properly
00:31 +215 -50: /Users/pranay/Projects/LLM/image/waste_seg/waste_segregation_app/test/ui_consistency/contrast_accessibility_test.dart: Contrast and Accessibility Tests Text Readability and Sizing Text maintains readability at different sizes
00:31 +216 -50: /Users/pranay/Projects/LLM/image/waste_seg/waste_segregation_app/test/ui_consistency/contrast_accessibility_test.dart: Contrast and Accessibility Tests Text Readability and Sizing Text maintains readability at different sizes
00:31 +217 -50: /Users/pranay/Projects/LLM/image/waste_seg/waste_segregation_app/test/ui_consistency/comprehensive_overflow_test.dart: Comprehensive Overflow Tests Dynamic Content Tests Stats cards adapt to changing values without overflow
00:31 +218 -50: /Users/pranay/Projects/LLM/image/waste_seg/waste_segregation_app/test/ui_consistency/contrast_accessibility_test.dart: Contrast and Accessibility Tests Text Readability and Sizing Text scales properly with accessibility settings
00:31 +218 -50: /Users/pranay/Projects/LLM/image/waste_seg/waste_segregation_app/test/ui_consistency/comprehensive_overflow_test.dart: Comprehensive Overflow Tests (tearDownAll)
✅ Test Hive torn down
00:31 +218 -50: /Users/pranay/Projects/LLM/image/waste_seg/waste_segregation_app/test/ui_consistency/contrast_accessibility_test.dart: Contrast and Accessibility Tests Text Readability and Sizing Text scales properly with accessibility settings
00:32 +219 -50: /Users/pranay/Projects/LLM/image/waste_seg/waste_segregation_app/test/ui_consistency/contrast_accessibility_test.dart: Contrast and Accessibility Tests Text Readability and Sizing Long text handles overflow gracefully
00:32 +220 -50: /Users/pranay/Projects/LLM/image/waste_seg/waste_segregation_app/test/ui_consistency/contrast_accessibility_test.dart: Contrast and Accessibility Tests Color Blindness Accessibility Important information is not conveyed by color alone
00:32 +221 -50: /Users/pranay/Projects/LLM/image/waste_seg/waste_segregation_app/test/ui_consistency/contrast_accessibility_test.dart: Contrast and Accessibility Tests Color Blindness Accessibility Color combinations work for common color blindness types
00:32 +222 -50: /Users/pranay/Projects/LLM/image/waste_seg/waste_segregation_app/test/ui_consistency/contrast_accessibility_test.dart: Contrast and Accessibility Tests Interactive Element Accessibility Touch targets meet minimum size requirements
00:32 +223 -50: /Users/pranay/Projects/LLM/image/waste_seg/waste_segregation_app/test/ui_consistency/contrast_accessibility_test.dart: Contrast and Accessibility Tests Interactive Element Accessibility Focus indicators are visible and accessible
00:32 +224 -50: /Users/pranay/Projects/LLM/image/waste_seg/waste_segregation_app/test/ui_consistency/contrast_accessibility_test.dart: Contrast and Accessibility Tests Dynamic Content Accessibility Loading states maintain accessibility
00:32 +225 -50: /Users/pranay/Projects/LLM/image/waste_seg/waste_segregation_app/test/ui_consistency/contrast_accessibility_test.dart: Contrast and Accessibility Tests Dynamic Content Accessibility Error states provide clear feedback
00:33 +226 -51: loading /Users/pranay/Projects/LLM/image/waste_seg/waste_segregation_app/test/services/community_service_test.dart [E]
  Failed to load "/Users/pranay/Projects/LLM/image/waste_seg/waste_segregation_app/test/services/community_service_test.dart":
  Compilation failed for testPath=/Users/pranay/Projects/LLM/image/waste_seg/waste_segregation_app/test/services/community_service_test.dart: test/services/community_service_test.dart:21:43: Error: No named parameter with the name 'box'.
        communityService = CommunityService(box: mockBox);
                                            ^^^
  lib/services/community_service.dart:8:7: Context: The class 'CommunityService' has a constructor that takes no arguments.
  class CommunityService {
        ^
  test/services/community_service_test.dart:73:18: Error: Undefined name 'Colors'.
            color: Colors.blue,
                   ^^^^^^
  test/services/community_service_test.dart:50:56: Error: A value of type 'String' can't be returned from an async function with return type 'Future<int>'.
   - 'Future' is from 'dart:async'.
          when(mockBox.add(any)).thenAnswer((_) async => 'activity_1');
                                                         ^
  test/services/community_service_test.dart:52:32: Error: The method 'trackClassificationActivity' isn't defined for the class 'CommunityService'.
   - 'CommunityService' is from 'package:waste_segregation_app/services/community_service.dart' ('lib/services/community_service.dart').
  Try correcting the name to the name of an existing method, or defining a method named 'trackClassificationActivity'.
          await communityService.trackClassificationActivity(classification, user);
                                 ^^^^^^^^^^^^^^^^^^^^^^^^^^^
  test/services/community_service_test.dart:83:56: Error: A value of type 'String' can't be returned from an async function with return type 'Future<int>'.
   - 'Future' is from 'dart:async'.
          when(mockBox.add(any)).thenAnswer((_) async => 'activity_2');
                                                         ^
  test/services/community_service_test.dart:85:32: Error: The method 'trackAchievementActivity' isn't defined for the class 'CommunityService'.
   - 'CommunityService' is from 'package:waste_segregation_app/services/community_service.dart' ('lib/services/community_service.dart').
  Try correcting the name to the name of an existing method, or defining a method named 'trackAchievementActivity'.
          await communityService.trackAchievementActivity(achievement, user);
                                 ^^^^^^^^^^^^^^^^^^^^^^^^
  test/services/community_service_test.dart:103:56: Error: A value of type 'String' can't be returned from an async function with return type 'Future<int>'.
   - 'Future' is from 'dart:async'.
          when(mockBox.add(any)).thenAnswer((_) async => 'activity_3');
                                                         ^
  test/services/community_service_test.dart:105:32: Error: The method 'trackStreakActivity' isn't defined for the class 'CommunityService'.
   - 'CommunityService' is from 'package:waste_segregation_app/services/community_service.dart' ('lib/services/community_service.dart').
  Try correcting the name to the name of an existing method, or defining a method named 'trackStreakActivity'.
          await communityService.trackStreakActivity(7, user); // 7-day streak
                                 ^^^^^^^^^^^^^^^^^^^
  test/services/community_service_test.dart:118:56: Error: A value of type 'String' can't be returned from an async function with return type 'Future<int>'.
   - 'Future' is from 'dart:async'.
          when(mockBox.add(any)).thenAnswer((_) async => 'activity_guest');
                                                         ^
  test/services/community_service_test.dart:120:32: Error: The method 'trackClassificationActivity' isn't defined for the class 'CommunityService'.
   - 'CommunityService' is from 'package:waste_segregation_app/services/community_service.dart' ('lib/services/community_service.dart').
  Try correcting the name to the name of an existing method, or defining a method named 'trackClassificationActivity'.
          await communityService.trackClassificationActivity(classification, null);
                                 ^^^^^^^^^^^^^^^^^^^^^^^^^^^
  test/services/community_service_test.dart:176:45: Error: The method 'getCommunityFeed' isn't defined for the class 'CommunityService'.
   - 'CommunityService' is from 'package:waste_segregation_app/services/community_service.dart' ('lib/services/community_service.dart').
  Try correcting the name to the name of an existing method, or defining a method named 'getCommunityFeed'.
          final feed = await communityService.getCommunityFeed(limit: 10);
                                              ^^^^^^^^^^^^^^^^
  test/services/community_service_test.dart:197:51: Error: The method 'getCommunityFeed' isn't defined for the class 'CommunityService'.
   - 'CommunityService' is from 'package:waste_segregation_app/services/community_service.dart' ('lib/services/community_service.dart').
  Try correcting the name to the name of an existing method, or defining a method named 'getCommunityFeed'.
          final recentFeed = await communityService.getCommunityFeed(
                                                    ^^^^^^^^^^^^^^^^
  test/services/community_service_test.dart:206:48: Error: The method 'getCommunityFeed' isn't defined for the class 'CommunityService'.
   - 'CommunityService' is from 'package:waste_segregation_app/services/community_service.dart' ('lib/services/community_service.dart').
  Try correcting the name to the name of an existing method, or defining a method named 'getCommunityFeed'.
          final allFeed = await communityService.getCommunityFeed(limit: 10);
                                                 ^^^^^^^^^^^^^^^^
  test/services/community_service_test.dart:215:45: Error: The method 'getCommunityFeed' isn't defined for the class 'CommunityService'.
   - 'CommunityService' is from 'package:waste_segregation_app/services/community_service.dart' ('lib/services/community_service.dart').
  Try correcting the name to the name of an existing method, or defining a method named 'getCommunityFeed'.
          final feed = await communityService.getCommunityFeed();
                                              ^^^^^^^^^^^^^^^^
  test/services/community_service_test.dart:227:52: Error: The method 'getCommunityFeed' isn't defined for the class 'CommunityService'.
   - 'CommunityService' is from 'package:waste_segregation_app/services/community_service.dart' ('lib/services/community_service.dart').
  Try correcting the name to the name of an existing method, or defining a method named 'getCommunityFeed'.
          final limitedFeed = await communityService.getCommunityFeed(limit: 5);
                                                     ^^^^^^^^^^^^^^^^
  test/services/community_service_test.dart:245:46: Error: The method 'getCommunityStatistics' isn't defined for the class 'CommunityService'.
   - 'CommunityService' is from 'package:waste_segregation_app/services/community_service.dart' ('lib/services/community_service.dart').
  Try correcting the name to the name of an existing method, or defining a method named 'getCommunityStatistics'.
          final stats = await communityService.getCommunityStatistics();
                                               ^^^^^^^^^^^^^^^^^^^^^^
  test/services/community_service_test.dart:267:46: Error: The method 'getCommunityStatistics' isn't defined for the class 'CommunityService'.
   - 'CommunityService' is from 'package:waste_segregation_app/services/community_service.dart' ('lib/services/community_service.dart').
  Try correcting the name to the name of an existing method, or defining a method named 'getCommunityStatistics'.
          final stats = await communityService.getCommunityStatistics();
                                               ^^^^^^^^^^^^^^^^^^^^^^
  test/services/community_service_test.dart:284:46: Error: The method 'getCommunityStatistics' isn't defined for the class 'CommunityService'.
   - 'CommunityService' is from 'package:waste_segregation_app/services/community_service.dart' ('lib/services/community_service.dart').
  Try correcting the name to the name of an existing method, or defining a method named 'getCommunityStatistics'.
          final stats = await communityService.getCommunityStatistics();
                                               ^^^^^^^^^^^^^^^^^^^^^^
  test/services/community_service_test.dart:296:51: Error: The method 'getCommunityStatistics' isn't defined for the class 'CommunityService'.
   - 'CommunityService' is from 'package:waste_segregation_app/services/community_service.dart' ('lib/services/community_service.dart').
  Try correcting the name to the name of an existing method, or defining a method named 'getCommunityStatistics'.
          final emptyStats = await communityService.getCommunityStatistics();
                                                    ^^^^^^^^^^^^^^^^^^^^^^
  test/services/community_service_test.dart:311:50: Error: The method 'getCommunityStatistics' isn't defined for the class 'CommunityService'.
   - 'CommunityService' is from 'package:waste_segregation_app/services/community_service.dart' ('lib/services/community_service.dart').
  Try correcting the name to the name of an existing method, or defining a method named 'getCommunityStatistics'.
          final anonStats = await communityService.getCommunityStatistics();
                                                   ^^^^^^^^^^^^^^^^^^^^^^
  test/services/community_service_test.dart:321:56: Error: A value of type 'String' can't be returned from an async function with return type 'Future<int>'.
   - 'Future' is from 'dart:async'.
          when(mockBox.add(any)).thenAnswer((_) async => 'sample_activity');
                                                         ^
  test/services/community_service_test.dart:324:32: Error: The method 'generateSampleData' isn't defined for the class 'CommunityService'.
   - 'CommunityService' is from 'package:waste_segregation_app/services/community_service.dart' ('lib/services/community_service.dart').
  Try correcting the name to the name of an existing method, or defining a method named 'generateSampleData'.
          await communityService.generateSampleData(count: 10);
                                 ^^^^^^^^^^^^^^^^^^
  test/services/community_service_test.dart:333:56: Error: A value of type 'String' can't be returned from an async function with return type 'Future<int>'.
   - 'Future' is from 'dart:async'.
            return 'sample_${generatedActivities.length}';
                                                         ^
  test/services/community_service_test.dart:336:32: Error: The method 'generateSampleData' isn't defined for the class 'CommunityService'.
   - 'CommunityService' is from 'package:waste_segregation_app/services/community_service.dart' ('lib/services/community_service.dart').
  Try correcting the name to the name of an existing method, or defining a method named 'generateSampleData'.
          await communityService.generateSampleData(count: 20);
                                 ^^^^^^^^^^^^^^^^^^
  test/services/community_service_test.dart:370:56: Error: A value of type 'String' can't be returned from an async function with return type 'Future<int>'.
   - 'Future' is from 'dart:async'.
          when(mockBox.add(any)).thenAnswer((_) async => 'private_activity');
                                                         ^
  test/services/community_service_test.dart:372:32: Error: The method 'trackClassificationActivity' isn't defined for the class 'CommunityService'.
   - 'CommunityService' is from 'package:waste_segregation_app/services/community_service.dart' ('lib/services/community_service.dart').
  Try correcting the name to the name of an existing method, or defining a method named 'trackClassificationActivity'.
          await communityService.trackClassificationActivity(classification, privateUser);
                                 ^^^^^^^^^^^^^^^^^^^^^^^^^^^
  test/services/community_service_test.dart:407:56: Error: A value of type 'String' can't be returned from an async function with return type 'Future<int>'.
   - 'Future' is from 'dart:async'.
          when(mockBox.add(any)).thenAnswer((_) async => 'medical_activity');
                                                         ^
  test/services/community_service_test.dart:409:32: Error: The method 'trackClassificationActivity' isn't defined for the class 'CommunityService'.
   - 'CommunityService' is from 'package:waste_segregation_app/services/community_service.dart' ('lib/services/community_service.dart').
  Try correcting the name to the name of an existing method, or defining a method named 'trackClassificationActivity'.
          await communityService.trackClassificationActivity(sensitiveClassification, user);
                                 ^^^^^^^^^^^^^^^^^^^^^^^^^^^
  test/services/community_service_test.dart:430:32: Error: The method 'trackClassificationActivity' isn't defined for the class 'CommunityService'.
   - 'CommunityService' is from 'package:waste_segregation_app/services/community_service.dart' ('lib/services/community_service.dart').
  Try correcting the name to the name of an existing method, or defining a method named 'trackClassificationActivity'.
          await communityService.trackClassificationActivity(classification, optOutUser);
                                 ^^^^^^^^^^^^^^^^^^^^^^^^^^^
  test/services/community_service_test.dart:445:45: Error: The method 'getCommunityFeed' isn't defined for the class 'CommunityService'.
   - 'CommunityService' is from 'package:waste_segregation_app/services/community_service.dart' ('lib/services/community_service.dart').
  Try correcting the name to the name of an existing method, or defining a method named 'getCommunityFeed'.
          final feed = await communityService.getCommunityFeed(limit: 50);
                                              ^^^^^^^^^^^^^^^^
  test/services/community_service_test.dart:461:31: Error: The argument type 'Null' can't be assigned to the parameter type 'int' because 'int' is not nullable.
          when(mockBox.deleteAt(any)).thenAnswer((_) async => {});
                                ^
  test/services/community_service_test.dart:463:32: Error: The method 'cleanupOldActivities' isn't defined for the class 'CommunityService'.
   - 'CommunityService' is from 'package:waste_segregation_app/services/community_service.dart' ('lib/services/community_service.dart').
  Try correcting the name to the name of an existing method, or defining a method named 'cleanupOldActivities'.
          await communityService.cleanupOldActivities(olderThanDays: 30);
                                 ^^^^^^^^^^^^^^^^^^^^
  test/services/community_service_test.dart:466:33: Error: The argument type 'Null' can't be assigned to the parameter type 'int' because 'int' is not nullable.
          verify(mockBox.deleteAt(any)).called(100);
                                  ^
  test/services/community_service_test.dart:474:29: Error: The argument type 'Null' can't be assigned to the parameter type 'Iterable<dynamic>' because 'Iterable<dynamic>' is not nullable.
   - 'Iterable' is from 'dart:core'.
          when(mockBox.addAll(any)).thenAnswer((_) async => []);
                              ^
  test/services/community_service_test.dart:478:31: Error: The argument type 'Null' can't be assigned to the parameter type 'Iterable<dynamic>' because 'Iterable<dynamic>' is not nullable.
   - 'Iterable' is from 'dart:core'.
          verify(mockBox.addAll(any)).called(1);
                                ^
  test/services/community_service_test.dart:494:45: Error: The method 'trackClassificationActivity' isn't defined for the class 'CommunityService'.
   - 'CommunityService' is from 'package:waste_segregation_app/services/community_service.dart' ('lib/services/community_service.dart').
  Try correcting the name to the name of an existing method, or defining a method named 'trackClassificationActivity'.
          expect(() async => communityService.trackClassificationActivity(classification, user),
                                              ^^^^^^^^^^^^^^^^^^^^^^^^^^^
  test/services/community_service_test.dart:511:45: Error: The method 'getCommunityFeed' isn't defined for the class 'CommunityService'.
   - 'CommunityService' is from 'package:waste_segregation_app/services/community_service.dart' ('lib/services/community_service.dart').
  Try correcting the name to the name of an existing method, or defining a method named 'getCommunityFeed'.
          final feed = await communityService.getCommunityFeed();
                                              ^^^^^^^^^^^^^^^^
  test/services/community_service_test.dart:527:56: Error: A value of type 'String' can't be returned from an async function with return type 'Future<int>'.
   - 'Future' is from 'dart:async'.
          when(mockBox.add(any)).thenAnswer((_) async => 'test_id');
                                                         ^
  .
00:33 +226 -51: loading /Users/pranay/Projects/LLM/image/waste_seg/waste_segregation_app/test/integration/full_workflow_integration_test.dart [E]
  Error: the Dart compiler exited unexpectedly.
  package:flutter_tools/src/base/common.dart 34:3  throwToolExit
  package:flutter_tools/src/compile.dart 895:11    DefaultResidentCompiler._compile.<fn>
  dart:async/zone.dart 1538:47                     _rootRunUnary
  dart:async/future_impl.dart 932:45               Future._propagateToListeners.handleValueCallback
  dart:async/future_impl.dart 961:13               Future._propagateToListeners
  dart:async/future_impl.dart 846:9                Future._propagateToListeners
  dart:async/future_impl.dart 712:5                Future._completeWithValue
  dart:async/future_impl.dart 792:7                Future._asyncCompleteWithValue.<fn>
  dart:async/zone.dart 1525:13                     _rootRun
  dart:async/zone.dart 1422:19                     _CustomZone.run
  dart:async/zone.dart 1321:7                      _CustomZone.runGuarded
  dart:async/zone.dart 1362:23                     _CustomZone.bindCallbackGuarded.<fn>
  dart:async/schedule_microtask.dart 40:21         _microtaskLoop
  dart:async/schedule_microtask.dart 49:5          _startMicrotaskLoop
  dart:isolate-patch/isolate_patch.dart 128:13     _runPendingImmediateCallback
  dart:isolate-patch/isolate_patch.dart 195:5      _RawReceivePort._handleMessage
  
00:35 +226 -52: loading /Users/pranay/Projects/LLM/image/waste_seg/waste_segregation_app/test/services/cloud_storage_service_test.dart [E]
  Failed to load "/Users/pranay/Projects/LLM/image/waste_seg/waste_segregation_app/test/services/cloud_storage_service_test.dart":
  Compilation failed for testPath=/Users/pranay/Projects/LLM/image/waste_seg/waste_segregation_app/test/services/cloud_storage_service_test.dart: test/services/cloud_storage_service_test.dart:22:50: Error: Can't find '}' to match '{'.
    group('CloudStorageService Critical Tests', () {
                                                   ^
  test/services/cloud_storage_service_test.dart:712:4: Error: Expected a declaration, but got ')'.
    });
     ^
  test/services/cloud_storage_service_test.dart:712:5: Error: Unexpected token ';'.
    });
      ^
  test/services/cloud_storage_service_test.dart:713:1: Error: Expected a declaration, but got '}'.
  }
  ^
  test/services/cloud_storage_service_test.dart:42:7: Error: Setter not found: 'mockLocalStorage'.
        mockLocalStorage = MockStorageService();
        ^^^^^^^^^^^^^^^^
  test/services/cloud_storage_service_test.dart:43:7: Error: Setter not found: 'mockFirestore'.
        mockFirestore = MockFirebaseFirestore();
        ^^^^^^^^^^^^^
  test/services/cloud_storage_service_test.dart:44:7: Error: Setter not found: 'mockUsersCollection'.
        mockUsersCollection = MockCollectionReference();
        ^^^^^^^^^^^^^^^^^^^
  test/services/cloud_storage_service_test.dart:45:7: Error: Setter not found: 'mockUserDoc'.
        mockUserDoc = MockDocumentReference();
        ^^^^^^^^^^^
  test/services/cloud_storage_service_test.dart:46:7: Error: Setter not found: 'mockClassificationsCollection'.
        mockClassificationsCollection = MockCollectionReference();
        ^^^^^^^^^^^^^^^^^^^^^^^^^^^^^
  test/services/cloud_storage_service_test.dart:47:7: Error: Setter not found: 'mockClassificationDoc'.
        mockClassificationDoc = MockDocumentReference();
        ^^^^^^^^^^^^^^^^^^^^^
  test/services/cloud_storage_service_test.dart:50:12: Error: Undefined name 'mockFirestore'.
        when(mockFirestore.collection('users')).thenReturn(mockUsersCollection);
             ^^^^^^^^^^^^^
  test/services/cloud_storage_service_test.dart:50:58: Error: Undefined name 'mockUsersCollection'.
        when(mockFirestore.collection('users')).thenReturn(mockUsersCollection);
                                                           ^^^^^^^^^^^^^^^^^^^
  test/services/cloud_storage_service_test.dart:51:12: Error: Undefined name 'mockUsersCollection'.
        when(mockUsersCollection.doc(any)).thenReturn(mockUserDoc);
             ^^^^^^^^^^^^^^^^^^^
  test/services/cloud_storage_service_test.dart:51:53: Error: Undefined name 'mockUserDoc'.
        when(mockUsersCollection.doc(any)).thenReturn(mockUserDoc);
                                                      ^^^^^^^^^^^
  test/services/cloud_storage_service_test.dart:52:12: Error: Undefined name 'mockUserDoc'.
        when(mockUserDoc.collection('classifications')).thenReturn(mockClassificationsCollection);
             ^^^^^^^^^^^
  test/services/cloud_storage_service_test.dart:52:66: Error: Undefined name 'mockClassificationsCollection'.
        when(mockUserDoc.collection('classifications')).thenReturn(mockClassificationsCollection);
                                                                   ^^^^^^^^^^^^^^^^^^^^^^^^^^^^^
  test/services/cloud_storage_service_test.dart:53:12: Error: Undefined name 'mockClassificationsCollection'.
        when(mockClassificationsCollection.doc(any)).thenReturn(mockClassificationDoc);
             ^^^^^^^^^^^^^^^^^^^^^^^^^^^^^
  test/services/cloud_storage_service_test.dart:53:63: Error: Undefined name 'mockClassificationDoc'.
        when(mockClassificationsCollection.doc(any)).thenReturn(mockClassificationDoc);
                                                                ^^^^^^^^^^^^^^^^^^^^^
  test/services/cloud_storage_service_test.dart:55:49: Error: Undefined name 'mockLocalStorage'.
        cloudStorageService = CloudStorageService(mockLocalStorage);
                                                  ^^^^^^^^^^^^^^^^
  test/services/cloud_storage_service_test.dart:55:7: Error: Setter not found: 'cloudStorageService'.
        cloudStorageService = CloudStorageService(mockLocalStorage);
        ^^^^^^^^^^^^^^^^^^^
  test/services/cloud_storage_service_test.dart:59:7: Error: Setter not found: 'testClassification'.
        testClassification = WasteClassification(
        ^^^^^^^^^^^^^^^^^^
  test/services/cloud_storage_service_test.dart:77:7: Error: Setter not found: 'testUserProfile'.
        testUserProfile = UserProfile(
        ^^^^^^^^^^^^^^^
  test/services/cloud_storage_service_test.dart:95:14: Error: Undefined name 'mockUserDoc'.
          when(mockUserDoc.set(any, any)).thenAnswer((_) async {
               ^^^^^^^^^^^
  test/services/cloud_storage_service_test.dart:98:14: Error: Undefined name 'mockLocalStorage'.
          when(mockLocalStorage.getCurrentUserProfile()).thenAnswer((_) async => testUserProfile);
               ^^^^^^^^^^^^^^^^
  test/services/cloud_storage_service_test.dart:98:80: Error: Undefined name 'testUserProfile'.
          when(mockLocalStorage.getCurrentUserProfile()).thenAnswer((_) async => testUserProfile);
                                                                                 ^^^^^^^^^^^^^^^
  test/services/cloud_storage_service_test.dart:103:14: Error: Undefined name 'mockFirestore'.
          when(mockFirestore.collection('leaderboard_allTime')).thenReturn(mockLeaderboardCollection);
               ^^^^^^^^^^^^^
  test/services/cloud_storage_service_test.dart:107:62: Error: Undefined name 'testUserProfile'.
          await cloudStorageService.saveUserProfileToFirestore(testUserProfile);
                                                               ^^^^^^^^^^^^^^^
  test/services/cloud_storage_service_test.dart:107:15: Error: Undefined name 'cloudStorageService'.
          await cloudStorageService.saveUserProfileToFirestore(testUserProfile);
                ^^^^^^^^^^^^^^^^^^^
  test/services/cloud_storage_service_test.dart:110:16: Error: Undefined name 'mockUserDoc'.
          verify(mockUserDoc.set(any, any)).called(1);
                 ^^^^^^^^^^^
  test/services/cloud_storage_service_test.dart:114:32: Error: Undefined name 'testUserProfile'.
          final emptyIdProfile = testUserProfile.copyWith(id: '');
                                 ^^^^^^^^^^^^^^^
  test/services/cloud_storage_service_test.dart:116:15: Error: Undefined name 'cloudStorageService'.
          await cloudStorageService.saveUserProfileToFirestore(emptyIdProfile);
                ^^^^^^^^^^^^^^^^^^^
  test/services/cloud_storage_service_test.dart:119:21: Error: Undefined name 'mockUserDoc'.
          verifyNever(mockUserDoc.set(any, any));
                      ^^^^^^^^^^^
  test/services/cloud_storage_service_test.dart:123:14: Error: Undefined name 'mockUserDoc'.
          when(mockUserDoc.set(any, any)).thenThrow(Exception('Firestore error'));
               ^^^^^^^^^^^
  test/services/cloud_storage_service_test.dart:126:76: Error: Undefined name 'testUserProfile'.
            () async => await cloudStorageService.saveUserProfileToFirestore(testUserProfile),
                                                                             ^^^^^^^^^^^^^^^
  test/services/cloud_storage_service_test.dart:126:29: Error: Undefined name 'cloudStorageService'.
            () async => await cloudStorageService.saveUserProfileToFirestore(testUserProfile),
                              ^^^^^^^^^^^^^^^^^^^
  test/services/cloud_storage_service_test.dart:132:14: Error: Undefined name 'mockUserDoc'.
          when(mockUserDoc.set(any, any)).thenAnswer((_) async {
               ^^^^^^^^^^^
  test/services/cloud_storage_service_test.dart:139:14: Error: Undefined name 'mockFirestore'.
          when(mockFirestore.collection('leaderboard_allTime')).thenReturn(mockLeaderboardCollection);
               ^^^^^^^^^^^^^
  test/services/cloud_storage_service_test.dart:140:44: Error: Undefined name 'testUserProfile'.
          when(mockLeaderboardCollection.doc(testUserProfile.id)).thenReturn(mockLeaderboardDoc);
                                             ^^^^^^^^^^^^^^^
  test/services/cloud_storage_service_test.dart:143:62: Error: Undefined name 'testUserProfile'.
          await cloudStorageService.saveUserProfileToFirestore(testUserProfile);
                                                               ^^^^^^^^^^^^^^^
  test/services/cloud_storage_service_test.dart:143:15: Error: Undefined name 'cloudStorageService'.
          await cloudStorageService.saveUserProfileToFirestore(testUserProfile);
                ^^^^^^^^^^^^^^^^^^^
  test/services/cloud_storage_service_test.dart:150:14: Error: Undefined name 'mockUserDoc'.
          when(mockUserDoc.set(any, any)).thenAnswer((_) async {
               ^^^^^^^^^^^
  test/services/cloud_storage_service_test.dart:157:14: Error: Undefined name 'mockFirestore'.
          when(mockFirestore.collection('leaderboard_allTime')).thenReturn(mockLeaderboardCollection);
               ^^^^^^^^^^^^^
  test/services/cloud_storage_service_test.dart:162:62: Error: Undefined name 'testUserProfile'.
          await cloudStorageService.saveUserProfileToFirestore(testUserProfile);
                                                               ^^^^^^^^^^^^^^^
  test/services/cloud_storage_service_test.dart:162:15: Error: Undefined name 'cloudStorageService'.
          await cloudStorageService.saveUserProfileToFirestore(testUserProfile);
                ^^^^^^^^^^^^^^^^^^^
  test/services/cloud_storage_service_test.dart:165:16: Error: Undefined name 'mockUserDoc'.
          verify(mockUserDoc.set(any, any)).called(1);
                 ^^^^^^^^^^^
  test/services/cloud_storage_service_test.dart:171:14: Error: Undefined name 'mockLocalStorage'.
          when(mockLocalStorage.saveClassification(any)).thenAnswer((_) async {
               ^^^^^^^^^^^^^^^^
  test/services/cloud_storage_service_test.dart:174:14: Error: Undefined name 'mockLocalStorage'.
          when(mockLocalStorage.getCurrentUserProfile()).thenAnswer((_) async => testUserProfile);
               ^^^^^^^^^^^^^^^^
  test/services/cloud_storage_service_test.dart:174:80: Error: Undefined name 'testUserProfile'.
          when(mockLocalStorage.getCurrentUserProfile()).thenAnswer((_) async => testUserProfile);
                                                                                 ^^^^^^^^^^^^^^^
  test/services/cloud_storage_service_test.dart:175:14: Error: Undefined name 'mockClassificationDoc'.
          when(mockClassificationDoc.set(any)).thenAnswer((_) async {
               ^^^^^^^^^^^^^^^^^^^^^
  test/services/cloud_storage_service_test.dart:181:14: Error: Undefined name 'mockFirestore'.
          when(mockFirestore.collection('admin_classifications')).thenReturn(mockAdminCollection);
               ^^^^^^^^^^^^^
  test/services/cloud_storage_service_test.dart:182:68: Error: Undefined name 'mockClassificationDoc'.
          when(mockAdminCollection.add(any)).thenAnswer((_) async => mockClassificationDoc);
                                                                     ^^^^^^^^^^^^^^^^^^^^^
  test/services/cloud_storage_service_test.dart:186:14: Error: Undefined name 'mockFirestore'.
          when(mockFirestore.collection('admin_user_recovery')).thenReturn(mockRecoveryCollection);
               ^^^^^^^^^^^^^
  test/services/cloud_storage_service_test.dart:191:11: Error: Undefined name 'testClassification'.
            testClassification,
            ^^^^^^^^^^^^^^^^^^
  test/services/cloud_storage_service_test.dart:190:15: Error: Undefined name 'cloudStorageService'.
          await cloudStorageService.saveClassificationWithSync(
                ^^^^^^^^^^^^^^^^^^^
  test/services/cloud_storage_service_test.dart:197:52: Error: Undefined name 'testClassification'.
          verify(mockLocalStorage.saveClassification(testClassification)).called(1);
                                                     ^^^^^^^^^^^^^^^^^^
  test/services/cloud_storage_service_test.dart:197:16: Error: Undefined name 'mockLocalStorage'.
          verify(mockLocalStorage.saveClassification(testClassification)).called(1);
                 ^^^^^^^^^^^^^^^^
  test/services/cloud_storage_service_test.dart:200:16: Error: Undefined name 'mockClassificationDoc'.
          verify(mockClassificationDoc.set(any)).called(1);
                 ^^^^^^^^^^^^^^^^^^^^^
  test/services/cloud_storage_service_test.dart:204:14: Error: Undefined name 'mockLocalStorage'.
          when(mockLocalStorage.saveClassification(any)).thenAnswer((_) async {
               ^^^^^^^^^^^^^^^^
  test/services/cloud_storage_service_test.dart:209:11: Error: Undefined name 'testClassification'.
            testClassification,
            ^^^^^^^^^^^^^^^^^^
  test/services/cloud_storage_service_test.dart:208:15: Error: Undefined name 'cloudStorageService'.
          await cloudStorageService.saveClassificationWithSync(
                ^^^^^^^^^^^^^^^^^^^
  test/services/cloud_storage_service_test.dart:215:52: Error: Undefined name 'testClassification'.
          verify(mockLocalStorage.saveClassification(testClassification)).called(1);
                                                     ^^^^^^^^^^^^^^^^^^
  test/services/cloud_storage_service_test.dart:215:16: Error: Undefined name 'mockLocalStorage'.
          verify(mockLocalStorage.saveClassification(testClassification)).called(1);
                 ^^^^^^^^^^^^^^^^
  test/services/cloud_storage_service_test.dart:218:21: Error: Undefined name 'mockClassificationDoc'.
          verifyNever(mockClassificationDoc.set(any));
                      ^^^^^^^^^^^^^^^^^^^^^
  test/services/cloud_storage_service_test.dart:222:14: Error: Undefined name 'mockLocalStorage'.
          when(mockLocalStorage.saveClassification(any)).thenAnswer((_) async {
               ^^^^^^^^^^^^^^^^
  test/services/cloud_storage_service_test.dart:225:14: Error: Undefined name 'mockLocalStorage'.
          when(mockLocalStorage.getCurrentUserProfile()).thenAnswer((_) async => testUserProfile);
               ^^^^^^^^^^^^^^^^
  test/services/cloud_storage_service_test.dart:225:80: Error: Undefined name 'testUserProfile'.
          when(mockLocalStorage.getCurrentUserProfile()).thenAnswer((_) async => testUserProfile);
                                                                                 ^^^^^^^^^^^^^^^
  test/services/cloud_storage_service_test.dart:226:14: Error: Undefined name 'mockClassificationDoc'.
          when(mockClassificationDoc.set(any)).thenThrow(Exception('Sync error'));
               ^^^^^^^^^^^^^^^^^^^^^
  test/services/cloud_storage_service_test.dart:230:11: Error: Undefined name 'testClassification'.
            testClassification,
            ^^^^^^^^^^^^^^^^^^
  test/services/cloud_storage_service_test.dart:229:15: Error: Undefined name 'cloudStorageService'.
          await cloudStorageService.saveClassificationWithSync(
                ^^^^^^^^^^^^^^^^^^^
  test/services/cloud_storage_service_test.dart:236:52: Error: Undefined name 'testClassification'.
          verify(mockLocalStorage.saveClassification(testClassification)).called(1);
                                                     ^^^^^^^^^^^^^^^^^^
  test/services/cloud_storage_service_test.dart:236:16: Error: Undefined name 'mockLocalStorage'.
          verify(mockLocalStorage.saveClassification(testClassification)).called(1);
                 ^^^^^^^^^^^^^^^^
  test/services/cloud_storage_service_test.dart:240:14: Error: Undefined name 'mockLocalStorage'.
          when(mockLocalStorage.saveClassification(any)).thenAnswer((_) async {
               ^^^^^^^^^^^^^^^^
  test/services/cloud_storage_service_test.dart:243:14: Error: Undefined name 'mockLocalStorage'.
          when(mockLocalStorage.getCurrentUserProfile()).thenAnswer((_) async => null);
               ^^^^^^^^^^^^^^^^
  test/services/cloud_storage_service_test.dart:246:11: Error: Undefined name 'testClassification'.
            testClassification,
            ^^^^^^^^^^^^^^^^^^
  test/services/cloud_storage_service_test.dart:245:15: Error: Undefined name 'cloudStorageService'.
          await cloudStorageService.saveClassificationWithSync(
                ^^^^^^^^^^^^^^^^^^^
  test/services/cloud_storage_service_test.dart:252:52: Error: Undefined name 'testClassification'.
          verify(mockLocalStorage.saveClassification(testClassification)).called(1);
                                                     ^^^^^^^^^^^^^^^^^^
  test/services/cloud_storage_service_test.dart:252:16: Error: Undefined name 'mockLocalStorage'.
          verify(mockLocalStorage.saveClassification(testClassification)).called(1);
                 ^^^^^^^^^^^^^^^^
  test/services/cloud_storage_service_test.dart:253:21: Error: Undefined name 'mockClassificationDoc'.
          verifyNever(mockClassificationDoc.set(any));
                      ^^^^^^^^^^^^^^^^^^^^^
  test/services/cloud_storage_service_test.dart:259:14: Error: Undefined name 'mockLocalStorage'.
          when(mockLocalStorage.saveClassification(any)).thenAnswer((_) async {
               ^^^^^^^^^^^^^^^^
  test/services/cloud_storage_service_test.dart:262:14: Error: Undefined name 'mockLocalStorage'.
          when(mockLocalStorage.getCurrentUserProfile()).thenAnswer((_) async => testUserProfile);
               ^^^^^^^^^^^^^^^^
  test/services/cloud_storage_service_test.dart:262:80: Error: Undefined name 'testUserProfile'.
          when(mockLocalStorage.getCurrentUserProfile()).thenAnswer((_) async => testUserProfile);
                                                                                 ^^^^^^^^^^^^^^^
  test/services/cloud_storage_service_test.dart:263:14: Error: Undefined name 'mockClassificationDoc'.
          when(mockClassificationDoc.set(any)).thenAnswer((_) async {
               ^^^^^^^^^^^^^^^^^^^^^
  test/services/cloud_storage_service_test.dart:270:14: Error: Undefined name 'mockFirestore'.
          when(mockFirestore.collection('admin_classifications')).thenReturn(mockAdminCollection);
               ^^^^^^^^^^^^^
  test/services/cloud_storage_service_test.dart:276:14: Error: Undefined name 'mockFirestore'.
          when(mockFirestore.collection('admin_user_recovery')).thenReturn(mockRecoveryCollection);
               ^^^^^^^^^^^^^
  test/services/cloud_storage_service_test.dart:281:11: Error: Undefined name 'testClassification'.
            testClassification,
            ^^^^^^^^^^^^^^^^^^
  test/services/cloud_storage_service_test.dart:280:15: Error: Undefined name 'cloudStorageService'.
          await cloudStorageService.saveClassificationWithSync(
                ^^^^^^^^^^^^^^^^^^^
  test/services/cloud_storage_service_test.dart:294:14: Error: Undefined name 'mockLocalStorage'.
          when(mockLocalStorage.saveClassification(any)).thenAnswer((_) async {
               ^^^^^^^^^^^^^^^^
  test/services/cloud_storage_service_test.dart:297:14: Error: Undefined name 'mockLocalStorage'.
          when(mockLocalStorage.getCurrentUserProfile()).thenAnswer((_) async => testUserProfile);
               ^^^^^^^^^^^^^^^^
  test/services/cloud_storage_service_test.dart:297:80: Error: Undefined name 'testUserProfile'.
          when(mockLocalStorage.getCurrentUserProfile()).thenAnswer((_) async => testUserProfile);
                                                                                 ^^^^^^^^^^^^^^^
  test/services/cloud_storage_service_test.dart:298:14: Error: Undefined name 'mockClassificationDoc'.
          when(mockClassificationDoc.set(any)).thenAnswer((_) async {
               ^^^^^^^^^^^^^^^^^^^^^
  test/services/cloud_storage_service_test.dart:304:14: Error: Undefined name 'mockFirestore'.
          when(mockFirestore.collection('admin_classifications')).thenReturn(mockAdminCollection);
               ^^^^^^^^^^^^^
  test/services/cloud_storage_service_test.dart:309:11: Error: Undefined name 'testClassification'.
            testClassification,
            ^^^^^^^^^^^^^^^^^^
  test/services/cloud_storage_service_test.dart:308:15: Error: Undefined name 'cloudStorageService'.
          await cloudStorageService.saveClassificationWithSync(
                ^^^^^^^^^^^^^^^^^^^
  test/services/cloud_storage_service_test.dart:315:52: Error: Undefined name 'testClassification'.
          verify(mockLocalStorage.saveClassification(testClassification)).called(1);
                                                     ^^^^^^^^^^^^^^^^^^
  test/services/cloud_storage_service_test.dart:315:16: Error: Undefined name 'mockLocalStorage'.
          verify(mockLocalStorage.saveClassification(testClassification)).called(1);
                 ^^^^^^^^^^^^^^^^
  test/services/cloud_storage_service_test.dart:316:16: Error: Undefined name 'mockClassificationDoc'.
          verify(mockClassificationDoc.set(any)).called(1);
                 ^^^^^^^^^^^^^^^^^^^^^
  test/services/cloud_storage_service_test.dart:320:45: Error: Undefined name 'testClassification'.
          final classificationWithoutUserId = testClassification.copyWith(userId: null);
                                              ^^^^^^^^^^^^^^^^^^
  test/services/cloud_storage_service_test.dart:322:14: Error: Undefined name 'mockLocalStorage'.
          when(mockLocalStorage.saveClassification(any)).thenAnswer((_) async {
               ^^^^^^^^^^^^^^^^
  test/services/cloud_storage_service_test.dart:325:14: Error: Undefined name 'mockLocalStorage'.
          when(mockLocalStorage.getCurrentUserProfile()).thenAnswer((_) async => testUserProfile);
               ^^^^^^^^^^^^^^^^
  test/services/cloud_storage_service_test.dart:325:80: Error: Undefined name 'testUserProfile'.
          when(mockLocalStorage.getCurrentUserProfile()).thenAnswer((_) async => testUserProfile);
                                                                                 ^^^^^^^^^^^^^^^
  test/services/cloud_storage_service_test.dart:326:14: Error: Undefined name 'mockClassificationDoc'.
          when(mockClassificationDoc.set(any)).thenAnswer((_) async {
               ^^^^^^^^^^^^^^^^^^^^^
  test/services/cloud_storage_service_test.dart:331:14: Error: Undefined name 'mockFirestore'.
          when(mockFirestore.collection('admin_classifications')).thenReturn(mockAdminCollection);
               ^^^^^^^^^^^^^
  test/services/cloud_storage_service_test.dart:333:15: Error: Undefined name 'cloudStorageService'.
          await cloudStorageService.saveClassificationWithSync(
                ^^^^^^^^^^^^^^^^^^^
  test/services/cloud_storage_service_test.dart:346:39: Error: Undefined name 'testClassification'.
          final localClassifications = [testClassification];
                                        ^^^^^^^^^^^^^^^^^^
  test/services/cloud_storage_service_test.dart:347:14: Error: Undefined name 'mockLocalStorage'.
          when(mockLocalStorage.getAllClassifications()).thenAnswer((_) async => localClassifications);
               ^^^^^^^^^^^^^^^^
  test/services/cloud_storage_service_test.dart:349:30: Error: Undefined name 'cloudStorageService'.
          final result = await cloudStorageService.getAllClassificationsWithCloudSync(false);
                               ^^^^^^^^^^^^^^^^^^^
  test/services/cloud_storage_service_test.dart:355:16: Error: Undefined name 'mockLocalStorage'.
          verify(mockLocalStorage.getAllClassifications()).called(1);
                 ^^^^^^^^^^^^^^^^
  test/services/cloud_storage_service_test.dart:356:21: Error: Undefined name 'mockUsersCollection'.
          verifyNever(mockUsersCollection.doc(any));
                      ^^^^^^^^^^^^^^^^^^^
  test/services/cloud_storage_service_test.dart:360:39: Error: Undefined name 'testClassification'.
          final localClassifications = [testClassification];
                                        ^^^^^^^^^^^^^^^^^^
  test/services/cloud_storage_service_test.dart:361:14: Error: Undefined name 'mockLocalStorage'.
          when(mockLocalStorage.getAllClassifications()).thenAnswer((_) async => localClassifications);
               ^^^^^^^^^^^^^^^^
  test/services/cloud_storage_service_test.dart:362:14: Error: Undefined name 'mockLocalStorage'.
          when(mockLocalStorage.getCurrentUserProfile()).thenAnswer((_) async => null);
               ^^^^^^^^^^^^^^^^
  test/services/cloud_storage_service_test.dart:364:30: Error: Undefined name 'cloudStorageService'.
          final result = await cloudStorageService.getAllClassificationsWithCloudSync(true);
                               ^^^^^^^^^^^^^^^^^^^
  test/services/cloud_storage_service_test.dart:367:16: Error: Undefined name 'mockLocalStorage'.
          verify(mockLocalStorage.getAllClassifications()).called(1);
                 ^^^^^^^^^^^^^^^^
  test/services/cloud_storage_service_test.dart:368:21: Error: Undefined name 'mockUsersCollection'.
          verifyNever(mockUsersCollection.doc(any));
                      ^^^^^^^^^^^^^^^^^^^
  test/services/cloud_storage_service_test.dart:372:39: Error: Undefined name 'testClassification'.
          final localClassifications = [testClassification];
                                        ^^^^^^^^^^^^^^^^^^
  test/services/cloud_storage_service_test.dart:373:37: Error: Undefined name 'testClassification'.
          final cloudClassification = testClassification.copyWith(
                                      ^^^^^^^^^^^^^^^^^^
  test/services/cloud_storage_service_test.dart:378:14: Error: Undefined name 'mockLocalStorage'.
          when(mockLocalStorage.getAllClassifications()).thenAnswer((_) async => localClassifications);
               ^^^^^^^^^^^^^^^^
  test/services/cloud_storage_service_test.dart:379:14: Error: Undefined name 'mockLocalStorage'.
          when(mockLocalStorage.getCurrentUserProfile()).thenAnswer((_) async => testUserProfile);
               ^^^^^^^^^^^^^^^^
  test/services/cloud_storage_service_test.dart:379:80: Error: Undefined name 'testUserProfile'.
          when(mockLocalStorage.getCurrentUserProfile()).thenAnswer((_) async => testUserProfile);
                                                                                 ^^^^^^^^^^^^^^^
  test/services/cloud_storage_service_test.dart:380:14: Error: Undefined name 'mockLocalStorage'.
          when(mockLocalStorage.saveClassification(any)).thenAnswer((_) async {
               ^^^^^^^^^^^^^^^^
  test/services/cloud_storage_service_test.dart:389:14: Error: Undefined name 'mockClassificationsCollection'.
          when(mockClassificationsCollection.orderBy('timestamp', descending: true))
               ^^^^^^^^^^^^^^^^^^^^^^^^^^^^^
  test/services/cloud_storage_service_test.dart:395:30: Error: Undefined name 'cloudStorageService'.
          final result = await cloudStorageService.getAllClassificationsWithCloudSync(true);
                               ^^^^^^^^^^^^^^^^^^^
  test/services/cloud_storage_service_test.dart:406:39: Error: Undefined name 'testClassification'.
          final localClassifications = [testClassification];
                                        ^^^^^^^^^^^^^^^^^^
  test/services/cloud_storage_service_test.dart:407:14: Error: Undefined name 'mockLocalStorage'.
          when(mockLocalStorage.getAllClassifications()).thenAnswer((_) async => localClassifications);
               ^^^^^^^^^^^^^^^^
  test/services/cloud_storage_service_test.dart:408:14: Error: Undefined name 'mockLocalStorage'.
          when(mockLocalStorage.getCurrentUserProfile()).thenAnswer((_) async => testUserProfile);
               ^^^^^^^^^^^^^^^^
  test/services/cloud_storage_service_test.dart:408:80: Error: Undefined name 'testUserProfile'.
          when(mockLocalStorage.getCurrentUserProfile()).thenAnswer((_) async => testUserProfile);
                                                                                 ^^^^^^^^^^^^^^^
  test/services/cloud_storage_service_test.dart:412:14: Error: Undefined name 'mockClassificationsCollection'.
          when(mockClassificationsCollection.orderBy('timestamp', descending: true))
               ^^^^^^^^^^^^^^^^^^^^^^^^^^^^^
  test/services/cloud_storage_service_test.dart:416:30: Error: Undefined name 'cloudStorageService'.
          final result = await cloudStorageService.getAllClassificationsWithCloudSync(true);
                               ^^^^^^^^^^^^^^^^^^^
  test/services/cloud_storage_service_test.dart:424:39: Error: Undefined name 'testClassification'.
          final localClassifications = [testClassification];
                                        ^^^^^^^^^^^^^^^^^^
  test/services/cloud_storage_service_test.dart:425:14: Error: Undefined name 'mockLocalStorage'.
          when(mockLocalStorage.getAllClassifications()).thenAnswer((_) async => localClassifications);
               ^^^^^^^^^^^^^^^^
  test/services/cloud_storage_service_test.dart:426:14: Error: Undefined name 'mockLocalStorage'.
          when(mockLocalStorage.getCurrentUserProfile()).thenAnswer((_) async => testUserProfile);
               ^^^^^^^^^^^^^^^^
  test/services/cloud_storage_service_test.dart:426:80: Error: Undefined name 'testUserProfile'.
          when(mockLocalStorage.getCurrentUserProfile()).thenAnswer((_) async => testUserProfile);
                                                                                 ^^^^^^^^^^^^^^^
  test/services/cloud_storage_service_test.dart:433:14: Error: Undefined name 'mockClassificationsCollection'.
          when(mockClassificationsCollection.orderBy('timestamp', descending: true))
               ^^^^^^^^^^^^^^^^^^^^^^^^^^^^^
  test/services/cloud_storage_service_test.dart:439:30: Error: Undefined name 'cloudStorageService'.
          final result = await cloudStorageService.getAllClassificationsWithCloudSync(true);
                               ^^^^^^^^^^^^^^^^^^^
  test/services/cloud_storage_service_test.dart:451:11: Error: Undefined name 'testClassification'.
            testClassification.copyWith(itemName: 'Second Classification'),
            ^^^^^^^^^^^^^^^^^^
  test/services/cloud_storage_service_test.dart:450:11: Error: Undefined name 'testClassification'.
            testClassification,
            ^^^^^^^^^^^^^^^^^^
  test/services/cloud_storage_service_test.dart:454:14: Error: Undefined name 'mockLocalStorage'.
          when(mockLocalStorage.getCurrentUserProfile()).thenAnswer((_) async => testUserProfile);
               ^^^^^^^^^^^^^^^^
  test/services/cloud_storage_service_test.dart:454:80: Error: Undefined name 'testUserProfile'.
          when(mockLocalStorage.getCurrentUserProfile()).thenAnswer((_) async => testUserProfile);
                                                                                 ^^^^^^^^^^^^^^^
  test/services/cloud_storage_service_test.dart:455:14: Error: Undefined name 'mockLocalStorage'.
          when(mockLocalStorage.getAllClassifications()).thenAnswer((_) async => localClassifications);
               ^^^^^^^^^^^^^^^^
  test/services/cloud_storage_service_test.dart:456:14: Error: Undefined name 'mockClassificationDoc'.
          when(mockClassificationDoc.set(any)).thenAnswer((_) async {
               ^^^^^^^^^^^^^^^^^^^^^
  test/services/cloud_storage_service_test.dart:462:14: Error: Undefined name 'mockFirestore'.
          when(mockFirestore.collection('admin_classifications')).thenReturn(mockAdminCollection);
               ^^^^^^^^^^^^^
  test/services/cloud_storage_service_test.dart:463:68: Error: Undefined name 'mockClassificationDoc'.
          when(mockAdminCollection.add(any)).thenAnswer((_) async => mockClassificationDoc);
                                                                     ^^^^^^^^^^^^^^^^^^^^^
  test/services/cloud_storage_service_test.dart:467:14: Error: Undefined name 'mockFirestore'.
          when(mockFirestore.collection('admin_user_recovery')).thenReturn(mockRecoveryCollection);
               ^^^^^^^^^^^^^
  test/services/cloud_storage_service_test.dart:471:35: Error: Undefined name 'cloudStorageService'.
          final syncedCount = await cloudStorageService.syncAllLocalClassificationsToCloud();
                                    ^^^^^^^^^^^^^^^^^^^
  test/services/cloud_storage_service_test.dart:474:16: Error: Undefined name 'mockClassificationDoc'.
          verify(mockClassificationDoc.set(any)).called(2);
                 ^^^^^^^^^^^^^^^^^^^^^
  test/services/cloud_storage_service_test.dart:480:11: Error: Undefined name 'testClassification'.
            testClassification.copyWith(itemName: 'Second Classification'),
            ^^^^^^^^^^^^^^^^^^
  test/services/cloud_storage_service_test.dart:479:11: Error: Undefined name 'testClassification'.
            testClassification,
            ^^^^^^^^^^^^^^^^^^
  test/services/cloud_storage_service_test.dart:483:14: Error: Undefined name 'mockLocalStorage'.
          when(mockLocalStorage.getCurrentUserProfile()).thenAnswer((_) async => testUserProfile);
               ^^^^^^^^^^^^^^^^
  test/services/cloud_storage_service_test.dart:483:80: Error: Undefined name 'testUserProfile'.
          when(mockLocalStorage.getCurrentUserProfile()).thenAnswer((_) async => testUserProfile);
                                                                                 ^^^^^^^^^^^^^^^
  test/services/cloud_storage_service_test.dart:484:14: Error: Undefined name 'mockLocalStorage'.
          when(mockLocalStorage.getAllClassifications()).thenAnswer((_) async => localClassifications);
               ^^^^^^^^^^^^^^^^
  test/services/cloud_storage_service_test.dart:487:14: Error: Undefined name 'mockClassificationDoc'.
          when(mockClassificationDoc.set(any))
               ^^^^^^^^^^^^^^^^^^^^^
  test/services/cloud_storage_service_test.dart:495:14: Error: Undefined name 'mockFirestore'.
          when(mockFirestore.collection('admin_classifications')).thenReturn(mockAdminCollection);
               ^^^^^^^^^^^^^
  test/services/cloud_storage_service_test.dart:496:68: Error: Undefined name 'mockClassificationDoc'.
          when(mockAdminCollection.add(any)).thenAnswer((_) async => mockClassificationDoc);
                                                                     ^^^^^^^^^^^^^^^^^^^^^
  test/services/cloud_storage_service_test.dart:500:14: Error: Undefined name 'mockFirestore'.
          when(mockFirestore.collection('admin_user_recovery')).thenReturn(mockRecoveryCollection);
               ^^^^^^^^^^^^^
  test/services/cloud_storage_service_test.dart:504:35: Error: Undefined name 'cloudStorageService'.
          final syncedCount = await cloudStorageService.syncAllLocalClassificationsToCloud();
                                    ^^^^^^^^^^^^^^^^^^^
  test/services/cloud_storage_service_test.dart:511:14: Error: Undefined name 'mockLocalStorage'.
          when(mockLocalStorage.getCurrentUserProfile()).thenAnswer((_) async => null);
               ^^^^^^^^^^^^^^^^
  test/services/cloud_storage_service_test.dart:513:35: Error: Undefined name 'cloudStorageService'.
          final syncedCount = await cloudStorageService.syncAllLocalClassificationsToCloud();
                                    ^^^^^^^^^^^^^^^^^^^
  test/services/cloud_storage_service_test.dart:516:21: Error: Undefined name 'mockClassificationDoc'.
          verifyNever(mockClassificationDoc.set(any));
                      ^^^^^^^^^^^^^^^^^^^^^
  test/services/cloud_storage_service_test.dart:522:14: Error: Undefined name 'mockLocalStorage'.
          when(mockLocalStorage.getCurrentUserProfile()).thenAnswer((_) async => testUserProfile);
               ^^^^^^^^^^^^^^^^
  test/services/cloud_storage_service_test.dart:522:80: Error: Undefined name 'testUserProfile'.
          when(mockLocalStorage.getCurrentUserProfile()).thenAnswer((_) async => testUserProfile);
                                                                                 ^^^^^^^^^^^^^^^
  test/services/cloud_storage_service_test.dart:530:14: Error: Undefined name 'mockClassificationsCollection'.
          when(mockClassificationsCollection.get()).thenAnswer((_) async => mockQuerySnapshot);
               ^^^^^^^^^^^^^^^^^^^^^^^^^^^^^
  test/services/cloud_storage_service_test.dart:532:52: Error: Undefined name 'mockClassificationDoc'.
          when(mockDocSnapshot.reference).thenReturn(mockClassificationDoc);
                                                     ^^^^^^^^^^^^^^^^^^^^^
  test/services/cloud_storage_service_test.dart:533:14: Error: Undefined name 'mockFirestore'.
          when(mockFirestore.batch()).thenReturn(mockBatch);
               ^^^^^^^^^^^^^
  test/services/cloud_storage_service_test.dart:537:15: Error: Undefined name 'cloudStorageService'.
          await cloudStorageService.clearCloudData();
                ^^^^^^^^^^^^^^^^^^^
  test/services/cloud_storage_service_test.dart:545:14: Error: Undefined name 'mockLocalStorage'.
          when(mockLocalStorage.getCurrentUserProfile()).thenAnswer((_) async => null);
               ^^^^^^^^^^^^^^^^
  test/services/cloud_storage_service_test.dart:547:15: Error: Undefined name 'cloudStorageService'.
          await cloudStorageService.clearCloudData();
                ^^^^^^^^^^^^^^^^^^^
  test/services/cloud_storage_service_test.dart:550:21: Error: Undefined name 'mockClassificationsCollection'.
          verifyNever(mockClassificationsCollection.get());
                      ^^^^^^^^^^^^^^^^^^^^^^^^^^^^^
  test/services/cloud_storage_service_test.dart:554:14: Error: Undefined name 'mockLocalStorage'.
          when(mockLocalStorage.getCurrentUserProfile()).thenAnswer((_) async => testUserProfile);
               ^^^^^^^^^^^^^^^^
  test/services/cloud_storage_service_test.dart:554:80: Error: Undefined name 'testUserProfile'.
          when(mockLocalStorage.getCurrentUserProfile()).thenAnswer((_) async => testUserProfile);
                                                                                 ^^^^^^^^^^^^^^^
  test/services/cloud_storage_service_test.dart:555:14: Error: Undefined name 'mockClassificationsCollection'.
          when(mockClassificationsCollection.get()).thenThrow(Exception('Clear error'));
               ^^^^^^^^^^^^^^^^^^^^^^^^^^^^^
  test/services/cloud_storage_service_test.dart:558:29: Error: Undefined name 'cloudStorageService'.
            () async => await cloudStorageService.clearCloudData(),
                              ^^^^^^^^^^^^^^^^^^^
  test/services/cloud_storage_service_test.dart:566:38: Error: Undefined name 'testClassification'.
          final recentClassification = testClassification.copyWith(
                                       ^^^^^^^^^^^^^^^^^^
  test/services/cloud_storage_service_test.dart:570:14: Error: Undefined name 'mockLocalStorage'.
          when(mockLocalStorage.saveClassification(any)).thenAnswer((_) async {
               ^^^^^^^^^^^^^^^^
  test/services/cloud_storage_service_test.dart:573:14: Error: Undefined name 'mockLocalStorage'.
          when(mockLocalStorage.getCurrentUserProfile()).thenAnswer((_) async => testUserProfile);
               ^^^^^^^^^^^^^^^^
  test/services/cloud_storage_service_test.dart:573:80: Error: Undefined name 'testUserProfile'.
          when(mockLocalStorage.getCurrentUserProfile()).thenAnswer((_) async => testUserProfile);
                                                                                 ^^^^^^^^^^^^^^^
  test/services/cloud_storage_service_test.dart:576:14: Error: Undefined name 'mockLocalStorage'.
          when(mockLocalStorage.getGamificationProfile()).thenAnswer((_) async => testUserProfile.gamificationProfile);
               ^^^^^^^^^^^^^^^^
  test/services/cloud_storage_service_test.dart:576:81: Error: Undefined name 'testUserProfile'.
          when(mockLocalStorage.getGamificationProfile()).thenAnswer((_) async => testUserProfile.gamificationProfile);
                                                                                  ^^^^^^^^^^^^^^^
  test/services/cloud_storage_service_test.dart:578:15: Error: Undefined name 'cloudStorageService'.
          await cloudStorageService.saveClassificationWithSync(
                ^^^^^^^^^^^^^^^^^^^
  test/services/cloud_storage_service_test.dart:585:16: Error: Undefined name 'mockLocalStorage'.
          verify(mockLocalStorage.saveClassification(recentClassification)).called(1);
                 ^^^^^^^^^^^^^^^^
  test/services/cloud_storage_service_test.dart:589:35: Error: Undefined name 'testClassification'.
          final oldClassification = testClassification.copyWith(
                                    ^^^^^^^^^^^^^^^^^^
  test/services/cloud_storage_service_test.dart:593:14: Error: Undefined name 'mockLocalStorage'.
          when(mockLocalStorage.saveClassification(any)).thenAnswer((_) async {
               ^^^^^^^^^^^^^^^^
  test/services/cloud_storage_service_test.dart:597:15: Error: Undefined name 'cloudStorageService'.
          await cloudStorageService.saveClassificationWithSync(
                ^^^^^^^^^^^^^^^^^^^
  test/services/cloud_storage_service_test.dart:604:16: Error: Undefined name 'mockLocalStorage'.
          verify(mockLocalStorage.saveClassification(oldClassification)).called(1);
                 ^^^^^^^^^^^^^^^^
  test/services/cloud_storage_service_test.dart:608:14: Error: Undefined name 'mockLocalStorage'.
          when(mockLocalStorage.saveClassification(any)).thenAnswer((_) async {
               ^^^^^^^^^^^^^^^^
  test/services/cloud_storage_service_test.dart:611:14: Error: Undefined name 'mockLocalStorage'.
          when(mockLocalStorage.getGamificationProfile()).thenThrow(Exception('Gamification error'));
               ^^^^^^^^^^^^^^^^
  test/services/cloud_storage_service_test.dart:615:11: Error: Undefined name 'testClassification'.
            testClassification,
            ^^^^^^^^^^^^^^^^^^
  test/services/cloud_storage_service_test.dart:614:15: Error: Undefined name 'cloudStorageService'.
          await cloudStorageService.saveClassificationWithSync(
                ^^^^^^^^^^^^^^^^^^^
  test/services/cloud_storage_service_test.dart:621:52: Error: Undefined name 'testClassification'.
          verify(mockLocalStorage.saveClassification(testClassification)).called(1);
                                                     ^^^^^^^^^^^^^^^^^^
  test/services/cloud_storage_service_test.dart:621:16: Error: Undefined name 'mockLocalStorage'.
          verify(mockLocalStorage.saveClassification(testClassification)).called(1);
                 ^^^^^^^^^^^^^^^^
  test/services/cloud_storage_service_test.dart:627:14: Error: Undefined name 'mockLocalStorage'.
          when(mockLocalStorage.getAllClassifications()).thenAnswer((_) async => []);
               ^^^^^^^^^^^^^^^^
  test/services/cloud_storage_service_test.dart:629:30: Error: Undefined name 'cloudStorageService'.
          final result = await cloudStorageService.getAllClassificationsWithCloudSync(false);
                               ^^^^^^^^^^^^^^^^^^^
  test/services/cloud_storage_service_test.dart:635:14: Error: Undefined name 'mockLocalStorage'.
          when(mockLocalStorage.saveClassification(any)).thenAnswer((_) async {
               ^^^^^^^^^^^^^^^^
  test/services/cloud_storage_service_test.dart:638:14: Error: Undefined name 'mockLocalStorage'.
          when(mockLocalStorage.getCurrentUserProfile()).thenAnswer((_) async => null);
               ^^^^^^^^^^^^^^^^
  test/services/cloud_storage_service_test.dart:641:11: Error: Undefined name 'testClassification'.
            testClassification,
            ^^^^^^^^^^^^^^^^^^
  test/services/cloud_storage_service_test.dart:640:15: Error: Undefined name 'cloudStorageService'.
          await cloudStorageService.saveClassificationWithSync(
                ^^^^^^^^^^^^^^^^^^^
  test/services/cloud_storage_service_test.dart:647:52: Error: Undefined name 'testClassification'.
          verify(mockLocalStorage.saveClassification(testClassification)).called(1);
                                                     ^^^^^^^^^^^^^^^^^^
  test/services/cloud_storage_service_test.dart:647:16: Error: Undefined name 'mockLocalStorage'.
          verify(mockLocalStorage.saveClassification(testClassification)).called(1);
                 ^^^^^^^^^^^^^^^^
  test/services/cloud_storage_service_test.dart:648:21: Error: Undefined name 'mockClassificationDoc'.
          verifyNever(mockClassificationDoc.set(any));
                      ^^^^^^^^^^^^^^^^^^^^^
  test/services/cloud_storage_service_test.dart:652:37: Error: Undefined name 'testClassification'.
          final largeClassification = testClassification.copyWith(
                                      ^^^^^^^^^^^^^^^^^^
  test/services/cloud_storage_service_test.dart:658:14: Error: Undefined name 'mockLocalStorage'.
          when(mockLocalStorage.saveClassification(any)).thenAnswer((_) async {
               ^^^^^^^^^^^^^^^^
  test/services/cloud_storage_service_test.dart:662:15: Error: Undefined name 'cloudStorageService'.
          await cloudStorageService.saveClassificationWithSync(
                ^^^^^^^^^^^^^^^^^^^
  test/services/cloud_storage_service_test.dart:668:16: Error: Undefined name 'mockLocalStorage'.
          verify(mockLocalStorage.saveClassification(largeClassification)).called(1);
                 ^^^^^^^^^^^^^^^^
  test/services/cloud_storage_service_test.dart:672:14: Error: Undefined name 'mockLocalStorage'.
          when(mockLocalStorage.saveClassification(any)).thenAnswer((_) async {
               ^^^^^^^^^^^^^^^^
  test/services/cloud_storage_service_test.dart:678:34: Error: Undefined name 'testClassification'.
            final classification = testClassification.copyWith(
                                   ^^^^^^^^^^^^^^^^^^
  test/services/cloud_storage_service_test.dart:681:18: Error: Undefined name 'cloudStorageService'.
            return cloudStorageService.saveClassificationWithSync(
                   ^^^^^^^^^^^^^^^^^^^
  test/services/cloud_storage_service_test.dart:691:16: Error: Undefined name 'mockLocalStorage'.
          verify(mockLocalStorage.saveClassification(any)).called(10);
                 ^^^^^^^^^^^^^^^^
  test/services/cloud_storage_service_test.dart:695:14: Error: Undefined name 'mockLocalStorage'.
          when(mockLocalStorage.saveClassification(any)).thenAnswer((_) async {
               ^^^^^^^^^^^^^^^^
  test/services/cloud_storage_service_test.dart:698:14: Error: Undefined name 'mockLocalStorage'.
          when(mockLocalStorage.getCurrentUserProfile()).thenAnswer((_) async => testUserProfile);
               ^^^^^^^^^^^^^^^^
  test/services/cloud_storage_service_test.dart:698:80: Error: Undefined name 'testUserProfile'.
          when(mockLocalStorage.getCurrentUserProfile()).thenAnswer((_) async => testUserProfile);
                                                                                 ^^^^^^^^^^^^^^^
  test/services/cloud_storage_service_test.dart:699:14: Error: Undefined name 'mockClassificationDoc'.
          when(mockClassificationDoc.set(any)).thenThrow(Exception('Network error'));
               ^^^^^^^^^^^^^^^^^^^^^
  test/services/cloud_storage_service_test.dart:703:11: Error: Undefined name 'testClassification'.
            testClassification,
            ^^^^^^^^^^^^^^^^^^
  test/services/cloud_storage_service_test.dart:702:15: Error: Undefined name 'cloudStorageService'.
          await cloudStorageService.saveClassificationWithSync(
                ^^^^^^^^^^^^^^^^^^^
  test/services/cloud_storage_service_test.dart:709:52: Error: Undefined name 'testClassification'.
          verify(mockLocalStorage.saveClassification(testClassification)).called(1);
                                                     ^^^^^^^^^^^^^^^^^^
  test/services/cloud_storage_service_test.dart:709:16: Error: Undefined name 'mockLocalStorage'.
          verify(mockLocalStorage.saveClassification(testClassification)).called(1);
                 ^^^^^^^^^^^^^^^^
  test/services/cloud_storage_service_test.dart:105:37: Error: The argument type 'Null' can't be assigned to the parameter type 'Map<String, dynamic>' because 'Map<String, dynamic>' is not nullable.
   - 'Map' is from 'dart:core'.
          when(mockLeaderboardDoc.set(any, any)).thenAnswer((_) async {});
                                      ^
  test/services/cloud_storage_service_test.dart:141:37: Error: The argument type 'Null' can't be assigned to the parameter type 'Map<String, dynamic>' because 'Map<String, dynamic>' is not nullable.
   - 'Map' is from 'dart:core'.
          when(mockLeaderboardDoc.set(any, any)).thenAnswer((_) async {});
                                      ^
  test/services/cloud_storage_service_test.dart:146:39: Error: The argument type 'Null' can't be assigned to the parameter type 'Map<String, dynamic>' because 'Map<String, dynamic>' is not nullable.
   - 'Map' is from 'dart:core'.
          verify(mockLeaderboardDoc.set(any, any)).called(1);
                                        ^
  test/services/cloud_storage_service_test.dart:159:37: Error: The argument type 'Null' can't be assigned to the parameter type 'Map<String, dynamic>' because 'Map<String, dynamic>' is not nullable.
   - 'Map' is from 'dart:core'.
          when(mockLeaderboardDoc.set(any, any)).thenThrow(Exception('Leaderboard error'));
                                      ^
  test/services/cloud_storage_service_test.dart:182:38: Error: The argument type 'Null' can't be assigned to the parameter type 'Map<String, dynamic>' because 'Map<String, dynamic>' is not nullable.
   - 'Map' is from 'dart:core'.
          when(mockAdminCollection.add(any)).thenAnswer((_) async => mockClassificationDoc);
                                       ^
  test/services/cloud_storage_service_test.dart:188:34: Error: The argument type 'Null' can't be assigned to the parameter type 'Map<String, dynamic>' because 'Map<String, dynamic>' is not nullable.
   - 'Map' is from 'dart:core'.
          when(mockRecoveryDoc.set(any, any)).thenAnswer((_) async {});
                                   ^
  test/services/cloud_storage_service_test.dart:271:38: Error: The argument type 'Null' can't be assigned to the parameter type 'Map<String, dynamic>' because 'Map<String, dynamic>' is not nullable.
   - 'Map' is from 'dart:core'.
          when(mockAdminCollection.add(any)).thenAnswer((_) async => mockAdminDoc);
                                       ^
  test/services/cloud_storage_service_test.dart:278:34: Error: The argument type 'Null' can't be assigned to the parameter type 'Map<String, dynamic>' because 'Map<String, dynamic>' is not nullable.
   - 'Map' is from 'dart:core'.
          when(mockRecoveryDoc.set(any, any)).thenAnswer((_) async {});
                                   ^
  test/services/cloud_storage_service_test.dart:287:40: Error: The argument type 'Null' can't be assigned to the parameter type 'Map<String, dynamic>' because 'Map<String, dynamic>' is not nullable.
   - 'Map' is from 'dart:core'.
          verify(mockAdminCollection.add(any)).called(1);
                                         ^
  test/services/cloud_storage_service_test.dart:290:36: Error: The argument type 'Null' can't be assigned to the parameter type 'Map<String, dynamic>' because 'Map<String, dynamic>' is not nullable.
   - 'Map' is from 'dart:core'.
          verify(mockRecoveryDoc.set(any, any)).called(1);
                                     ^
  test/services/cloud_storage_service_test.dart:305:38: Error: The argument type 'Null' can't be assigned to the parameter type 'Map<String, dynamic>' because 'Map<String, dynamic>' is not nullable.
   - 'Map' is from 'dart:core'.
          when(mockAdminCollection.add(any)).thenThrow(Exception('Admin collection error'));
                                       ^
  test/services/cloud_storage_service_test.dart:340:45: Error: The argument type 'Null' can't be assigned to the parameter type 'Map<String, dynamic>' because 'Map<String, dynamic>' is not nullable.
   - 'Map' is from 'dart:core'.
          verifyNever(mockAdminCollection.add(any));
                                              ^
  test/services/cloud_storage_service_test.dart:392:50: Error: A value of type 'MockDocumentSnapshot' can't be assigned to a variable of type 'QueryDocumentSnapshot<Map<String, dynamic>>'.
   - 'MockDocumentSnapshot' is from 'test/services/cloud_storage_service_test.dart'.
   - 'QueryDocumentSnapshot' is from 'package:cloud_firestore/cloud_firestore.dart' ('../../../../../.pub-cache/hosted/pub.dev/cloud_firestore-5.6.7/lib/cloud_firestore.dart').
   - 'Map' is from 'dart:core'.
          when(mockQuerySnapshot.docs).thenReturn([mockDocSnapshot]);
                                                   ^
  test/services/cloud_storage_service_test.dart:436:50: Error: A value of type 'MockDocumentSnapshot' can't be assigned to a variable of type 'QueryDocumentSnapshot<Map<String, dynamic>>'.
   - 'MockDocumentSnapshot' is from 'test/services/cloud_storage_service_test.dart'.
   - 'QueryDocumentSnapshot' is from 'package:cloud_firestore/cloud_firestore.dart' ('../../../../../.pub-cache/hosted/pub.dev/cloud_firestore-5.6.7/lib/cloud_firestore.dart').
   - 'Map' is from 'dart:core'.
          when(mockQuerySnapshot.docs).thenReturn([mockDocSnapshot]);
                                                   ^
  test/services/cloud_storage_service_test.dart:463:38: Error: The argument type 'Null' can't be assigned to the parameter type 'Map<String, dynamic>' because 'Map<String, dynamic>' is not nullable.
   - 'Map' is from 'dart:core'.
          when(mockAdminCollection.add(any)).thenAnswer((_) async => mockClassificationDoc);
                                       ^
  test/services/cloud_storage_service_test.dart:469:34: Error: The argument type 'Null' can't be assigned to the parameter type 'Map<String, dynamic>' because 'Map<String, dynamic>' is not nullable.
   - 'Map' is from 'dart:core'.
          when(mockRecoveryDoc.set(any, any)).thenAnswer((_) async {});
                                   ^
  test/services/cloud_storage_service_test.dart:488:14: Error: This expression has type 'void' and can't be used.
              .thenAnswer((_) async {
               ^
  test/services/cloud_storage_service_test.dart:491:14: Error: The method 'thenThrow' isn't defined for the class 'void'.
  Try correcting the name to the name of an existing method, or defining a method named 'thenThrow'.
              .thenThrow(Exception('Sync error'));
               ^^^^^^^^^
  test/services/cloud_storage_service_test.dart:496:38: Error: The argument type 'Null' can't be assigned to the parameter type 'Map<String, dynamic>' because 'Map<String, dynamic>' is not nullable.
   - 'Map' is from 'dart:core'.
          when(mockAdminCollection.add(any)).thenAnswer((_) async => mockClassificationDoc);
                                       ^
  test/services/cloud_storage_service_test.dart:502:34: Error: The argument type 'Null' can't be assigned to the parameter type 'Map<String, dynamic>' because 'Map<String, dynamic>' is not nullable.
   - 'Map' is from 'dart:core'.
          when(mockRecoveryDoc.set(any, any)).thenAnswer((_) async {});
                                   ^
  test/services/cloud_storage_service_test.dart:531:50: Error: A value of type 'MockDocumentSnapshot' can't be assigned to a variable of type 'QueryDocumentSnapshot<Map<String, dynamic>>'.
   - 'MockDocumentSnapshot' is from 'test/services/cloud_storage_service_test.dart'.
   - 'QueryDocumentSnapshot' is from 'package:cloud_firestore/cloud_firestore.dart' ('../../../../../.pub-cache/hosted/pub.dev/cloud_firestore-5.6.7/lib/cloud_firestore.dart').
   - 'Map' is from 'dart:core'.
          when(mockQuerySnapshot.docs).thenReturn([mockDocSnapshot, mockDocSnapshot]);
                                                   ^
  test/services/cloud_storage_service_test.dart:531:67: Error: A value of type 'MockDocumentSnapshot' can't be assigned to a variable of type 'QueryDocumentSnapshot<Map<String, dynamic>>'.
   - 'MockDocumentSnapshot' is from 'test/services/cloud_storage_service_test.dart'.
   - 'QueryDocumentSnapshot' is from 'package:cloud_firestore/cloud_firestore.dart' ('../../../../../.pub-cache/hosted/pub.dev/cloud_firestore-5.6.7/lib/cloud_firestore.dart').
   - 'Map' is from 'dart:core'.
          when(mockQuerySnapshot.docs).thenReturn([mockDocSnapshot, mockDocSnapshot]);
                                                                    ^
  test/services/cloud_storage_service_test.dart:534:31: Error: The argument type 'Null' can't be assigned to the parameter type 'DocumentReference<Object?>' because 'DocumentReference<Object?>' is not nullable.
   - 'DocumentReference' is from 'package:cloud_firestore/cloud_firestore.dart' ('../../../../../.pub-cache/hosted/pub.dev/cloud_firestore-5.6.7/lib/cloud_firestore.dart').
   - 'Object' is from 'dart:core'.
          when(mockBatch.delete(any)).thenReturn(null);
                                ^
  test/services/cloud_storage_service_test.dart:540:33: Error: The argument type 'Null' can't be assigned to the parameter type 'DocumentReference<Object?>' because 'DocumentReference<Object?>' is not nullable.
   - 'DocumentReference' is from 'package:cloud_firestore/cloud_firestore.dart' ('../../../../../.pub-cache/hosted/pub.dev/cloud_firestore-5.6.7/lib/cloud_firestore.dart').
   - 'Object' is from 'dart:core'.
          verify(mockBatch.delete(any)).called(2); // Two documents
                                  ^
  test/services/cloud_storage_service_test.dart:688:27: Error: The argument type 'List<dynamic>' can't be assigned to the parameter type 'Iterable<Future<dynamic>>'.
   - 'List' is from 'dart:core'.
   - 'Iterable' is from 'dart:core'.
   - 'Future' is from 'dart:async'.
          await Future.wait(futures);
                            ^
  .
00:35 +226 -52: loading /Users/pranay/Projects/LLM/image/waste_seg/waste_segregation_app/test/integration/full_workflow_integration_test.dart [E]
  Error: the Dart compiler exited unexpectedly.
  package:flutter_tools/src/base/common.dart 34:3  throwToolExit
  package:flutter_tools/src/compile.dart 895:11    DefaultResidentCompiler._compile.<fn>
  dart:async/zone.dart 1538:47                     _rootRunUnary
  dart:async/future_impl.dart 932:45               Future._propagateToListeners.handleValueCallback
  dart:async/future_impl.dart 961:13               Future._propagateToListeners
  dart:async/future_impl.dart 846:9                Future._propagateToListeners
  dart:async/future_impl.dart 712:5                Future._completeWithValue
  dart:async/future_impl.dart 792:7                Future._asyncCompleteWithValue.<fn>
  dart:async/zone.dart 1525:13                     _rootRun
  dart:async/zone.dart 1422:19                     _CustomZone.run
  dart:async/zone.dart 1321:7                      _CustomZone.runGuarded
  dart:async/zone.dart 1362:23                     _CustomZone.bindCallbackGuarded.<fn>
  dart:async/schedule_microtask.dart 40:21         _microtaskLoop
  dart:async/schedule_microtask.dart 49:5          _startMicrotaskLoop
  dart:isolate-patch/isolate_patch.dart 128:13     _runPendingImmediateCallback
  dart:isolate-patch/isolate_patch.dart 195:5      _RawReceivePort._handleMessage
  
00:35 +226 -52: /Users/pranay/Projects/LLM/image/waste_seg/waste_segregation_app/test/services/storage_service_test.dart: StorageService - Factory Reset Tests (setUpAll)
00:35 +226 -53: /Users/pranay/Projects/LLM/image/waste_seg/waste_segregation_app/test/services/storage_service_test.dart: StorageService - Factory Reset Tests (setUpAll) [E]
  MissingPluginException(No implementation found for method getApplicationDocumentsDirectory on channel plugins.flutter.io/path_provider)
  package:flutter/src/services/platform_channel.dart 368:7  MethodChannel._invokeMethod
  
00:35 +226 -53: /Users/pranay/Projects/LLM/image/waste_seg/waste_segregation_app/test/services/storage_service_test.dart: StorageService - Factory Reset Tests (tearDownAll)
00:37 +226 -54: loading /Users/pranay/Projects/LLM/image/waste_seg/waste_segregation_app/test/services/firebase_family_service_test.dart [E]
  Failed to load "/Users/pranay/Projects/LLM/image/waste_seg/waste_segregation_app/test/services/firebase_family_service_test.dart":
  Compilation failed for testPath=/Users/pranay/Projects/LLM/image/waste_seg/waste_segregation_app/test/services/firebase_family_service_test.dart: test/services/firebase_family_service_test.dart:590:41: Error: Type 'EnhancedFamily' not found.
    bool canUserViewFamily(String userId, EnhancedFamily family) {
                                          ^^^^^^^^^^^^^^
  test/services/firebase_family_service_test.dart:595:41: Error: Type 'EnhancedFamily' not found.
    bool canUserJoinFamily(String userId, EnhancedFamily family) {
                                          ^^^^^^^^^^^^^^
  test/services/firebase_family_service_test.dart:599:69: Error: Type 'EnhancedFamily' not found.
    bool canUserRemoveMember(String requesterId, String targetUserId, EnhancedFamily family) {
                                                                      ^^^^^^^^^^^^^^
  test/services/firebase_family_service_test.dart:607:42: Error: Type 'EnhancedFamily' not found.
    bool canUserLeaveFamily(String userId, EnhancedFamily family) {
                                           ^^^^^^^^^^^^^^
  test/services/firebase_family_service_test.dart:611:3: Error: Type 'FamilyStatistics' not found.
    FamilyStatistics calculateFamilyStatistics(EnhancedFamily family) {
    ^^^^^^^^^^^^^^^^
  test/services/firebase_family_service_test.dart:611:46: Error: Type 'EnhancedFamily' not found.
    FamilyStatistics calculateFamilyStatistics(EnhancedFamily family) {
                                               ^^^^^^^^^^^^^^
  test/services/firebase_family_service_test.dart:615:27: Error: Type 'EnhancedFamily' not found.
    bool validateFamilyData(EnhancedFamily family) {
                            ^^^^^^^^^^^^^^
  test/services/firebase_family_service_test.dart:623:42: Error: Type 'EnhancedFamily' not found.
    List<FamilyMember> getPaginatedMembers(EnhancedFamily family, {required int page, required int pageSize}) {
                                           ^^^^^^^^^^^^^^
  test/services/firebase_family_service_test.dart:27:45: Error: No named parameter with the name 'firestore'.
        familyService = FirebaseFamilyService(firestore: mockFirestore);
                                              ^^^^^^^^^
  lib/services/firebase_family_service.dart:11:7: Context: The class 'FirebaseFamilyService' has a constructor that takes no arguments.
  class FirebaseFamilyService {
        ^
  test/services/firebase_family_service_test.dart:46:21: Error: Undefined name 'FamilyRole'.
                role: FamilyRole.admin,
                      ^^^^^^^^^^
  test/services/firebase_family_service_test.dart:44:15: Error: No named parameter with the name 'email'.
                email: 'test@example.com',
                ^^^^^
  lib/models/enhanced_family.dart:132:9: Context: Found this candidate, but the arguments don't match.
    const FamilyMember({
          ^^^^^^^^^^^^
  test/services/firebase_family_service_test.dart:52:13: Error: No named parameter with the name 'allowInvites'.
              allowInvites: true,
              ^^^^^^^^^^^^
  lib/models/enhanced_family.dart:195:9: Context: Found this candidate, but the arguments don't match.
    const FamilySettings({
          ^^^^^^^^^^^^^^
  test/services/firebase_family_service_test.dart:60:15: Error: No named parameter with the name 'totalWasteClassified'.
                totalWasteClassified: 0,
                ^^^^^^^^^^^^^^^^^^^^
  lib/models/enhanced_family.dart:576:9: Context: Found this candidate, but the arguments don't match.
    const EnvironmentalImpact({
          ^^^^^^^^^^^^^^^^^^^
  test/services/firebase_family_service_test.dart:54:23: Error: Method not found: 'FamilyStatistics'.
            statistics: FamilyStatistics(
                        ^^^^^^^^^^^^^^^^
  test/services/firebase_family_service_test.dart:36:24: Error: Method not found: 'EnhancedFamily'.
          final family = EnhancedFamily(
                         ^^^^^^^^^^^^^^
  test/services/firebase_family_service_test.dart:77:50: Error: Undefined name 'FamilyRole'.
          expect(result.members.first.role, equals(FamilyRole.admin));
                                                   ^^^^^^^^^^
  test/services/firebase_family_service_test.dart:100:13: Error: No named parameter with the name 'allowInvites'.
              allowInvites: true,
              ^^^^^^^^^^^^
  lib/models/enhanced_family.dart:195:9: Context: Found this candidate, but the arguments don't match.
    const FamilySettings({
          ^^^^^^^^^^^^^^
  test/services/firebase_family_service_test.dart:108:15: Error: No named parameter with the name 'totalWasteClassified'.
                totalWasteClassified: 0,
                ^^^^^^^^^^^^^^^^^^^^
  lib/models/enhanced_family.dart:576:9: Context: Found this candidate, but the arguments don't match.
    const EnvironmentalImpact({
          ^^^^^^^^^^^^^^^^^^^
  test/services/firebase_family_service_test.dart:102:23: Error: Method not found: 'FamilyStatistics'.
            statistics: FamilyStatistics(
                        ^^^^^^^^^^^^^^^^
  test/services/firebase_family_service_test.dart:92:31: Error: Method not found: 'EnhancedFamily'.
          final invalidFamily = EnhancedFamily(
                                ^^^^^^^^^^^^^^
  test/services/firebase_family_service_test.dart:190:11: Error: Undefined name 'FamilyRole'.
            FamilyRole.moderator,
            ^^^^^^^^^^
  test/services/firebase_family_service_test.dart:240:21: Error: 'EnhancedFamily' isn't a type.
            emits(isA<EnhancedFamily>()),
                      ^^^^^^^^^^^^^^
  test/services/firebase_family_service_test.dart:271:21: Error: Undefined name 'FamilyRole'.
                role: FamilyRole.admin,
                      ^^^^^^^^^^
  test/services/firebase_family_service_test.dart:273:27: Error: Method not found: 'MemberStatistics'.
                statistics: MemberStatistics(
                            ^^^^^^^^^^^^^^^^
  test/services/firebase_family_service_test.dart:269:15: Error: No named parameter with the name 'email'.
                email: 'user1@example.com',
                ^^^^^
  lib/models/enhanced_family.dart:132:9: Context: Found this candidate, but the arguments don't match.
    const FamilyMember({
          ^^^^^^^^^^^^
  test/services/firebase_family_service_test.dart:283:21: Error: Undefined name 'FamilyRole'.
                role: FamilyRole.member,
                      ^^^^^^^^^^
  test/services/firebase_family_service_test.dart:285:27: Error: Method not found: 'MemberStatistics'.
                statistics: MemberStatistics(
                            ^^^^^^^^^^^^^^^^
  test/services/firebase_family_service_test.dart:281:15: Error: No named parameter with the name 'email'.
                email: 'user2@example.com',
                ^^^^^
  lib/models/enhanced_family.dart:132:9: Context: Found this candidate, but the arguments don't match.
    const FamilyMember({
          ^^^^^^^^^^^^
  test/services/firebase_family_service_test.dart:294:13: Error: No named parameter with the name 'allowInvites'.
              allowInvites: true,
              ^^^^^^^^^^^^
  lib/models/enhanced_family.dart:195:9: Context: Found this candidate, but the arguments don't match.
    const FamilySettings({
          ^^^^^^^^^^^^^^
  test/services/firebase_family_service_test.dart:305:15: Error: No named parameter with the name 'totalWasteClassified'.
                totalWasteClassified: 15,
                ^^^^^^^^^^^^^^^^^^^^
  lib/models/enhanced_family.dart:576:9: Context: Found this candidate, but the arguments don't match.
    const EnvironmentalImpact({
          ^^^^^^^^^^^^^^^^^^^
  test/services/firebase_family_service_test.dart:296:23: Error: Method not found: 'FamilyStatistics'.
            statistics: FamilyStatistics(
                        ^^^^^^^^^^^^^^^^
  test/services/firebase_family_service_test.dart:261:24: Error: Method not found: 'EnhancedFamily'.
          final family = EnhancedFamily(
                         ^^^^^^^^^^^^^^
  test/services/firebase_family_service_test.dart:329:19: Error: Undefined name 'FamilyActivityType'.
              type: FamilyActivityType.classification,
                    ^^^^^^^^^^^^^^^^^^
  test/services/firebase_family_service_test.dart:325:11: Error: Method not found: 'FamilyActivity'.
            FamilyActivity(
            ^^^^^^^^^^^^^^
  test/services/firebase_family_service_test.dart:337:19: Error: Undefined name 'FamilyActivityType'.
              type: FamilyActivityType.achievement,
                    ^^^^^^^^^^^^^^^^^^
  test/services/firebase_family_service_test.dart:333:11: Error: Method not found: 'FamilyActivity'.
            FamilyActivity(
            ^^^^^^^^^^^^^^
  test/services/firebase_family_service_test.dart:355:31: Error: 'FamilyActivity' isn't a type.
          expect(feed, isA<List<FamilyActivity>>());
                                ^^^^^^^^^^^^^^
  test/services/firebase_family_service_test.dart:371:13: Error: No named parameter with the name 'allowInvites'.
              allowInvites: false,
              ^^^^^^^^^^^^
  lib/models/enhanced_family.dart:195:9: Context: Found this candidate, but the arguments don't match.
    const FamilySettings({
          ^^^^^^^^^^^^^^
  test/services/firebase_family_service_test.dart:379:15: Error: No named parameter with the name 'totalWasteClassified'.
                totalWasteClassified: 0,
                ^^^^^^^^^^^^^^^^^^^^
  lib/models/enhanced_family.dart:576:9: Context: Found this candidate, but the arguments don't match.
    const EnvironmentalImpact({
          ^^^^^^^^^^^^^^^^^^^
  test/services/firebase_family_service_test.dart:373:23: Error: Method not found: 'FamilyStatistics'.
            statistics: FamilyStatistics(
                        ^^^^^^^^^^^^^^^^
  test/services/firebase_family_service_test.dart:362:31: Error: Method not found: 'EnhancedFamily'.
          final privateFamily = EnhancedFamily(
                                ^^^^^^^^^^^^^^
  test/services/firebase_family_service_test.dart:403:21: Error: Undefined name 'FamilyRole'.
                role: FamilyRole.admin,
                      ^^^^^^^^^^
  test/services/firebase_family_service_test.dart:401:15: Error: No named parameter with the name 'email'.
                email: 'admin@example.com',
                ^^^^^
  lib/models/enhanced_family.dart:132:9: Context: Found this candidate, but the arguments don't match.
    const FamilyMember({
          ^^^^^^^^^^^^
  test/services/firebase_family_service_test.dart:410:21: Error: Undefined name 'FamilyRole'.
                role: FamilyRole.member,
                      ^^^^^^^^^^
  test/services/firebase_family_service_test.dart:408:15: Error: No named parameter with the name 'email'.
                email: 'user@example.com',
                ^^^^^
  lib/models/enhanced_family.dart:132:9: Context: Found this candidate, but the arguments don't match.
    const FamilyMember({
          ^^^^^^^^^^^^
  test/services/firebase_family_service_test.dart:416:13: Error: No named parameter with the name 'allowInvites'.
              allowInvites: true,
              ^^^^^^^^^^^^
  lib/models/enhanced_family.dart:195:9: Context: Found this candidate, but the arguments don't match.
    const FamilySettings({
          ^^^^^^^^^^^^^^
  test/services/firebase_family_service_test.dart:424:15: Error: No named parameter with the name 'totalWasteClassified'.
                totalWasteClassified: 0,
                ^^^^^^^^^^^^^^^^^^^^
  lib/models/enhanced_family.dart:576:9: Context: Found this candidate, but the arguments don't match.
    const EnvironmentalImpact({
          ^^^^^^^^^^^^^^^^^^^
  test/services/firebase_family_service_test.dart:418:23: Error: Method not found: 'FamilyStatistics'.
            statistics: FamilyStatistics(
                        ^^^^^^^^^^^^^^^^
  test/services/firebase_family_service_test.dart:393:24: Error: Method not found: 'EnhancedFamily'.
          final family = EnhancedFamily(
                         ^^^^^^^^^^^^^^
  test/services/firebase_family_service_test.dart:460:13: Error: No named parameter with the name 'allowInvites'.
              allowInvites: true,
              ^^^^^^^^^^^^
  lib/models/enhanced_family.dart:195:9: Context: Found this candidate, but the arguments don't match.
    const FamilySettings({
          ^^^^^^^^^^^^^^
  test/services/firebase_family_service_test.dart:468:15: Error: No named parameter with the name 'totalWasteClassified'.
                totalWasteClassified: 0,
                ^^^^^^^^^^^^^^^^^^^^
  lib/models/enhanced_family.dart:576:9: Context: Found this candidate, but the arguments don't match.
    const EnvironmentalImpact({
          ^^^^^^^^^^^^^^^^^^^
  test/services/firebase_family_service_test.dart:462:23: Error: Method not found: 'FamilyStatistics'.
            statistics: FamilyStatistics(
                        ^^^^^^^^^^^^^^^^
  test/services/firebase_family_service_test.dart:452:24: Error: Method not found: 'EnhancedFamily'.
          final family = EnhancedFamily(
                         ^^^^^^^^^^^^^^
  test/services/firebase_family_service_test.dart:497:13: Error: No named parameter with the name 'allowInvites'.
              allowInvites: true,
              ^^^^^^^^^^^^
  lib/models/enhanced_family.dart:195:9: Context: Found this candidate, but the arguments don't match.
    const FamilySettings({
          ^^^^^^^^^^^^^^
  test/services/firebase_family_service_test.dart:505:15: Error: No named parameter with the name 'totalWasteClassified'.
                totalWasteClassified: 0,
                ^^^^^^^^^^^^^^^^^^^^
  lib/models/enhanced_family.dart:576:9: Context: Found this candidate, but the arguments don't match.
    const EnvironmentalImpact({
          ^^^^^^^^^^^^^^^^^^^
  test/services/firebase_family_service_test.dart:499:23: Error: Method not found: 'FamilyStatistics'.
            statistics: FamilyStatistics(
                        ^^^^^^^^^^^^^^^^
  test/services/firebase_family_service_test.dart:489:36: Error: Method not found: 'EnhancedFamily'.
          final inconsistentFamily = EnhancedFamily(
                                     ^^^^^^^^^^^^^^
  test/services/firebase_family_service_test.dart:547:19: Error: Undefined name 'FamilyRole'.
              role: FamilyRole.member,
                    ^^^^^^^^^^
  test/services/firebase_family_service_test.dart:545:13: Error: No named parameter with the name 'email'.
              email: 'user$index@example.com',
              ^^^^^
  lib/models/enhanced_family.dart:132:9: Context: Found this candidate, but the arguments don't match.
    const FamilyMember({
          ^^^^^^^^^^^^
  test/services/firebase_family_service_test.dart:552:13: Error: No named parameter with the name 'allowInvites'.
              allowInvites: true,
              ^^^^^^^^^^^^
  lib/models/enhanced_family.dart:195:9: Context: Found this candidate, but the arguments don't match.
    const FamilySettings({
          ^^^^^^^^^^^^^^
  test/services/firebase_family_service_test.dart:560:15: Error: No named parameter with the name 'totalWasteClassified'.
                totalWasteClassified: 0,
                ^^^^^^^^^^^^^^^^^^^^
  lib/models/enhanced_family.dart:576:9: Context: Found this candidate, but the arguments don't match.
    const EnvironmentalImpact({
          ^^^^^^^^^^^^^^^^^^^
  test/services/firebase_family_service_test.dart:554:23: Error: Method not found: 'FamilyStatistics'.
            statistics: FamilyStatistics(
                        ^^^^^^^^^^^^^^^^
  test/services/firebase_family_service_test.dart:538:29: Error: Method not found: 'EnhancedFamily'.
          final largeFamily = EnhancedFamily(
                              ^^^^^^^^^^^^^^
  test/services/firebase_family_service_test.dart:69:31: Error: The argument type 'Null' can't be assigned to the parameter type 'Map<String, dynamic>' because 'Map<String, dynamic>' is not nullable.
   - 'Map' is from 'dart:core'.
          when(mockDocument.set(any)).thenAnswer((_) async => {});
                                ^
  test/services/firebase_family_service_test.dart:72:56: Error: Too few positional arguments: 2 required, 1 given.
          final result = await familyService.createFamily(family);
                                                         ^
  test/services/firebase_family_service_test.dart:78:33: Error: The argument type 'Null' can't be assigned to the parameter type 'Map<String, dynamic>' because 'Map<String, dynamic>' is not nullable.
   - 'Map' is from 'dart:core'.
          verify(mockDocument.set(any)).called(1);
                                  ^
  test/services/firebase_family_service_test.dart:117:54: Error: Too few positional arguments: 2 required, 1 given.
          expect(() async => familyService.createFamily(invalidFamily),
                                                       ^
  test/services/firebase_family_service_test.dart:136:50: Error: A value of type 'MockDocumentSnapshot' can't be assigned to a variable of type 'QueryDocumentSnapshot<Map<String, dynamic>>'.
   - 'MockDocumentSnapshot' is from 'test/services/firebase_family_service_test.dart'.
   - 'QueryDocumentSnapshot' is from 'package:cloud_firestore/cloud_firestore.dart' ('../../../../../.pub-cache/hosted/pub.dev/cloud_firestore-5.6.7/lib/cloud_firestore.dart').
   - 'Map' is from 'dart:core'.
          when(mockQuerySnapshot.docs).thenReturn([mockDocSnapshot]);
                                                   ^
  test/services/firebase_family_service_test.dart:150:34: Error: The argument type 'Null' can't be assigned to the parameter type 'Map<Object, Object?>' because 'Map<Object, Object?>' is not nullable.
   - 'Map' is from 'dart:core'.
   - 'Object' is from 'dart:core'.
          when(mockDocument.update(any)).thenAnswer((_) async => {});
                                   ^
  test/services/firebase_family_service_test.dart:152:44: Error: The method 'joinFamilyWithInvite' isn't defined for the class 'FirebaseFamilyService'.
   - 'FirebaseFamilyService' is from 'package:waste_segregation_app/services/firebase_family_service.dart' ('lib/services/firebase_family_service.dart').
  Try correcting the name to the name of an existing method, or defining a method named 'joinFamilyWithInvite'.
          final result = await familyService.joinFamilyWithInvite('VALID123', user);
                                             ^^^^^^^^^^^^^^^^^^^^
  test/services/firebase_family_service_test.dart:155:36: Error: The argument type 'Null' can't be assigned to the parameter type 'Map<Object, Object?>' because 'Map<Object, Object?>' is not nullable.
   - 'Map' is from 'dart:core'.
   - 'Object' is from 'dart:core'.
          verify(mockDocument.update(any)).called(1);
                                     ^
  test/services/firebase_family_service_test.dart:172:42: Error: The method 'joinFamilyWithInvite' isn't defined for the class 'FirebaseFamilyService'.
   - 'FirebaseFamilyService' is from 'package:waste_segregation_app/services/firebase_family_service.dart' ('lib/services/firebase_family_service.dart').
  Try correcting the name to the name of an existing method, or defining a method named 'joinFamilyWithInvite'.
          expect(() async => familyService.joinFamilyWithInvite('INVALID', user),
                                           ^^^^^^^^^^^^^^^^^^^^
  test/services/firebase_family_service_test.dart:177:34: Error: The argument type 'Null' can't be assigned to the parameter type 'Map<Object, Object?>' because 'Map<Object, Object?>' is not nullable.
   - 'Map' is from 'dart:core'.
   - 'Object' is from 'dart:core'.
          when(mockDocument.update(any)).thenAnswer((_) async => {});
                                   ^
  test/services/firebase_family_service_test.dart:179:29: Error: The method 'removeFamilyMember' isn't defined for the class 'FirebaseFamilyService'.
   - 'FirebaseFamilyService' is from 'package:waste_segregation_app/services/firebase_family_service.dart' ('lib/services/firebase_family_service.dart').
  Try correcting the name to the name of an existing method, or defining a method named 'removeFamilyMember'.
          await familyService.removeFamilyMember('family_123', 'user_456');
                              ^^^^^^^^^^^^^^^^^^
  test/services/firebase_family_service_test.dart:181:36: Error: The argument type 'Null' can't be assigned to the parameter type 'Map<Object, Object?>' because 'Map<Object, Object?>' is not nullable.
   - 'Map' is from 'dart:core'.
   - 'Object' is from 'dart:core'.
          verify(mockDocument.update(any)).called(1);
                                     ^
  test/services/firebase_family_service_test.dart:185:34: Error: The argument type 'Null' can't be assigned to the parameter type 'Map<Object, Object?>' because 'Map<Object, Object?>' is not nullable.
   - 'Map' is from 'dart:core'.
   - 'Object' is from 'dart:core'.
          when(mockDocument.update(any)).thenAnswer((_) async => {});
                                   ^
  test/services/firebase_family_service_test.dart:193:36: Error: The argument type 'Null' can't be assigned to the parameter type 'Map<Object, Object?>' because 'Map<Object, Object?>' is not nullable.
   - 'Map' is from 'dart:core'.
   - 'Object' is from 'dart:core'.
          verify(mockDocument.update(any)).called(1);
                                     ^
  test/services/firebase_family_service_test.dart:216:34: Error: The argument type 'Null' can't be assigned to the parameter type 'Map<Object, Object?>' because 'Map<Object, Object?>' is not nullable.
   - 'Map' is from 'dart:core'.
   - 'Object' is from 'dart:core'.
          when(mockDocument.update(any)).thenAnswer((_) async => {});
                                   ^
  test/services/firebase_family_service_test.dart:218:29: Error: The method 'syncClassificationToFamily' isn't defined for the class 'FirebaseFamilyService'.
   - 'FirebaseFamilyService' is from 'package:waste_segregation_app/services/firebase_family_service.dart' ('lib/services/firebase_family_service.dart').
  Try correcting the name to the name of an existing method, or defining a method named 'syncClassificationToFamily'.
          await familyService.syncClassificationToFamily('family_123', classification);
                              ^^^^^^^^^^^^^^^^^^^^^^^^^^
  test/services/firebase_family_service_test.dart:220:36: Error: The argument type 'Null' can't be assigned to the parameter type 'Map<Object, Object?>' because 'Map<Object, Object?>' is not nullable.
   - 'Map' is from 'dart:core'.
   - 'Object' is from 'dart:core'.
          verify(mockDocument.update(any)).called(1);
                                     ^
  test/services/firebase_family_service_test.dart:225:11: Error: A value of type 'MockDocumentReference' can't be assigned to a variable of type 'DocumentSnapshot<Map<String, dynamic>>'.
   - 'MockDocumentReference' is from 'test/services/firebase_family_service_test.dart'.
   - 'DocumentSnapshot' is from 'package:cloud_firestore/cloud_firestore.dart' ('../../../../../.pub-cache/hosted/pub.dev/cloud_firestore-5.6.7/lib/cloud_firestore.dart').
   - 'Map' is from 'dart:core'.
            mockDocument,
            ^
  test/services/firebase_family_service_test.dart:229:27: Error: The getter 'exists' isn't defined for the class 'MockDocumentReference'.
   - 'MockDocumentReference' is from 'test/services/firebase_family_service_test.dart'.
  Try correcting the name to the name of an existing getter, or defining a getter or field named 'exists'.
          when(mockDocument.exists).thenReturn(true);
                            ^^^^^^
  test/services/firebase_family_service_test.dart:230:27: Error: The method 'data' isn't defined for the class 'MockDocumentReference'.
   - 'MockDocumentReference' is from 'test/services/firebase_family_service_test.dart'.
  Try correcting the name to the name of an existing method, or defining a method named 'data'.
          when(mockDocument.data()).thenReturn({
                            ^^^^
  test/services/firebase_family_service_test.dart:253:29: Error: The method 'batchUpdateFamilyStats' isn't defined for the class 'FirebaseFamilyService'.
   - 'FirebaseFamilyService' is from 'package:waste_segregation_app/services/firebase_family_service.dart' ('lib/services/firebase_family_service.dart').
  Try correcting the name to the name of an existing method, or defining a method named 'batchUpdateFamilyStats'.
          await familyService.batchUpdateFamilyStats('family_123', updates);
                              ^^^^^^^^^^^^^^^^^^^^^^
  test/services/firebase_family_service_test.dart:353:42: Error: The method 'getFamilyActivityFeed' isn't defined for the class 'FirebaseFamilyService'.
   - 'FirebaseFamilyService' is from 'package:waste_segregation_app/services/firebase_family_service.dart' ('lib/services/firebase_family_service.dart').
  Try correcting the name to the name of an existing method, or defining a method named 'getFamilyActivityFeed'.
          final feed = await familyService.getFamilyActivityFeed('family_123');
                                           ^^^^^^^^^^^^^^^^^^^^^
  test/services/firebase_family_service_test.dart:446:31: Error: The argument type 'Null' can't be assigned to the parameter type 'Map<String, dynamic>' because 'Map<String, dynamic>' is not nullable.
   - 'Map' is from 'dart:core'.
          when(mockDocument.set(any)).thenThrow(FirebaseException(
                                ^
  test/services/firebase_family_service_test.dart:477:54: Error: Too few positional arguments: 2 required, 1 given.
          expect(() async => familyService.createFamily(family),
                                                       ^
  test/services/firebase_family_service_test.dart:484:42: Error: The method 'getFamilyById' isn't defined for the class 'FirebaseFamilyService'.
   - 'FirebaseFamilyService' is from 'package:waste_segregation_app/services/firebase_family_service.dart' ('lib/services/firebase_family_service.dart').
  Try correcting the name to the name of an existing method, or defining a method named 'getFamilyById'.
          expect(() async => familyService.getFamilyById('family_123'),
                                           ^^^^^^^^^^^^^
  test/services/firebase_family_service_test.dart:520:58: Error: A value of type 'MockDocumentReference' can't be returned from an async function with return type 'Future<DocumentSnapshot<Map<String, dynamic>>>'.
   - 'MockDocumentReference' is from 'test/services/firebase_family_service_test.dart'.
   - 'Future' is from 'dart:async'.
   - 'DocumentSnapshot' is from 'package:cloud_firestore/cloud_firestore.dart' ('../../../../../.pub-cache/hosted/pub.dev/cloud_firestore-5.6.7/lib/cloud_firestore.dart').
   - 'Map' is from 'dart:core'.
          when(mockDocument.get()).thenAnswer((_) async => mockDocument);
                                                           ^
  test/services/firebase_family_service_test.dart:521:27: Error: The getter 'exists' isn't defined for the class 'MockDocumentReference'.
   - 'MockDocumentReference' is from 'test/services/firebase_family_service_test.dart'.
  Try correcting the name to the name of an existing getter, or defining a getter or field named 'exists'.
          when(mockDocument.exists).thenReturn(true);
                            ^^^^^^
  test/services/firebase_family_service_test.dart:522:27: Error: The method 'data' isn't defined for the class 'MockDocumentReference'.
   - 'MockDocumentReference' is from 'test/services/firebase_family_service_test.dart'.
  Try correcting the name to the name of an existing method, or defining a method named 'data'.
          when(mockDocument.data()).thenReturn({
                            ^^^^
  test/services/firebase_family_service_test.dart:529:29: Error: The method 'getFamilyById' isn't defined for the class 'FirebaseFamilyService'.
   - 'FirebaseFamilyService' is from 'package:waste_segregation_app/services/firebase_family_service.dart' ('lib/services/firebase_family_service.dart').
  Try correcting the name to the name of an existing method, or defining a method named 'getFamilyById'.
          await familyService.getFamilyById('family_123');
                              ^^^^^^^^^^^^^
  test/services/firebase_family_service_test.dart:533:29: Error: The method 'getFamilyById' isn't defined for the class 'FirebaseFamilyService'.
   - 'FirebaseFamilyService' is from 'package:waste_segregation_app/services/firebase_family_service.dart' ('lib/services/firebase_family_service.dart').
  Try correcting the name to the name of an existing method, or defining a method named 'getFamilyById'.
          await familyService.getFamilyById('family_123');
                              ^^^^^^^^^^^^^
  test/services/firebase_family_service_test.dart:590:41: Error: 'EnhancedFamily' isn't a type.
    bool canUserViewFamily(String userId, EnhancedFamily family) {
                                          ^^^^^^^^^^^^^^
  test/services/firebase_family_service_test.dart:595:41: Error: 'EnhancedFamily' isn't a type.
    bool canUserJoinFamily(String userId, EnhancedFamily family) {
                                          ^^^^^^^^^^^^^^
  test/services/firebase_family_service_test.dart:599:69: Error: 'EnhancedFamily' isn't a type.
    bool canUserRemoveMember(String requesterId, String targetUserId, EnhancedFamily family) {
                                                                      ^^^^^^^^^^^^^^
  test/services/firebase_family_service_test.dart:604:30: Error: The getter 'FamilyRole' isn't defined for the class 'FirebaseFamilyService'.
   - 'FirebaseFamilyService' is from 'package:waste_segregation_app/services/firebase_family_service.dart' ('lib/services/firebase_family_service.dart').
  Try correcting the name to the name of an existing getter, or defining a getter or field named 'FamilyRole'.
      return requester.role == FamilyRole.admin && requesterId != targetUserId;
                               ^^^^^^^^^^
  test/services/firebase_family_service_test.dart:607:42: Error: 'EnhancedFamily' isn't a type.
    bool canUserLeaveFamily(String userId, EnhancedFamily family) {
                                           ^^^^^^^^^^^^^^
  test/services/firebase_family_service_test.dart:611:46: Error: 'EnhancedFamily' isn't a type.
    FamilyStatistics calculateFamilyStatistics(EnhancedFamily family) {
                                               ^^^^^^^^^^^^^^
  test/services/firebase_family_service_test.dart:615:27: Error: 'EnhancedFamily' isn't a type.
    bool validateFamilyData(EnhancedFamily family) {
                            ^^^^^^^^^^^^^^
  test/services/firebase_family_service_test.dart:623:42: Error: 'EnhancedFamily' isn't a type.
    List<FamilyMember> getPaginatedMembers(EnhancedFamily family, {required int page, required int pageSize}) {
                                           ^^^^^^^^^^^^^^
  .
00:37 +226 -54: loading /Users/pranay/Projects/LLM/image/waste_seg/waste_segregation_app/test/integration/full_workflow_integration_test.dart [E]
  Error: the Dart compiler exited unexpectedly.
  package:flutter_tools/src/base/common.dart 34:3  throwToolExit
  package:flutter_tools/src/compile.dart 895:11    DefaultResidentCompiler._compile.<fn>
  dart:async/zone.dart 1538:47                     _rootRunUnary
  dart:async/future_impl.dart 932:45               Future._propagateToListeners.handleValueCallback
  dart:async/future_impl.dart 961:13               Future._propagateToListeners
  dart:async/future_impl.dart 846:9                Future._propagateToListeners
  dart:async/future_impl.dart 712:5                Future._completeWithValue
  dart:async/future_impl.dart 792:7                Future._asyncCompleteWithValue.<fn>
  dart:async/zone.dart 1525:13                     _rootRun
  dart:async/zone.dart 1422:19                     _CustomZone.run
  dart:async/zone.dart 1321:7                      _CustomZone.runGuarded
  dart:async/zone.dart 1362:23                     _CustomZone.bindCallbackGuarded.<fn>
  dart:async/schedule_microtask.dart 40:21         _microtaskLoop
  dart:async/schedule_microtask.dart 49:5          _startMicrotaskLoop
  dart:isolate-patch/isolate_patch.dart 128:13     _runPendingImmediateCallback
  dart:isolate-patch/isolate_patch.dart 195:5      _RawReceivePort._handleMessage
  
00:37 +226 -54: /Users/pranay/Projects/LLM/image/waste_seg/waste_segregation_app/test/services/ai_service_test.dart: AiService (setUpAll)
✅ Test Hive initialized in memory
00:37 +226 -54: /Users/pranay/Projects/LLM/image/waste_seg/waste_segregation_app/test/services/ai_service_test.dart: AiService Image Classification should handle empty image gracefully
Shell: Error preprocessing image: RangeError (length): Invalid value: Valid value range is empty: 0
Shell: Error in perceptual hash calculation: RangeError (length): Invalid value: Valid value range is empty: 0
Generated perceptual hash for web image: error_hash_1749035259184
Classification cache initialized with 0 entries
Cache miss for image hash: error_hash_1749035259184
Current cache size: 0 entries
Cache miss for web image hash: error_hash_1749035259184 - will call API and save result
Original image size: 0 bytes (0.00 MB)
✅ Image size acceptable for OpenAI
🔄 Making OpenAI API request...
🔄 Model: gpt-4.1-nano
🔄 Image size: 0 bytes
🔄 MIME type: image/jpeg
🔄 Base64 size: 0 characters
00:37 +226 -55: /Users/pranay/Projects/LLM/image/waste_seg/waste_segregation_app/test/services/ai_service_test.dart: AiService Image Classification should handle empty image gracefully
00:37 +226 -55: /Users/pranay/Projects/LLM/image/waste_seg/waste_segregation_app/test/services/gamification_service_test.dart: (setUpAll) [E]
  MissingPluginException(No implementation found for method getApplicationDocumentsDirectory on channel plugins.flutter.io/path_provider)
  package:flutter/src/services/platform_channel.dart 368:7  MethodChannel._invokeMethod
  
00:37 +226 -55: /Users/pranay/Projects/LLM/image/waste_seg/waste_segregation_app/test/services/ai_service_test.dart: AiService Image Classification should handle empty image gracefully
❌ OpenAI API Error - Status: 401
❌ Response Headers: {connection: keep-alive, set-cookie: __cf_bm=9TOlZYGl7LNLN_ejHd0Nci3JSjfG00qgRBw62hbL1Fg-1749035259-1.0.1.1-O_CqEzBJLbqWycRQ5b04WrEzspoz4zTMJpiYluiqU0O_axG3K2ULakHt7r84YrmXudifO41.AlWqINypfVkFQ9R9q8fJKVkPDngvifqnO_I; path=/; expires=Wed, 04-Jun-25 11:37:39 GMT; domain=.api.openai.com; HttpOnly; Secure; SameSite=None,_cfuvid=XkQwrojrh8OY4tXUGn3IVC.pcpGitgxwhXsORmkCy7A-1749035259603-0.0.1.1-604800000; path=/; domain=.api.openai.com; HttpOnly; Secure; SameSite=None, date: Wed, 04 Jun 2025 11:07:39 GMT, vary: Origin, strict-transport-security: max-age=31536000; includeSubDomains; preload, cf-cache-status: DYNAMIC, content-type: application/json; charset=utf-8, server: cloudflare, x-request-id: req_a7863b8998f754890019d4d923be568c, alt-svc: h3=":443"; ma=86400, content-length: 274, cf-ray: 94a6f7c30931c1c2-BLR, x-content-type-options: nosniff}
❌ Response Body: {
    "error": {
        "message": "Incorrect API key provided: your-ope************here. You can find your API key at https://platform.openai.com/account/api-keys.",
        "type": "invalid_request_error",
        "param": null,
        "code": "invalid_api_key"
    }
}

❌ OpenAI Error Type: invalid_request_error
❌ OpenAI Error Message: Incorrect API key provided: your-ope************here. You can find your API key at https://platform.openai.com/account/api-keys.
❌ OpenAI Error Code: invalid_api_key
OpenAI analysis failed: Exception: OpenAI Unauthorized - Check API key: {
    "error": {
        "message": "Incorrect API key provided: your-ope************here. You can find your API key at https://platform.openai.com/account/api-keys.",
        "type": "invalid_request_error",
        "param": null,
        "code": "invalid_api_key"
    }
}

00:38 +226 -56: loading /Users/pranay/Projects/LLM/image/waste_seg/waste_segregation_app/test/services/ad_service_test.dart [E]
  Failed to load "/Users/pranay/Projects/LLM/image/waste_seg/waste_segregation_app/test/services/ad_service_test.dart":
  Compilation failed for testPath=/Users/pranay/Projects/LLM/image/waste_seg/waste_segregation_app/test/services/ad_service_test.dart: test/services/ad_service_test.dart:369:15: Error: Undefined name 'tester'.
          await tester.pumpWidget(
                ^^^^^^
  .
00:38 +226 -56: loading /Users/pranay/Projects/LLM/image/waste_seg/waste_segregation_app/test/integration/full_workflow_integration_test.dart [E]
  Error: the Dart compiler exited unexpectedly.
  package:flutter_tools/src/base/common.dart 34:3  throwToolExit
  package:flutter_tools/src/compile.dart 895:11    DefaultResidentCompiler._compile.<fn>
  dart:async/zone.dart 1538:47                     _rootRunUnary
  dart:async/future_impl.dart 932:45               Future._propagateToListeners.handleValueCallback
  dart:async/future_impl.dart 961:13               Future._propagateToListeners
  dart:async/future_impl.dart 846:9                Future._propagateToListeners
  dart:async/future_impl.dart 712:5                Future._completeWithValue
  dart:async/future_impl.dart 792:7                Future._asyncCompleteWithValue.<fn>
  dart:async/zone.dart 1525:13                     _rootRun
  dart:async/zone.dart 1422:19                     _CustomZone.run
  dart:async/zone.dart 1321:7                      _CustomZone.runGuarded
  dart:async/zone.dart 1362:23                     _CustomZone.bindCallbackGuarded.<fn>
  dart:async/schedule_microtask.dart 40:21         _microtaskLoop
  dart:async/schedule_microtask.dart 49:5          _startMicrotaskLoop
  dart:isolate-patch/isolate_patch.dart 128:13     _runPendingImmediateCallback
  dart:isolate-patch/isolate_patch.dart 195:5      _RawReceivePort._handleMessage
  
Shell: Error preprocessing image: RangeError (length): Invalid value: Valid value range is empty: 0
Shell: Error in perceptual hash calculation: RangeError (length): Invalid value: Valid value range is empty: 0
00:38 +226 -56: /Users/pranay/Projects/LLM/image/waste_seg/waste_segregation_app/test/services/ai_service_test.dart: AiService Image Classification should handle empty image gracefully
Generated perceptual hash for web image: error_hash_1749035260070
Cache miss for image hash: error_hash_1749035260070
Current cache size: 0 entries
Cache miss for web image hash: error_hash_1749035260070 - will call API and save result
Original image size: 0 bytes (0.00 MB)
✅ Image size acceptable for OpenAI
🔄 Making OpenAI API request...
🔄 Model: gpt-4.1-nano
🔄 Image size: 0 bytes
🔄 MIME type: image/jpeg
🔄 Base64 size: 0 characters
❌ OpenAI API Error - Status: 401
❌ Response Headers: {connection: keep-alive, set-cookie: __cf_bm=w3TeossfJOH8LQwX42JJa4vwwGdLBTeh8vGdrLeeQgA-1749035260-1.0.1.1-cfZ7e8ibMCFvNIRqe_9SlArcjFg4JTJGvwxso78f92Y8qedMQLbNNcEYt8gTQSQaaMfq7ZX4BfHkojRfGWLj_fp18K6d6XLQqP_uMn7dLuY; path=/; expires=Wed, 04-Jun-25 11:37:40 GMT; domain=.api.openai.com; HttpOnly; Secure; SameSite=None,_cfuvid=VesKB.91EnJHmEMrLsWwznDYRSkf2hKk4iRr7ApPWDU-1749035260419-0.0.1.1-604800000; path=/; domain=.api.openai.com; HttpOnly; Secure; SameSite=None, date: Wed, 04 Jun 2025 11:07:40 GMT, vary: Origin, strict-transport-security: max-age=31536000; includeSubDomains; preload, cf-cache-status: DYNAMIC, content-type: application/json; charset=utf-8, server: cloudflare, x-request-id: req_661d44915e7e743815a542bff05acdbe, alt-svc: h3=":443"; ma=86400, content-length: 274, cf-ray: 94a6f7c81baac19a-BLR, x-content-type-options: nosniff}
❌ Response Body: {
    "error": {
        "message": "Incorrect API key provided: your-ope************here. You can find your API key at https://platform.openai.com/account/api-keys.",
        "type": "invalid_request_error",
        "param": null,
        "code": "invalid_api_key"
    }
}

❌ OpenAI Error Type: invalid_request_error
❌ OpenAI Error Message: Incorrect API key provided: your-ope************here. You can find your API key at https://platform.openai.com/account/api-keys.
❌ OpenAI Error Code: invalid_api_key
OpenAI analysis failed: Exception: OpenAI Unauthorized - Check API key: {
    "error": {
        "message": "Incorrect API key provided: your-ope************here. You can find your API key at https://platform.openai.com/account/api-keys.",
        "type": "invalid_request_error",
        "param": null,
        "code": "invalid_api_key"
    }
}

00:39 +226 -57: loading /Users/pranay/Projects/LLM/image/waste_seg/waste_segregation_app/test/services/analytics_service_test.dart [E]
  Failed to load "/Users/pranay/Projects/LLM/image/waste_seg/waste_segregation_app/test/services/analytics_service_test.dart":
  Compilation failed for testPath=/Users/pranay/Projects/LLM/image/waste_seg/waste_segregation_app/test/services/analytics_service_test.dart: test/services/analytics_service_test.dart:6:8: Error: Error when reading 'lib/models/analytics_event.dart': No such file or directory
  import 'package:waste_segregation_app/models/analytics_event.dart';
         ^
  test/services/analytics_service_test.dart:329:3: Error: Type 'AnalyticsEvent' not found.
    AnalyticsEvent? getLastTrackedEvent() {
    ^^^^^^^^^^^^^^
  test/services/analytics_service_test.dart:16:42: Error: Too few positional arguments: 1 required, 0 given.
        analyticsService = AnalyticsService();
                                           ^
  lib/services/analytics_service.dart:11:3: Context: Found this candidate, but the arguments don't match.
    AnalyticsService(this._storageService) {
    ^^^^^^^^^^^^^^^^
  test/services/analytics_service_test.dart:24:19: Error: Undefined name 'AnalyticsEventType'.
              type: AnalyticsEventType.appLaunch,
                    ^^^^^^^^^^^^^^^^^^
  test/services/analytics_service_test.dart:23:11: Error: Method not found: 'AnalyticsEvent'.
            AnalyticsEvent(
            ^^^^^^^^^^^^^^
  test/services/analytics_service_test.dart:49:17: Error: Undefined name 'AnalyticsEventType'.
            type: AnalyticsEventType.itemClassified,
                  ^^^^^^^^^^^^^^^^^^
  test/services/analytics_service_test.dart:48:23: Error: Method not found: 'AnalyticsEvent'.
          final event = AnalyticsEvent(
                        ^^^^^^^^^^^^^^
  test/services/analytics_service_test.dart:62:17: Error: Undefined name 'AnalyticsEventType'.
            type: AnalyticsEventType.userAction,
                  ^^^^^^^^^^^^^^^^^^
  test/services/analytics_service_test.dart:61:52: Error: Method not found: 'AnalyticsEvent'.
          final events = List.generate(5, (index) => AnalyticsEvent(
                                                     ^^^^^^^^^^^^^^
  test/services/analytics_service_test.dart:71:17: Error: Undefined name 'AnalyticsEventType'.
            type: AnalyticsEventType.userAction,
                  ^^^^^^^^^^^^^^^^^^
  test/services/analytics_service_test.dart:70:23: Error: Method not found: 'AnalyticsEvent'.
          final event = AnalyticsEvent(
                        ^^^^^^^^^^^^^^
  test/services/analytics_service_test.dart:90:17: Error: Undefined name 'AnalyticsEventType'.
            type: AnalyticsEventType.personalData,
                  ^^^^^^^^^^^^^^^^^^
  test/services/analytics_service_test.dart:89:23: Error: Method not found: 'AnalyticsEvent'.
          final event = AnalyticsEvent(
                        ^^^^^^^^^^^^^^
  test/services/analytics_service_test.dart:190:17: Error: Undefined name 'AnalyticsEventType'.
            type: AnalyticsEventType.userAction,
                  ^^^^^^^^^^^^^^^^^^
  test/services/analytics_service_test.dart:189:23: Error: Method not found: 'AnalyticsEvent'.
          final event = AnalyticsEvent(
                        ^^^^^^^^^^^^^^
  test/services/analytics_service_test.dart:202:17: Error: Undefined name 'AnalyticsEventType'.
            type: AnalyticsEventType.userAction,
                  ^^^^^^^^^^^^^^^^^^
  test/services/analytics_service_test.dart:201:30: Error: Method not found: 'AnalyticsEvent'.
          final invalidEvent = AnalyticsEvent(
                               ^^^^^^^^^^^^^^
  test/services/analytics_service_test.dart:217:17: Error: Undefined name 'AnalyticsEventType'.
            type: AnalyticsEventType.userAction,
                  ^^^^^^^^^^^^^^^^^^
  test/services/analytics_service_test.dart:216:23: Error: Method not found: 'AnalyticsEvent'.
          final event = AnalyticsEvent(
                        ^^^^^^^^^^^^^^
  test/services/analytics_service_test.dart:230:19: Error: Undefined name 'AnalyticsEventType'.
              type: AnalyticsEventType.userAction,
                    ^^^^^^^^^^^^^^^^^^
  test/services/analytics_service_test.dart:229:11: Error: Method not found: 'AnalyticsEvent'.
            AnalyticsEvent(
            ^^^^^^^^^^^^^^
  test/services/analytics_service_test.dart:246:19: Error: Undefined name 'AnalyticsEventType'.
              type: AnalyticsEventType.userAction,
                    ^^^^^^^^^^^^^^^^^^
  test/services/analytics_service_test.dart:245:11: Error: Method not found: 'AnalyticsEvent'.
            AnalyticsEvent(
            ^^^^^^^^^^^^^^
  test/services/analytics_service_test.dart:252:19: Error: Undefined name 'AnalyticsEventType'.
              type: AnalyticsEventType.userAction,
                    ^^^^^^^^^^^^^^^^^^
  test/services/analytics_service_test.dart:251:11: Error: Method not found: 'AnalyticsEvent'.
            AnalyticsEvent(
            ^^^^^^^^^^^^^^
  test/services/analytics_service_test.dart:267:17: Error: Undefined name 'AnalyticsEventType'.
            type: AnalyticsEventType.userAction,
                  ^^^^^^^^^^^^^^^^^^
  test/services/analytics_service_test.dart:266:23: Error: Method not found: 'AnalyticsEvent'.
          final event = AnalyticsEvent(
                        ^^^^^^^^^^^^^^
  test/services/analytics_service_test.dart:277:17: Error: Undefined name 'AnalyticsEventType'.
            type: AnalyticsEventType.userAction,
                  ^^^^^^^^^^^^^^^^^^
  test/services/analytics_service_test.dart:276:32: Error: Method not found: 'AnalyticsEvent'.
          final oversizedEvent = AnalyticsEvent(
                                 ^^^^^^^^^^^^^^
  test/services/analytics_service_test.dart:22:55: Error: Too many positional arguments: 0 allowed, but 1 found.
  Try removing the extra positional arguments.
          expect(() async => analyticsService.trackEvent(
                                                        ^
  test/services/analytics_service_test.dart:57:55: Error: Too many positional arguments: 0 allowed, but 1 found.
  Try removing the extra positional arguments.
          expect(() async => analyticsService.trackEvent(event), returnsNormally);
                                                        ^
  test/services/analytics_service_test.dart:66:45: Error: The method 'trackBatchEvents' isn't defined for the class 'AnalyticsService'.
   - 'AnalyticsService' is from 'package:waste_segregation_app/services/analytics_service.dart' ('lib/services/analytics_service.dart').
  Try correcting the name to the name of an existing method, or defining a method named 'trackBatchEvents'.
          expect(() async => analyticsService.trackBatchEvents(events), returnsNormally);
                                              ^^^^^^^^^^^^^^^^
  test/services/analytics_service_test.dart:76:26: Error: The method 'setOfflineMode' isn't defined for the class 'AnalyticsService'.
   - 'AnalyticsService' is from 'package:waste_segregation_app/services/analytics_service.dart' ('lib/services/analytics_service.dart').
  Try correcting the name to the name of an existing method, or defining a method named 'setOfflineMode'.
          analyticsService.setOfflineMode(true);
                           ^^^^^^^^^^^^^^
  test/services/analytics_service_test.dart:77:42: Error: Too many positional arguments: 0 allowed, but 1 found.
  Try removing the extra positional arguments.
          await analyticsService.trackEvent(event);
                                           ^
  test/services/analytics_service_test.dart:82:26: Error: The method 'setOfflineMode' isn't defined for the class 'AnalyticsService'.
   - 'AnalyticsService' is from 'package:waste_segregation_app/services/analytics_service.dart' ('lib/services/analytics_service.dart').
  Try correcting the name to the name of an existing method, or defining a method named 'setOfflineMode'.
          analyticsService.setOfflineMode(false);
                           ^^^^^^^^^^^^^^
  test/services/analytics_service_test.dart:83:32: Error: The method 'syncQueuedEvents' isn't defined for the class 'AnalyticsService'.
   - 'AnalyticsService' is from 'package:waste_segregation_app/services/analytics_service.dart' ('lib/services/analytics_service.dart').
  Try correcting the name to the name of an existing method, or defining a method named 'syncQueuedEvents'.
          await analyticsService.syncQueuedEvents();
                                 ^^^^^^^^^^^^^^^^
  test/services/analytics_service_test.dart:95:26: Error: The method 'setPrivacyMode' isn't defined for the class 'AnalyticsService'.
   - 'AnalyticsService' is from 'package:waste_segregation_app/services/analytics_service.dart' ('lib/services/analytics_service.dart').
  Try correcting the name to the name of an existing method, or defining a method named 'setPrivacyMode'.
          analyticsService.setPrivacyMode(true);
                           ^^^^^^^^^^^^^^
  test/services/analytics_service_test.dart:96:42: Error: Too many positional arguments: 0 allowed, but 1 found.
  Try removing the extra positional arguments.
          await analyticsService.trackEvent(event);
                                           ^
  test/services/analytics_service_test.dart:102:26: Error: The method 'setPrivacyMode' isn't defined for the class 'AnalyticsService'.
   - 'AnalyticsService' is from 'package:waste_segregation_app/services/analytics_service.dart' ('lib/services/analytics_service.dart').
  Try correcting the name to the name of an existing method, or defining a method named 'setPrivacyMode'.
          analyticsService.setPrivacyMode(false);
                           ^^^^^^^^^^^^^^
  test/services/analytics_service_test.dart:103:42: Error: Too many positional arguments: 0 allowed, but 1 found.
  Try removing the extra positional arguments.
          await analyticsService.trackEvent(event);
                                           ^
  test/services/analytics_service_test.dart:111:26: Error: The method 'startSession' isn't defined for the class 'AnalyticsService'.
   - 'AnalyticsService' is from 'package:waste_segregation_app/services/analytics_service.dart' ('lib/services/analytics_service.dart').
  Try correcting the name to the name of an existing method, or defining a method named 'startSession'.
          analyticsService.startSession();
                           ^^^^^^^^^^^^
  test/services/analytics_service_test.dart:113:26: Error: The method 'endSession' isn't defined for the class 'AnalyticsService'.
   - 'AnalyticsService' is from 'package:waste_segregation_app/services/analytics_service.dart' ('lib/services/analytics_service.dart').
  Try correcting the name to the name of an existing method, or defining a method named 'endSession'.
          analyticsService.endSession();
                           ^^^^^^^^^^
  test/services/analytics_service_test.dart:120:32: Error: The method 'trackFeatureUsage' isn't defined for the class 'AnalyticsService'.
   - 'AnalyticsService' is from 'package:waste_segregation_app/services/analytics_service.dart' ('lib/services/analytics_service.dart').
  Try correcting the name to the name of an existing method, or defining a method named 'trackFeatureUsage'.
          await analyticsService.trackFeatureUsage('camera_capture');
                                 ^^^^^^^^^^^^^^^^^
  test/services/analytics_service_test.dart:121:32: Error: The method 'trackFeatureUsage' isn't defined for the class 'AnalyticsService'.
   - 'AnalyticsService' is from 'package:waste_segregation_app/services/analytics_service.dart' ('lib/services/analytics_service.dart').
  Try correcting the name to the name of an existing method, or defining a method named 'trackFeatureUsage'.
          await analyticsService.trackFeatureUsage('gallery_upload');
                                 ^^^^^^^^^^^^^^^^^
  test/services/analytics_service_test.dart:122:32: Error: The method 'trackFeatureUsage' isn't defined for the class 'AnalyticsService'.
   - 'AnalyticsService' is from 'package:waste_segregation_app/services/analytics_service.dart' ('lib/services/analytics_service.dart').
  Try correcting the name to the name of an existing method, or defining a method named 'trackFeatureUsage'.
          await analyticsService.trackFeatureUsage('camera_capture'); // Second time
                                 ^^^^^^^^^^^^^^^^^
  test/services/analytics_service_test.dart:137:32: Error: The method 'trackUserRetention' isn't defined for the class 'AnalyticsService'.
   - 'AnalyticsService' is from 'package:waste_segregation_app/services/analytics_service.dart' ('lib/services/analytics_service.dart').
  Try correcting the name to the name of an existing method, or defining a method named 'trackUserRetention'.
          await analyticsService.trackUserRetention(user);
                                 ^^^^^^^^^^^^^^^^^^
  test/services/analytics_service_test.dart:153:32: Error: The method 'trackPerformanceMetrics' isn't defined for the class 'AnalyticsService'.
   - 'AnalyticsService' is from 'package:waste_segregation_app/services/analytics_service.dart' ('lib/services/analytics_service.dart').
  Try correcting the name to the name of an existing method, or defining a method named 'trackPerformanceMetrics'.
          await analyticsService.trackPerformanceMetrics(metrics);
                                 ^^^^^^^^^^^^^^^^^^^^^^^
  test/services/analytics_service_test.dart:162:42: Error: Too many positional arguments: 0 allowed, but 2 found.
  Try removing the extra positional arguments.
          await analyticsService.trackError(error, 'test_context');
                                           ^
  test/services/analytics_service_test.dart:171:32: Error: The method 'trackNetworkRequest' isn't defined for the class 'AnalyticsService'.
   - 'AnalyticsService' is from 'package:waste_segregation_app/services/analytics_service.dart' ('lib/services/analytics_service.dart').
  Try correcting the name to the name of an existing method, or defining a method named 'trackNetworkRequest'.
          await analyticsService.trackNetworkRequest(
                                 ^^^^^^^^^^^^^^^^^^^
  test/services/analytics_service_test.dart:194:55: Error: Too many positional arguments: 0 allowed, but 1 found.
  Try removing the extra positional arguments.
          expect(() async => analyticsService.trackEvent(event), returnsNormally);
                                                        ^
  test/services/analytics_service_test.dart:206:55: Error: Too many positional arguments: 0 allowed, but 1 found.
  Try removing the extra positional arguments.
          expect(() async => analyticsService.trackEvent(invalidEvent), 
                                                        ^
  test/services/analytics_service_test.dart:221:55: Error: Too many positional arguments: 0 allowed, but 1 found.
  Try removing the extra positional arguments.
          expect(() async => analyticsService.trackEvent(event), returnsNormally);
                                                        ^
  test/services/analytics_service_test.dart:228:42: Error: Too many positional arguments: 0 allowed, but 1 found.
  Try removing the extra positional arguments.
          await analyticsService.trackEvent(
                                           ^
  test/services/analytics_service_test.dart:237:32: Error: The method 'clearAllAnalyticsData' isn't defined for the class 'AnalyticsService'.
   - 'AnalyticsService' is from 'package:waste_segregation_app/services/analytics_service.dart' ('lib/services/analytics_service.dart').
  Try correcting the name to the name of an existing method, or defining a method named 'clearAllAnalyticsData'.
          await analyticsService.clearAllAnalyticsData();
                                 ^^^^^^^^^^^^^^^^^^^^^
  test/services/analytics_service_test.dart:244:42: Error: Too many positional arguments: 0 allowed, but 1 found.
  Try removing the extra positional arguments.
          await analyticsService.trackEvent(
                                           ^
  test/services/analytics_service_test.dart:250:42: Error: Too many positional arguments: 0 allowed, but 1 found.
  Try removing the extra positional arguments.
          await analyticsService.trackEvent(
                                           ^
  test/services/analytics_service_test.dart:257:53: Error: The method 'exportAnalyticsData' isn't defined for the class 'AnalyticsService'.
   - 'AnalyticsService' is from 'package:waste_segregation_app/services/analytics_service.dart' ('lib/services/analytics_service.dart').
  Try correcting the name to the name of an existing method, or defining a method named 'exportAnalyticsData'.
          final exportedData = await analyticsService.exportAnalyticsData();
                                                      ^^^^^^^^^^^^^^^^^^^
  test/services/analytics_service_test.dart:273:55: Error: Too many positional arguments: 0 allowed, but 1 found.
  Try removing the extra positional arguments.
          expect(() async => analyticsService.trackEvent(event), returnsNormally);
                                                        ^
  test/services/analytics_service_test.dart:283:55: Error: Too many positional arguments: 0 allowed, but 1 found.
  Try removing the extra positional arguments.
          expect(() async => analyticsService.trackEvent(oversizedEvent), 
                                                        ^
  test/services/analytics_service_test.dart:290:26: Error: The method 'configure' isn't defined for the class 'AnalyticsService'.
   - 'AnalyticsService' is from 'package:waste_segregation_app/services/analytics_service.dart' ('lib/services/analytics_service.dart').
  Try correcting the name to the name of an existing method, or defining a method named 'configure'.
          analyticsService.configure(
                           ^^^^^^^^^
  test/services/analytics_service_test.dart:307:26: Error: The method 'updateSetting' isn't defined for the class 'AnalyticsService'.
   - 'AnalyticsService' is from 'package:waste_segregation_app/services/analytics_service.dart' ('lib/services/analytics_service.dart').
  Try correcting the name to the name of an existing method, or defining a method named 'updateSetting'.
          analyticsService.updateSetting('enableUserAnalytics', false);
                           ^^^^^^^^^^^^^
  test/services/analytics_service_test.dart:308:26: Error: The method 'updateSetting' isn't defined for the class 'AnalyticsService'.
   - 'AnalyticsService' is from 'package:waste_segregation_app/services/analytics_service.dart' ('lib/services/analytics_service.dart').
  Try correcting the name to the name of an existing method, or defining a method named 'updateSetting'.
          analyticsService.updateSetting('batchSize', 25);
                           ^^^^^^^^^^^^^
  .
00:39 +226 -57: loading /Users/pranay/Projects/LLM/image/waste_seg/waste_segregation_app/test/integration/full_workflow_integration_test.dart [E]
  Error: the Dart compiler exited unexpectedly.
  package:flutter_tools/src/base/common.dart 34:3  throwToolExit
  package:flutter_tools/src/compile.dart 895:11    DefaultResidentCompiler._compile.<fn>
  dart:async/zone.dart 1538:47                     _rootRunUnary
  dart:async/future_impl.dart 932:45               Future._propagateToListeners.handleValueCallback
  dart:async/future_impl.dart 961:13               Future._propagateToListeners
  dart:async/future_impl.dart 846:9                Future._propagateToListeners
  dart:async/future_impl.dart 712:5                Future._completeWithValue
  dart:async/future_impl.dart 792:7                Future._asyncCompleteWithValue.<fn>
  dart:async/zone.dart 1525:13                     _rootRun
  dart:async/zone.dart 1422:19                     _CustomZone.run
  dart:async/zone.dart 1321:7                      _CustomZone.runGuarded
  dart:async/zone.dart 1362:23                     _CustomZone.bindCallbackGuarded.<fn>
  dart:async/schedule_microtask.dart 40:21         _microtaskLoop
  dart:async/schedule_microtask.dart 49:5          _startMicrotaskLoop
  dart:isolate-patch/isolate_patch.dart 128:13     _runPendingImmediateCallback
  dart:isolate-patch/isolate_patch.dart 195:5      _RawReceivePort._handleMessage
  
00:39 +226 -57: /Users/pranay/Projects/LLM/image/waste_seg/waste_segregation_app/test/services/premium_service_test.dart: PremiumService Critical Tests (setUpAll)
✅ Test Hive initialized in memory
00:39 +226 -57: /Users/pranay/Projects/LLM/image/waste_seg/waste_segregation_app/test/services/ai_service_test.dart: AiService Image Classification should handle empty image gracefully
00:39 +226 -58: /Users/pranay/Projects/LLM/image/waste_seg/waste_segregation_app/test/services/ai_service_test.dart: AiService Image Classification should handle empty image gracefully
00:39 +226 -58: /Users/pranay/Projects/LLM/image/waste_seg/waste_segregation_app/test/services/premium_service_test.dart: PremiumService Critical Tests Initialization Tests should initialize successfully [E]
  Expected: true
    Actual: <false>
  
  package:matcher                                     expect
  package:flutter_test/src/widget_tester.dart 474:18  expect
  test/services/premium_service_test.dart 32:9        main.<fn>.<fn>.<fn>
  
00:39 +226 -59: /Users/pranay/Projects/LLM/image/waste_seg/waste_segregation_app/test/services/ai_service_test.dart: AiService Image Classification should handle empty image gracefully
00:39 +226 -59: /Users/pranay/Projects/LLM/image/waste_seg/waste_segregation_app/test/services/premium_service_test.dart: PremiumService Critical Tests Initialization Tests should not initialize twice [E]
  Expected: true
    Actual: <false>
  
  package:matcher                                     expect
  package:flutter_test/src/widget_tester.dart 474:18  expect
  test/services/premium_service_test.dart 44:9        main.<fn>.<fn>.<fn>
  
00:39 +227 -59: /Users/pranay/Projects/LLM/image/waste_seg/waste_segregation_app/test/services/ai_service_test.dart: AiService Image Classification should handle empty image gracefully
Shell: Error preprocessing image: RangeError (length): Invalid value: Valid value range is empty: 0
Shell: Error in perceptual hash calculation: RangeError (length): Invalid value: Valid value range is empty: 0
Generated perceptual hash for web image: error_hash_1749035261364
Cache miss for image hash: error_hash_1749035261364
Current cache size: 0 entries
Cache miss for web image hash: error_hash_1749035261364 - will call API and save result
Original image size: 0 bytes (0.00 MB)
✅ Image size acceptable for OpenAI
🔄 Making OpenAI API request...
🔄 Model: gpt-4.1-nano
🔄 Image size: 0 bytes
🔄 MIME type: image/jpeg
🔄 Base64 size: 0 characters
00:39 +228 -59: /Users/pranay/Projects/LLM/image/waste_seg/waste_segregation_app/test/services/ai_service_test.dart: AiService Image Classification should handle empty image gracefully
00:39 +229 -59: /Users/pranay/Projects/LLM/image/waste_seg/waste_segregation_app/test/services/ai_service_test.dart: AiService Image Classification should handle empty image gracefully
00:39 +229 -60: /Users/pranay/Projects/LLM/image/waste_seg/waste_segregation_app/test/services/ai_service_test.dart: AiService Image Classification should handle empty image gracefully
00:39 +229 -60: /Users/pranay/Projects/LLM/image/waste_seg/waste_segregation_app/test/services/premium_service_test.dart: PremiumService Critical Tests Premium Feature Management Tests should enable premium feature correctly [E]
  Expected: false
    Actual: <true>
  
  package:matcher                                     expect
  package:flutter_test/src/widget_tester.dart 474:18  expect
  test/services/premium_service_test.dart 89:9        main.<fn>.<fn>.<fn>
  
00:39 +230 -60: /Users/pranay/Projects/LLM/image/waste_seg/waste_segregation_app/test/services/ai_service_test.dart: AiService Image Classification should handle empty image gracefully
00:39 +231 -60: /Users/pranay/Projects/LLM/image/waste_seg/waste_segregation_app/test/services/ai_service_test.dart: AiService Image Classification should handle empty image gracefully
00:39 +232 -60: /Users/pranay/Projects/LLM/image/waste_seg/waste_segregation_app/test/services/ai_service_test.dart: AiService Image Classification should handle empty image gracefully
00:39 +233 -60: /Users/pranay/Projects/LLM/image/waste_seg/waste_segregation_app/test/services/ai_service_test.dart: AiService Image Classification should handle empty image gracefully
00:39 +234 -60: /Users/pranay/Projects/LLM/image/waste_seg/waste_segregation_app/test/services/ai_service_test.dart: AiService Image Classification should handle empty image gracefully
00:39 +235 -60: /Users/pranay/Projects/LLM/image/waste_seg/waste_segregation_app/test/services/ai_service_test.dart: AiService Image Classification should handle empty image gracefully
00:39 +236 -60: /Users/pranay/Projects/LLM/image/waste_seg/waste_segregation_app/test/services/ai_service_test.dart: AiService Image Classification should handle empty image gracefully
00:39 +237 -60: /Users/pranay/Projects/LLM/image/waste_seg/waste_segregation_app/test/services/ai_service_test.dart: AiService Image Classification should handle empty image gracefully
00:39 +237 -61: /Users/pranay/Projects/LLM/image/waste_seg/waste_segregation_app/test/services/ai_service_test.dart: AiService Image Classification should handle empty image gracefully
00:39 +237 -61: /Users/pranay/Projects/LLM/image/waste_seg/waste_segregation_app/test/services/premium_service_test.dart: PremiumService Critical Tests Revenue Critical Tests should handle remove_ads feature for revenue model [E]
  Expected: false
    Actual: <true>
  
  package:matcher                                     expect
  package:flutter_test/src/widget_tester.dart 474:18  expect
  test/services/premium_service_test.dart 213:9       main.<fn>.<fn>.<fn>
  
00:39 +238 -61: /Users/pranay/Projects/LLM/image/waste_seg/waste_segregation_app/test/services/ai_service_test.dart: AiService Image Classification should handle empty image gracefully
00:39 +239 -61: /Users/pranay/Projects/LLM/image/waste_seg/waste_segregation_app/test/services/ai_service_test.dart: AiService Image Classification should handle empty image gracefully
00:40 +240 -61: /Users/pranay/Projects/LLM/image/waste_seg/waste_segregation_app/test/services/ai_service_test.dart: AiService Image Classification should handle empty image gracefully
00:40 +241 -61: /Users/pranay/Projects/LLM/image/waste_seg/waste_segregation_app/test/services/ai_service_test.dart: AiService Image Classification should handle empty image gracefully
00:40 +242 -61: /Users/pranay/Projects/LLM/image/waste_seg/waste_segregation_app/test/services/ai_service_test.dart: AiService Image Classification should handle empty image gracefully
00:40 +243 -61: /Users/pranay/Projects/LLM/image/waste_seg/waste_segregation_app/test/services/ai_service_test.dart: AiService Image Classification should handle empty image gracefully
00:40 +244 -61: /Users/pranay/Projects/LLM/image/waste_seg/waste_segregation_app/test/services/ai_service_test.dart: AiService Image Classification should handle empty image gracefully
00:40 +244 -62: /Users/pranay/Projects/LLM/image/waste_seg/waste_segregation_app/test/services/ai_service_test.dart: AiService Image Classification should handle empty image gracefully
00:40 +244 -62: /Users/pranay/Projects/LLM/image/waste_seg/waste_segregation_app/test/services/premium_service_test.dart: PremiumService Critical Tests Error Handling Tests should handle invalid feature IDs gracefully [E]
  Expected: false
    Actual: <true>
  
  package:matcher                                     expect
  package:flutter_test/src/widget_tester.dart 474:18  expect
  test/services/premium_service_test.dart 327:9       main.<fn>.<fn>.<fn>
  
00:40 +244 -63: /Users/pranay/Projects/LLM/image/waste_seg/waste_segregation_app/test/services/ai_service_test.dart: AiService Image Classification should handle empty image gracefully
00:40 +244 -63: /Users/pranay/Projects/LLM/image/waste_seg/waste_segregation_app/test/services/premium_service_test.dart: PremiumService Critical Tests Error Handling Tests should handle operations before initialization [E]
  Expected: empty
    Actual: [Instance of 'PremiumFeature']
  
  package:matcher                                     expect
  package:flutter_test/src/widget_tester.dart 474:18  expect
  test/services/premium_service_test.dart 335:9       main.<fn>.<fn>.<fn>
  
00:40 +245 -63: /Users/pranay/Projects/LLM/image/waste_seg/waste_segregation_app/test/services/ai_service_test.dart: AiService Image Classification should handle empty image gracefully
00:40 +246 -63: /Users/pranay/Projects/LLM/image/waste_seg/waste_segregation_app/test/services/ai_service_test.dart: AiService Image Classification should handle empty image gracefully
00:40 +247 -63: /Users/pranay/Projects/LLM/image/waste_seg/waste_segregation_app/test/services/ai_service_test.dart: AiService Image Classification should handle empty image gracefully
00:40 +248 -63: /Users/pranay/Projects/LLM/image/waste_seg/waste_segregation_app/test/services/ai_service_test.dart: AiService Image Classification should handle empty image gracefully
00:40 +249 -63: /Users/pranay/Projects/LLM/image/waste_seg/waste_segregation_app/test/services/ai_service_test.dart: AiService Image Classification should handle empty image gracefully
00:40 +250 -63: /Users/pranay/Projects/LLM/image/waste_seg/waste_segregation_app/test/services/ai_service_test.dart: AiService Image Classification should handle empty image gracefully
00:40 +250 -64: /Users/pranay/Projects/LLM/image/waste_seg/waste_segregation_app/test/services/ai_service_test.dart: AiService Image Classification should handle empty image gracefully
00:40 +250 -64: /Users/pranay/Projects/LLM/image/waste_seg/waste_segregation_app/test/services/premium_service_test.dart: PremiumService Critical Tests Edge Cases should handle very long feature IDs [E]
  HiveError: String keys need to be a max length of 255
  package:hive/src/binary/frame.dart 55:9                            Frame.assertKey
  package:hive/src/binary/frame.dart 27:12                           new Frame
  package:hive/src/box/box_impl.dart 64:18                           BoxImpl.putAll
  package:hive/src/box/box_base_impl.dart 104:45                     BoxBaseImpl.put
  package:waste_segregation_app/services/premium_service.dart 71:24  PremiumService.setPremiumFeature
  test/services/premium_service_test.dart 426:43                     main.<fn>.<fn>.<fn>.<fn>
  package:matcher                                                    expect
  package:flutter_test/src/widget_tester.dart 474:18                 expect
  test/services/premium_service_test.dart 426:9                      main.<fn>.<fn>.<fn>
  ===== asynchronous gap ===========================
  dart:async                                                         Future._asyncCompleteError
  test/services/premium_service_test.dart 426:43                     main.<fn>.<fn>.<fn>.<fn>
  package:matcher                                                    expect
  package:flutter_test/src/widget_tester.dart 474:18                 expect
  test/services/premium_service_test.dart 426:9                      main.<fn>.<fn>.<fn>
  
00:40 +251 -64: /Users/pranay/Projects/LLM/image/waste_seg/waste_segregation_app/test/services/ai_service_test.dart: AiService Image Classification should handle empty image gracefully
00:40 +252 -64: /Users/pranay/Projects/LLM/image/waste_seg/waste_segregation_app/test/services/ai_service_test.dart: AiService Image Classification should handle empty image gracefully
00:40 +252 -65: /Users/pranay/Projects/LLM/image/waste_seg/waste_segregation_app/test/services/ai_service_test.dart: AiService Image Classification should handle empty image gracefully
00:40 +252 -65: /Users/pranay/Projects/LLM/image/waste_seg/waste_segregation_app/test/services/premium_service_test.dart: PremiumService Critical Tests Integration Tests should work correctly with ChangeNotifier pattern [E]
  Expected: true
    Actual: <false>
  
  package:matcher                                     expect
  package:flutter_test/src/widget_tester.dart 474:18  expect
  test/services/premium_service_test.dart 469:9       main.<fn>.<fn>.<fn>
  
00:40 +253 -65: /Users/pranay/Projects/LLM/image/waste_seg/waste_segregation_app/test/services/ai_service_test.dart: AiService Image Classification should handle empty image gracefully
00:40 +254 -65: /Users/pranay/Projects/LLM/image/waste_seg/waste_segregation_app/test/services/ai_service_test.dart: AiService Image Classification should handle empty image gracefully
00:40 +254 -65: /Users/pranay/Projects/LLM/image/waste_seg/waste_segregation_app/test/services/premium_service_test.dart: PremiumService Critical Tests (tearDownAll)
✅ Test Hive torn down
00:40 +254 -65: /Users/pranay/Projects/LLM/image/waste_seg/waste_segregation_app/test/services/ai_service_test.dart: AiService Image Classification should handle empty image gracefully
❌ OpenAI API Error - Status: 401
❌ Response Headers: {connection: keep-alive, set-cookie: __cf_bm=F5KPd5jziGYlgBLcCiztyWqCAk_qv6kj_nt5dtRklwE-1749035261-1.0.1.1-NcOrBD3vM0gWREq.MOOZOndBYLbd7SK1ug90H947FajVgUQmWAqVUzyXRbplS2YLVY3HloFIHfCeg_i1IFvD5mfNaMbDH4BUGVPTbnWjhT4; path=/; expires=Wed, 04-Jun-25 11:37:41 GMT; domain=.api.openai.com; HttpOnly; Secure; SameSite=None,_cfuvid=bmmw3AkinAyehFPa2iE_8etAmlG3O5sT4A3XC3wHUk4-1749035261740-0.0.1.1-604800000; path=/; domain=.api.openai.com; HttpOnly; Secure; SameSite=None, date: Wed, 04 Jun 2025 11:07:41 GMT, vary: Origin, strict-transport-security: max-age=31536000; includeSubDomains; preload, cf-cache-status: DYNAMIC, content-type: application/json; charset=utf-8, server: cloudflare, x-request-id: req_02cfabd1441080b2dd2884ff611d8e95, alt-svc: h3=":443"; ma=86400, content-length: 274, cf-ray: 94a6f7d03c3ec197-BLR, x-content-type-options: nosniff}
❌ Response Body: {
    "error": {
        "message": "Incorrect API key provided: your-ope************here. You can find your API key at https://platform.openai.com/account/api-keys.",
        "type": "invalid_request_error",
        "param": null,
        "code": "invalid_api_key"
    }
}

❌ OpenAI Error Type: invalid_request_error
❌ OpenAI Error Message: Incorrect API key provided: your-ope************here. You can find your API key at https://platform.openai.com/account/api-keys.
❌ OpenAI Error Code: invalid_api_key
OpenAI analysis failed: Exception: OpenAI Unauthorized - Check API key: {
    "error": {
        "message": "Incorrect API key provided: your-ope************here. You can find your API key at https://platform.openai.com/account/api-keys.",
        "type": "invalid_request_error",
        "param": null,
        "code": "invalid_api_key"
    }
}

00:42 +255 -65: /Users/pranay/Projects/LLM/image/waste_seg/waste_segregation_app/test/services/ai_service_test.dart: AiService Image Classification should handle empty image gracefully
00:42 +256 -65: /Users/pranay/Projects/LLM/image/waste_seg/waste_segregation_app/test/services/ai_service_test.dart: AiService Image Classification should handle empty image gracefully
00:42 +257 -65: /Users/pranay/Projects/LLM/image/waste_seg/waste_segregation_app/test/services/ai_service_test.dart: AiService Image Classification should handle empty image gracefully
00:42 +258 -65: /Users/pranay/Projects/LLM/image/waste_seg/waste_segregation_app/test/services/ai_service_test.dart: AiService Image Classification should handle empty image gracefully
Shell: Error preprocessing image: RangeError (length): Invalid value: Valid value range is empty: 0
Shell: Error in perceptual hash calculation: RangeError (length): Invalid value: Valid value range is empty: 0
Generated perceptual hash for web image: error_hash_1749035263693
Cache miss for image hash: error_hash_1749035263693
Current cache size: 0 entries
Cache miss for web image hash: error_hash_1749035263693 - will call API and save result
Original image size: 0 bytes (0.00 MB)
✅ Image size acceptable for OpenAI
🔄 Making OpenAI API request...
🔄 Model: gpt-4.1-nano
🔄 Image size: 0 bytes
🔄 MIME type: image/jpeg
🔄 Base64 size: 0 characters
00:42 +259 -65: /Users/pranay/Projects/LLM/image/waste_seg/waste_segregation_app/test/services/ai_service_test.dart: AiService Image Classification should handle empty image gracefully
00:42 +260 -65: /Users/pranay/Projects/LLM/image/waste_seg/waste_segregation_app/test/services/ai_service_test.dart: AiService Image Classification should handle empty image gracefully
❌ OpenAI API Error - Status: 401
❌ Response Headers: {connection: keep-alive, set-cookie: __cf_bm=LmjPQRS3ium5bxsPjX.rfAmdWorjZghfFAQlVw2Jo.g-1749035264-1.0.1.1-Zn2PZMJ877vwhldSF_rmXTHP7eGgeU2FTpk6GrFzHR2dDL7S4RrsdMdVzkYKV9COpnXGnpFGvAvbtKz4VEzV25aXwdRs.l.Mjha8UWcQK.8; path=/; expires=Wed, 04-Jun-25 11:37:44 GMT; domain=.api.openai.com; HttpOnly; Secure; SameSite=None,_cfuvid=gA8SW6ECPZAnAdVHZEvqerhWLvfYsLjnQTggtYD_7PA-1749035264059-0.0.1.1-604800000; path=/; domain=.api.openai.com; HttpOnly; Secure; SameSite=None, date: Wed, 04 Jun 2025 11:07:44 GMT, vary: Origin, strict-transport-security: max-age=31536000; includeSubDomains; preload, cf-cache-status: DYNAMIC, content-type: application/json; charset=utf-8, server: cloudflare, x-request-id: req_b4bde328aea836428586a874f3b2dc6a, alt-svc: h3=":443"; ma=86400, content-length: 274, cf-ray: 94a6f7deedd820c5-BLR, x-content-type-options: nosniff}
❌ Response Body: {
    "error": {
        "message": "Incorrect API key provided: your-ope************here. You can find your API key at https://platform.openai.com/account/api-keys.",
        "type": "invalid_request_error",
        "param": null,
        "code": "invalid_api_key"
    }
}

❌ OpenAI Error Type: invalid_request_error
❌ OpenAI Error Message: Incorrect API key provided: your-ope************here. You can find your API key at https://platform.openai.com/account/api-keys.
❌ OpenAI Error Code: invalid_api_key
OpenAI analysis failed: Exception: OpenAI Unauthorized - Check API key: {
    "error": {
        "message": "Incorrect API key provided: your-ope************here. You can find your API key at https://platform.openai.com/account/api-keys.",
        "type": "invalid_request_error",
        "param": null,
        "code": "invalid_api_key"
    }
}

🔄 Switching to Gemini due to image size or OpenAI failure
🔄 Using Gemini for analysis...
🔄 Gemini request - Image size: 0 bytes, MIME: image/jpeg
00:42 +261 -65: /Users/pranay/Projects/LLM/image/waste_seg/waste_segregation_app/test/services/ai_service_test.dart: AiService Image Classification should handle empty image gracefully
00:42 +262 -65: /Users/pranay/Projects/LLM/image/waste_seg/waste_segregation_app/test/services/ai_service_test.dart: AiService Image Classification should handle empty image gracefully
00:42 +263 -65: /Users/pranay/Projects/LLM/image/waste_seg/waste_segregation_app/test/services/ai_service_test.dart: AiService Image Classification should handle empty image gracefully
00:42 +264 -65: /Users/pranay/Projects/LLM/image/waste_seg/waste_segregation_app/test/services/ai_service_test.dart: AiService Image Classification should handle empty image gracefully
00:42 +265 -65: /Users/pranay/Projects/LLM/image/waste_seg/waste_segregation_app/test/services/ai_service_test.dart: AiService Image Classification should handle empty image gracefully
00:42 +266 -65: /Users/pranay/Projects/LLM/image/waste_seg/waste_segregation_app/test/services/ai_service_test.dart: AiService Image Classification should handle empty image gracefully
00:42 +267 -65: /Users/pranay/Projects/LLM/image/waste_seg/waste_segregation_app/test/services/ai_service_test.dart: AiService Image Classification should handle empty image gracefully
00:42 +268 -65: /Users/pranay/Projects/LLM/image/waste_seg/waste_segregation_app/test/services/ai_service_test.dart: AiService Image Classification should handle empty image gracefully
00:42 +269 -65: /Users/pranay/Projects/LLM/image/waste_seg/waste_segregation_app/test/services/ai_service_test.dart: AiService Image Classification should handle empty image gracefully
00:42 +270 -65: /Users/pranay/Projects/LLM/image/waste_seg/waste_segregation_app/test/services/ai_service_test.dart: AiService Image Classification should handle empty image gracefully
00:42 +271 -65: /Users/pranay/Projects/LLM/image/waste_seg/waste_segregation_app/test/services/ai_service_test.dart: AiService Image Classification should handle empty image gracefully
00:42 +272 -65: /Users/pranay/Projects/LLM/image/waste_seg/waste_segregation_app/test/services/ai_service_test.dart: AiService Image Classification should handle empty image gracefully
00:42 +273 -65: /Users/pranay/Projects/LLM/image/waste_seg/waste_segregation_app/test/services/ai_service_test.dart: AiService Image Classification should handle empty image gracefully
00:42 +274 -65: /Users/pranay/Projects/LLM/image/waste_seg/waste_segregation_app/test/services/ai_service_test.dart: AiService Image Classification should handle empty image gracefully
00:42 +275 -65: /Users/pranay/Projects/LLM/image/waste_seg/waste_segregation_app/test/services/ai_service_test.dart: AiService Image Classification should handle empty image gracefully
00:42 +276 -65: /Users/pranay/Projects/LLM/image/waste_seg/waste_segregation_app/test/services/ai_service_test.dart: AiService Image Classification should handle empty image gracefully
❌ Gemini API Error - Status: 400
❌ Response Headers: {alt-svc: h3=":443"; ma=2592000,h3-29=":443"; ma=2592000, transfer-encoding: chunked, date: Wed, 04 Jun 2025 11:07:44 GMT, vary: Origin,X-Origin,Referer, content-encoding: gzip, server-timing: gfet4t7; dur=250, content-type: application/json; charset=UTF-8, x-frame-options: SAMEORIGIN, x-xss-protection: 0, x-content-type-options: nosniff, server: scaffolding on HTTPServer2}
❌ Response Body: {
  "error": {
    "code": 400,
    "message": "API key not valid. Please pass a valid API key.",
    "status": "INVALID_ARGUMENT",
    "details": [
      {
        "@type": "type.googleapis.com/google.rpc.ErrorInfo",
        "reason": "API_KEY_INVALID",
        "domain": "googleapis.com",
00:42 +277 -65: /Users/pranay/Projects/LLM/image/waste_seg/waste_segregation_app/test/services/ai_service_test.dart: AiService Image Classification should handle empty image gracefully
        "metadata": {
          "service": "generativelanguage.googleapis.com"
        }
00:42 +278 -65: /Users/pranay/Projects/LLM/image/waste_seg/waste_segregation_app/test/services/ai_service_test.dart: AiService Image Classification should handle empty image gracefully
      },
      {
        "@type": "type.googleapis.com/google.rpc.LocalizedMessage",
        "locale": "en-US",
        "message": "API key not valid. Please pass a valid API key."
      }
    ]
  }
}

❌ All analysis methods failed: Exception: Gemini API Error 400: {
  "error": {
    "code": 400,
    "message": "API key not valid. Please pass a valid API key.",
    "status": "INVALID_ARGUMENT",
    "details": [
      {
        "@type": "type.googleapis.com/google.rpc.ErrorInfo",
        "reason": "API_KEY_INVALID",
        "domain": "googleapis.com",
        "metadata": {
          "service": "generativelanguage.googleapis.com"
        }
      },
      {
        "@type": "type.googleapis.com/google.rpc.LocalizedMessage",
        "locale": "en-US",
        "message": "API key not valid. Please pass a valid API key."
      }
    ]
  }
}

00:42 +279 -65: /Users/pranay/Projects/LLM/image/waste_seg/waste_segregation_app/test/services/ai_service_test.dart: AiService Image Classification should handle empty image gracefully
00:42 +279 -66: /Users/pranay/Projects/LLM/image/waste_seg/waste_segregation_app/test/widgets/disposal_instructions_widget_test.dart: DisposalInstructionsWidget Text Overflow Tests Long primary disposal method uses ellipsis
00:42 +280 -66: /Users/pranay/Projects/LLM/image/waste_seg/waste_segregation_app/test/widgets/disposal_instructions_widget_test.dart: DisposalInstructionsWidget Text Overflow Tests Long primary disposal method uses ellipsis
00:42 +281 -66: /Users/pranay/Projects/LLM/image/waste_seg/waste_segregation_app/test/widgets/disposal_instructions_widget_test.dart: DisposalInstructionsWidget Text Overflow Tests Long primary disposal method uses ellipsis
00:42 +282 -66: /Users/pranay/Projects/LLM/image/waste_seg/waste_segregation_app/test/widgets/disposal_instructions_widget_test.dart: DisposalInstructionsWidget Text Overflow Tests Long primary disposal method uses ellipsis
00:42 +282 -66: /Users/pranay/Projects/LLM/image/waste_seg/waste_segregation_app/test/services/ai_service_test.dart: AiService Image Classification should handle empty image gracefully [E]
  Expected: throws <Instance of 'Exception'>
    Actual: <Closure: () => Future<WasteClassification>>
     Which: returned a Future that emitted <Instance of 'WasteClassification'>
  
  package:matcher                                     expect
  package:flutter_test/src/widget_tester.dart 474:18  expect
  test/services/ai_service_test.dart 34:9             main.<fn>.<fn>.<fn>
  
Shell: Error preprocessing image: RangeError (length): Invalid value: Valid value range is empty: 0
Shell: Error in perceptual hash calculation: RangeError (length): Invalid value: Valid value range is empty: 0
00:42 +282 -66: /Users/pranay/Projects/LLM/image/waste_seg/waste_segregation_app/test/services/ai_service_test.dart: AiService Image Classification should handle null or empty image path
Generated perceptual hash for web image: error_hash_1749035264470
Classification cache initialized with 0 entries
Cache miss for image hash: error_hash_1749035264470
Current cache size: 0 entries
Cache miss for web image hash: error_hash_1749035264470 - will call API and save result
Original image size: 0 bytes (0.00 MB)
✅ Image size acceptable for OpenAI
🔄 Making OpenAI API request...
🔄 Model: gpt-4.1-nano
🔄 Image size: 0 bytes
🔄 MIME type: image/jpeg
🔄 Base64 size: 0 characters
00:43 +283 -66: /Users/pranay/Projects/LLM/image/waste_seg/waste_segregation_app/test/widgets/disposal_instructions_widget_test.dart: DisposalInstructionsWidget Text Overflow Tests Long primary disposal method uses ellipsis
00:43 +284 -66: /Users/pranay/Projects/LLM/image/waste_seg/waste_segregation_app/test/widgets/disposal_instructions_widget_test.dart: DisposalInstructionsWidget Text Overflow Tests Long primary disposal method uses ellipsis
00:43 +285 -66: /Users/pranay/Projects/LLM/image/waste_seg/waste_segregation_app/test/widgets/disposal_instructions_widget_test.dart: DisposalInstructionsWidget Text Overflow Tests Long primary disposal method uses ellipsis
00:43 +285 -66: /Users/pranay/Projects/LLM/image/waste_seg/waste_segregation_app/test/services/ai_service_test.dart: AiService Image Classification should handle null or empty image path
❌ OpenAI API Error - Status: 401
❌ Response Headers: {connection: keep-alive, set-cookie: __cf_bm=nA4bnFbniQ7KwKpwei9L_fa4VZ9DHdSjaw_AJuWWfFc-1749035264-1.0.1.1-hVKgIGFYZQ49i3pk4BsnE_Ytexj0fRB5wczjSMY2s8LTsZEDfL4gSDh1gZ4hpxAmPqiqgK121iJkt2bjWO5tWxCDUlEMh7s6CwfHmRu3rig; path=/; expires=Wed, 04-Jun-25 11:37:44 GMT; domain=.api.openai.com; HttpOnly; Secure; SameSite=None,_cfuvid=Iy08SRzv39bQL.U50FGI3tmFHtNYupe6l1GFaHxdOo0-1749035264829-0.0.1.1-604800000; path=/; domain=.api.openai.com; HttpOnly; Secure; SameSite=None, date: Wed, 04 Jun 2025 11:07:44 GMT, vary: Origin, strict-transport-security: max-age=31536000; includeSubDomains; preload, cf-cache-status: DYNAMIC, content-type: application/json; charset=utf-8, server: cloudflare, x-request-id: req_ab1ab99f49833f628680859d5e235ab0, alt-svc: h3=":443"; ma=86400, content-length: 274, cf-ray: 94a6f7e3c96dcf00-BLR, x-content-type-options: nosniff}
❌ Response Body: {
    "error": {
        "message": "Incorrect API key provided: your-ope************here. You can find your API key at https://platform.openai.com/account/api-keys.",
        "type": "invalid_request_error",
        "param": null,
        "code": "invalid_api_key"
    }
}

❌ OpenAI Error Type: invalid_request_error
❌ OpenAI Error Message: Incorrect API key provided: your-ope************here. You can find your API key at https://platform.openai.com/account/api-keys.
❌ OpenAI Error Code: invalid_api_key
OpenAI analysis failed: Exception: OpenAI Unauthorized - Check API key: {
    "error": {
        "message": "Incorrect API key provided: your-ope************here. You can find your API key at https://platform.openai.com/account/api-keys.",
        "type": "invalid_request_error",
        "param": null,
        "code": "invalid_api_key"
    }
}

00:43 +286 -66: /Users/pranay/Projects/LLM/image/waste_seg/waste_segregation_app/test/widgets/disposal_instructions_widget_test.dart: DisposalInstructionsWidget Text Overflow Tests Long primary disposal method uses ellipsis
00:43 +287 -66: /Users/pranay/Projects/LLM/image/waste_seg/waste_segregation_app/test/widgets/disposal_instructions_widget_test.dart: DisposalInstructionsWidget Text Overflow Tests Long primary disposal method uses ellipsis
00:43 +288 -66: /Users/pranay/Projects/LLM/image/waste_seg/waste_segregation_app/test/widgets/disposal_instructions_widget_test.dart: DisposalInstructionsWidget Text Overflow Tests Long primary disposal method uses ellipsis
00:43 +289 -66: /Users/pranay/Projects/LLM/image/waste_seg/waste_segregation_app/test/services/ai_service_test.dart: AiService Image Classification should handle null or empty image path
00:43 +290 -66: /Users/pranay/Projects/LLM/image/waste_seg/waste_segregation_app/test/services/ai_service_test.dart: AiService Image Classification should handle null or empty image path
00:43 +291 -66: /Users/pranay/Projects/LLM/image/waste_seg/waste_segregation_app/test/services/ai_service_test.dart: AiService Image Classification should handle null or empty image path
00:43 +292 -66: /Users/pranay/Projects/LLM/image/waste_seg/waste_segregation_app/test/services/ai_service_test.dart: AiService Image Classification should handle null or empty image path
00:43 +293 -66: /Users/pranay/Projects/LLM/image/waste_seg/waste_segregation_app/test/services/ai_service_test.dart: AiService Image Classification should handle null or empty image path
00:43 +294 -66: /Users/pranay/Projects/LLM/image/waste_seg/waste_segregation_app/test/services/ai_service_test.dart: AiService Image Classification should handle null or empty image path
00:43 +295 -66: /Users/pranay/Projects/LLM/image/waste_seg/waste_segregation_app/test/services/ai_service_test.dart: AiService Image Classification should handle null or empty image path
00:43 +296 -66: /Users/pranay/Projects/LLM/image/waste_seg/waste_segregation_app/test/services/ai_service_test.dart: AiService Image Classification should handle null or empty image path
00:43 +297 -66: /Users/pranay/Projects/LLM/image/waste_seg/waste_segregation_app/test/services/ai_service_test.dart: AiService Image Classification should handle null or empty image path
00:43 +298 -66: /Users/pranay/Projects/LLM/image/waste_seg/waste_segregation_app/test/services/ai_service_test.dart: AiService Image Classification should handle null or empty image path
00:43 +299 -66: /Users/pranay/Projects/LLM/image/waste_seg/waste_segregation_app/test/services/ai_service_test.dart: AiService Image Classification should handle null or empty image path
00:43 +300 -66: /Users/pranay/Projects/LLM/image/waste_seg/waste_segregation_app/test/services/ai_service_test.dart: AiService Image Classification should handle null or empty image path
00:43 +301 -66: /Users/pranay/Projects/LLM/image/waste_seg/waste_segregation_app/test/services/ai_service_test.dart: AiService Image Classification should handle null or empty image path
00:43 +302 -66: /Users/pranay/Projects/LLM/image/waste_seg/waste_segregation_app/test/services/ai_service_test.dart: AiService Image Classification should handle null or empty image path
00:43 +303 -66: /Users/pranay/Projects/LLM/image/waste_seg/waste_segregation_app/test/services/ai_service_test.dart: AiService Image Classification should handle null or empty image path
00:43 +304 -66: /Users/pranay/Projects/LLM/image/waste_seg/waste_segregation_app/test/services/ai_service_test.dart: AiService Image Classification should handle null or empty image path
00:43 +305 -66: /Users/pranay/Projects/LLM/image/waste_seg/waste_segregation_app/test/services/ai_service_test.dart: AiService Image Classification should handle null or empty image path
00:43 +306 -66: /Users/pranay/Projects/LLM/image/waste_seg/waste_segregation_app/test/services/ai_service_test.dart: AiService Image Classification should handle null or empty image path
00:43 +307 -66: /Users/pranay/Projects/LLM/image/waste_seg/waste_segregation_app/test/services/ai_service_test.dart: AiService Image Classification should handle null or empty image path
00:43 +308 -66: /Users/pranay/Projects/LLM/image/waste_seg/waste_segregation_app/test/services/ai_service_test.dart: AiService Image Classification should handle null or empty image path
00:43 +309 -66: /Users/pranay/Projects/LLM/image/waste_seg/waste_segregation_app/test/services/ai_service_test.dart: AiService Image Classification should handle null or empty image path
00:43 +310 -66: /Users/pranay/Projects/LLM/image/waste_seg/waste_segregation_app/test/services/ai_service_test.dart: AiService Image Classification should handle null or empty image path
00:43 +311 -66: /Users/pranay/Projects/LLM/image/waste_seg/waste_segregation_app/test/services/ai_service_test.dart: AiService Image Classification should handle null or empty image path
00:43 +312 -66: /Users/pranay/Projects/LLM/image/waste_seg/waste_segregation_app/test/services/ai_service_test.dart: AiService Image Classification should handle null or empty image path
00:43 +313 -66: /Users/pranay/Projects/LLM/image/waste_seg/waste_segregation_app/test/services/ai_service_test.dart: AiService Image Classification should handle null or empty image path
00:43 +314 -66: /Users/pranay/Projects/LLM/image/waste_seg/waste_segregation_app/test/services/ai_service_test.dart: AiService Image Classification should handle null or empty image path
00:43 +315 -66: /Users/pranay/Projects/LLM/image/waste_seg/waste_segregation_app/test/services/ai_service_test.dart: AiService Image Classification should handle null or empty image path
00:43 +316 -66: /Users/pranay/Projects/LLM/image/waste_seg/waste_segregation_app/test/services/ai_service_test.dart: AiService Image Classification should handle null or empty image path
00:43 +317 -66: /Users/pranay/Projects/LLM/image/waste_seg/waste_segregation_app/test/services/ai_service_test.dart: AiService Image Classification should handle null or empty image path
00:43 +318 -66: /Users/pranay/Projects/LLM/image/waste_seg/waste_segregation_app/test/services/ai_service_test.dart: AiService Image Classification should handle null or empty image path
00:43 +319 -66: /Users/pranay/Projects/LLM/image/waste_seg/waste_segregation_app/test/services/ai_service_test.dart: AiService Image Classification should handle null or empty image path
00:43 +320 -66: /Users/pranay/Projects/LLM/image/waste_seg/waste_segregation_app/test/services/ai_service_test.dart: AiService Image Classification should handle null or empty image path
Shell: Error preprocessing image: RangeError (length): Invalid value: Valid value range is empty: 0
00:43 +321 -66: /Users/pranay/Projects/LLM/image/waste_seg/waste_segregation_app/test/services/ai_service_test.dart: AiService Image Classification should handle null or empty image path
Shell: Error in perceptual hash calculation: RangeError (length): Invalid value: Valid value range is empty: 0
Generated perceptual hash for web image: error_hash_1749035265288
Cache miss for image hash: error_hash_1749035265288
Current cache size: 0 entries
Cache miss for web image hash: error_hash_1749035265288 - will call API and save result
Original image size: 0 bytes (0.00 MB)
✅ Image size acceptable for OpenAI
🔄 Making OpenAI API request...
🔄 Model: gpt-4.1-nano
🔄 Image size: 0 bytes
🔄 MIME type: image/jpeg
🔄 Base64 size: 0 characters
00:43 +322 -66: /Users/pranay/Projects/LLM/image/waste_seg/waste_segregation_app/test/services/ai_service_test.dart: AiService Image Classification should handle null or empty image path
00:43 +323 -66: /Users/pranay/Projects/LLM/image/waste_seg/waste_segregation_app/test/services/ai_service_test.dart: AiService Image Classification should handle null or empty image path
00:43 +324 -66: /Users/pranay/Projects/LLM/image/waste_seg/waste_segregation_app/test/services/ai_service_test.dart: AiService Image Classification should handle null or empty image path
00:43 +325 -66: /Users/pranay/Projects/LLM/image/waste_seg/waste_segregation_app/test/services/ai_service_test.dart: AiService Image Classification should handle null or empty image path
00:43 +326 -66: /Users/pranay/Projects/LLM/image/waste_seg/waste_segregation_app/test/services/ai_service_test.dart: AiService Image Classification should handle null or empty image path
00:43 +327 -66: /Users/pranay/Projects/LLM/image/waste_seg/waste_segregation_app/test/services/ai_service_test.dart: AiService Image Classification should handle null or empty image path
00:43 +328 -66: /Users/pranay/Projects/LLM/image/waste_seg/waste_segregation_app/test/services/ai_service_test.dart: AiService Image Classification should handle null or empty image path
00:44 +329 -66: /Users/pranay/Projects/LLM/image/waste_seg/waste_segregation_app/test/services/ai_service_test.dart: AiService Image Classification should handle null or empty image path
00:44 +330 -66: /Users/pranay/Projects/LLM/image/waste_seg/waste_segregation_app/test/services/ai_service_test.dart: AiService Image Classification should handle null or empty image path
❌ OpenAI API Error - Status: 401
❌ Response Headers: {connection: keep-alive, set-cookie: __cf_bm=Nzhj6c3h3qratfgilC3fAWxxBdMVqsMsexYygYUF7h4-1749035265-1.0.1.1-E58py0XLthK_vHQnKPmL_lsdd0o8DYQn.3.firPeKnvccjME3ISy6K2Dkg92bhvxfdq.sni3HmM7G8kSnfxscdsn.4olI2AxOFz7JQeLPhA; path=/; expires=Wed, 04-Jun-25 11:37:45 GMT; domain=.api.openai.com; HttpOnly; Secure; SameSite=None,_cfuvid=pDaIX5vougVga.plX8qe2JX8Bx3t4TdeGbzR04nOTp8-1749035265657-0.0.1.1-604800000; path=/; domain=.api.openai.com; HttpOnly; Secure; SameSite=None, date: Wed, 04 Jun 2025 11:07:45 GMT, vary: Origin, strict-transport-security: max-age=31536000; includeSubDomains; preload, cf-cache-status: DYNAMIC, content-type: application/json; charset=utf-8, server: cloudflare, x-request-id: req_2bd0189a580bca90bb5eb5a4bde392bb, alt-svc: h3=":443"; ma=86400, content-length: 274, cf-ray: 94a6f7e8e861c190-BLR, x-content-type-options: nosniff}
❌ Response Body: {
    "error": {
        "message": "Incorrect API key provided: your-ope************here. You can find your API key at https://platform.openai.com/account/api-keys.",
        "type": "invalid_request_error",
        "param": null,
        "code": "invalid_api_key"
    }
}

❌ OpenAI Error Type: invalid_request_error
❌ OpenAI Error Message: Incorrect API key provided: your-ope************here. You can find your API key at https://platform.openai.com/account/api-keys.
❌ OpenAI Error Code: invalid_api_key
OpenAI analysis failed: Exception: OpenAI Unauthorized - Check API key: {
    "error": {
        "message": "Incorrect API key provided: your-ope************here. You can find your API key at https://platform.openai.com/account/api-keys.",
        "type": "invalid_request_error",
        "param": null,
        "code": "invalid_api_key"
    }
}

00:44 +331 -66: /Users/pranay/Projects/LLM/image/waste_seg/waste_segregation_app/test/services/ai_service_test.dart: AiService Image Classification should handle null or empty image path
00:44 +332 -66: /Users/pranay/Projects/LLM/image/waste_seg/waste_segregation_app/test/services/ai_service_test.dart: AiService Image Classification should handle null or empty image path
00:44 +333 -66: /Users/pranay/Projects/LLM/image/waste_seg/waste_segregation_app/test/services/ai_service_test.dart: AiService Image Classification should handle null or empty image path
00:44 +334 -66: /Users/pranay/Projects/LLM/image/waste_seg/waste_segregation_app/test/services/ai_service_test.dart: AiService Image Classification should handle null or empty image path
00:44 +335 -66: /Users/pranay/Projects/LLM/image/waste_seg/waste_segregation_app/test/services/ai_service_test.dart: AiService Image Classification should handle null or empty image path
00:44 +336 -66: /Users/pranay/Projects/LLM/image/waste_seg/waste_segregation_app/test/services/ai_service_test.dart: AiService Image Classification should handle null or empty image path
00:44 +337 -66: /Users/pranay/Projects/LLM/image/waste_seg/waste_segregation_app/test/services/ai_service_test.dart: AiService Image Classification should handle null or empty image path
00:44 +338 -66: /Users/pranay/Projects/LLM/image/waste_seg/waste_segregation_app/test/services/ai_service_test.dart: AiService Image Classification should handle null or empty image path
00:44 +339 -66: /Users/pranay/Projects/LLM/image/waste_seg/waste_segregation_app/test/services/ai_service_test.dart: AiService Image Classification should handle null or empty image path
00:44 +340 -66: /Users/pranay/Projects/LLM/image/waste_seg/waste_segregation_app/test/services/ai_service_test.dart: AiService Image Classification should handle null or empty image path
00:44 +341 -66: /Users/pranay/Projects/LLM/image/waste_seg/waste_segregation_app/test/services/ai_service_test.dart: AiService Image Classification should handle null or empty image path
00:44 +342 -66: /Users/pranay/Projects/LLM/image/waste_seg/waste_segregation_app/test/services/ai_service_test.dart: AiService Image Classification should handle null or empty image path
00:44 +343 -66: /Users/pranay/Projects/LLM/image/waste_seg/waste_segregation_app/test/services/ai_service_test.dart: AiService Image Classification should handle null or empty image path
00:44 +344 -66: /Users/pranay/Projects/LLM/image/waste_seg/waste_segregation_app/test/services/ai_service_test.dart: AiService Image Classification should handle null or empty image path
00:44 +345 -66: /Users/pranay/Projects/LLM/image/waste_seg/waste_segregation_app/test/services/ai_service_test.dart: AiService Image Classification should handle null or empty image path
00:44 +346 -66: /Users/pranay/Projects/LLM/image/waste_seg/waste_segregation_app/test/services/ai_service_test.dart: AiService Image Classification should handle null or empty image path
00:44 +347 -66: /Users/pranay/Projects/LLM/image/waste_seg/waste_segregation_app/test/services/ai_service_test.dart: AiService Image Classification should handle null or empty image path
00:44 +348 -66: /Users/pranay/Projects/LLM/image/waste_seg/waste_segregation_app/test/services/ai_service_test.dart: AiService Image Classification should handle null or empty image path
00:44 +349 -66: /Users/pranay/Projects/LLM/image/waste_seg/waste_segregation_app/test/services/ai_service_test.dart: AiService Image Classification should handle null or empty image path
00:44 +350 -66: /Users/pranay/Projects/LLM/image/waste_seg/waste_segregation_app/test/services/ai_service_test.dart: AiService Image Classification should handle null or empty image path
00:44 +351 -66: /Users/pranay/Projects/LLM/image/waste_seg/waste_segregation_app/test/services/ai_service_test.dart: AiService Image Classification should handle null or empty image path
00:44 +352 -66: /Users/pranay/Projects/LLM/image/waste_seg/waste_segregation_app/test/services/ai_service_test.dart: AiService Image Classification should handle null or empty image path
Shell: Error preprocessing image: RangeError (length): Invalid value: Valid value range is empty: 0
Shell: Error in perceptual hash calculation: RangeError (length): Invalid value: Valid value range is empty: 0
Generated perceptual hash for web image: error_hash_1749035266600
Cache miss for image hash: error_hash_1749035266600
Current cache size: 0 entries
Cache miss for web image hash: error_hash_1749035266600 - will call API and save result
Original image size: 0 bytes (0.00 MB)
✅ Image size acceptable for OpenAI
🔄 Making OpenAI API request...
🔄 Model: gpt-4.1-nano
🔄 Image size: 0 bytes
🔄 MIME type: image/jpeg
🔄 Base64 size: 0 characters
00:45 +353 -66: /Users/pranay/Projects/LLM/image/waste_seg/waste_segregation_app/test/services/ai_service_test.dart: AiService Image Classification should handle null or empty image path
00:45 +354 -66: /Users/pranay/Projects/LLM/image/waste_seg/waste_segregation_app/test/services/ai_service_test.dart: AiService Image Classification should handle null or empty image path
❌ OpenAI API Error - Status: 401
❌ Response Headers: {connection: keep-alive, set-cookie: __cf_bm=2OI4R.RNH0hTqzAyRfylknwWfs5El4N_bDusKzw8on8-1749035266-1.0.1.1-BolH2CSAascJCL5nGhekTq3uMop8l4uN1FhuKaRfij83IkbbO.LrGTuyuqfowGQHekqK4uE5XVIbJOleKQVv4EEG9ic5sYGFgGhBNOPWHLk; path=/; expires=Wed, 04-Jun-25 11:37:46 GMT; domain=.api.openai.com; HttpOnly; Secure; SameSite=None,_cfuvid=EtvPNzmGBiPn2w1LM6nKDt6JN3IMqY9G_VpwCv3rQRQ-1749035266940-0.0.1.1-604800000; path=/; domain=.api.openai.com; HttpOnly; Secure; SameSite=None, date: Wed, 04 Jun 2025 11:07:46 GMT, vary: Origin, strict-transport-security: max-age=31536000; includeSubDomains; preload, cf-cache-status: DYNAMIC, content-type: application/json; charset=utf-8, server: cloudflare, x-request-id: req_fa40de522118db4a87bd40964d2df22d, alt-svc: h3=":443"; ma=86400, content-length: 274, cf-ray: 94a6f7f0e8913585-BLR, x-content-type-options: nosniff}
❌ Response Body: {
    "error": {
        "message": "Incorrect API key provided: your-ope************here. You can find your API key at https://platform.openai.com/account/api-keys.",
        "type": "invalid_request_error",
        "param": null,
        "code": "invalid_api_key"
    }
}

❌ OpenAI Error Type: invalid_request_error
❌ OpenAI Error Message: Incorrect API key provided: your-ope************here. You can find your API key at https://platform.openai.com/account/api-keys.
❌ OpenAI Error Code: invalid_api_key
OpenAI analysis failed: Exception: OpenAI Unauthorized - Check API key: {
    "error": {
        "message": "Incorrect API key provided: your-ope************here. You can find your API key at https://platform.openai.com/account/api-keys.",
        "type": "invalid_request_error",
        "param": null,
        "code": "invalid_api_key"
    }
}

00:45 +355 -66: /Users/pranay/Projects/LLM/image/waste_seg/waste_segregation_app/test/services/ai_service_test.dart: AiService Image Classification should handle null or empty image path
00:45 +356 -66: /Users/pranay/Projects/LLM/image/waste_seg/waste_segregation_app/test/services/ai_service_test.dart: AiService Image Classification should handle null or empty image path
00:45 +357 -66: /Users/pranay/Projects/LLM/image/waste_seg/waste_segregation_app/test/services/ai_service_test.dart: AiService Image Classification should handle null or empty image path
00:45 +358 -66: /Users/pranay/Projects/LLM/image/waste_seg/waste_segregation_app/test/services/ai_service_test.dart: AiService Image Classification should handle null or empty image path
00:45 +359 -66: /Users/pranay/Projects/LLM/image/waste_seg/waste_segregation_app/test/services/ai_service_test.dart: AiService Image Classification should handle null or empty image path
00:45 +360 -66: /Users/pranay/Projects/LLM/image/waste_seg/waste_segregation_app/test/services/ai_service_test.dart: AiService Image Classification should handle null or empty image path
00:45 +361 -66: /Users/pranay/Projects/LLM/image/waste_seg/waste_segregation_app/test/services/ai_service_test.dart: AiService Image Classification should handle null or empty image path
00:45 +362 -66: /Users/pranay/Projects/LLM/image/waste_seg/waste_segregation_app/test/services/ai_service_test.dart: AiService Image Classification should handle null or empty image path
00:45 +363 -66: /Users/pranay/Projects/LLM/image/waste_seg/waste_segregation_app/test/services/ai_service_test.dart: AiService Image Classification should handle null or empty image path
00:46 +364 -66: /Users/pranay/Projects/LLM/image/waste_seg/waste_segregation_app/test/services/ai_service_test.dart: AiService Image Classification should handle null or empty image path
00:46 +365 -66: /Users/pranay/Projects/LLM/image/waste_seg/waste_segregation_app/test/services/ai_service_test.dart: AiService Image Classification should handle null or empty image path
00:46 +366 -66: /Users/pranay/Projects/LLM/image/waste_seg/waste_segregation_app/test/services/ai_service_test.dart: AiService Image Classification should handle null or empty image path
00:46 +367 -66: /Users/pranay/Projects/LLM/image/waste_seg/waste_segregation_app/test/services/ai_service_test.dart: AiService Image Classification should handle null or empty image path
00:46 +368 -66: /Users/pranay/Projects/LLM/image/waste_seg/waste_segregation_app/test/services/ai_service_test.dart: AiService Image Classification should handle null or empty image path
00:46 +369 -66: /Users/pranay/Projects/LLM/image/waste_seg/waste_segregation_app/test/services/ai_service_test.dart: AiService Image Classification should handle null or empty image path
00:46 +370 -66: /Users/pranay/Projects/LLM/image/waste_seg/waste_segregation_app/test/services/ai_service_test.dart: AiService Image Classification should handle null or empty image path
00:46 +371 -66: /Users/pranay/Projects/LLM/image/waste_seg/waste_segregation_app/test/services/ai_service_test.dart: AiService Image Classification should handle null or empty image path
00:46 +372 -66: /Users/pranay/Projects/LLM/image/waste_seg/waste_segregation_app/test/services/ai_service_test.dart: AiService Image Classification should handle null or empty image path
00:46 +372 -66: /Users/pranay/Projects/LLM/image/waste_seg/waste_segregation_app/test/widgets/chart_accessibility_test.dart: Chart Accessibility Tests WasteCategoryPieChart Accessibility provides semantic labels for screen readers
══╡ EXCEPTION CAUGHT BY FLUTTER TEST FRAMEWORK ╞════════════════════════════════════════════════════
The following TestFailure was thrown running a test:
Expected: exactly one matching candidate
  Actual: _ElementPredicateWidgetFinder:<Found 0 widgets with element matching predicate: []>
   Which: means none were found but one was expected

When the exception was thrown, this was the stack:
#4      main.<anonymous closure>.<anonymous closure>.<anonymous closure> (file:///Users/pranay/Projects/LLM/image/waste_seg/waste_segregation_app/test/widgets/chart_accessibility_test.dart:62:9)
<asynchronous suspension>
#5      testWidgets.<anonymous closure>.<anonymous closure> (package:flutter_test/src/widget_tester.dart:193:15)
<asynchronous suspension>
#6      TestWidgetsFlutterBinding._runTestBody (package:flutter_test/src/binding.dart:1064:5)
<asynchronous suspension>
<asynchronous suspension>
(elided one frame from package:stack_trace)

This was caught by the test expectation on the following line:
  file:///Users/pranay/Projects/LLM/image/waste_seg/waste_segregation_app/test/widgets/chart_accessibility_test.dart line 62
The test description was:
  provides semantic labels for screen readers
════════════════════════════════════════════════════════════════════════════════════════════════════
00:46 +372 -67: /Users/pranay/Projects/LLM/image/waste_seg/waste_segregation_app/test/services/ai_service_test.dart: AiService Image Classification should handle null or empty image path
00:46 +372 -67: /Users/pranay/Projects/LLM/image/waste_seg/waste_segregation_app/test/widgets/chart_accessibility_test.dart: Chart Accessibility Tests WasteCategoryPieChart Accessibility provides semantic labels for screen readers [E]
  Test failed. See exception logs above.
  The test description was: provides semantic labels for screen readers
  
00:46 +373 -67: /Users/pranay/Projects/LLM/image/waste_seg/waste_segregation_app/test/services/ai_service_test.dart: AiService Image Classification should handle null or empty image path
00:46 +374 -67: /Users/pranay/Projects/LLM/image/waste_seg/waste_segregation_app/test/services/ai_service_test.dart: AiService Image Classification should handle null or empty image path
00:46 +375 -67: /Users/pranay/Projects/LLM/image/waste_seg/waste_segregation_app/test/services/ai_service_test.dart: AiService Image Classification should handle null or empty image path
00:46 +375 -67: /Users/pranay/Projects/LLM/image/waste_seg/waste_segregation_app/test/widgets/chart_accessibility_test.dart: Chart Accessibility Tests WasteCategoryPieChart Accessibility handles empty data gracefully
══╡ EXCEPTION CAUGHT BY FLUTTER TEST FRAMEWORK ╞════════════════════════════════════════════════════
The following TestFailure was thrown running a test:
Expected: exactly one matching candidate
  Actual: _ElementPredicateWidgetFinder:<Found 0 widgets with element matching predicate: []>
   Which: means none were found but one was expected

When the exception was thrown, this was the stack:
#4      main.<anonymous closure>.<anonymous closure>.<anonymous closure> (file:///Users/pranay/Projects/LLM/image/waste_seg/waste_segregation_app/test/widgets/chart_accessibility_test.dart:82:9)
<asynchronous suspension>
#5      testWidgets.<anonymous closure>.<anonymous closure> (package:flutter_test/src/widget_tester.dart:193:15)
<asynchronous suspension>
#6      TestWidgetsFlutterBinding._runTestBody (package:flutter_test/src/binding.dart:1064:5)
<asynchronous suspension>
<asynchronous suspension>
(elided one frame from package:stack_trace)

This was caught by the test expectation on the following line:
  file:///Users/pranay/Projects/LLM/image/waste_seg/waste_segregation_app/test/widgets/chart_accessibility_test.dart line 82
The test description was:
  handles empty data gracefully
════════════════════════════════════════════════════════════════════════════════════════════════════
00:46 +375 -68: /Users/pranay/Projects/LLM/image/waste_seg/waste_segregation_app/test/services/ai_service_test.dart: AiService Image Classification should handle null or empty image path
00:46 +375 -68: /Users/pranay/Projects/LLM/image/waste_seg/waste_segregation_app/test/widgets/chart_accessibility_test.dart: Chart Accessibility Tests WasteCategoryPieChart Accessibility handles empty data gracefully [E]
  Test failed. See exception logs above.
  The test description was: handles empty data gracefully
  
00:46 +376 -68: /Users/pranay/Projects/LLM/image/waste_seg/waste_segregation_app/test/services/ai_service_test.dart: AiService Image Classification should handle null or empty image path
00:46 +377 -68: /Users/pranay/Projects/LLM/image/waste_seg/waste_segregation_app/test/services/ai_service_test.dart: AiService Image Classification should handle null or empty image path
00:46 +378 -68: /Users/pranay/Projects/LLM/image/waste_seg/waste_segregation_app/test/services/ai_service_test.dart: AiService Image Classification should handle null or empty image path
00:46 +379 -68: /Users/pranay/Projects/LLM/image/waste_seg/waste_segregation_app/test/services/ai_service_test.dart: AiService Image Classification should handle null or empty image path
00:46 +379 -68: /Users/pranay/Projects/LLM/image/waste_seg/waste_segregation_app/test/widgets/chart_accessibility_test.dart: Chart Accessibility Tests TopSubcategoriesBarChart Accessibility provides semantic labels and data table
══╡ EXCEPTION CAUGHT BY FLUTTER TEST FRAMEWORK ╞════════════════════════════════════════════════════
The following TestFailure was thrown running a test:
Expected: exactly one matching candidate
  Actual: _ElementPredicateWidgetFinder:<Found 0 widgets with element matching predicate: []>
   Which: means none were found but one was expected

When the exception was thrown, this was the stack:
#4      main.<anonymous closure>.<anonymous closure>.<anonymous closure> (file:///Users/pranay/Projects/LLM/image/waste_seg/waste_segregation_app/test/widgets/chart_accessibility_test.dart:160:9)
<asynchronous suspension>
#5      testWidgets.<anonymous closure>.<anonymous closure> (package:flutter_test/src/widget_tester.dart:193:15)
<asynchronous suspension>
#6      TestWidgetsFlutterBinding._runTestBody (package:flutter_test/src/binding.dart:1064:5)
<asynchronous suspension>
<asynchronous suspension>
(elided one frame from package:stack_trace)

This was caught by the test expectation on the following line:
  file:///Users/pranay/Projects/LLM/image/waste_seg/waste_segregation_app/test/widgets/chart_accessibility_test.dart line 160
The test description was:
  provides semantic labels and data table
════════════════════════════════════════════════════════════════════════════════════════════════════
00:46 +379 -69: /Users/pranay/Projects/LLM/image/waste_seg/waste_segregation_app/test/services/ai_service_test.dart: AiService Image Classification should handle null or empty image path
00:46 +379 -69: /Users/pranay/Projects/LLM/image/waste_seg/waste_segregation_app/test/widgets/chart_accessibility_test.dart: Chart Accessibility Tests TopSubcategoriesBarChart Accessibility provides semantic labels and data table [E]
  Test failed. See exception logs above.
  The test description was: provides semantic labels and data table
  
00:46 +380 -69: /Users/pranay/Projects/LLM/image/waste_seg/waste_segregation_app/test/services/ai_service_test.dart: AiService Image Classification should handle null or empty image path
00:46 +380 -69: /Users/pranay/Projects/LLM/image/waste_seg/waste_segregation_app/test/widgets/quick_action_cards_test.dart: Quick-action Cards Tests FeatureCard shows custom trailing widget when provided
══╡ EXCEPTION CAUGHT BY FLUTTER TEST FRAMEWORK ╞════════════════════════════════════════════════════
The following TestFailure was thrown running a test:
Expected: no matching candidates
  Actual: _IconWidgetFinder:<Found 1 widget with icon "IconData(U+0E15F)": [
            Icon(IconData(U+0E15F), size: 20.0, color: Color(alpha: 1.0000, red: 0.2863, green:
0.2706, blue: 0.3098, colorSpace: ColorSpace.sRGB), dependencies: [Directionality, IconTheme]),
          ]>
   Which: means one was found but none were expected

When the exception was thrown, this was the stack:
#4      main.<anonymous closure>.<anonymous closure> (file:///Users/pranay/Projects/LLM/image/waste_seg/waste_segregation_app/test/widgets/quick_action_cards_test.dart:144:7)
<asynchronous suspension>
#5      testWidgets.<anonymous closure>.<anonymous closure> (package:flutter_test/src/widget_tester.dart:193:15)
<asynchronous suspension>
#6      TestWidgetsFlutterBinding._runTestBody (package:flutter_test/src/binding.dart:1064:5)
<asynchronous suspension>
<asynchronous suspension>
(elided one frame from package:stack_trace)

This was caught by the test expectation on the following line:
  file:///Users/pranay/Projects/LLM/image/waste_seg/waste_segregation_app/test/widgets/quick_action_cards_test.dart line 144
The test description was:
  FeatureCard shows custom trailing widget when provided
════════════════════════════════════════════════════════════════════════════════════════════════════
00:46 +380 -70: /Users/pranay/Projects/LLM/image/waste_seg/waste_segregation_app/test/services/ai_service_test.dart: AiService Image Classification should handle null or empty image path
00:46 +380 -70: /Users/pranay/Projects/LLM/image/waste_seg/waste_segregation_app/test/widgets/quick_action_cards_test.dart: Quick-action Cards Tests FeatureCard shows custom trailing widget when provided [E]
  Test failed. See exception logs above.
  The test description was: FeatureCard shows custom trailing widget when provided
  
00:46 +380 -70: /Users/pranay/Projects/LLM/image/waste_seg/waste_segregation_app/test/widgets/chart_accessibility_test.dart: Chart Accessibility Tests WeeklyItemsChart Accessibility provides weekly summary and semantic labels
══╡ EXCEPTION CAUGHT BY FLUTTER TEST FRAMEWORK ╞════════════════════════════════════════════════════
The following TestFailure was thrown running a test:
Expected: exactly one matching candidate
  Actual: _ElementPredicateWidgetFinder:<Found 0 widgets with element matching predicate: []>
   Which: means none were found but one was expected

When the exception was thrown, this was the stack:
#4      main.<anonymous closure>.<anonymous closure>.<anonymous closure> (file:///Users/pranay/Projects/LLM/image/waste_seg/waste_segregation_app/test/widgets/chart_accessibility_test.dart:239:9)
<asynchronous suspension>
#5      testWidgets.<anonymous closure>.<anonymous closure> (package:flutter_test/src/widget_tester.dart:193:15)
<asynchronous suspension>
#6      TestWidgetsFlutterBinding._runTestBody (package:flutter_test/src/binding.dart:1064:5)
<asynchronous suspension>
<asynchronous suspension>
(elided one frame from package:stack_trace)

This was caught by the test expectation on the following line:
  file:///Users/pranay/Projects/LLM/image/waste_seg/waste_segregation_app/test/widgets/chart_accessibility_test.dart line 239
The test description was:
  provides weekly summary and semantic labels
════════════════════════════════════════════════════════════════════════════════════════════════════
00:46 +380 -71: /Users/pranay/Projects/LLM/image/waste_seg/waste_segregation_app/test/services/ai_service_test.dart: AiService Image Classification should handle null or empty image path
00:46 +380 -71: /Users/pranay/Projects/LLM/image/waste_seg/waste_segregation_app/test/widgets/chart_accessibility_test.dart: Chart Accessibility Tests WeeklyItemsChart Accessibility provides weekly summary and semantic labels [E]
  Test failed. See exception logs above.
  The test description was: provides weekly summary and semantic labels
  
00:46 +381 -71: /Users/pranay/Projects/LLM/image/waste_seg/waste_segregation_app/test/services/ai_service_test.dart: AiService Image Classification should handle null or empty image path
00:46 +382 -71: /Users/pranay/Projects/LLM/image/waste_seg/waste_segregation_app/test/services/ai_service_test.dart: AiService Image Classification should handle null or empty image path
00:46 +383 -71: /Users/pranay/Projects/LLM/image/waste_seg/waste_segregation_app/test/services/ai_service_test.dart: AiService Image Classification should handle null or empty image path
00:46 +384 -71: /Users/pranay/Projects/LLM/image/waste_seg/waste_segregation_app/test/services/ai_service_test.dart: AiService Image Classification should handle null or empty image path
00:47 +385 -71: /Users/pranay/Projects/LLM/image/waste_seg/waste_segregation_app/test/services/ai_service_test.dart: AiService Image Classification should handle null or empty image path
00:47 +386 -71: /Users/pranay/Projects/LLM/image/waste_seg/waste_segregation_app/test/services/ai_service_test.dart: AiService Image Classification should handle null or empty image path
00:47 +387 -71: /Users/pranay/Projects/LLM/image/waste_seg/waste_segregation_app/test/services/ai_service_test.dart: AiService Image Classification should handle null or empty image path
00:47 +388 -71: /Users/pranay/Projects/LLM/image/waste_seg/waste_segregation_app/test/services/ai_service_test.dart: AiService Image Classification should handle null or empty image path
00:47 +389 -71: /Users/pranay/Projects/LLM/image/waste_seg/waste_segregation_app/test/services/ai_service_test.dart: AiService Image Classification should handle null or empty image path
00:47 +390 -71: /Users/pranay/Projects/LLM/image/waste_seg/waste_segregation_app/test/services/ai_service_test.dart: AiService Image Classification should handle null or empty image path
00:47 +391 -71: /Users/pranay/Projects/LLM/image/waste_seg/waste_segregation_app/test/services/ai_service_test.dart: AiService Image Classification should handle null or empty image path
00:47 +392 -71: /Users/pranay/Projects/LLM/image/waste_seg/waste_segregation_app/test/services/ai_service_test.dart: AiService Image Classification should handle null or empty image path
00:47 +393 -71: /Users/pranay/Projects/LLM/image/waste_seg/waste_segregation_app/test/services/ai_service_test.dart: AiService Image Classification should handle null or empty image path
00:47 +394 -71: /Users/pranay/Projects/LLM/image/waste_seg/waste_segregation_app/test/services/ai_service_test.dart: AiService Image Classification should handle null or empty image path
Shell: Error preprocessing image: RangeError (length): Invalid value: Valid value range is empty: 0
Shell: Error in perceptual hash calculation: RangeError (length): Invalid value: Valid value range is empty: 0
Generated perceptual hash for web image: error_hash_1749035268910
Cache miss for image hash: error_hash_1749035268910
Current cache size: 0 entries
Cache miss for web image hash: error_hash_1749035268910 - will call API and save result
Original image size: 0 bytes (0.00 MB)
✅ Image size acceptable for OpenAI
🔄 Making OpenAI API request...
🔄 Model: gpt-4.1-nano
🔄 Image size: 0 bytes
🔄 MIME type: image/jpeg
🔄 Base64 size: 0 characters
00:47 +395 -71: /Users/pranay/Projects/LLM/image/waste_seg/waste_segregation_app/test/services/ai_service_test.dart: AiService Image Classification should handle null or empty image path
00:47 +396 -71: /Users/pranay/Projects/LLM/image/waste_seg/waste_segregation_app/test/services/ai_service_test.dart: AiService Image Classification should handle null or empty image path
❌ OpenAI API Error - Status: 401
❌ Response Headers: {connection: keep-alive, set-cookie: __cf_bm=PJ0V.kHZLqDHN5arObTugMAxEgmfCfao98Mp11v7IJ8-1749035269-1.0.1.1-IXsAkpBMTcIwhQXcAbKhqNSYOZn_y7WAqy0GzTfqsy8z2oTsLF9vPHt.5svKgkEwkjhH5Gg8b1vlRDqmhzcweQpc3v_Z.6.UgGTFK3fDut8; path=/; expires=Wed, 04-Jun-25 11:37:49 GMT; domain=.api.openai.com; HttpOnly; Secure; SameSite=None,_cfuvid=dNksscFMdI06TsjPl10YfFUNTRM_mDR4etNm0n9zhMg-1749035269237-0.0.1.1-604800000; path=/; domain=.api.openai.com; HttpOnly; Secure; SameSite=None, date: Wed, 04 Jun 2025 11:07:49 GMT, vary: Origin, strict-transport-security: max-age=31536000; includeSubDomains; preload, cf-cache-status: DYNAMIC, content-type: application/json; charset=utf-8, server: cloudflare, x-request-id: req_7fd844db450d2bd55147dcdc35d82187, alt-svc: h3=":443"; ma=86400, content-length: 274, cf-ray: 94a6f7ff68413585-BLR, x-content-type-options: nosniff}
❌ Response Body: {
    "error": {
        "message": "Incorrect API key provided: your-ope************here. You can find your API key at https://platform.openai.com/account/api-keys.",
        "type": "invalid_request_error",
        "param": null,
        "code": "invalid_api_key"
    }
}

❌ OpenAI Error Type: invalid_request_error
❌ OpenAI Error Message: Incorrect API key provided: your-ope************here. You can find your API key at https://platform.openai.com/account/api-keys.
❌ OpenAI Error Code: invalid_api_key
OpenAI analysis failed: Exception: OpenAI Unauthorized - Check API key: {
    "error": {
        "message": "Incorrect API key provided: your-ope************here. You can find your API key at https://platform.openai.com/account/api-keys.",
        "type": "invalid_request_error",
        "param": null,
        "code": "invalid_api_key"
    }
}

🔄 Switching to Gemini due to image size or OpenAI failure
🔄 Using Gemini for analysis...
🔄 Gemini request - Image size: 0 bytes, MIME: image/jpeg
❌ Gemini API Error - Status: 400
❌ Response Headers: {alt-svc: h3=":443"; ma=2592000,h3-29=":443"; ma=2592000, transfer-encoding: chunked, date: Wed, 04 Jun 2025 11:07:50 GMT, vary: Origin,X-Origin,Referer, content-encoding: gzip, server-timing: gfet4t7; dur=1353, content-type: application/json; charset=UTF-8, x-frame-options: SAMEORIGIN, x-xss-protection: 0, x-content-type-options: nosniff, server: scaffolding on HTTPServer2}
❌ Response Body: {
  "error": {
    "code": 400,
    "message": "API key not valid. Please pass a valid API key.",
    "status": "INVALID_ARGUMENT",
    "details": [
      {
        "@type": "type.googleapis.com/google.rpc.ErrorInfo",
        "reason": "API_KEY_INVALID",
        "domain": "googleapis.com",
        "metadata": {
          "service": "generativelanguage.googleapis.com"
        }
      },
      {
        "@type": "type.googleapis.com/google.rpc.LocalizedMessage",
        "locale": "en-US",
        "message": "API key not valid. Please pass a valid API key."
      }
    ]
  }
}

❌ All analysis methods failed: Exception: Gemini API Error 400: {
  "error": {
    "code": 400,
    "message": "API key not valid. Please pass a valid API key.",
    "status": "INVALID_ARGUMENT",
    "details": [
      {
        "@type": "type.googleapis.com/google.rpc.ErrorInfo",
        "reason": "API_KEY_INVALID",
        "domain": "googleapis.com",
        "metadata": {
          "service": "generativelanguage.googleapis.com"
        }
      },
      {
        "@type": "type.googleapis.com/google.rpc.LocalizedMessage",
        "locale": "en-US",
        "message": "API key not valid. Please pass a valid API key."
      }
    ]
  }
}

00:49 +397 -71: /Users/pranay/Projects/LLM/image/waste_seg/waste_segregation_app/test/services/ai_service_test.dart: AiService Image Classification should handle invalid file extension
Shell: Error preprocessing image: RangeError (length): Invalid value: Valid value range is empty: 0
Shell: Error in perceptual hash calculation: RangeError (length): Invalid value: Valid value range is empty: 0
Generated perceptual hash for web image: error_hash_1749035270619
Classification cache initialized with 0 entries
Cache miss for image hash: error_hash_1749035270619
Current cache size: 0 entries
Cache miss for web image hash: error_hash_1749035270619 - will call API and save result
Original image size: 0 bytes (0.00 MB)
✅ Image size acceptable for OpenAI
🔄 Making OpenAI API request...
🔄 Model: gpt-4.1-nano
🔄 Image size: 0 bytes
🔄 MIME type: image/jpeg
🔄 Base64 size: 0 characters
❌ OpenAI API Error - Status: 401
❌ Response Headers: {connection: keep-alive, set-cookie: __cf_bm=ESyrn94celStvydoFVqGuXK6l0rRP86v78EZTF8UPLo-1749035270-1.0.1.1-aCKFBHE_dTvfqyZJQlmB1Sfwp4Lg22uzwJuqiIWluh5kXiW9BRBg8UN_TruesFN9c3OWIcEKered1wteRAcNuxuCrCPVC0ARqOsFGvlvvcQ; path=/; expires=Wed, 04-Jun-25 11:37:50 GMT; domain=.api.openai.com; HttpOnly; Secure; SameSite=None,_cfuvid=mCWEh9MWgLjdbLYxT6tKvuiq4UVsBcDMwLYgg8BbreM-1749035270970-0.0.1.1-604800000; path=/; domain=.api.openai.com; HttpOnly; Secure; SameSite=None, date: Wed, 04 Jun 2025 11:07:50 GMT, vary: Origin, strict-transport-security: max-age=31536000; includeSubDomains; preload, cf-cache-status: DYNAMIC, content-type: application/json; charset=utf-8, server: cloudflare, x-request-id: req_7058eb6e7899a17ba9b585308d8c1ee9, alt-svc: h3=":443"; ma=86400, content-length: 274, cf-ray: 94a6f80a0dbb20c5-BLR, x-content-type-options: nosniff}
❌ Response Body: {
    "error": {
        "message": "Incorrect API key provided: your-ope************here. You can find your API key at https://platform.openai.com/account/api-keys.",
        "type": "invalid_request_error",
        "param": null,
        "code": "invalid_api_key"
    }
}

❌ OpenAI Error Type: invalid_request_error
❌ OpenAI Error Message: Incorrect API key provided: your-ope************here. You can find your API key at https://platform.openai.com/account/api-keys.
❌ OpenAI Error Code: invalid_api_key
OpenAI analysis failed: Exception: OpenAI Unauthorized - Check API key: {
    "error": {
        "message": "Incorrect API key provided: your-ope************here. You can find your API key at https://platform.openai.com/account/api-keys.",
        "type": "invalid_request_error",
        "param": null,
        "code": "invalid_api_key"
    }
}

Shell: Error preprocessing image: RangeError (length): Invalid value: Valid value range is empty: 0
Shell: Error in perceptual hash calculation: RangeError (length): Invalid value: Valid value range is empty: 0
Generated perceptual hash for web image: error_hash_1749035271413
Cache miss for image hash: error_hash_1749035271413
Current cache size: 0 entries
Cache miss for web image hash: error_hash_1749035271413 - will call API and save result
Original image size: 0 bytes (0.00 MB)
✅ Image size acceptable for OpenAI
🔄 Making OpenAI API request...
🔄 Model: gpt-4.1-nano
🔄 Image size: 0 bytes
🔄 MIME type: image/jpeg
🔄 Base64 size: 0 characters
❌ OpenAI API Error - Status: 401
❌ Response Headers: {connection: keep-alive, set-cookie: __cf_bm=SYCjD0wTwOnR1q7VxtQbw9JzKTjEU0cgtA6KIsA6da8-1749035271-1.0.1.1-9zhd.YaL4C3FPQ.CD__4F6MgUO1CwiJtORg4pPcdmtaBTx65hSyZqL17YoYIQsmvpEiEeYI7YNlamIQ2oQ.6hVAPfEVlFfcNmi1.WAu6phk; path=/; expires=Wed, 04-Jun-25 11:37:51 GMT; domain=.api.openai.com; HttpOnly; Secure; SameSite=None,_cfuvid=WVQCalEbYrI0SpN3WLPU1lFVDJP9UquqqDceLR9bV6E-1749035271767-0.0.1.1-604800000; path=/; domain=.api.openai.com; HttpOnly; Secure; SameSite=None, date: Wed, 04 Jun 2025 11:07:51 GMT, vary: Origin, strict-transport-security: max-age=31536000; includeSubDomains; preload, cf-cache-status: DYNAMIC, content-type: application/json; charset=utf-8, server: cloudflare, x-request-id: req_27d48a69228e70416584fda3878a9bd7, alt-svc: h3=":443"; ma=86400, content-length: 274, cf-ray: 94a6f80f1ad8b277-BLR, x-content-type-options: nosniff}
❌ Response Body: {
    "error": {
        "message": "Incorrect API key provided: your-ope************here. You can find your API key at https://platform.openai.com/account/api-keys.",
        "type": "invalid_request_error",
        "param": null,
        "code": "invalid_api_key"
    }
}

❌ OpenAI Error Type: invalid_request_error
❌ OpenAI Error Message: Incorrect API key provided: your-ope************here. You can find your API key at https://platform.openai.com/account/api-keys.
❌ OpenAI Error Code: invalid_api_key
OpenAI analysis failed: Exception: OpenAI Unauthorized - Check API key: {
    "error": {
        "message": "Incorrect API key provided: your-ope************here. You can find your API key at https://platform.openai.com/account/api-keys.",
        "type": "invalid_request_error",
        "param": null,
        "code": "invalid_api_key"
    }
}

Shell: Error preprocessing image: RangeError (length): Invalid value: Valid value range is empty: 0
Shell: Error in perceptual hash calculation: RangeError (length): Invalid value: Valid value range is empty: 0
Generated perceptual hash for web image: error_hash_1749035272707
Cache miss for image hash: error_hash_1749035272707
Current cache size: 0 entries
Cache miss for web image hash: error_hash_1749035272707 - will call API and save result
Original image size: 0 bytes (0.00 MB)
✅ Image size acceptable for OpenAI
🔄 Making OpenAI API request...
🔄 Model: gpt-4.1-nano
🔄 Image size: 0 bytes
🔄 MIME type: image/jpeg
🔄 Base64 size: 0 characters
❌ OpenAI API Error - Status: 401
❌ Response Headers: {connection: keep-alive, set-cookie: __cf_bm=tJ_0Vq6CmLBuZ_ntPQqaWDHznzdhaQG6sa2zCvdX1R8-1749035273-1.0.1.1-b7qg4BxOyuseuPFYQz_CiWWyck1bjYGSKtkHuAazgpCE0ObTVRYKwsRrYmRWPbTh0NL2cpEQLeZ5PVK3_KCN.NDKkCZgD3V5kOyUWUtWvKM; path=/; expires=Wed, 04-Jun-25 11:37:53 GMT; domain=.api.openai.com; HttpOnly; Secure; SameSite=None,_cfuvid=ZAEq5_ZmxCAypcw_RaAfdF5NmkjJk34CWNE1iA0izck-1749035273040-0.0.1.1-604800000; path=/; domain=.api.openai.com; HttpOnly; Secure; SameSite=None, date: Wed, 04 Jun 2025 11:07:53 GMT, vary: Origin, strict-transport-security: max-age=31536000; includeSubDomains; preload, cf-cache-status: DYNAMIC, content-type: application/json; charset=utf-8, server: cloudflare, x-request-id: req_c5383fade7770d32b6935b33868f3fab, alt-svc: h3=":443"; ma=86400, content-length: 274, cf-ray: 94a6f8171b2ccf00-BLR, x-content-type-options: nosniff}
❌ Response Body: {
    "error": {
        "message": "Incorrect API key provided: your-ope************here. You can find your API key at https://platform.openai.com/account/api-keys.",
        "type": "invalid_request_error",
        "param": null,
        "code": "invalid_api_key"
    }
}

❌ OpenAI Error Type: invalid_request_error
❌ OpenAI Error Message: Incorrect API key provided: your-ope************here. You can find your API key at https://platform.openai.com/account/api-keys.
❌ OpenAI Error Code: invalid_api_key
OpenAI analysis failed: Exception: OpenAI Unauthorized - Check API key: {
    "error": {
        "message": "Incorrect API key provided: your-ope************here. You can find your API key at https://platform.openai.com/account/api-keys.",
        "type": "invalid_request_error",
        "param": null,
        "code": "invalid_api_key"
    }
}

Shell: Error preprocessing image: RangeError (length): Invalid value: Valid value range is empty: 0
Shell: Error in perceptual hash calculation: RangeError (length): Invalid value: Valid value range is empty: 0
Generated perceptual hash for web image: error_hash_1749035274991
Cache miss for image hash: error_hash_1749035274991
Current cache size: 0 entries
Cache miss for web image hash: error_hash_1749035274991 - will call API and save result
Original image size: 0 bytes (0.00 MB)
✅ Image size acceptable for OpenAI
🔄 Making OpenAI API request...
🔄 Model: gpt-4.1-nano
🔄 Image size: 0 bytes
🔄 MIME type: image/jpeg
🔄 Base64 size: 0 characters
❌ OpenAI API Error - Status: 401
❌ Response Headers: {connection: keep-alive, set-cookie: __cf_bm=d8_INovLDFdlS3gtGYXqVBVT2k2YXpTYaz4m0gSJdqs-1749035275-1.0.1.1-8pXyZsFjI1yDLUx.81glLmUuFznxmlIzpFUqFOc5w6BggfvzyVyvplVHEg9knZSCS_ay7__NPHnz_jqe1KmtfFMNsCa6G2WL7_OXgkgHy2E; path=/; expires=Wed, 04-Jun-25 11:37:55 GMT; domain=.api.openai.com; HttpOnly; Secure; SameSite=None,_cfuvid=1T8AM4h7EHSWoKqcXoChzb1_M6CVlQufHvOUlMpiaKc-1749035275344-0.0.1.1-604800000; path=/; domain=.api.openai.com; HttpOnly; Secure; SameSite=None, date: Wed, 04 Jun 2025 11:07:55 GMT, vary: Origin, strict-transport-security: max-age=31536000; includeSubDomains; preload, cf-cache-status: DYNAMIC, content-type: application/json; charset=utf-8, server: cloudflare, x-request-id: req_6ef633e6edd61e510fa54fec65b79dbc, alt-svc: h3=":443"; ma=86400, content-length: 274, cf-ray: 94a6f8255885c19f-BLR, x-content-type-options: nosniff}
❌ Response Body: {
    "error": {
        "message": "Incorrect API key provided: your-ope************here. You can find your API key at https://platform.openai.com/account/api-keys.",
        "type": "invalid_request_error",
        "param": null,
        "code": "invalid_api_key"
    }
}

❌ OpenAI Error Type: invalid_request_error
❌ OpenAI Error Message: Incorrect API key provided: your-ope************here. You can find your API key at https://platform.openai.com/account/api-keys.
❌ OpenAI Error Code: invalid_api_key
OpenAI analysis failed: Exception: OpenAI Unauthorized - Check API key: {
    "error": {
        "message": "Incorrect API key provided: your-ope************here. You can find your API key at https://platform.openai.com/account/api-keys.",
        "type": "invalid_request_error",
        "param": null,
        "code": "invalid_api_key"
    }
}

🔄 Switching to Gemini due to image size or OpenAI failure
🔄 Using Gemini for analysis...
🔄 Gemini request - Image size: 0 bytes, MIME: image/jpeg
❌ Gemini API Error - Status: 400
❌ Response Headers: {alt-svc: h3=":443"; ma=2592000,h3-29=":443"; ma=2592000, transfer-encoding: chunked, date: Wed, 04 Jun 2025 11:07:56 GMT, vary: Origin,X-Origin,Referer, content-encoding: gzip, server-timing: gfet4t7; dur=1373, content-type: application/json; charset=UTF-8, x-frame-options: SAMEORIGIN, x-xss-protection: 0, x-content-type-options: nosniff, server: scaffolding on HTTPServer2}
❌ Response Body: {
  "error": {
    "code": 400,
    "message": "API key not valid. Please pass a valid API key.",
    "status": "INVALID_ARGUMENT",
    "details": [
      {
        "@type": "type.googleapis.com/google.rpc.ErrorInfo",
        "reason": "API_KEY_INVALID",
        "domain": "googleapis.com",
        "metadata": {
          "service": "generativelanguage.googleapis.com"
        }
      },
      {
        "@type": "type.googleapis.com/google.rpc.LocalizedMessage",
        "locale": "en-US",
        "message": "API key not valid. Please pass a valid API key."
      }
    ]
  }
}

❌ All analysis methods failed: Exception: Gemini API Error 400: {
  "error": {
    "code": 400,
    "message": "API key not valid. Please pass a valid API key.",
    "status": "INVALID_ARGUMENT",
    "details": [
      {
        "@type": "type.googleapis.com/google.rpc.ErrorInfo",
        "reason": "API_KEY_INVALID",
        "domain": "googleapis.com",
        "metadata": {
          "service": "generativelanguage.googleapis.com"
        }
      },
      {
        "@type": "type.googleapis.com/google.rpc.LocalizedMessage",
        "locale": "en-US",
        "message": "API key not valid. Please pass a valid API key."
      }
    ]
  }
}

00:55 +398 -71: /Users/pranay/Projects/LLM/image/waste_seg/waste_segregation_app/test/services/ai_service_test.dart: AiService Image Classification should attempt API call with valid image data
Shell: Error preprocessing image: Exception: Failed to decode image
Shell: Error in perceptual hash calculation: Exception: Failed to decode image for perceptual hashing
Generated perceptual hash for web image: error_hash_1749035276746
Classification cache initialized with 0 entries
Cache miss for image hash: error_hash_1749035276746
Current cache size: 0 entries
Cache miss for web image hash: error_hash_1749035276746 - will call API and save result
Original image size: 52 bytes (0.00 MB)
✅ Image size acceptable for OpenAI
🔄 Making OpenAI API request...
🔄 Model: gpt-4.1-nano
🔄 Image size: 52 bytes
🔄 MIME type: image/jpeg
🔄 Base64 size: 72 characters
❌ OpenAI API Error - Status: 401
❌ Response Headers: {connection: keep-alive, set-cookie: __cf_bm=H_v4VTWDL6mK3oRAX_V.ichxKX_s24qauxGfJ5_EYE4-1749035277-1.0.1.1-bEK7kyZl1drRiGoP0UyNKwJYKqf4Cs1dsSDeXa6341Aa8K7xV8fXKKJok75pl5BwvKReyWNAa.a2zSk1XHQxj.T9wzWyKDeDydLDdqak8b8; path=/; expires=Wed, 04-Jun-25 11:37:57 GMT; domain=.api.openai.com; HttpOnly; Secure; SameSite=None,_cfuvid=fB25kLaoOVKN0ZarfB9K9_tsRCV1XXlc4jWniruFPUg-1749035277131-0.0.1.1-604800000; path=/; domain=.api.openai.com; HttpOnly; Secure; SameSite=None, date: Wed, 04 Jun 2025 11:07:57 GMT, vary: Origin, strict-transport-security: max-age=31536000; includeSubDomains; preload, cf-cache-status: DYNAMIC, content-type: application/json; charset=utf-8, server: cloudflare, x-request-id: req_19b35a3e261c1ff9d32d2d0202781001, alt-svc: h3=":443"; ma=86400, content-length: 274, cf-ray: 94a6f8305c05c1c4-BLR, x-content-type-options: nosniff}
❌ Response Body: {
    "error": {
        "message": "Incorrect API key provided: your-ope************here. You can find your API key at https://platform.openai.com/account/api-keys.",
        "type": "invalid_request_error",
        "param": null,
        "code": "invalid_api_key"
    }
}

❌ OpenAI Error Type: invalid_request_error
❌ OpenAI Error Message: Incorrect API key provided: your-ope************here. You can find your API key at https://platform.openai.com/account/api-keys.
❌ OpenAI Error Code: invalid_api_key
OpenAI analysis failed: Exception: OpenAI Unauthorized - Check API key: {
    "error": {
        "message": "Incorrect API key provided: your-ope************here. You can find your API key at https://platform.openai.com/account/api-keys.",
        "type": "invalid_request_error",
        "param": null,
        "code": "invalid_api_key"
    }
}

Shell: Error preprocessing image: Exception: Failed to decode image
Shell: Error in perceptual hash calculation: Exception: Failed to decode image for perceptual hashing
Generated perceptual hash for web image: error_hash_1749035277574
Cache miss for image hash: error_hash_1749035277574
Current cache size: 0 entries
Cache miss for web image hash: error_hash_1749035277574 - will call API and save result
Original image size: 52 bytes (0.00 MB)
✅ Image size acceptable for OpenAI
🔄 Making OpenAI API request...
🔄 Model: gpt-4.1-nano
🔄 Image size: 52 bytes
🔄 MIME type: image/jpeg
🔄 Base64 size: 72 characters
❌ OpenAI API Error - Status: 401
❌ Response Headers: {connection: keep-alive, set-cookie: __cf_bm=OOdysQlu.UxprIEwaHpKa0nkQ1b5Cc_bMBsoCiCwe8U-1749035277-1.0.1.1-7RZs4hVieqR_4A9lfdg_g764qTB1u9rORsPaosDuxsKt1i9GTPrp5.OhVN1ffLuvkKpNM9sW0Asl_JCiwbIPEAOpPNFVjgZuUEoRkuplkBE; path=/; expires=Wed, 04-Jun-25 11:37:57 GMT; domain=.api.openai.com; HttpOnly; Secure; SameSite=None,_cfuvid=Ro.fqwSU5gxiX9ItgNnPE2JKIbiaZBWnjkmYXBtNjUE-1749035277919-0.0.1.1-604800000; path=/; domain=.api.openai.com; HttpOnly; Secure; SameSite=None, date: Wed, 04 Jun 2025 11:07:57 GMT, vary: Origin, strict-transport-security: max-age=31536000; includeSubDomains; preload, cf-cache-status: DYNAMIC, content-type: application/json; charset=utf-8, server: cloudflare, x-request-id: req_aae5540d72f489f9c9f4167868a0b503, alt-svc: h3=":443"; ma=86400, content-length: 274, cf-ray: 94a6f8358d132ffb-BLR, x-content-type-options: nosniff}
❌ Response Body: {
    "error": {
        "message": "Incorrect API key provided: your-ope************here. You can find your API key at https://platform.openai.com/account/api-keys.",
        "type": "invalid_request_error",
        "param": null,
        "code": "invalid_api_key"
    }
}

❌ OpenAI Error Type: invalid_request_error
❌ OpenAI Error Message: Incorrect API key provided: your-ope************here. You can find your API key at https://platform.openai.com/account/api-keys.
❌ OpenAI Error Code: invalid_api_key
OpenAI analysis failed: Exception: OpenAI Unauthorized - Check API key: {
    "error": {
        "message": "Incorrect API key provided: your-ope************here. You can find your API key at https://platform.openai.com/account/api-keys.",
        "type": "invalid_request_error",
        "param": null,
        "code": "invalid_api_key"
    }
}

Shell: Error preprocessing image: Exception: Failed to decode image
Shell: Error in perceptual hash calculation: Exception: Failed to decode image for perceptual hashing
Generated perceptual hash for web image: error_hash_1749035278866
Cache miss for image hash: error_hash_1749035278866
Current cache size: 0 entries
Cache miss for web image hash: error_hash_1749035278866 - will call API and save result
Original image size: 52 bytes (0.00 MB)
✅ Image size acceptable for OpenAI
🔄 Making OpenAI API request...
🔄 Model: gpt-4.1-nano
🔄 Image size: 52 bytes
🔄 MIME type: image/jpeg
🔄 Base64 size: 72 characters
❌ OpenAI API Error - Status: 401
❌ Response Headers: {connection: keep-alive, set-cookie: __cf_bm=ksvyNd150_L6B8LyLDKBJTmdHTkuxGpIrkvni5503Gg-1749035279-1.0.1.1-6VAftSksYWxin9._nbOcDI6CTm.UfR0mmF2uPpvqLrYjp9AReYX_zVploimjjTSZKlKfk8a6NIqf_vIYttmTA6VUw2QShBW5rMfAYZbqUqk; path=/; expires=Wed, 04-Jun-25 11:37:59 GMT; domain=.api.openai.com; HttpOnly; Secure; SameSite=None,_cfuvid=Mp7Ff.gtU3J44O7iWKxxd72woA2uGb.LPECdhg4kx_Y-1749035279212-0.0.1.1-604800000; path=/; domain=.api.openai.com; HttpOnly; Secure; SameSite=None, date: Wed, 04 Jun 2025 11:07:59 GMT, vary: Origin, strict-transport-security: max-age=31536000; includeSubDomains; preload, cf-cache-status: DYNAMIC, content-type: application/json; charset=utf-8, server: cloudflare, x-request-id: req_3312c87649b80134a2669bd8eff0d6b2, alt-svc: h3=":443"; ma=86400, content-length: 274, cf-ray: 94a6f83d9ff7c1d2-BLR, x-content-type-options: nosniff}
❌ Response Body: {
    "error": {
        "message": "Incorrect API key provided: your-ope************here. You can find your API key at https://platform.openai.com/account/api-keys.",
        "type": "invalid_request_error",
        "param": null,
        "code": "invalid_api_key"
    }
}

❌ OpenAI Error Type: invalid_request_error
❌ OpenAI Error Message: Incorrect API key provided: your-ope************here. You can find your API key at https://platform.openai.com/account/api-keys.
❌ OpenAI Error Code: invalid_api_key
OpenAI analysis failed: Exception: OpenAI Unauthorized - Check API key: {
    "error": {
        "message": "Incorrect API key provided: your-ope************here. You can find your API key at https://platform.openai.com/account/api-keys.",
        "type": "invalid_request_error",
        "param": null,
        "code": "invalid_api_key"
    }
}

Shell: Error preprocessing image: Exception: Failed to decode image
Shell: Error in perceptual hash calculation: Exception: Failed to decode image for perceptual hashing
Generated perceptual hash for web image: error_hash_1749035281161
Cache miss for image hash: error_hash_1749035281161
Current cache size: 0 entries
Cache miss for web image hash: error_hash_1749035281161 - will call API and save result
Original image size: 52 bytes (0.00 MB)
✅ Image size acceptable for OpenAI
🔄 Making OpenAI API request...
🔄 Model: gpt-4.1-nano
🔄 Image size: 52 bytes
🔄 MIME type: image/jpeg
🔄 Base64 size: 72 characters
❌ OpenAI API Error - Status: 401
❌ Response Headers: {connection: keep-alive, set-cookie: __cf_bm=r5lU.qiIdYKOomYeLZXRB.bxv4NS4J9YI28prDIN5j8-1749035281-1.0.1.1-Qnynhkcie6YYcsMcW7sT8rUsEc4OEji9A7GdWn1mAUr80IUdZ6WNOt.OYe90r60FBZVIc3httzcQmT49tZ7zB5iScpRE6kZilirZCfxK16I; path=/; expires=Wed, 04-Jun-25 11:38:01 GMT; domain=.api.openai.com; HttpOnly; Secure; SameSite=None,_cfuvid=sm.kfy7HE8oiyvDcGBTR_I_xmBjryvrBGqUfvDpMEDs-1749035281540-0.0.1.1-604800000; path=/; domain=.api.openai.com; HttpOnly; Secure; SameSite=None, date: Wed, 04 Jun 2025 11:08:01 GMT, vary: Origin, strict-transport-security: max-age=31536000; includeSubDomains; preload, cf-cache-status: DYNAMIC, content-type: application/json; charset=utf-8, server: cloudflare, x-request-id: req_41a747e2a5518383f3ef0396c2dcfbe5, alt-svc: h3=":443"; ma=86400, content-length: 274, cf-ray: 94a6f84befeac7cf-BLR, x-content-type-options: nosniff}
❌ Response Body: {
    "error": {
        "message": "Incorrect API key provided: your-ope************here. You can find your API key at https://platform.openai.com/account/api-keys.",
        "type": "invalid_request_error",
        "param": null,
        "code": "invalid_api_key"
    }
}

❌ OpenAI Error Type: invalid_request_error
❌ OpenAI Error Message: Incorrect API key provided: your-ope************here. You can find your API key at https://platform.openai.com/account/api-keys.
❌ OpenAI Error Code: invalid_api_key
OpenAI analysis failed: Exception: OpenAI Unauthorized - Check API key: {
    "error": {
        "message": "Incorrect API key provided: your-ope************here. You can find your API key at https://platform.openai.com/account/api-keys.",
        "type": "invalid_request_error",
        "param": null,
        "code": "invalid_api_key"
    }
}

🔄 Switching to Gemini due to image size or OpenAI failure
🔄 Using Gemini for analysis...
🔄 Gemini request - Image size: 52 bytes, MIME: image/jpeg
❌ Gemini API Error - Status: 400
❌ Response Headers: {alt-svc: h3=":443"; ma=2592000,h3-29=":443"; ma=2592000, transfer-encoding: chunked, date: Wed, 04 Jun 2025 11:08:01 GMT, vary: Origin,X-Origin,Referer, content-encoding: gzip, server-timing: gfet4t7; dur=250, content-type: application/json; charset=UTF-8, x-frame-options: SAMEORIGIN, x-xss-protection: 0, x-content-type-options: nosniff, server: scaffolding on HTTPServer2}
❌ Response Body: {
  "error": {
    "code": 400,
    "message": "API key not valid. Please pass a valid API key.",
    "status": "INVALID_ARGUMENT",
    "details": [
      {
        "@type": "type.googleapis.com/google.rpc.ErrorInfo",
        "reason": "API_KEY_INVALID",
        "domain": "googleapis.com",
        "metadata": {
          "service": "generativelanguage.googleapis.com"
        }
      },
      {
        "@type": "type.googleapis.com/google.rpc.LocalizedMessage",
        "locale": "en-US",
        "message": "API key not valid. Please pass a valid API key."
      }
    ]
  }
}

❌ All analysis methods failed: Exception: Gemini API Error 400: {
  "error": {
    "code": 400,
    "message": "API key not valid. Please pass a valid API key.",
    "status": "INVALID_ARGUMENT",
    "details": [
      {
        "@type": "type.googleapis.com/google.rpc.ErrorInfo",
        "reason": "API_KEY_INVALID",
        "domain": "googleapis.com",
        "metadata": {
          "service": "generativelanguage.googleapis.com"
        }
      },
      {
        "@type": "type.googleapis.com/google.rpc.LocalizedMessage",
        "locale": "en-US",
        "message": "API key not valid. Please pass a valid API key."
      }
    ]
  }
}

01:00 +399 -71: /Users/pranay/Projects/LLM/image/waste_seg/waste_segregation_app/test/services/ai_service_test.dart: AiService Classification Result Validation WasteClassification should have required fields
01:00 +400 -71: /Users/pranay/Projects/LLM/image/waste_seg/waste_segregation_app/test/services/ai_service_test.dart: AiService Classification Result Validation should validate confidence score range
01:00 +401 -71: /Users/pranay/Projects/LLM/image/waste_seg/waste_segregation_app/test/services/ai_service_test.dart: AiService Category Validation should recognize valid waste categories
01:00 +402 -71: /Users/pranay/Projects/LLM/image/waste_seg/waste_segregation_app/test/services/ai_service_test.dart: AiService Error Handling should handle network errors gracefully
Shell: Error preprocessing image: RangeError (length): Invalid value: Valid value range is empty: 0
Shell: Error in perceptual hash calculation: RangeError (length): Invalid value: Valid value range is empty: 0
Generated perceptual hash for web image: error_hash_1749035281842
Classification cache initialized with 0 entries
Cache miss for image hash: error_hash_1749035281842
Current cache size: 0 entries
Cache miss for web image hash: error_hash_1749035281842 - will call API and save result
Original image size: 0 bytes (0.00 MB)
✅ Image size acceptable for OpenAI
🔄 Making OpenAI API request...
🔄 Model: gpt-4.1-nano
🔄 Image size: 0 bytes
🔄 MIME type: image/jpeg
🔄 Base64 size: 0 characters
❌ OpenAI API Error - Status: 401
❌ Response Headers: {connection: keep-alive, set-cookie: __cf_bm=_fcYGgp6Xlc41p5iynUy7j2r8UtqUkZkGurWBU1tdCU-1749035282-1.0.1.1-SeQtecpmavKU9QT3URzTRf_obL1OHFl7R93suf2h8SVLcxzQy7WqUIWYj_aDkUqWlD2MpGFS0QeBjXfSycWshucsr9oaVO3pAC5lHnJM3BE; path=/; expires=Wed, 04-Jun-25 11:38:02 GMT; domain=.api.openai.com; HttpOnly; Secure; SameSite=None,_cfuvid=j3DLn8htqptajV0RKxVcmNOgXUtOzrJyDh8dERVm88I-1749035282255-0.0.1.1-604800000; path=/; domain=.api.openai.com; HttpOnly; Secure; SameSite=None, date: Wed, 04 Jun 2025 11:08:02 GMT, vary: Origin, strict-transport-security: max-age=31536000; includeSubDomains; preload, cf-cache-status: DYNAMIC, content-type: application/json; charset=utf-8, server: cloudflare, x-request-id: req_4b7c4610bf05df0481d91003a19761fd, alt-svc: h3=":443"; ma=86400, content-length: 274, cf-ray: 94a6f8503a83c1b5-BLR, x-content-type-options: nosniff}
❌ Response Body: {
    "error": {
        "message": "Incorrect API key provided: your-ope************here. You can find your API key at https://platform.openai.com/account/api-keys.",
        "type": "invalid_request_error",
        "param": null,
        "code": "invalid_api_key"
    }
}

❌ OpenAI Error Type: invalid_request_error
❌ OpenAI Error Message: Incorrect API key provided: your-ope************here. You can find your API key at https://platform.openai.com/account/api-keys.
❌ OpenAI Error Code: invalid_api_key
OpenAI analysis failed: Exception: OpenAI Unauthorized - Check API key: {
    "error": {
        "message": "Incorrect API key provided: your-ope************here. You can find your API key at https://platform.openai.com/account/api-keys.",
        "type": "invalid_request_error",
        "param": null,
        "code": "invalid_api_key"
    }
}

Shell: Error preprocessing image: RangeError (length): Invalid value: Valid value range is empty: 0
Shell: Error in perceptual hash calculation: RangeError (length): Invalid value: Valid value range is empty: 0
Generated perceptual hash for web image: error_hash_1749035282696
Cache miss for image hash: error_hash_1749035282696
Current cache size: 0 entries
Cache miss for web image hash: error_hash_1749035282696 - will call API and save result
Original image size: 0 bytes (0.00 MB)
✅ Image size acceptable for OpenAI
🔄 Making OpenAI API request...
🔄 Model: gpt-4.1-nano
🔄 Image size: 0 bytes
🔄 MIME type: image/jpeg
🔄 Base64 size: 0 characters
❌ OpenAI API Error - Status: 401
❌ Response Headers: {connection: keep-alive, set-cookie: __cf_bm=z0MM6TYF.BPx6l9HZ86ZLPjoiEwLqdaHrPjuJ.UkWEY-1749035283-1.0.1.1-ye6iU0cmOuq3MxBVIqGpiKbGU_2cn8ZpZqHeJUSZf3kDapmNxsL0q8iEpZf3g2jyLj_Cmf4.W6gkN3Rm405Oa0ThxrHlRj.rj52Vha3XJOI; path=/; expires=Wed, 04-Jun-25 11:38:03 GMT; domain=.api.openai.com; HttpOnly; Secure; SameSite=None,_cfuvid=IjSmkoGM1ERJ03CzuSWlyF3.kNuVWXfR0orJP5D0BRg-1749035283032-0.0.1.1-604800000; path=/; domain=.api.openai.com; HttpOnly; Secure; SameSite=None, date: Wed, 04 Jun 2025 11:08:03 GMT, vary: Origin, strict-transport-security: max-age=31536000; includeSubDomains; preload, cf-cache-status: DYNAMIC, content-type: application/json; charset=utf-8, server: cloudflare, x-request-id: req_6a8ea886729ba9257a2ca53c2dbee094, alt-svc: h3=":443"; ma=86400, content-length: 274, cf-ray: 94a6f8558891b080-BLR, x-content-type-options: nosniff}
❌ Response Body: {
    "error": {
        "message": "Incorrect API key provided: your-ope************here. You can find your API key at https://platform.openai.com/account/api-keys.",
        "type": "invalid_request_error",
        "param": null,
        "code": "invalid_api_key"
    }
}

❌ OpenAI Error Type: invalid_request_error
❌ OpenAI Error Message: Incorrect API key provided: your-ope************here. You can find your API key at https://platform.openai.com/account/api-keys.
❌ OpenAI Error Code: invalid_api_key
OpenAI analysis failed: Exception: OpenAI Unauthorized - Check API key: {
    "error": {
        "message": "Incorrect API key provided: your-ope************here. You can find your API key at https://platform.openai.com/account/api-keys.",
        "type": "invalid_request_error",
        "param": null,
        "code": "invalid_api_key"
    }
}

Shell: Error preprocessing image: RangeError (length): Invalid value: Valid value range is empty: 0
Shell: Error in perceptual hash calculation: RangeError (length): Invalid value: Valid value range is empty: 0
Generated perceptual hash for web image: error_hash_1749035283976
Cache miss for image hash: error_hash_1749035283976
Current cache size: 0 entries
Cache miss for web image hash: error_hash_1749035283976 - will call API and save result
Original image size: 0 bytes (0.00 MB)
✅ Image size acceptable for OpenAI
🔄 Making OpenAI API request...
🔄 Model: gpt-4.1-nano
🔄 Image size: 0 bytes
🔄 MIME type: image/jpeg
🔄 Base64 size: 0 characters
❌ OpenAI API Error - Status: 401
❌ Response Headers: {connection: keep-alive, set-cookie: __cf_bm=LuElLVyk9eIj0Q.In4SYfD37TtX_d_qj07gnojONb6Q-1749035284-1.0.1.1-o5dgRsxjh18PdczbuUXeNLioQK5LIIIy3ITCpeWAE69N5DQ_FAhOaWcINQw6P3WoJjdfbheu19Ec5juLb.D9WlgwrsgAAUHvOIdfxQr6bjg; path=/; expires=Wed, 04-Jun-25 11:38:04 GMT; domain=.api.openai.com; HttpOnly; Secure; SameSite=None,_cfuvid=2YnPplxBtJF.Vle_PqgIDgJVLBgP42A4JglGIn.14EY-1749035284314-0.0.1.1-604800000; path=/; domain=.api.openai.com; HttpOnly; Secure; SameSite=None, date: Wed, 04 Jun 2025 11:08:04 GMT, vary: Origin, strict-transport-security: max-age=31536000; includeSubDomains; preload, cf-cache-status: DYNAMIC, content-type: application/json; charset=utf-8, server: cloudflare, x-request-id: req_afc7c0df1e4e8c7942d9c792442b96cf, alt-svc: h3=":443"; ma=86400, content-length: 274, cf-ray: 94a6f85d8bc9f470-BLR, x-content-type-options: nosniff}
❌ Response Body: {
    "error": {
        "message": "Incorrect API key provided: your-ope************here. You can find your API key at https://platform.openai.com/account/api-keys.",
        "type": "invalid_request_error",
        "param": null,
        "code": "invalid_api_key"
    }
}

❌ OpenAI Error Type: invalid_request_error
❌ OpenAI Error Message: Incorrect API key provided: your-ope************here. You can find your API key at https://platform.openai.com/account/api-keys.
❌ OpenAI Error Code: invalid_api_key
OpenAI analysis failed: Exception: OpenAI Unauthorized - Check API key: {
    "error": {
        "message": "Incorrect API key provided: your-ope************here. You can find your API key at https://platform.openai.com/account/api-keys.",
        "type": "invalid_request_error",
        "param": null,
        "code": "invalid_api_key"
    }
}

Shell: Error preprocessing image: RangeError (length): Invalid value: Valid value range is empty: 0
Shell: Error in perceptual hash calculation: RangeError (length): Invalid value: Valid value range is empty: 0
Generated perceptual hash for web image: error_hash_1749035286257
Cache miss for image hash: error_hash_1749035286257
Current cache size: 0 entries
Cache miss for web image hash: error_hash_1749035286257 - will call API and save result
Original image size: 0 bytes (0.00 MB)
✅ Image size acceptable for OpenAI
🔄 Making OpenAI API request...
🔄 Model: gpt-4.1-nano
🔄 Image size: 0 bytes
🔄 MIME type: image/jpeg
🔄 Base64 size: 0 characters
❌ OpenAI API Error - Status: 401
❌ Response Headers: {connection: keep-alive, set-cookie: __cf_bm=ROHzxRsj1FcicDllcpi7BIo4DSR5b0PBHsGcWl3YuGY-1749035286-1.0.1.1-4ruzX6HmnkLMR126c6n.8OIIHo2zprPfJe1uo.0SINkqBmy.aZMKGkLjrbh0Psu0SSCip3EBweBwTJc5HRLkDY6eIoxa.kC.KVq7B55tQDY; path=/; expires=Wed, 04-Jun-25 11:38:06 GMT; domain=.api.openai.com; HttpOnly; Secure; SameSite=None,_cfuvid=KeX2EfNv_J32k.oWa8Rvur19ac3KZ.2MAKSDSxN4lss-1749035286614-0.0.1.1-604800000; path=/; domain=.api.openai.com; HttpOnly; Secure; SameSite=None, date: Wed, 04 Jun 2025 11:08:06 GMT, vary: Origin, strict-transport-security: max-age=31536000; includeSubDomains; preload, cf-cache-status: DYNAMIC, content-type: application/json; charset=utf-8, server: cloudflare, x-request-id: req_b3662d5c4b8fa06137f18df6b221e594, alt-svc: h3=":443"; ma=86400, content-length: 274, cf-ray: 94a6f86bd8d34e3d-BLR, x-content-type-options: nosniff}
❌ Response Body: {
    "error": {
        "message": "Incorrect API key provided: your-ope************here. You can find your API key at https://platform.openai.com/account/api-keys.",
        "type": "invalid_request_error",
        "param": null,
        "code": "invalid_api_key"
    }
}

❌ OpenAI Error Type: invalid_request_error
❌ OpenAI Error Message: Incorrect API key provided: your-ope************here. You can find your API key at https://platform.openai.com/account/api-keys.
❌ OpenAI Error Code: invalid_api_key
OpenAI analysis failed: Exception: OpenAI Unauthorized - Check API key: {
    "error": {
        "message": "Incorrect API key provided: your-ope************here. You can find your API key at https://platform.openai.com/account/api-keys.",
        "type": "invalid_request_error",
        "param": null,
        "code": "invalid_api_key"
    }
}

🔄 Switching to Gemini due to image size or OpenAI failure
🔄 Using Gemini for analysis...
🔄 Gemini request - Image size: 0 bytes, MIME: image/jpeg
❌ Gemini API Error - Status: 400
❌ Response Headers: {alt-svc: h3=":443"; ma=2592000,h3-29=":443"; ma=2592000, transfer-encoding: chunked, date: Wed, 04 Jun 2025 11:08:07 GMT, vary: Origin,X-Origin,Referer, content-encoding: gzip, server-timing: gfet4t7; dur=1367, content-type: application/json; charset=UTF-8, x-frame-options: SAMEORIGIN, x-xss-protection: 0, x-content-type-options: nosniff, server: scaffolding on HTTPServer2}
❌ Response Body: {
  "error": {
    "code": 400,
    "message": "API key not valid. Please pass a valid API key.",
    "status": "INVALID_ARGUMENT",
    "details": [
      {
        "@type": "type.googleapis.com/google.rpc.ErrorInfo",
        "reason": "API_KEY_INVALID",
        "domain": "googleapis.com",
        "metadata": {
          "service": "generativelanguage.googleapis.com"
        }
      },
      {
        "@type": "type.googleapis.com/google.rpc.LocalizedMessage",
        "locale": "en-US",
        "message": "API key not valid. Please pass a valid API key."
      }
    ]
  }
}

❌ All analysis methods failed: Exception: Gemini API Error 400: {
  "error": {
    "code": 400,
    "message": "API key not valid. Please pass a valid API key.",
    "status": "INVALID_ARGUMENT",
    "details": [
      {
        "@type": "type.googleapis.com/google.rpc.ErrorInfo",
        "reason": "API_KEY_INVALID",
        "domain": "googleapis.com",
        "metadata": {
          "service": "generativelanguage.googleapis.com"
        }
      },
      {
        "@type": "type.googleapis.com/google.rpc.LocalizedMessage",
        "locale": "en-US",
        "message": "API key not valid. Please pass a valid API key."
      }
    ]
  }
}

01:06 +403 -71: /Users/pranay/Projects/LLM/image/waste_seg/waste_segregation_app/test/services/ai_service_test.dart: AiService Error Handling should handle invalid file formats
Shell: Error preprocessing image: RangeError (length): Invalid value: Valid value range is empty: 0
Shell: Error in perceptual hash calculation: RangeError (length): Invalid value: Valid value range is empty: 0
Generated perceptual hash for web image: error_hash_1749035288017
Classification cache initialized with 0 entries
Cache miss for image hash: error_hash_1749035288017
Current cache size: 0 entries
Cache miss for web image hash: error_hash_1749035288017 - will call API and save result
Original image size: 0 bytes (0.00 MB)
✅ Image size acceptable for OpenAI
🔄 Making OpenAI API request...
🔄 Model: gpt-4.1-nano
🔄 Image size: 0 bytes
🔄 MIME type: image/jpeg
🔄 Base64 size: 0 characters
❌ OpenAI API Error - Status: 401
❌ Response Headers: {connection: keep-alive, set-cookie: __cf_bm=VRgBQl43AurB0DnPTEEw3v4m1iai8oeH1TFAWJ7g0Ec-1749035288-1.0.1.1-GXWHrnQIkH3A61odQMQqHTclQWy2OUNjvDJqjhkDJQxmYFz8Nu8kfCNyqQEosOWPI.pqyAiuSRD_lZDJq9YwDY2mXWB1bJY.MwSQyIbuj2U; path=/; expires=Wed, 04-Jun-25 11:38:08 GMT; domain=.api.openai.com; HttpOnly; Secure; SameSite=None,_cfuvid=jkZSfKnTDG9iDwT38H2SZhGiBzOfsaaCR8GmkL8Hiu4-1749035288365-0.0.1.1-604800000; path=/; domain=.api.openai.com; HttpOnly; Secure; SameSite=None, date: Wed, 04 Jun 2025 11:08:08 GMT, vary: Origin, strict-transport-security: max-age=31536000; includeSubDomains; preload, cf-cache-status: DYNAMIC, content-type: application/json; charset=utf-8, server: cloudflare, x-request-id: req_1fa8b1e08e8f4a84f24f69841862e888, alt-svc: h3=":443"; ma=86400, content-length: 274, cf-ray: 94a6f876ce6df473-BLR, x-content-type-options: nosniff}
❌ Response Body: {
    "error": {
        "message": "Incorrect API key provided: your-ope************here. You can find your API key at https://platform.openai.com/account/api-keys.",
        "type": "invalid_request_error",
        "param": null,
        "code": "invalid_api_key"
    }
}

❌ OpenAI Error Type: invalid_request_error
❌ OpenAI Error Message: Incorrect API key provided: your-ope************here. You can find your API key at https://platform.openai.com/account/api-keys.
❌ OpenAI Error Code: invalid_api_key
OpenAI analysis failed: Exception: OpenAI Unauthorized - Check API key: {
    "error": {
        "message": "Incorrect API key provided: your-ope************here. You can find your API key at https://platform.openai.com/account/api-keys.",
        "type": "invalid_request_error",
        "param": null,
        "code": "invalid_api_key"
    }
}

Shell: Error preprocessing image: RangeError (length): Invalid value: Valid value range is empty: 0
Shell: Error in perceptual hash calculation: RangeError (length): Invalid value: Valid value range is empty: 0
Generated perceptual hash for web image: error_hash_1749035288804
Cache miss for image hash: error_hash_1749035288804
Current cache size: 0 entries
Cache miss for web image hash: error_hash_1749035288804 - will call API and save result
Original image size: 0 bytes (0.00 MB)
✅ Image size acceptable for OpenAI
🔄 Making OpenAI API request...
🔄 Model: gpt-4.1-nano
🔄 Image size: 0 bytes
🔄 MIME type: image/jpeg
🔄 Base64 size: 0 characters
❌ OpenAI API Error - Status: 401
❌ Response Headers: {connection: keep-alive, set-cookie: __cf_bm=8ANdCkhKK12i14N..oVF50PFA7DiIVYx80YpptcID9U-1749035289-1.0.1.1-9wBlDnw4k0QZ0XMU34CUnL1fuasUs9p33nl5Qj_ALhri_updU5IYMEKbDJM54r3m9lqLpVpcTiNmurH7VHNAjYqIPC_bxrs4S1iqGZ4JY.0; path=/; expires=Wed, 04-Jun-25 11:38:09 GMT; domain=.api.openai.com; HttpOnly; Secure; SameSite=None,_cfuvid=QE9XJtpA2QdbJcpu1zHlWr_apePny0.RimRuNzRkSOs-1749035289150-0.0.1.1-604800000; path=/; domain=.api.openai.com; HttpOnly; Secure; SameSite=None, date: Wed, 04 Jun 2025 11:08:09 GMT, vary: Origin, strict-transport-security: max-age=31536000; includeSubDomains; preload, cf-cache-status: DYNAMIC, content-type: application/json; charset=utf-8, server: cloudflare, x-request-id: req_501763b37f5a99b6e78ba36b2480cca7, alt-svc: h3=":443"; ma=86400, content-length: 274, cf-ray: 94a6f87bbb05c1b0-BLR, x-content-type-options: nosniff}
❌ Response Body: {
    "error": {
        "message": "Incorrect API key provided: your-ope************here. You can find your API key at https://platform.openai.com/account/api-keys.",
        "type": "invalid_request_error",
        "param": null,
        "code": "invalid_api_key"
    }
}

❌ OpenAI Error Type: invalid_request_error
❌ OpenAI Error Message: Incorrect API key provided: your-ope************here. You can find your API key at https://platform.openai.com/account/api-keys.
❌ OpenAI Error Code: invalid_api_key
OpenAI analysis failed: Exception: OpenAI Unauthorized - Check API key: {
    "error": {
        "message": "Incorrect API key provided: your-ope************here. You can find your API key at https://platform.openai.com/account/api-keys.",
        "type": "invalid_request_error",
        "param": null,
        "code": "invalid_api_key"
    }
}

Shell: Error preprocessing image: RangeError (length): Invalid value: Valid value range is empty: 0
Shell: Error in perceptual hash calculation: RangeError (length): Invalid value: Valid value range is empty: 0
Generated perceptual hash for web image: error_hash_1749035290090
Cache miss for image hash: error_hash_1749035290090
Current cache size: 0 entries
Cache miss for web image hash: error_hash_1749035290090 - will call API and save result
Original image size: 0 bytes (0.00 MB)
✅ Image size acceptable for OpenAI
🔄 Making OpenAI API request...
🔄 Model: gpt-4.1-nano
🔄 Image size: 0 bytes
🔄 MIME type: image/jpeg
🔄 Base64 size: 0 characters
❌ OpenAI API Error - Status: 401
❌ Response Headers: {connection: keep-alive, set-cookie: __cf_bm=RhpIIUPNJYcUg9Nqg6NOmFnbbcqSt4s0cwbdKBjggc0-1749035290-1.0.1.1-XEcovF.Bc6qjp1nvxedvEvYpMq6I2mH4dXEAGbliarzoH8FV.B9t_9b4th1HynHYcJ92JNS1OTV4y3Iqj1qOeuWAtMX6_gfZjDXevnHr.48; path=/; expires=Wed, 04-Jun-25 11:38:10 GMT; domain=.api.openai.com; HttpOnly; Secure; SameSite=None,_cfuvid=U7dhfMxgm8Zy1mNbbcd3163_hb53cCCEo0QIdxMMsck-1749035290475-0.0.1.1-604800000; path=/; domain=.api.openai.com; HttpOnly; Secure; SameSite=None, date: Wed, 04 Jun 2025 11:08:10 GMT, vary: Origin, strict-transport-security: max-age=31536000; includeSubDomains; preload, cf-cache-status: DYNAMIC, content-type: application/json; charset=utf-8, server: cloudflare, x-request-id: req_f2781b065d5d0a8524ca24a7e9141c40, alt-svc: h3=":443"; ma=86400, content-length: 274, cf-ray: 94a6f883de66c19c-BLR, x-content-type-options: nosniff}
❌ Response Body: {
    "error": {
        "message": "Incorrect API key provided: your-ope************here. You can find your API key at https://platform.openai.com/account/api-keys.",
        "type": "invalid_request_error",
        "param": null,
        "code": "invalid_api_key"
    }
}

❌ OpenAI Error Type: invalid_request_error
❌ OpenAI Error Message: Incorrect API key provided: your-ope************here. You can find your API key at https://platform.openai.com/account/api-keys.
❌ OpenAI Error Code: invalid_api_key
OpenAI analysis failed: Exception: OpenAI Unauthorized - Check API key: {
    "error": {
        "message": "Incorrect API key provided: your-ope************here. You can find your API key at https://platform.openai.com/account/api-keys.",
        "type": "invalid_request_error",
        "param": null,
        "code": "invalid_api_key"
    }
}

Shell: Error preprocessing image: RangeError (length): Invalid value: Valid value range is empty: 0
Shell: Error in perceptual hash calculation: RangeError (length): Invalid value: Valid value range is empty: 0
Generated perceptual hash for web image: error_hash_1749035292414
Cache miss for image hash: error_hash_1749035292414
Current cache size: 0 entries
Cache miss for web image hash: error_hash_1749035292414 - will call API and save result
Original image size: 0 bytes (0.00 MB)
✅ Image size acceptable for OpenAI
🔄 Making OpenAI API request...
🔄 Model: gpt-4.1-nano
🔄 Image size: 0 bytes
🔄 MIME type: image/jpeg
🔄 Base64 size: 0 characters
❌ OpenAI API Error - Status: 401
❌ Response Headers: {connection: keep-alive, set-cookie: __cf_bm=DBvVkq.i_bQ.ZVJyRM9dZtPWhJvZl9GzzAP.8nvZiZ0-1749035292-1.0.1.1-ARyNSUSR6T80SATjugeAADtsVtNku8dJBwm15M9IeXQIfvGsFhhVAPQljMxepbV6ipCLm1KVoEdt_c80ICCaZy5JLBKYIRGTafkrBGUAFb0; path=/; expires=Wed, 04-Jun-25 11:38:12 GMT; domain=.api.openai.com; HttpOnly; Secure; SameSite=None,_cfuvid=572Q76m5WC3GFzZhXN3f3z3DErlFqZ5MUmC.NVEK8zY-1749035292762-0.0.1.1-604800000; path=/; domain=.api.openai.com; HttpOnly; Secure; SameSite=None, date: Wed, 04 Jun 2025 11:08:12 GMT, vary: Origin, strict-transport-security: max-age=31536000; includeSubDomains; preload, cf-cache-status: DYNAMIC, content-type: application/json; charset=utf-8, server: cloudflare, x-request-id: req_73c322dd58c1325046f8ae31f21afa1b, alt-svc: h3=":443"; ma=86400, content-length: 274, cf-ray: 94a6f8924c5925e0-BLR, x-content-type-options: nosniff}
❌ Response Body: {
    "error": {
        "message": "Incorrect API key provided: your-ope************here. You can find your API key at https://platform.openai.com/account/api-keys.",
        "type": "invalid_request_error",
        "param": null,
        "code": "invalid_api_key"
    }
}

❌ OpenAI Error Type: invalid_request_error
❌ OpenAI Error Message: Incorrect API key provided: your-ope************here. You can find your API key at https://platform.openai.com/account/api-keys.
❌ OpenAI Error Code: invalid_api_key
OpenAI analysis failed: Exception: OpenAI Unauthorized - Check API key: {
    "error": {
        "message": "Incorrect API key provided: your-ope************here. You can find your API key at https://platform.openai.com/account/api-keys.",
        "type": "invalid_request_error",
        "param": null,
        "code": "invalid_api_key"
    }
}

🔄 Switching to Gemini due to image size or OpenAI failure
🔄 Using Gemini for analysis...
🔄 Gemini request - Image size: 0 bytes, MIME: image/jpeg
❌ Gemini API Error - Status: 400
❌ Response Headers: {alt-svc: h3=":443"; ma=2592000,h3-29=":443"; ma=2592000, transfer-encoding: chunked, date: Wed, 04 Jun 2025 11:08:13 GMT, vary: Origin,X-Origin,Referer, content-encoding: gzip, server-timing: gfet4t7; dur=248, content-type: application/json; charset=UTF-8, x-frame-options: SAMEORIGIN, x-xss-protection: 0, x-content-type-options: nosniff, server: scaffolding on HTTPServer2}
❌ Response Body: {
  "error": {
    "code": 400,
    "message": "API key not valid. Please pass a valid API key.",
    "status": "INVALID_ARGUMENT",
    "details": [
      {
        "@type": "type.googleapis.com/google.rpc.ErrorInfo",
        "reason": "API_KEY_INVALID",
        "domain": "googleapis.com",
        "metadata": {
          "service": "generativelanguage.googleapis.com"
        }
      },
      {
        "@type": "type.googleapis.com/google.rpc.LocalizedMessage",
        "locale": "en-US",
        "message": "API key not valid. Please pass a valid API key."
      }
    ]
  }
}

❌ All analysis methods failed: Exception: Gemini API Error 400: {
  "error": {
    "code": 400,
    "message": "API key not valid. Please pass a valid API key.",
    "status": "INVALID_ARGUMENT",
    "details": [
      {
        "@type": "type.googleapis.com/google.rpc.ErrorInfo",
        "reason": "API_KEY_INVALID",
        "domain": "googleapis.com",
        "metadata": {
          "service": "generativelanguage.googleapis.com"
        }
      },
      {
        "@type": "type.googleapis.com/google.rpc.LocalizedMessage",
        "locale": "en-US",
        "message": "API key not valid. Please pass a valid API key."
      }
    ]
  }
}

01:11 +404 -71: /Users/pranay/Projects/LLM/image/waste_seg/waste_segregation_app/test/services/ai_service_test.dart: AiService Disposal Instructions should provide appropriate disposal instructions for different waste types
01:11 +405 -71: /Users/pranay/Projects/LLM/image/waste_seg/waste_segregation_app/test/services/ai_service_test.dart: AiService Cache Integration should use cache service properly
01:11 +406 -71: /Users/pranay/Projects/LLM/image/waste_seg/waste_segregation_app/test/services/ai_service_test.dart: AiService (tearDownAll)
✅ Test Hive torn down
01:11 +406 -71: Some tests failed.
